[0.018s] Invoking command in '/home/tiffany/fyp_ws/build/formation_gazebo': CMAKE_PREFIX_PATH=${CMAKE_PREFIX_PATH}:/home/tiffany/fyp_ws/install/task_manager:/home/tiffany/fyp_ws/install/llm_refinement:/home/tiffany/fyp_ws/install/formation_ui:/home/tiffany/fyp_ws/install/formation_planner:/home/tiffany/fyp_ws/install/drone_control:/opt/ros/humble /usr/bin/cmake --build /home/tiffany/fyp_ws/build/formation_gazebo -- -j16 -l16
[0.087s] Invoked command in '/home/tiffany/fyp_ws/build/formation_gazebo' returned '0': CMAKE_PREFIX_PATH=${CMAKE_PREFIX_PATH}:/home/tiffany/fyp_ws/install/task_manager:/home/tiffany/fyp_ws/install/llm_refinement:/home/tiffany/fyp_ws/install/formation_ui:/home/tiffany/fyp_ws/install/formation_planner:/home/tiffany/fyp_ws/install/drone_control:/opt/ros/humble /usr/bin/cmake --build /home/tiffany/fyp_ws/build/formation_gazebo -- -j16 -l16
[0.110s] Invoking command in '/home/tiffany/fyp_ws/build/formation_gazebo': CMAKE_PREFIX_PATH=${CMAKE_PREFIX_PATH}:/home/tiffany/fyp_ws/install/task_manager:/home/tiffany/fyp_ws/install/llm_refinement:/home/tiffany/fyp_ws/install/formation_ui:/home/tiffany/fyp_ws/install/formation_planner:/home/tiffany/fyp_ws/install/drone_control:/opt/ros/humble /usr/bin/cmake --install /home/tiffany/fyp_ws/build/formation_gazebo
[0.124s] -- Install configuration: ""
[0.124s] -- Up-to-date: /home/tiffany/fyp_ws/install/formation_gazebo/share/formation_gazebo/models
[0.125s] -- Up-to-date: /home/tiffany/fyp_ws/install/formation_gazebo/share/formation_gazebo/models/drone
[0.125s] -- Up-to-date: /home/tiffany/fyp_ws/install/formation_gazebo/share/formation_gazebo/models/drone/model.config
[0.125s] -- Up-to-date: /home/tiffany/fyp_ws/install/formation_gazebo/share/formation_gazebo/models/drone/model.sdf
[0.125s] -- Up-to-date: /home/tiffany/fyp_ws/install/formation_gazebo/share/formation_gazebo/worlds
[0.125s] -- Up-to-date: /home/tiffany/fyp_ws/install/formation_gazebo/share/formation_gazebo/worlds/formation_world.sdf
[0.125s] -- Up-to-date: /home/tiffany/fyp_ws/install/formation_gazebo/share/formation_gazebo/launch
[0.126s] -- Up-to-date: /home/tiffany/fyp_ws/install/formation_gazebo/share/formation_gazebo/launch/formation_sim.launch.py
[0.126s] -- Up-to-date: /home/tiffany/fyp_ws/install/formation_gazebo/lib/formation_gazebo/spawn_drones.sh
[0.126s] -- Up-to-date: /home/tiffany/fyp_ws/install/formation_gazebo/share/ament_index/resource_index/package_run_dependencies/formation_gazebo
[0.126s] -- Up-to-date: /home/tiffany/fyp_ws/install/formation_gazebo/share/ament_index/resource_index/parent_prefix_path/formation_gazebo
[0.126s] -- Up-to-date: /home/tiffany/fyp_ws/install/formation_gazebo/share/formation_gazebo/environment/ament_prefix_path.sh
[0.126s] -- Up-to-date: /home/tiffany/fyp_ws/install/formation_gazebo/share/formation_gazebo/environment/ament_prefix_path.dsv
[0.126s] -- Up-to-date: /home/tiffany/fyp_ws/install/formation_gazebo/share/formation_gazebo/environment/path.sh
[0.126s] -- Up-to-date: /home/tiffany/fyp_ws/install/formation_gazebo/share/formation_gazebo/environment/path.dsv
[0.127s] -- Up-to-date: /home/tiffany/fyp_ws/install/formation_gazebo/share/formation_gazebo/local_setup.bash
[0.127s] -- Up-to-date: /home/tiffany/fyp_ws/install/formation_gazebo/share/formation_gazebo/local_setup.sh
[0.127s] -- Up-to-date: /home/tiffany/fyp_ws/install/formation_gazebo/share/formation_gazebo/local_setup.zsh
[0.127s] -- Up-to-date: /home/tiffany/fyp_ws/install/formation_gazebo/share/formation_gazebo/local_setup.dsv
[0.127s] -- Installing: /home/tiffany/fyp_ws/install/formation_gazebo/share/formation_gazebo/package.dsv
[0.127s] -- Up-to-date: /home/tiffany/fyp_ws/install/formation_gazebo/share/ament_index/resource_index/packages/formation_gazebo
[0.127s] -- Up-to-date: /home/tiffany/fyp_ws/install/formation_gazebo/share/formation_gazebo/cmake/formation_gazeboConfig.cmake
[0.127s] -- Up-to-date: /home/tiffany/fyp_ws/install/formation_gazebo/share/formation_gazebo/cmake/formation_gazeboConfig-version.cmake
[0.127s] -- Up-to-date: /home/tiffany/fyp_ws/install/formation_gazebo/share/formation_gazebo/package.xml
[0.130s] Invoked command in '/home/tiffany/fyp_ws/build/formation_gazebo' returned '0': CMAKE_PREFIX_PATH=${CMAKE_PREFIX_PATH}:/home/tiffany/fyp_ws/install/task_manager:/home/tiffany/fyp_ws/install/llm_refinement:/home/tiffany/fyp_ws/install/formation_ui:/home/tiffany/fyp_ws/install/formation_planner:/home/tiffany/fyp_ws/install/drone_control:/opt/ros/humble /usr/bin/cmake --install /home/tiffany/fyp_ws/build/formation_gazebo
