[2.702s] Invoking command in '/home/tiffany/fyp_ws/src/formation_planner': AMENT_PREFIX_PATH=/home/tiffany/fyp_ws/install/formation_msgs:${AMENT_PREFIX_PATH} CMAKE_PREFIX_PATH=/home/tiffany/fyp_ws/install/formation_msgs LD_LIBRARY_PATH=/home/tiffany/fyp_ws/install/formation_msgs/lib:${LD_LIBRARY_PATH} PYTHONPATH=/home/tiffany/fyp_ws/build/formation_planner/prefix_override:/usr/lib/python3/dist-packages/colcon_core/task/python/colcon_distutils_commands:/home/tiffany/fyp_ws/install/formation_planner/lib/python3.10/site-packages:/home/tiffany/fyp_ws/install/formation_msgs/local/lib/python3.10/dist-packages:${PYTHONPATH} /usr/bin/python3 -W ignore:setup.py install is deprecated -W ignore:easy_install command is deprecated setup.py egg_info --egg-base ../../build/formation_planner build --build-base /home/tiffany/fyp_ws/build/formation_planner/build install --record /home/tiffany/fyp_ws/build/formation_planner/install.log --install-scripts $base/lib/formation_planner --single-version-externally-managed install_data
[3.126s] running egg_info
[3.127s] writing ../../build/formation_planner/formation_planner.egg-info/PKG-INFO
[3.128s] writing dependency_links to ../../build/formation_planner/formation_planner.egg-info/dependency_links.txt
[3.128s] writing entry points to ../../build/formation_planner/formation_planner.egg-info/entry_points.txt
[3.128s] writing requirements to ../../build/formation_planner/formation_planner.egg-info/requires.txt
[3.128s] writing top-level names to ../../build/formation_planner/formation_planner.egg-info/top_level.txt
[3.131s] reading manifest file '../../build/formation_planner/formation_planner.egg-info/SOURCES.txt'
[3.132s] writing manifest file '../../build/formation_planner/formation_planner.egg-info/SOURCES.txt'
[3.132s] running build
[3.133s] running build_py
[3.133s] running install
[3.134s] running install_lib
[3.136s] running install_data
[3.136s] running install_egg_info
[3.140s] removing '/home/tiffany/fyp_ws/install/formation_planner/lib/python3.10/site-packages/formation_planner-0.0.0-py3.10.egg-info' (and everything under it)
[3.141s] Copying ../../build/formation_planner/formation_planner.egg-info to /home/tiffany/fyp_ws/install/formation_planner/lib/python3.10/site-packages/formation_planner-0.0.0-py3.10.egg-info
[3.145s] running install_scripts
[3.181s] Installing assignment_node script to /home/tiffany/fyp_ws/install/formation_planner/lib/formation_planner
[3.182s] Installing coords_mapping_node script to /home/tiffany/fyp_ws/install/formation_planner/lib/formation_planner
[3.182s] Installing drone_validator_node script to /home/tiffany/fyp_ws/install/formation_planner/lib/formation_planner
[3.182s] Installing mapf_node script to /home/tiffany/fyp_ws/install/formation_planner/lib/formation_planner
[3.182s] Installing shape_sampling_node script to /home/tiffany/fyp_ws/install/formation_planner/lib/formation_planner
[3.183s] writing list of installed files to '/home/tiffany/fyp_ws/build/formation_planner/install.log'
[3.258s] Invoked command in '/home/tiffany/fyp_ws/src/formation_planner' returned '0': AMENT_PREFIX_PATH=/home/tiffany/fyp_ws/install/formation_msgs:${AMENT_PREFIX_PATH} CMAKE_PREFIX_PATH=/home/tiffany/fyp_ws/install/formation_msgs LD_LIBRARY_PATH=/home/tiffany/fyp_ws/install/formation_msgs/lib:${LD_LIBRARY_PATH} PYTHONPATH=/home/tiffany/fyp_ws/build/formation_planner/prefix_override:/usr/lib/python3/dist-packages/colcon_core/task/python/colcon_distutils_commands:/home/tiffany/fyp_ws/install/formation_planner/lib/python3.10/site-packages:/home/tiffany/fyp_ws/install/formation_msgs/local/lib/python3.10/dist-packages:${PYTHONPATH} /usr/bin/python3 -W ignore:setup.py install is deprecated -W ignore:easy_install command is deprecated setup.py egg_info --egg-base ../../build/formation_planner build --build-base /home/tiffany/fyp_ws/build/formation_planner/build install --record /home/tiffany/fyp_ws/build/formation_planner/install.log --install-scripts $base/lib/formation_planner --single-version-externally-managed install_data
