running egg_info
writing ../../build/drone_control/drone_control.egg-info/PKG-INFO
writing dependency_links to ../../build/drone_control/drone_control.egg-info/dependency_links.txt
writing entry points to ../../build/drone_control/drone_control.egg-info/entry_points.txt
writing requirements to ../../build/drone_control/drone_control.egg-info/requires.txt
writing top-level names to ../../build/drone_control/drone_control.egg-info/top_level.txt
reading manifest file '../../build/drone_control/drone_control.egg-info/SOURCES.txt'
writing manifest file '../../build/drone_control/drone_control.egg-info/SOURCES.txt'
running build
running build_py
copying drone_control/drone_controller_node.py -> /home/tiffany/fyp_ws/build/drone_control/build/lib/drone_control
copying drone_control/fylo_bridge_node.py -> /home/tiffany/fyp_ws/build/drone_control/build/lib/drone_control
copying drone_control/sim_bridge_node.py -> /home/tiffany/fyp_ws/build/drone_control/build/lib/drone_control
running install
running install_lib
copying /home/tiffany/fyp_ws/build/drone_control/build/lib/drone_control/drone_controller_node.py -> /home/tiffany/fyp_ws/install/drone_control/lib/python3.10/site-packages/drone_control
copying /home/tiffany/fyp_ws/build/drone_control/build/lib/drone_control/fylo_bridge_node.py -> /home/tiffany/fyp_ws/install/drone_control/lib/python3.10/site-packages/drone_control
copying /home/tiffany/fyp_ws/build/drone_control/build/lib/drone_control/sim_bridge_node.py -> /home/tiffany/fyp_ws/install/drone_control/lib/python3.10/site-packages/drone_control
byte-compiling /home/tiffany/fyp_ws/install/drone_control/lib/python3.10/site-packages/drone_control/drone_controller_node.py to drone_controller_node.cpython-310.pyc
byte-compiling /home/tiffany/fyp_ws/install/drone_control/lib/python3.10/site-packages/drone_control/fylo_bridge_node.py to fylo_bridge_node.cpython-310.pyc
byte-compiling /home/tiffany/fyp_ws/install/drone_control/lib/python3.10/site-packages/drone_control/sim_bridge_node.py to sim_bridge_node.cpython-310.pyc
running install_data
running install_egg_info
removing '/home/tiffany/fyp_ws/install/drone_control/lib/python3.10/site-packages/drone_control-0.0.0-py3.10.egg-info' (and everything under it)
Copying ../../build/drone_control/drone_control.egg-info to /home/tiffany/fyp_ws/install/drone_control/lib/python3.10/site-packages/drone_control-0.0.0-py3.10.egg-info
running install_scripts
Installing drone_controller_node script to /home/tiffany/fyp_ws/install/drone_control/lib/drone_control
Installing fylo_bridge_node script to /home/tiffany/fyp_ws/install/drone_control/lib/drone_control
Installing pose_publisher_node script to /home/tiffany/fyp_ws/install/drone_control/lib/drone_control
Installing sim_bridge_node script to /home/tiffany/fyp_ws/install/drone_control/lib/drone_control
writing list of installed files to '/home/tiffany/fyp_ws/build/drone_control/install.log'
