/home/tiffany/fyp_ws/install/formation_planner/lib/python3.10/site-packages/formation_planner/coords_mapping_node.py
/home/tiffany/fyp_ws/install/formation_planner/lib/python3.10/site-packages/formation_planner/__init__.py
/home/tiffany/fyp_ws/install/formation_planner/lib/python3.10/site-packages/formation_planner/assignment_node.py
/home/tiffany/fyp_ws/install/formation_planner/lib/python3.10/site-packages/formation_planner/shape_sampling_node.py
/home/tiffany/fyp_ws/install/formation_planner/lib/python3.10/site-packages/formation_planner/mapf_node.py
/home/tiffany/fyp_ws/install/formation_planner/lib/python3.10/site-packages/formation_planner/drone_validator_node.py
/home/tiffany/fyp_ws/install/formation_planner/lib/python3.10/site-packages/formation_planner/__pycache__/coords_mapping_node.cpython-310.pyc
/home/tiffany/fyp_ws/install/formation_planner/lib/python3.10/site-packages/formation_planner/__pycache__/__init__.cpython-310.pyc
/home/tiffany/fyp_ws/install/formation_planner/lib/python3.10/site-packages/formation_planner/__pycache__/assignment_node.cpython-310.pyc
/home/tiffany/fyp_ws/install/formation_planner/lib/python3.10/site-packages/formation_planner/__pycache__/shape_sampling_node.cpython-310.pyc
/home/tiffany/fyp_ws/install/formation_planner/lib/python3.10/site-packages/formation_planner/__pycache__/mapf_node.cpython-310.pyc
/home/tiffany/fyp_ws/install/formation_planner/lib/python3.10/site-packages/formation_planner/__pycache__/drone_validator_node.cpython-310.pyc
/home/tiffany/fyp_ws/install/formation_planner/share/ament_index/resource_index/packages/formation_planner
/home/tiffany/fyp_ws/install/formation_planner/share/formation_planner/package.xml
/home/tiffany/fyp_ws/install/formation_planner/lib/python3.10/site-packages/formation_planner-0.0.0-py3.10.egg-info/zip-safe
/home/tiffany/fyp_ws/install/formation_planner/lib/python3.10/site-packages/formation_planner-0.0.0-py3.10.egg-info/entry_points.txt
/home/tiffany/fyp_ws/install/formation_planner/lib/python3.10/site-packages/formation_planner-0.0.0-py3.10.egg-info/SOURCES.txt
/home/tiffany/fyp_ws/install/formation_planner/lib/python3.10/site-packages/formation_planner-0.0.0-py3.10.egg-info/requires.txt
/home/tiffany/fyp_ws/install/formation_planner/lib/python3.10/site-packages/formation_planner-0.0.0-py3.10.egg-info/top_level.txt
/home/tiffany/fyp_ws/install/formation_planner/lib/python3.10/site-packages/formation_planner-0.0.0-py3.10.egg-info/dependency_links.txt
/home/tiffany/fyp_ws/install/formation_planner/lib/python3.10/site-packages/formation_planner-0.0.0-py3.10.egg-info/PKG-INFO
/home/tiffany/fyp_ws/install/formation_planner/lib/formation_planner/assignment_node
/home/tiffany/fyp_ws/install/formation_planner/lib/formation_planner/coords_mapping_node
/home/tiffany/fyp_ws/install/formation_planner/lib/formation_planner/drone_validator_node
/home/tiffany/fyp_ws/install/formation_planner/lib/formation_planner/mapf_node
/home/tiffany/fyp_ws/install/formation_planner/lib/formation_planner/shape_sampling_node
