[1.403s] Invoking command in '/home/tiffany/fyp_ws/src/drone_control': PYTHONPATH=/home/tiffany/fyp_ws/build/drone_control/prefix_override:/usr/lib/python3/dist-packages/colcon_core/task/python/colcon_distutils_commands:/home/tiffany/fyp_ws/install/drone_control/lib/python3.10/site-packages:${PYTHONPATH} /usr/bin/python3 -W ignore:setup.py install is deprecated -W ignore:easy_install command is deprecated setup.py egg_info --egg-base ../../build/drone_control build --build-base /home/tiffany/fyp_ws/build/drone_control/build install --record /home/tiffany/fyp_ws/build/drone_control/install.log --install-scripts $base/lib/drone_control --single-version-externally-managed install_data
[1.664s] running egg_info
[1.664s] writing ../../build/drone_control/drone_control.egg-info/PKG-INFO
[1.664s] writing dependency_links to ../../build/drone_control/drone_control.egg-info/dependency_links.txt
[1.665s] writing entry points to ../../build/drone_control/drone_control.egg-info/entry_points.txt
[1.665s] writing requirements to ../../build/drone_control/drone_control.egg-info/requires.txt
[1.665s] writing top-level names to ../../build/drone_control/drone_control.egg-info/top_level.txt
[1.667s] reading manifest file '../../build/drone_control/drone_control.egg-info/SOURCES.txt'
[1.668s] writing manifest file '../../build/drone_control/drone_control.egg-info/SOURCES.txt'
[1.668s] running build
[1.668s] running build_py
[1.668s] running install
[1.670s] running install_lib
[1.671s] running install_data
[1.671s] running install_egg_info
[1.673s] removing '/home/tiffany/fyp_ws/install/drone_control/lib/python3.10/site-packages/drone_control-0.0.0-py3.10.egg-info' (and everything under it)
[1.674s] Copying ../../build/drone_control/drone_control.egg-info to /home/tiffany/fyp_ws/install/drone_control/lib/python3.10/site-packages/drone_control-0.0.0-py3.10.egg-info
[1.675s] running install_scripts
[1.697s] Installing drone_controller_node script to /home/tiffany/fyp_ws/install/drone_control/lib/drone_control
[1.698s] Installing fylo_bridge_node script to /home/tiffany/fyp_ws/install/drone_control/lib/drone_control
[1.698s] Installing pose_publisher_node script to /home/tiffany/fyp_ws/install/drone_control/lib/drone_control
[1.698s] Installing sim_bridge_node script to /home/tiffany/fyp_ws/install/drone_control/lib/drone_control
[1.698s] writing list of installed files to '/home/tiffany/fyp_ws/build/drone_control/install.log'
[1.739s] Invoked command in '/home/tiffany/fyp_ws/src/drone_control' returned '0': PYTHONPATH=/home/tiffany/fyp_ws/build/drone_control/prefix_override:/usr/lib/python3/dist-packages/colcon_core/task/python/colcon_distutils_commands:/home/tiffany/fyp_ws/install/drone_control/lib/python3.10/site-packages:${PYTHONPATH} /usr/bin/python3 -W ignore:setup.py install is deprecated -W ignore:easy_install command is deprecated setup.py egg_info --egg-base ../../build/drone_control build --build-base /home/tiffany/fyp_ws/build/drone_control/build install --record /home/tiffany/fyp_ws/build/drone_control/install.log --install-scripts $base/lib/drone_control --single-version-externally-managed install_data
