[1.926s] Invoking command in '/home/tiffany/fyp_ws/src/drone_control': PYTHONPATH=/home/tiffany/fyp_ws/build/drone_control/prefix_override:/usr/lib/python3/dist-packages/colcon_core/task/python/colcon_distutils_commands:/home/tiffany/fyp_ws/install/drone_control/lib/python3.10/site-packages:${PYTHONPATH} /usr/bin/python3 -W ignore:setup.py install is deprecated -W ignore:easy_install command is deprecated setup.py egg_info --egg-base ../../build/drone_control build --build-base /home/tiffany/fyp_ws/build/drone_control/build install --record /home/tiffany/fyp_ws/build/drone_control/install.log --install-scripts $base/lib/drone_control --single-version-externally-managed install_data
[2.199s] running egg_info
[2.200s] writing ../../build/drone_control/drone_control.egg-info/PKG-INFO
[2.201s] writing dependency_links to ../../build/drone_control/drone_control.egg-info/dependency_links.txt
[2.201s] writing entry points to ../../build/drone_control/drone_control.egg-info/entry_points.txt
[2.201s] writing requirements to ../../build/drone_control/drone_control.egg-info/requires.txt
[2.201s] writing top-level names to ../../build/drone_control/drone_control.egg-info/top_level.txt
[2.204s] reading manifest file '../../build/drone_control/drone_control.egg-info/SOURCES.txt'
[2.206s] writing manifest file '../../build/drone_control/drone_control.egg-info/SOURCES.txt'
[2.206s] running build
[2.206s] running build_py
[2.207s] copying drone_control/sim_bridge_node.py -> /home/tiffany/fyp_ws/build/drone_control/build/lib/drone_control
[2.207s] running install
[2.209s] running install_lib
[2.211s] copying /home/tiffany/fyp_ws/build/drone_control/build/lib/drone_control/sim_bridge_node.py -> /home/tiffany/fyp_ws/install/drone_control/lib/python3.10/site-packages/drone_control
[2.212s] byte-compiling /home/tiffany/fyp_ws/install/drone_control/lib/python3.10/site-packages/drone_control/sim_bridge_node.py to sim_bridge_node.cpython-310.pyc
[2.213s] running install_data
[2.214s] running install_egg_info
[2.217s] removing '/home/tiffany/fyp_ws/install/drone_control/lib/python3.10/site-packages/drone_control-0.0.0-py3.10.egg-info' (and everything under it)
[2.217s] Copying ../../build/drone_control/drone_control.egg-info to /home/tiffany/fyp_ws/install/drone_control/lib/python3.10/site-packages/drone_control-0.0.0-py3.10.egg-info
[2.218s] running install_scripts
[2.245s] Installing drone_controller_node script to /home/tiffany/fyp_ws/install/drone_control/lib/drone_control
[2.245s] Installing fylo_bridge_node script to /home/tiffany/fyp_ws/install/drone_control/lib/drone_control
[2.245s] Installing pose_publisher_node script to /home/tiffany/fyp_ws/install/drone_control/lib/drone_control
[2.245s] Installing sim_bridge_node script to /home/tiffany/fyp_ws/install/drone_control/lib/drone_control
[2.246s] writing list of installed files to '/home/tiffany/fyp_ws/build/drone_control/install.log'
[2.307s] Invoked command in '/home/tiffany/fyp_ws/src/drone_control' returned '0': PYTHONPATH=/home/tiffany/fyp_ws/build/drone_control/prefix_override:/usr/lib/python3/dist-packages/colcon_core/task/python/colcon_distutils_commands:/home/tiffany/fyp_ws/install/drone_control/lib/python3.10/site-packages:${PYTHONPATH} /usr/bin/python3 -W ignore:setup.py install is deprecated -W ignore:easy_install command is deprecated setup.py egg_info --egg-base ../../build/drone_control build --build-base /home/tiffany/fyp_ws/build/drone_control/build install --record /home/tiffany/fyp_ws/build/drone_control/install.log --install-scripts $base/lib/drone_control --single-version-externally-managed install_data
