[0.048s] Invoking command in '/home/tiffany/fyp_ws/build/formation_msgs': CMAKE_PREFIX_PATH=/opt/ros/humble /usr/bin/cmake /home/tiffany/fyp_ws/src/formation_msgs -DCMAKE_INSTALL_PREFIX=/home/tiffany/fyp_ws/install/formation_msgs
[0.206s] -- The C compiler identification is GNU 11.4.0
[0.303s] -- The CXX compiler identification is GNU 11.4.0
[0.312s] -- Detecting C compiler ABI info
[0.372s] -- Detecting C compiler ABI info - done
[0.377s] -- Check for working C compiler: /usr/bin/cc - skipped
[0.377s] -- Detecting C compile features
[0.378s] -- Detecting C compile features - done
[0.381s] -- Detecting CXX compiler ABI info
[0.447s] -- Detecting CXX compiler ABI info - done
[0.453s] -- Check for working CXX compiler: /usr/bin/c++ - skipped
[0.453s] -- Detecting CXX compile features
[0.453s] -- Detecting CXX compile features - done
[0.458s] -- Found ament_cmake: 1.3.14 (/opt/ros/humble/share/ament_cmake/cmake)
[0.572s] -- Found Python3: /usr/bin/python3 (found version "3.10.12") found components: Interpreter 
[0.645s] -- Found rosidl_default_generators: 1.2.1 (/opt/ros/humble/share/rosidl_default_generators/cmake)
[0.648s] -- Using all available rosidl_typesupport_c: rosidl_typesupport_fastrtps_c;rosidl_typesupport_introspection_c
[0.654s] -- Found rosidl_adapter: 3.1.8 (/opt/ros/humble/share/rosidl_adapter/cmake)
[0.692s] -- Using all available rosidl_typesupport_cpp: rosidl_typesupport_fastrtps_cpp;rosidl_typesupport_introspection_cpp
[0.724s] -- Found geometry_msgs: 4.9.1 (/opt/ros/humble/share/geometry_msgs/cmake)
[1.000s] -- Found ament_cmake_ros: 0.10.0 (/opt/ros/humble/share/ament_cmake_ros/cmake)
[1.190s] -- Using all available rosidl_typesupport_c: rosidl_typesupport_fastrtps_c;rosidl_typesupport_introspection_c
[1.435s] -- Using all available rosidl_typesupport_cpp: rosidl_typesupport_fastrtps_cpp;rosidl_typesupport_introspection_cpp
[1.452s] -- Found PythonInterp: /usr/bin/python3 (found suitable version "3.10.12", minimum required is "3.6") 
[1.454s] -- Found python_cmake_module: 0.10.0 (/opt/ros/humble/share/python_cmake_module/cmake)
[1.474s] -- Found PythonLibs: /usr/lib/x86_64-linux-gnu/libpython3.10.so (found suitable version "3.10.12", minimum required is "3.5") 
[1.474s] -- Using PYTHON_EXECUTABLE: /usr/bin/python3
[1.474s] -- Using PYTHON_INCLUDE_DIRS: /usr/include/python3.10
[1.474s] -- Using PYTHON_LIBRARIES: /usr/lib/x86_64-linux-gnu/libpython3.10.so
[1.489s] -- Found PythonExtra: .so  
[1.597s] -- Found ament_lint_auto: 0.12.15 (/opt/ros/humble/share/ament_lint_auto/cmake)
[1.617s] -- Added test 'lint_cmake' to check CMake code style
[1.618s] -- Added test 'xmllint' to check XML markup files
[1.621s] -- Configuring done
[1.659s] -- Generating done
[1.669s] -- Build files have been written to: /home/tiffany/fyp_ws/build/formation_msgs
[1.677s] Invoked command in '/home/tiffany/fyp_ws/build/formation_msgs' returned '0': CMAKE_PREFIX_PATH=/opt/ros/humble /usr/bin/cmake /home/tiffany/fyp_ws/src/formation_msgs -DCMAKE_INSTALL_PREFIX=/home/tiffany/fyp_ws/install/formation_msgs
[1.679s] Invoking command in '/home/tiffany/fyp_ws/build/formation_msgs': CMAKE_PREFIX_PATH=/opt/ros/humble /usr/bin/cmake --build /home/tiffany/fyp_ws/build/formation_msgs -- -j16 -l16
[1.713s] [  1%] [34m[1mGenerating C code for ROS interfaces[0m
[1.722s] [  2%] [34m[1mGenerating C++ code for ROS interfaces[0m
[1.722s] [  2%] [34m[1mGenerating Rust code for ROS interfaces[0m
[1.729s] [  2%] Built target ament_cmake_python_copy_formation_msgs
[1.919s] running egg_info
[1.920s] creating formation_msgs.egg-info
[1.920s] writing formation_msgs.egg-info/PKG-INFO
[1.920s] writing dependency_links to formation_msgs.egg-info/dependency_links.txt
[1.920s] writing top-level names to formation_msgs.egg-info/top_level.txt
[1.920s] writing manifest file 'formation_msgs.egg-info/SOURCES.txt'
[1.922s] reading manifest file 'formation_msgs.egg-info/SOURCES.txt'
[1.923s] writing manifest file 'formation_msgs.egg-info/SOURCES.txt'
[1.948s] [  2%] Built target ament_cmake_python_build_formation_msgs_egg
[2.080s] [  2%] Built target formation_msgs__rs
[2.313s] [  2%] Built target formation_msgs__cpp
[2.327s] [  3%] [34m[1mGenerating C++ type support dispatch for ROS interfaces[0m
[2.327s] [  5%] [34m[1mGenerating C++ type support for eProsima Fast-RTPS[0m
[2.328s] [  5%] [34m[1mGenerating C++ introspection for ROS interfaces[0m
[2.367s] [  8%] [32mBuilding C object CMakeFiles/formation_msgs__rosidl_generator_c.dir/rosidl_generator_c/formation_msgs/msg/detail/drone_state__functions.c.o[0m
[2.368s] [  8%] [32mBuilding C object CMakeFiles/formation_msgs__rosidl_generator_c.dir/rosidl_generator_c/formation_msgs/msg/detail/refinement_cmd__functions.c.o[0m
[2.368s] [  8%] [32mBuilding C object CMakeFiles/formation_msgs__rosidl_generator_c.dir/rosidl_generator_c/formation_msgs/msg/detail/drone_path__functions.c.o[0m
[2.368s] [ 10%] [32mBuilding C object CMakeFiles/formation_msgs__rosidl_generator_c.dir/rosidl_generator_c/formation_msgs/msg/detail/drawn_shape__functions.c.o[0m
[2.368s] [ 10%] [32mBuilding C object CMakeFiles/formation_msgs__rosidl_generator_c.dir/rosidl_generator_c/formation_msgs/msg/detail/formation_goal__functions.c.o[0m
[2.370s] [ 11%] [32mBuilding C object CMakeFiles/formation_msgs__rosidl_generator_c.dir/rosidl_generator_c/formation_msgs/msg/detail/system_state__functions.c.o[0m
[2.370s] [ 14%] [32mBuilding C object CMakeFiles/formation_msgs__rosidl_generator_c.dir/rosidl_generator_c/formation_msgs/msg/detail/refinement_candidate__functions.c.o[0m
[2.370s] [ 14%] [32mBuilding C object CMakeFiles/formation_msgs__rosidl_generator_c.dir/rosidl_generator_c/formation_msgs/msg/detail/generated_transform__functions.c.o[0m
[2.370s] [ 14%] [32mBuilding C object CMakeFiles/formation_msgs__rosidl_generator_c.dir/rosidl_generator_c/formation_msgs/msg/detail/plan_status__functions.c.o[0m
[2.371s] [ 15%] [32mBuilding C object CMakeFiles/formation_msgs__rosidl_generator_c.dir/rosidl_generator_c/formation_msgs/msg/detail/user_command__functions.c.o[0m
[2.444s] [ 16%] [32m[1mLinking C shared library libformation_msgs__rosidl_generator_c.so[0m
[2.485s] [ 16%] Built target formation_msgs__rosidl_generator_c
[2.495s] [ 17%] [34m[1mGenerating C type support for eProsima Fast-RTPS[0m
[2.495s] [ 19%] [34m[1mGenerating C type support dispatch for ROS interfaces[0m
[2.495s] [ 19%] [34m[1mGenerating C introspection for ROS interfaces[0m
[2.829s] [ 23%] [32mBuilding CXX object CMakeFiles/formation_msgs__rosidl_typesupport_cpp.dir/rosidl_typesupport_cpp/formation_msgs/msg/formation_goal__type_support.cpp.o[0m
[2.829s] [ 23%] [32mBuilding CXX object CMakeFiles/formation_msgs__rosidl_typesupport_cpp.dir/rosidl_typesupport_cpp/formation_msgs/msg/drawn_shape__type_support.cpp.o[0m
[2.829s] [ 23%] [32mBuilding CXX object CMakeFiles/formation_msgs__rosidl_typesupport_cpp.dir/rosidl_typesupport_cpp/formation_msgs/msg/drone_path__type_support.cpp.o[0m
[2.829s] [ 23%] [32mBuilding CXX object CMakeFiles/formation_msgs__rosidl_typesupport_cpp.dir/rosidl_typesupport_cpp/formation_msgs/msg/refinement_cmd__type_support.cpp.o[0m
[2.829s] [ 24%] [32mBuilding CXX object CMakeFiles/formation_msgs__rosidl_typesupport_cpp.dir/rosidl_typesupport_cpp/formation_msgs/msg/drone_state__type_support.cpp.o[0m
[2.829s] [ 25%] [32mBuilding CXX object CMakeFiles/formation_msgs__rosidl_typesupport_cpp.dir/rosidl_typesupport_cpp/formation_msgs/msg/refinement_candidate__type_support.cpp.o[0m
[2.830s] [ 26%] [32mBuilding CXX object CMakeFiles/formation_msgs__rosidl_typesupport_cpp.dir/rosidl_typesupport_cpp/formation_msgs/msg/plan_status__type_support.cpp.o[0m
[2.830s] [ 27%] [32mBuilding CXX object CMakeFiles/formation_msgs__rosidl_typesupport_cpp.dir/rosidl_typesupport_cpp/formation_msgs/msg/generated_transform__type_support.cpp.o[0m
[2.831s] [ 28%] [32mBuilding CXX object CMakeFiles/formation_msgs__rosidl_typesupport_cpp.dir/rosidl_typesupport_cpp/formation_msgs/msg/system_state__type_support.cpp.o[0m
[2.831s] [ 29%] [32mBuilding CXX object CMakeFiles/formation_msgs__rosidl_typesupport_cpp.dir/rosidl_typesupport_cpp/formation_msgs/msg/user_command__type_support.cpp.o[0m
[3.004s] [ 30%] [32mBuilding CXX object CMakeFiles/formation_msgs__rosidl_typesupport_introspection_cpp.dir/rosidl_typesupport_introspection_cpp/formation_msgs/msg/detail/drawn_shape__type_support.cpp.o[0m
[3.006s] [ 31%] [32mBuilding CXX object CMakeFiles/formation_msgs__rosidl_typesupport_introspection_cpp.dir/rosidl_typesupport_introspection_cpp/formation_msgs/msg/detail/formation_goal__type_support.cpp.o[0m
[3.050s] [ 31%] [32mBuilding CXX object CMakeFiles/formation_msgs__rosidl_typesupport_c.dir/rosidl_typesupport_c/formation_msgs/msg/drawn_shape__type_support.cpp.o[0m
[3.106s] [ 32%] [32mBuilding CXX object CMakeFiles/formation_msgs__rosidl_typesupport_c.dir/rosidl_typesupport_c/formation_msgs/msg/formation_goal__type_support.cpp.o[0m
[3.165s] [ 33%] [32mBuilding CXX object CMakeFiles/formation_msgs__rosidl_typesupport_c.dir/rosidl_typesupport_c/formation_msgs/msg/drone_path__type_support.cpp.o[0m
[3.212s] [ 34%] [32mBuilding CXX object CMakeFiles/formation_msgs__rosidl_typesupport_fastrtps_cpp.dir/rosidl_typesupport_fastrtps_cpp/formation_msgs/msg/detail/dds_fastrtps/drawn_shape__type_support.cpp.o[0m
[3.234s] [ 35%] [32mBuilding CXX object CMakeFiles/formation_msgs__rosidl_typesupport_c.dir/rosidl_typesupport_c/formation_msgs/msg/drone_state__type_support.cpp.o[0m
[3.298s] [ 36%] [32mBuilding CXX object CMakeFiles/formation_msgs__rosidl_typesupport_c.dir/rosidl_typesupport_c/formation_msgs/msg/refinement_cmd__type_support.cpp.o[0m
[3.366s] [ 37%] [32mBuilding CXX object CMakeFiles/formation_msgs__rosidl_typesupport_c.dir/rosidl_typesupport_c/formation_msgs/msg/refinement_candidate__type_support.cpp.o[0m
[3.380s] [ 39%] [32mBuilding CXX object CMakeFiles/formation_msgs__rosidl_typesupport_fastrtps_cpp.dir/rosidl_typesupport_fastrtps_cpp/formation_msgs/msg/detail/dds_fastrtps/drone_path__type_support.cpp.o[0m
[3.380s] [ 39%] [32mBuilding CXX object CMakeFiles/formation_msgs__rosidl_typesupport_fastrtps_cpp.dir/rosidl_typesupport_fastrtps_cpp/formation_msgs/msg/detail/dds_fastrtps/formation_goal__type_support.cpp.o[0m
[3.380s] [ 40%] [32mBuilding CXX object CMakeFiles/formation_msgs__rosidl_typesupport_introspection_cpp.dir/rosidl_typesupport_introspection_cpp/formation_msgs/msg/detail/drone_path__type_support.cpp.o[0m
[3.388s] [ 42%] [32mBuilding CXX object CMakeFiles/formation_msgs__rosidl_typesupport_fastrtps_cpp.dir/rosidl_typesupport_fastrtps_cpp/formation_msgs/msg/detail/dds_fastrtps/drone_state__type_support.cpp.o[0m
[3.388s] [ 42%] [32mBuilding CXX object CMakeFiles/formation_msgs__rosidl_typesupport_introspection_cpp.dir/rosidl_typesupport_introspection_cpp/formation_msgs/msg/detail/drone_state__type_support.cpp.o[0m
[3.393s] [ 43%] [32mBuilding CXX object CMakeFiles/formation_msgs__rosidl_typesupport_introspection_cpp.dir/rosidl_typesupport_introspection_cpp/formation_msgs/msg/detail/refinement_cmd__type_support.cpp.o[0m
[3.394s] [ 44%] [32mBuilding CXX object CMakeFiles/formation_msgs__rosidl_typesupport_fastrtps_cpp.dir/rosidl_typesupport_fastrtps_cpp/formation_msgs/msg/detail/dds_fastrtps/refinement_cmd__type_support.cpp.o[0m
[3.405s] [ 45%] [32mBuilding CXX object CMakeFiles/formation_msgs__rosidl_typesupport_c.dir/rosidl_typesupport_c/formation_msgs/msg/generated_transform__type_support.cpp.o[0m
[3.405s] [ 46%] [32mBuilding CXX object CMakeFiles/formation_msgs__rosidl_typesupport_c.dir/rosidl_typesupport_c/formation_msgs/msg/plan_status__type_support.cpp.o[0m
[3.410s] [ 47%] [32m[1mLinking CXX shared library libformation_msgs__rosidl_typesupport_cpp.so[0m
[3.425s] [ 48%] [32mBuilding CXX object CMakeFiles/formation_msgs__rosidl_typesupport_fastrtps_cpp.dir/rosidl_typesupport_fastrtps_cpp/formation_msgs/msg/detail/dds_fastrtps/refinement_candidate__type_support.cpp.o[0m
[3.453s] [ 49%] [32mBuilding CXX object CMakeFiles/formation_msgs__rosidl_typesupport_introspection_cpp.dir/rosidl_typesupport_introspection_cpp/formation_msgs/msg/detail/refinement_candidate__type_support.cpp.o[0m
[3.458s] [ 50%] [32mBuilding CXX object CMakeFiles/formation_msgs__rosidl_typesupport_c.dir/rosidl_typesupport_c/formation_msgs/msg/system_state__type_support.cpp.o[0m
[3.510s] [ 51%] [32mBuilding CXX object CMakeFiles/formation_msgs__rosidl_typesupport_c.dir/rosidl_typesupport_c/formation_msgs/msg/user_command__type_support.cpp.o[0m
[3.510s] [ 51%] [32mBuilding C object CMakeFiles/formation_msgs__rosidl_typesupport_introspection_c.dir/rosidl_typesupport_introspection_c/formation_msgs/msg/detail/drawn_shape__type_support.c.o[0m
[3.526s] [ 51%] Built target formation_msgs__rosidl_typesupport_cpp
[3.542s] [ 52%] [32mBuilding CXX object CMakeFiles/formation_msgs__rosidl_typesupport_fastrtps_c.dir/rosidl_typesupport_fastrtps_c/formation_msgs/msg/detail/formation_goal__type_support_c.cpp.o[0m
[3.546s] [ 52%] [32mBuilding CXX object CMakeFiles/formation_msgs__rosidl_typesupport_fastrtps_c.dir/rosidl_typesupport_fastrtps_c/formation_msgs/msg/detail/drawn_shape__type_support_c.cpp.o[0m
[3.590s] [ 53%] [32mBuilding C object CMakeFiles/formation_msgs__rosidl_typesupport_introspection_c.dir/rosidl_typesupport_introspection_c/formation_msgs/msg/detail/formation_goal__type_support.c.o[0m
[3.615s] [ 54%] [32m[1mLinking CXX shared library libformation_msgs__rosidl_typesupport_c.so[0m
[3.670s] [ 55%] [32mBuilding C object CMakeFiles/formation_msgs__rosidl_typesupport_introspection_c.dir/rosidl_typesupport_introspection_c/formation_msgs/msg/detail/drone_path__type_support.c.o[0m
[3.725s] [ 55%] Built target formation_msgs__rosidl_typesupport_c
[3.741s] [ 57%] [32mBuilding CXX object CMakeFiles/formation_msgs__rosidl_typesupport_fastrtps_c.dir/rosidl_typesupport_fastrtps_c/formation_msgs/msg/detail/drone_path__type_support_c.cpp.o[0m
[3.741s] [ 57%] [32mBuilding C object CMakeFiles/formation_msgs__rosidl_typesupport_introspection_c.dir/rosidl_typesupport_introspection_c/formation_msgs/msg/detail/drone_state__type_support.c.o[0m
[3.805s] [ 58%] [32mBuilding C object CMakeFiles/formation_msgs__rosidl_typesupport_introspection_c.dir/rosidl_typesupport_introspection_c/formation_msgs/msg/detail/refinement_cmd__type_support.c.o[0m
[3.871s] [ 59%] [32mBuilding CXX object CMakeFiles/formation_msgs__rosidl_typesupport_introspection_cpp.dir/rosidl_typesupport_introspection_cpp/formation_msgs/msg/detail/generated_transform__type_support.cpp.o[0m
[3.871s] [ 60%] [32mBuilding CXX object CMakeFiles/formation_msgs__rosidl_typesupport_fastrtps_c.dir/rosidl_typesupport_fastrtps_c/formation_msgs/msg/detail/drone_state__type_support_c.cpp.o[0m
[3.875s] [ 61%] [32mBuilding C object CMakeFiles/formation_msgs__rosidl_typesupport_introspection_c.dir/rosidl_typesupport_introspection_c/formation_msgs/msg/detail/refinement_candidate__type_support.c.o[0m
[3.945s] [ 62%] [32mBuilding C object CMakeFiles/formation_msgs__rosidl_typesupport_introspection_c.dir/rosidl_typesupport_introspection_c/formation_msgs/msg/detail/generated_transform__type_support.c.o[0m
[4.009s] [ 63%] [32mBuilding CXX object CMakeFiles/formation_msgs__rosidl_typesupport_fastrtps_cpp.dir/rosidl_typesupport_fastrtps_cpp/formation_msgs/msg/detail/dds_fastrtps/generated_transform__type_support.cpp.o[0m
[4.011s] [ 64%] [32mBuilding C object CMakeFiles/formation_msgs__rosidl_typesupport_introspection_c.dir/rosidl_typesupport_introspection_c/formation_msgs/msg/detail/plan_status__type_support.c.o[0m
[4.018s] [ 65%] [32mBuilding CXX object CMakeFiles/formation_msgs__rosidl_typesupport_fastrtps_cpp.dir/rosidl_typesupport_fastrtps_cpp/formation_msgs/msg/detail/dds_fastrtps/plan_status__type_support.cpp.o[0m
[4.050s] [ 67%] [32mBuilding CXX object CMakeFiles/formation_msgs__rosidl_typesupport_introspection_cpp.dir/rosidl_typesupport_introspection_cpp/formation_msgs/msg/detail/plan_status__type_support.cpp.o[0m
[4.050s] [ 67%] [32mBuilding CXX object CMakeFiles/formation_msgs__rosidl_typesupport_fastrtps_c.dir/rosidl_typesupport_fastrtps_c/formation_msgs/msg/detail/refinement_cmd__type_support_c.cpp.o[0m
[4.072s] [ 68%] [32mBuilding C object CMakeFiles/formation_msgs__rosidl_typesupport_introspection_c.dir/rosidl_typesupport_introspection_c/formation_msgs/msg/detail/system_state__type_support.c.o[0m
[4.083s] [ 69%] [32mBuilding CXX object CMakeFiles/formation_msgs__rosidl_typesupport_fastrtps_c.dir/rosidl_typesupport_fastrtps_c/formation_msgs/msg/detail/refinement_candidate__type_support_c.cpp.o[0m
[4.086s] [ 70%] [32mBuilding C object CMakeFiles/formation_msgs__rosidl_typesupport_introspection_c.dir/rosidl_typesupport_introspection_c/formation_msgs/msg/detail/user_command__type_support.c.o[0m
[4.116s] [ 71%] [32mBuilding CXX object CMakeFiles/formation_msgs__rosidl_typesupport_introspection_cpp.dir/rosidl_typesupport_introspection_cpp/formation_msgs/msg/detail/system_state__type_support.cpp.o[0m
[4.124s] [ 72%] [32mBuilding CXX object CMakeFiles/formation_msgs__rosidl_typesupport_fastrtps_cpp.dir/rosidl_typesupport_fastrtps_cpp/formation_msgs/msg/detail/dds_fastrtps/system_state__type_support.cpp.o[0m
[4.129s] [ 73%] [32mBuilding CXX object CMakeFiles/formation_msgs__rosidl_typesupport_fastrtps_cpp.dir/rosidl_typesupport_fastrtps_cpp/formation_msgs/msg/detail/dds_fastrtps/user_command__type_support.cpp.o[0m
[4.149s] [ 75%] [32mBuilding CXX object CMakeFiles/formation_msgs__rosidl_typesupport_fastrtps_c.dir/rosidl_typesupport_fastrtps_c/formation_msgs/msg/detail/generated_transform__type_support_c.cpp.o[0m
[4.149s] [ 75%] [32m[1mLinking C shared library libformation_msgs__rosidl_typesupport_introspection_c.so[0m
[4.159s] [ 76%] [32mBuilding CXX object CMakeFiles/formation_msgs__rosidl_typesupport_introspection_cpp.dir/rosidl_typesupport_introspection_cpp/formation_msgs/msg/detail/user_command__type_support.cpp.o[0m
[4.191s] [ 77%] [32mBuilding CXX object CMakeFiles/formation_msgs__rosidl_typesupport_fastrtps_c.dir/rosidl_typesupport_fastrtps_c/formation_msgs/msg/detail/plan_status__type_support_c.cpp.o[0m
[4.223s] [ 77%] Built target formation_msgs__rosidl_typesupport_introspection_c
[4.236s] [ 78%] [32mBuilding CXX object CMakeFiles/formation_msgs__rosidl_typesupport_fastrtps_c.dir/rosidl_typesupport_fastrtps_c/formation_msgs/msg/detail/system_state__type_support_c.cpp.o[0m
[4.251s] [ 79%] [32mBuilding CXX object CMakeFiles/formation_msgs__rosidl_typesupport_fastrtps_c.dir/rosidl_typesupport_fastrtps_c/formation_msgs/msg/detail/user_command__type_support_c.cpp.o[0m
[4.687s] [ 80%] [32m[1mLinking CXX shared library libformation_msgs__rosidl_typesupport_fastrtps_cpp.so[0m
[4.700s] [ 81%] [32m[1mLinking CXX shared library libformation_msgs__rosidl_typesupport_introspection_cpp.so[0m
[4.703s] [ 82%] [32m[1mLinking CXX shared library libformation_msgs__rosidl_typesupport_fastrtps_c.so[0m
[4.766s] [ 82%] Built target formation_msgs__rosidl_typesupport_fastrtps_cpp
[4.782s] [ 82%] Built target formation_msgs__rosidl_typesupport_fastrtps_c
[4.785s] [ 82%] Built target formation_msgs__rosidl_typesupport_introspection_cpp
[4.801s] [ 82%] Built target formation_msgs
[4.817s] [ 83%] [34m[1mGenerating Python code for ROS interfaces[0m
[5.691s] [ 83%] Built target formation_msgs__py
[5.710s] [ 88%] [32mBuilding C object CMakeFiles/formation_msgs__rosidl_generator_py.dir/rosidl_generator_py/formation_msgs/msg/_generated_transform_s.c.o[0m
[5.710s] [ 88%] [32mBuilding C object CMakeFiles/formation_msgs__rosidl_generator_py.dir/rosidl_generator_py/formation_msgs/msg/_refinement_candidate_s.c.o[0m
[5.710s] [ 88%] [32mBuilding C object CMakeFiles/formation_msgs__rosidl_generator_py.dir/rosidl_generator_py/formation_msgs/msg/_refinement_cmd_s.c.o[0m
[5.710s] [ 88%] [32mBuilding C object CMakeFiles/formation_msgs__rosidl_generator_py.dir/rosidl_generator_py/formation_msgs/msg/_drone_state_s.c.o[0m
[5.710s] [ 88%] [32mBuilding C object CMakeFiles/formation_msgs__rosidl_generator_py.dir/rosidl_generator_py/formation_msgs/msg/_drawn_shape_s.c.o[0m
[5.710s] [ 89%] [32mBuilding C object CMakeFiles/formation_msgs__rosidl_generator_py.dir/rosidl_generator_py/formation_msgs/msg/_plan_status_s.c.o[0m
[5.710s] [ 90%] [32mBuilding C object CMakeFiles/formation_msgs__rosidl_generator_py.dir/rosidl_generator_py/formation_msgs/msg/_formation_goal_s.c.o[0m
[5.711s] [ 91%] [32mBuilding C object CMakeFiles/formation_msgs__rosidl_generator_py.dir/rosidl_generator_py/formation_msgs/msg/_drone_path_s.c.o[0m
[5.712s] [ 92%] [32mBuilding C object CMakeFiles/formation_msgs__rosidl_generator_py.dir/rosidl_generator_py/formation_msgs/msg/_system_state_s.c.o[0m
[5.712s] [ 93%] [32mBuilding C object CMakeFiles/formation_msgs__rosidl_generator_py.dir/rosidl_generator_py/formation_msgs/msg/_user_command_s.c.o[0m
[5.853s] [ 94%] [32m[1mLinking C shared library rosidl_generator_py/formation_msgs/libformation_msgs__rosidl_generator_py.so[0m
[5.894s] [ 94%] Built target formation_msgs__rosidl_generator_py
[5.911s] [ 97%] [32mBuilding C object CMakeFiles/formation_msgs__rosidl_typesupport_c__pyext.dir/rosidl_generator_py/formation_msgs/_formation_msgs_s.ep.rosidl_typesupport_c.c.o[0m
[5.911s] [ 97%] [32mBuilding C object CMakeFiles/formation_msgs__rosidl_typesupport_introspection_c__pyext.dir/rosidl_generator_py/formation_msgs/_formation_msgs_s.ep.rosidl_typesupport_introspection_c.c.o[0m
[5.911s] [ 97%] [32mBuilding C object CMakeFiles/formation_msgs__rosidl_typesupport_fastrtps_c__pyext.dir/rosidl_generator_py/formation_msgs/_formation_msgs_s.ep.rosidl_typesupport_fastrtps_c.c.o[0m
[6.012s] [100%] [32m[1mLinking C shared library rosidl_generator_py/formation_msgs/formation_msgs_s__rosidl_typesupport_fastrtps_c.cpython-310-x86_64-linux-gnu.so[0m
[6.012s] [100%] [32m[1mLinking C shared library rosidl_generator_py/formation_msgs/formation_msgs_s__rosidl_typesupport_c.cpython-310-x86_64-linux-gnu.so[0m
[6.012s] [100%] [32m[1mLinking C shared library rosidl_generator_py/formation_msgs/formation_msgs_s__rosidl_typesupport_introspection_c.cpython-310-x86_64-linux-gnu.so[0m
[6.047s] [100%] Built target formation_msgs__rosidl_typesupport_introspection_c__pyext
[6.047s] [100%] Built target formation_msgs__rosidl_typesupport_c__pyext
[6.047s] [100%] Built target formation_msgs__rosidl_typesupport_fastrtps_c__pyext
[6.058s] Invoked command in '/home/tiffany/fyp_ws/build/formation_msgs' returned '0': CMAKE_PREFIX_PATH=/opt/ros/humble /usr/bin/cmake --build /home/tiffany/fyp_ws/build/formation_msgs -- -j16 -l16
[6.066s] Invoking command in '/home/tiffany/fyp_ws/build/formation_msgs': CMAKE_PREFIX_PATH=/opt/ros/humble /usr/bin/cmake --install /home/tiffany/fyp_ws/build/formation_msgs
[6.072s] -- Install configuration: ""
[6.073s] -- Installing: /home/tiffany/fyp_ws/install/formation_msgs/share/ament_index/resource_index/rosidl_interfaces/formation_msgs
[6.073s] -- Installing: /home/tiffany/fyp_ws/install/formation_msgs/include/formation_msgs/formation_msgs
[6.073s] -- Installing: /home/tiffany/fyp_ws/install/formation_msgs/include/formation_msgs/formation_msgs/msg
[6.073s] -- Installing: /home/tiffany/fyp_ws/install/formation_msgs/include/formation_msgs/formation_msgs/msg/generated_transform.h
[6.073s] -- Installing: /home/tiffany/fyp_ws/install/formation_msgs/include/formation_msgs/formation_msgs/msg/system_state.h
[6.073s] -- Installing: /home/tiffany/fyp_ws/install/formation_msgs/include/formation_msgs/formation_msgs/msg/drawn_shape.h
[6.073s] -- Installing: /home/tiffany/fyp_ws/install/formation_msgs/include/formation_msgs/formation_msgs/msg/drone_path.h
[6.073s] -- Installing: /home/tiffany/fyp_ws/install/formation_msgs/include/formation_msgs/formation_msgs/msg/formation_goal.h
[6.074s] -- Installing: /home/tiffany/fyp_ws/install/formation_msgs/include/formation_msgs/formation_msgs/msg/plan_status.h
[6.074s] -- Installing: /home/tiffany/fyp_ws/install/formation_msgs/include/formation_msgs/formation_msgs/msg/rosidl_generator_c__visibility_control.h
[6.074s] -- Installing: /home/tiffany/fyp_ws/install/formation_msgs/include/formation_msgs/formation_msgs/msg/detail
[6.074s] -- Installing: /home/tiffany/fyp_ws/install/formation_msgs/include/formation_msgs/formation_msgs/msg/detail/generated_transform__functions.h
[6.074s] -- Installing: /home/tiffany/fyp_ws/install/formation_msgs/include/formation_msgs/formation_msgs/msg/detail/plan_status__type_support.h
[6.074s] -- Installing: /home/tiffany/fyp_ws/install/formation_msgs/include/formation_msgs/formation_msgs/msg/detail/drone_state__functions.c
[6.074s] -- Installing: /home/tiffany/fyp_ws/install/formation_msgs/include/formation_msgs/formation_msgs/msg/detail/plan_status__functions.c
[6.074s] -- Installing: /home/tiffany/fyp_ws/install/formation_msgs/include/formation_msgs/formation_msgs/msg/detail/refinement_cmd__struct.h
[6.074s] -- Installing: /home/tiffany/fyp_ws/install/formation_msgs/include/formation_msgs/formation_msgs/msg/detail/drone_path__type_support.h
[6.075s] -- Installing: /home/tiffany/fyp_ws/install/formation_msgs/include/formation_msgs/formation_msgs/msg/detail/drone_path__functions.h
[6.075s] -- Installing: /home/tiffany/fyp_ws/install/formation_msgs/include/formation_msgs/formation_msgs/msg/detail/refinement_candidate__struct.h
[6.075s] -- Installing: /home/tiffany/fyp_ws/install/formation_msgs/include/formation_msgs/formation_msgs/msg/detail/generated_transform__struct.h
[6.075s] -- Installing: /home/tiffany/fyp_ws/install/formation_msgs/include/formation_msgs/formation_msgs/msg/detail/user_command__struct.h
[6.075s] -- Installing: /home/tiffany/fyp_ws/install/formation_msgs/include/formation_msgs/formation_msgs/msg/detail/drawn_shape__struct.h
[6.075s] -- Installing: /home/tiffany/fyp_ws/install/formation_msgs/include/formation_msgs/formation_msgs/msg/detail/system_state__struct.h
[6.075s] -- Installing: /home/tiffany/fyp_ws/install/formation_msgs/include/formation_msgs/formation_msgs/msg/detail/drawn_shape__functions.h
[6.075s] -- Installing: /home/tiffany/fyp_ws/install/formation_msgs/include/formation_msgs/formation_msgs/msg/detail/drone_path__functions.c
[6.076s] -- Installing: /home/tiffany/fyp_ws/install/formation_msgs/include/formation_msgs/formation_msgs/msg/detail/formation_goal__struct.h
[6.076s] -- Installing: /home/tiffany/fyp_ws/install/formation_msgs/include/formation_msgs/formation_msgs/msg/detail/drawn_shape__functions.c
[6.076s] -- Installing: /home/tiffany/fyp_ws/install/formation_msgs/include/formation_msgs/formation_msgs/msg/detail/drone_state__type_support.h
[6.076s] -- Installing: /home/tiffany/fyp_ws/install/formation_msgs/include/formation_msgs/formation_msgs/msg/detail/drone_state__functions.h
[6.076s] -- Installing: /home/tiffany/fyp_ws/install/formation_msgs/include/formation_msgs/formation_msgs/msg/detail/refinement_candidate__functions.c
[6.076s] -- Installing: /home/tiffany/fyp_ws/install/formation_msgs/include/formation_msgs/formation_msgs/msg/detail/drone_path__struct.h
[6.076s] -- Installing: /home/tiffany/fyp_ws/install/formation_msgs/include/formation_msgs/formation_msgs/msg/detail/refinement_cmd__functions.h
[6.076s] -- Installing: /home/tiffany/fyp_ws/install/formation_msgs/include/formation_msgs/formation_msgs/msg/detail/user_command__type_support.h
[6.076s] -- Installing: /home/tiffany/fyp_ws/install/formation_msgs/include/formation_msgs/formation_msgs/msg/detail/plan_status__struct.h
[6.077s] -- Installing: /home/tiffany/fyp_ws/install/formation_msgs/include/formation_msgs/formation_msgs/msg/detail/refinement_candidate__functions.h
[6.077s] -- Installing: /home/tiffany/fyp_ws/install/formation_msgs/include/formation_msgs/formation_msgs/msg/detail/system_state__functions.h
[6.077s] -- Installing: /home/tiffany/fyp_ws/install/formation_msgs/include/formation_msgs/formation_msgs/msg/detail/refinement_cmd__functions.c
[6.077s] -- Installing: /home/tiffany/fyp_ws/install/formation_msgs/include/formation_msgs/formation_msgs/msg/detail/user_command__functions.c
[6.077s] -- Installing: /home/tiffany/fyp_ws/install/formation_msgs/include/formation_msgs/formation_msgs/msg/detail/refinement_cmd__type_support.h
[6.077s] -- Installing: /home/tiffany/fyp_ws/install/formation_msgs/include/formation_msgs/formation_msgs/msg/detail/user_command__functions.h
[6.077s] -- Installing: /home/tiffany/fyp_ws/install/formation_msgs/include/formation_msgs/formation_msgs/msg/detail/drawn_shape__type_support.h
[6.077s] -- Installing: /home/tiffany/fyp_ws/install/formation_msgs/include/formation_msgs/formation_msgs/msg/detail/formation_goal__functions.h
[6.078s] -- Installing: /home/tiffany/fyp_ws/install/formation_msgs/include/formation_msgs/formation_msgs/msg/detail/refinement_candidate__type_support.h
[6.078s] -- Installing: /home/tiffany/fyp_ws/install/formation_msgs/include/formation_msgs/formation_msgs/msg/detail/system_state__functions.c
[6.078s] -- Installing: /home/tiffany/fyp_ws/install/formation_msgs/include/formation_msgs/formation_msgs/msg/detail/formation_goal__functions.c
[6.078s] -- Installing: /home/tiffany/fyp_ws/install/formation_msgs/include/formation_msgs/formation_msgs/msg/detail/generated_transform__functions.c
[6.078s] -- Installing: /home/tiffany/fyp_ws/install/formation_msgs/include/formation_msgs/formation_msgs/msg/detail/formation_goal__type_support.h
[6.078s] -- Installing: /home/tiffany/fyp_ws/install/formation_msgs/include/formation_msgs/formation_msgs/msg/detail/drone_state__struct.h
[6.078s] -- Installing: /home/tiffany/fyp_ws/install/formation_msgs/include/formation_msgs/formation_msgs/msg/detail/plan_status__functions.h
[6.078s] -- Installing: /home/tiffany/fyp_ws/install/formation_msgs/include/formation_msgs/formation_msgs/msg/detail/generated_transform__type_support.h
[6.078s] -- Installing: /home/tiffany/fyp_ws/install/formation_msgs/include/formation_msgs/formation_msgs/msg/detail/system_state__type_support.h
[6.079s] -- Installing: /home/tiffany/fyp_ws/install/formation_msgs/include/formation_msgs/formation_msgs/msg/refinement_cmd.h
[6.079s] -- Installing: /home/tiffany/fyp_ws/install/formation_msgs/include/formation_msgs/formation_msgs/msg/user_command.h
[6.079s] -- Installing: /home/tiffany/fyp_ws/install/formation_msgs/include/formation_msgs/formation_msgs/msg/drone_state.h
[6.079s] -- Installing: /home/tiffany/fyp_ws/install/formation_msgs/include/formation_msgs/formation_msgs/msg/refinement_candidate.h
[6.079s] -- Installing: /home/tiffany/fyp_ws/install/formation_msgs/share/formation_msgs/environment/library_path.sh
[6.079s] -- Installing: /home/tiffany/fyp_ws/install/formation_msgs/share/formation_msgs/environment/library_path.dsv
[6.079s] -- Installing: /home/tiffany/fyp_ws/install/formation_msgs/lib/libformation_msgs__rosidl_generator_c.so
[6.080s] -- Set runtime path of "/home/tiffany/fyp_ws/install/formation_msgs/lib/libformation_msgs__rosidl_generator_c.so" to ""
[6.080s] -- Up-to-date: /home/tiffany/fyp_ws/install/formation_msgs/include/formation_msgs/formation_msgs
[6.080s] -- Up-to-date: /home/tiffany/fyp_ws/install/formation_msgs/include/formation_msgs/formation_msgs/msg
[6.080s] -- Installing: /home/tiffany/fyp_ws/install/formation_msgs/include/formation_msgs/formation_msgs/msg/rosidl_typesupport_fastrtps_c__visibility_control.h
[6.080s] -- Up-to-date: /home/tiffany/fyp_ws/install/formation_msgs/include/formation_msgs/formation_msgs/msg/detail
[6.080s] -- Installing: /home/tiffany/fyp_ws/install/formation_msgs/include/formation_msgs/formation_msgs/msg/detail/drone_path__rosidl_typesupport_fastrtps_c.h
[6.080s] -- Installing: /home/tiffany/fyp_ws/install/formation_msgs/include/formation_msgs/formation_msgs/msg/detail/formation_goal__rosidl_typesupport_fastrtps_c.h
[6.081s] -- Installing: /home/tiffany/fyp_ws/install/formation_msgs/include/formation_msgs/formation_msgs/msg/detail/system_state__rosidl_typesupport_fastrtps_c.h
[6.081s] -- Installing: /home/tiffany/fyp_ws/install/formation_msgs/include/formation_msgs/formation_msgs/msg/detail/generated_transform__rosidl_typesupport_fastrtps_c.h
[6.081s] -- Installing: /home/tiffany/fyp_ws/install/formation_msgs/include/formation_msgs/formation_msgs/msg/detail/user_command__rosidl_typesupport_fastrtps_c.h
[6.081s] -- Installing: /home/tiffany/fyp_ws/install/formation_msgs/include/formation_msgs/formation_msgs/msg/detail/drone_state__rosidl_typesupport_fastrtps_c.h
[6.081s] -- Installing: /home/tiffany/fyp_ws/install/formation_msgs/include/formation_msgs/formation_msgs/msg/detail/drawn_shape__rosidl_typesupport_fastrtps_c.h
[6.081s] -- Installing: /home/tiffany/fyp_ws/install/formation_msgs/include/formation_msgs/formation_msgs/msg/detail/plan_status__rosidl_typesupport_fastrtps_c.h
[6.081s] -- Installing: /home/tiffany/fyp_ws/install/formation_msgs/include/formation_msgs/formation_msgs/msg/detail/refinement_candidate__rosidl_typesupport_fastrtps_c.h
[6.081s] -- Installing: /home/tiffany/fyp_ws/install/formation_msgs/include/formation_msgs/formation_msgs/msg/detail/refinement_cmd__rosidl_typesupport_fastrtps_c.h
[6.082s] -- Installing: /home/tiffany/fyp_ws/install/formation_msgs/lib/libformation_msgs__rosidl_typesupport_fastrtps_c.so
[6.082s] -- Set runtime path of "/home/tiffany/fyp_ws/install/formation_msgs/lib/libformation_msgs__rosidl_typesupport_fastrtps_c.so" to ""
[6.082s] -- Up-to-date: /home/tiffany/fyp_ws/install/formation_msgs/include/formation_msgs/formation_msgs
[6.082s] -- Up-to-date: /home/tiffany/fyp_ws/install/formation_msgs/include/formation_msgs/formation_msgs/msg
[6.082s] -- Installing: /home/tiffany/fyp_ws/install/formation_msgs/include/formation_msgs/formation_msgs/msg/rosidl_typesupport_introspection_c__visibility_control.h
[6.082s] -- Up-to-date: /home/tiffany/fyp_ws/install/formation_msgs/include/formation_msgs/formation_msgs/msg/detail
[6.082s] -- Installing: /home/tiffany/fyp_ws/install/formation_msgs/include/formation_msgs/formation_msgs/msg/detail/drone_state__type_support.c
[6.082s] -- Installing: /home/tiffany/fyp_ws/install/formation_msgs/include/formation_msgs/formation_msgs/msg/detail/generated_transform__rosidl_typesupport_introspection_c.h
[6.082s] -- Installing: /home/tiffany/fyp_ws/install/formation_msgs/include/formation_msgs/formation_msgs/msg/detail/formation_goal__rosidl_typesupport_introspection_c.h
[6.083s] -- Installing: /home/tiffany/fyp_ws/install/formation_msgs/include/formation_msgs/formation_msgs/msg/detail/plan_status__rosidl_typesupport_introspection_c.h
[6.083s] -- Installing: /home/tiffany/fyp_ws/install/formation_msgs/include/formation_msgs/formation_msgs/msg/detail/user_command__rosidl_typesupport_introspection_c.h
[6.083s] -- Installing: /home/tiffany/fyp_ws/install/formation_msgs/include/formation_msgs/formation_msgs/msg/detail/refinement_cmd__type_support.c
[6.083s] -- Installing: /home/tiffany/fyp_ws/install/formation_msgs/include/formation_msgs/formation_msgs/msg/detail/drawn_shape__type_support.c
[6.083s] -- Installing: /home/tiffany/fyp_ws/install/formation_msgs/include/formation_msgs/formation_msgs/msg/detail/drone_path__rosidl_typesupport_introspection_c.h
[6.083s] -- Installing: /home/tiffany/fyp_ws/install/formation_msgs/include/formation_msgs/formation_msgs/msg/detail/drone_path__type_support.c
[6.083s] -- Installing: /home/tiffany/fyp_ws/install/formation_msgs/include/formation_msgs/formation_msgs/msg/detail/drone_state__rosidl_typesupport_introspection_c.h
[6.083s] -- Installing: /home/tiffany/fyp_ws/install/formation_msgs/include/formation_msgs/formation_msgs/msg/detail/user_command__type_support.c
[6.084s] -- Installing: /home/tiffany/fyp_ws/install/formation_msgs/include/formation_msgs/formation_msgs/msg/detail/plan_status__type_support.c
[6.084s] -- Installing: /home/tiffany/fyp_ws/install/formation_msgs/include/formation_msgs/formation_msgs/msg/detail/system_state__rosidl_typesupport_introspection_c.h
[6.084s] -- Installing: /home/tiffany/fyp_ws/install/formation_msgs/include/formation_msgs/formation_msgs/msg/detail/formation_goal__type_support.c
[6.084s] -- Installing: /home/tiffany/fyp_ws/install/formation_msgs/include/formation_msgs/formation_msgs/msg/detail/refinement_candidate__type_support.c
[6.084s] -- Installing: /home/tiffany/fyp_ws/install/formation_msgs/include/formation_msgs/formation_msgs/msg/detail/generated_transform__type_support.c
[6.084s] -- Installing: /home/tiffany/fyp_ws/install/formation_msgs/include/formation_msgs/formation_msgs/msg/detail/refinement_cmd__rosidl_typesupport_introspection_c.h
[6.084s] -- Installing: /home/tiffany/fyp_ws/install/formation_msgs/include/formation_msgs/formation_msgs/msg/detail/system_state__type_support.c
[6.085s] -- Installing: /home/tiffany/fyp_ws/install/formation_msgs/include/formation_msgs/formation_msgs/msg/detail/drawn_shape__rosidl_typesupport_introspection_c.h
[6.085s] -- Installing: /home/tiffany/fyp_ws/install/formation_msgs/include/formation_msgs/formation_msgs/msg/detail/refinement_candidate__rosidl_typesupport_introspection_c.h
[6.085s] -- Installing: /home/tiffany/fyp_ws/install/formation_msgs/lib/libformation_msgs__rosidl_typesupport_introspection_c.so
[6.085s] -- Set runtime path of "/home/tiffany/fyp_ws/install/formation_msgs/lib/libformation_msgs__rosidl_typesupport_introspection_c.so" to ""
[6.085s] -- Installing: /home/tiffany/fyp_ws/install/formation_msgs/lib/libformation_msgs__rosidl_typesupport_c.so
[6.086s] -- Set runtime path of "/home/tiffany/fyp_ws/install/formation_msgs/lib/libformation_msgs__rosidl_typesupport_c.so" to ""
[6.086s] -- Up-to-date: /home/tiffany/fyp_ws/install/formation_msgs/include/formation_msgs/formation_msgs
[6.086s] -- Up-to-date: /home/tiffany/fyp_ws/install/formation_msgs/include/formation_msgs/formation_msgs/msg
[6.086s] -- Installing: /home/tiffany/fyp_ws/install/formation_msgs/include/formation_msgs/formation_msgs/msg/user_command.hpp
[6.086s] -- Installing: /home/tiffany/fyp_ws/install/formation_msgs/include/formation_msgs/formation_msgs/msg/plan_status.hpp
[6.086s] -- Installing: /home/tiffany/fyp_ws/install/formation_msgs/include/formation_msgs/formation_msgs/msg/drone_path.hpp
[6.086s] -- Installing: /home/tiffany/fyp_ws/install/formation_msgs/include/formation_msgs/formation_msgs/msg/rosidl_generator_cpp__visibility_control.hpp
[6.086s] -- Installing: /home/tiffany/fyp_ws/install/formation_msgs/include/formation_msgs/formation_msgs/msg/formation_goal.hpp
[6.086s] -- Installing: /home/tiffany/fyp_ws/install/formation_msgs/include/formation_msgs/formation_msgs/msg/drone_state.hpp
[6.086s] -- Installing: /home/tiffany/fyp_ws/install/formation_msgs/include/formation_msgs/formation_msgs/msg/generated_transform.hpp
[6.087s] -- Installing: /home/tiffany/fyp_ws/install/formation_msgs/include/formation_msgs/formation_msgs/msg/refinement_candidate.hpp
[6.087s] -- Up-to-date: /home/tiffany/fyp_ws/install/formation_msgs/include/formation_msgs/formation_msgs/msg/detail
[6.087s] -- Installing: /home/tiffany/fyp_ws/install/formation_msgs/include/formation_msgs/formation_msgs/msg/detail/generated_transform__traits.hpp
[6.087s] -- Installing: /home/tiffany/fyp_ws/install/formation_msgs/include/formation_msgs/formation_msgs/msg/detail/drone_path__struct.hpp
[6.087s] -- Installing: /home/tiffany/fyp_ws/install/formation_msgs/include/formation_msgs/formation_msgs/msg/detail/generated_transform__builder.hpp
[6.087s] -- Installing: /home/tiffany/fyp_ws/install/formation_msgs/include/formation_msgs/formation_msgs/msg/detail/drawn_shape__struct.hpp
[6.087s] -- Installing: /home/tiffany/fyp_ws/install/formation_msgs/include/formation_msgs/formation_msgs/msg/detail/refinement_candidate__struct.hpp
[6.087s] -- Installing: /home/tiffany/fyp_ws/install/formation_msgs/include/formation_msgs/formation_msgs/msg/detail/refinement_cmd__traits.hpp
[6.087s] -- Installing: /home/tiffany/fyp_ws/install/formation_msgs/include/formation_msgs/formation_msgs/msg/detail/user_command__builder.hpp
[6.088s] -- Installing: /home/tiffany/fyp_ws/install/formation_msgs/include/formation_msgs/formation_msgs/msg/detail/refinement_cmd__struct.hpp
[6.088s] -- Installing: /home/tiffany/fyp_ws/install/formation_msgs/include/formation_msgs/formation_msgs/msg/detail/refinement_candidate__traits.hpp
[6.088s] -- Installing: /home/tiffany/fyp_ws/install/formation_msgs/include/formation_msgs/formation_msgs/msg/detail/plan_status__builder.hpp
[6.088s] -- Installing: /home/tiffany/fyp_ws/install/formation_msgs/include/formation_msgs/formation_msgs/msg/detail/drone_path__traits.hpp
[6.088s] -- Installing: /home/tiffany/fyp_ws/install/formation_msgs/include/formation_msgs/formation_msgs/msg/detail/drone_state__type_support.hpp
[6.088s] -- Installing: /home/tiffany/fyp_ws/install/formation_msgs/include/formation_msgs/formation_msgs/msg/detail/formation_goal__traits.hpp
[6.088s] -- Installing: /home/tiffany/fyp_ws/install/formation_msgs/include/formation_msgs/formation_msgs/msg/detail/user_command__struct.hpp
[6.088s] -- Installing: /home/tiffany/fyp_ws/install/formation_msgs/include/formation_msgs/formation_msgs/msg/detail/formation_goal__builder.hpp
[6.089s] -- Installing: /home/tiffany/fyp_ws/install/formation_msgs/include/formation_msgs/formation_msgs/msg/detail/generated_transform__struct.hpp
[6.089s] -- Installing: /home/tiffany/fyp_ws/install/formation_msgs/include/formation_msgs/formation_msgs/msg/detail/refinement_candidate__type_support.hpp
[6.089s] -- Installing: /home/tiffany/fyp_ws/install/formation_msgs/include/formation_msgs/formation_msgs/msg/detail/drone_state__builder.hpp
[6.089s] -- Installing: /home/tiffany/fyp_ws/install/formation_msgs/include/formation_msgs/formation_msgs/msg/detail/user_command__type_support.hpp
[6.089s] -- Installing: /home/tiffany/fyp_ws/install/formation_msgs/include/formation_msgs/formation_msgs/msg/detail/system_state__struct.hpp
[6.089s] -- Installing: /home/tiffany/fyp_ws/install/formation_msgs/include/formation_msgs/formation_msgs/msg/detail/formation_goal__type_support.hpp
[6.089s] -- Installing: /home/tiffany/fyp_ws/install/formation_msgs/include/formation_msgs/formation_msgs/msg/detail/system_state__traits.hpp
[6.089s] -- Installing: /home/tiffany/fyp_ws/install/formation_msgs/include/formation_msgs/formation_msgs/msg/detail/formation_goal__struct.hpp
[6.090s] -- Installing: /home/tiffany/fyp_ws/install/formation_msgs/include/formation_msgs/formation_msgs/msg/detail/plan_status__type_support.hpp
[6.090s] -- Installing: /home/tiffany/fyp_ws/install/formation_msgs/include/formation_msgs/formation_msgs/msg/detail/drawn_shape__type_support.hpp
[6.090s] -- Installing: /home/tiffany/fyp_ws/install/formation_msgs/include/formation_msgs/formation_msgs/msg/detail/user_command__traits.hpp
[6.090s] -- Installing: /home/tiffany/fyp_ws/install/formation_msgs/include/formation_msgs/formation_msgs/msg/detail/refinement_cmd__builder.hpp
[6.090s] -- Installing: /home/tiffany/fyp_ws/install/formation_msgs/include/formation_msgs/formation_msgs/msg/detail/drone_path__type_support.hpp
[6.090s] -- Installing: /home/tiffany/fyp_ws/install/formation_msgs/include/formation_msgs/formation_msgs/msg/detail/drone_state__struct.hpp
[6.090s] -- Installing: /home/tiffany/fyp_ws/install/formation_msgs/include/formation_msgs/formation_msgs/msg/detail/refinement_cmd__type_support.hpp
[6.091s] -- Installing: /home/tiffany/fyp_ws/install/formation_msgs/include/formation_msgs/formation_msgs/msg/detail/refinement_candidate__builder.hpp
[6.091s] -- Installing: /home/tiffany/fyp_ws/install/formation_msgs/include/formation_msgs/formation_msgs/msg/detail/system_state__builder.hpp
[6.091s] -- Installing: /home/tiffany/fyp_ws/install/formation_msgs/include/formation_msgs/formation_msgs/msg/detail/plan_status__traits.hpp
[6.091s] -- Installing: /home/tiffany/fyp_ws/install/formation_msgs/include/formation_msgs/formation_msgs/msg/detail/drawn_shape__builder.hpp
[6.091s] -- Installing: /home/tiffany/fyp_ws/install/formation_msgs/include/formation_msgs/formation_msgs/msg/detail/drone_path__builder.hpp
[6.091s] -- Installing: /home/tiffany/fyp_ws/install/formation_msgs/include/formation_msgs/formation_msgs/msg/detail/plan_status__struct.hpp
[6.091s] -- Installing: /home/tiffany/fyp_ws/install/formation_msgs/include/formation_msgs/formation_msgs/msg/detail/generated_transform__type_support.hpp
[6.091s] -- Installing: /home/tiffany/fyp_ws/install/formation_msgs/include/formation_msgs/formation_msgs/msg/detail/system_state__type_support.hpp
[6.092s] -- Installing: /home/tiffany/fyp_ws/install/formation_msgs/include/formation_msgs/formation_msgs/msg/detail/drone_state__traits.hpp
[6.092s] -- Installing: /home/tiffany/fyp_ws/install/formation_msgs/include/formation_msgs/formation_msgs/msg/detail/drawn_shape__traits.hpp
[6.092s] -- Installing: /home/tiffany/fyp_ws/install/formation_msgs/include/formation_msgs/formation_msgs/msg/system_state.hpp
[6.092s] -- Installing: /home/tiffany/fyp_ws/install/formation_msgs/include/formation_msgs/formation_msgs/msg/drawn_shape.hpp
[6.092s] -- Installing: /home/tiffany/fyp_ws/install/formation_msgs/include/formation_msgs/formation_msgs/msg/refinement_cmd.hpp
[6.092s] -- Up-to-date: /home/tiffany/fyp_ws/install/formation_msgs/include/formation_msgs/formation_msgs
[6.092s] -- Up-to-date: /home/tiffany/fyp_ws/install/formation_msgs/include/formation_msgs/formation_msgs/msg
[6.092s] -- Up-to-date: /home/tiffany/fyp_ws/install/formation_msgs/include/formation_msgs/formation_msgs/msg/detail
[6.092s] -- Installing: /home/tiffany/fyp_ws/install/formation_msgs/include/formation_msgs/formation_msgs/msg/detail/dds_fastrtps
[6.092s] -- Installing: /home/tiffany/fyp_ws/install/formation_msgs/include/formation_msgs/formation_msgs/msg/detail/refinement_cmd__rosidl_typesupport_fastrtps_cpp.hpp
[6.093s] -- Installing: /home/tiffany/fyp_ws/install/formation_msgs/include/formation_msgs/formation_msgs/msg/detail/user_command__rosidl_typesupport_fastrtps_cpp.hpp
[6.093s] -- Installing: /home/tiffany/fyp_ws/install/formation_msgs/include/formation_msgs/formation_msgs/msg/detail/formation_goal__rosidl_typesupport_fastrtps_cpp.hpp
[6.093s] -- Installing: /home/tiffany/fyp_ws/install/formation_msgs/include/formation_msgs/formation_msgs/msg/detail/generated_transform__rosidl_typesupport_fastrtps_cpp.hpp
[6.093s] -- Installing: /home/tiffany/fyp_ws/install/formation_msgs/include/formation_msgs/formation_msgs/msg/detail/system_state__rosidl_typesupport_fastrtps_cpp.hpp
[6.093s] -- Installing: /home/tiffany/fyp_ws/install/formation_msgs/include/formation_msgs/formation_msgs/msg/detail/refinement_candidate__rosidl_typesupport_fastrtps_cpp.hpp
[6.093s] -- Installing: /home/tiffany/fyp_ws/install/formation_msgs/include/formation_msgs/formation_msgs/msg/detail/drone_path__rosidl_typesupport_fastrtps_cpp.hpp
[6.093s] -- Installing: /home/tiffany/fyp_ws/install/formation_msgs/include/formation_msgs/formation_msgs/msg/detail/plan_status__rosidl_typesupport_fastrtps_cpp.hpp
[6.093s] -- Installing: /home/tiffany/fyp_ws/install/formation_msgs/include/formation_msgs/formation_msgs/msg/detail/drawn_shape__rosidl_typesupport_fastrtps_cpp.hpp
[6.094s] -- Installing: /home/tiffany/fyp_ws/install/formation_msgs/include/formation_msgs/formation_msgs/msg/detail/drone_state__rosidl_typesupport_fastrtps_cpp.hpp
[6.094s] -- Installing: /home/tiffany/fyp_ws/install/formation_msgs/include/formation_msgs/formation_msgs/msg/rosidl_typesupport_fastrtps_cpp__visibility_control.h
[6.094s] -- Installing: /home/tiffany/fyp_ws/install/formation_msgs/lib/libformation_msgs__rosidl_typesupport_fastrtps_cpp.so
[6.094s] -- Set runtime path of "/home/tiffany/fyp_ws/install/formation_msgs/lib/libformation_msgs__rosidl_typesupport_fastrtps_cpp.so" to ""
[6.095s] -- Up-to-date: /home/tiffany/fyp_ws/install/formation_msgs/include/formation_msgs/formation_msgs
[6.095s] -- Up-to-date: /home/tiffany/fyp_ws/install/formation_msgs/include/formation_msgs/formation_msgs/msg
[6.095s] -- Up-to-date: /home/tiffany/fyp_ws/install/formation_msgs/include/formation_msgs/formation_msgs/msg/detail
[6.095s] -- Installing: /home/tiffany/fyp_ws/install/formation_msgs/include/formation_msgs/formation_msgs/msg/detail/plan_status__type_support.cpp
[6.095s] -- Installing: /home/tiffany/fyp_ws/install/formation_msgs/include/formation_msgs/formation_msgs/msg/detail/drone_state__rosidl_typesupport_introspection_cpp.hpp
[6.095s] -- Installing: /home/tiffany/fyp_ws/install/formation_msgs/include/formation_msgs/formation_msgs/msg/detail/user_command__type_support.cpp
[6.095s] -- Installing: /home/tiffany/fyp_ws/install/formation_msgs/include/formation_msgs/formation_msgs/msg/detail/generated_transform__rosidl_typesupport_introspection_cpp.hpp
[6.095s] -- Installing: /home/tiffany/fyp_ws/install/formation_msgs/include/formation_msgs/formation_msgs/msg/detail/refinement_cmd__rosidl_typesupport_introspection_cpp.hpp
[6.095s] -- Installing: /home/tiffany/fyp_ws/install/formation_msgs/include/formation_msgs/formation_msgs/msg/detail/drawn_shape__rosidl_typesupport_introspection_cpp.hpp
[6.095s] -- Installing: /home/tiffany/fyp_ws/install/formation_msgs/include/formation_msgs/formation_msgs/msg/detail/refinement_cmd__type_support.cpp
[6.096s] -- Installing: /home/tiffany/fyp_ws/install/formation_msgs/include/formation_msgs/formation_msgs/msg/detail/drawn_shape__type_support.cpp
[6.096s] -- Installing: /home/tiffany/fyp_ws/install/formation_msgs/include/formation_msgs/formation_msgs/msg/detail/plan_status__rosidl_typesupport_introspection_cpp.hpp
[6.096s] -- Installing: /home/tiffany/fyp_ws/install/formation_msgs/include/formation_msgs/formation_msgs/msg/detail/user_command__rosidl_typesupport_introspection_cpp.hpp
[6.096s] -- Installing: /home/tiffany/fyp_ws/install/formation_msgs/include/formation_msgs/formation_msgs/msg/detail/formation_goal__type_support.cpp
[6.096s] -- Installing: /home/tiffany/fyp_ws/install/formation_msgs/include/formation_msgs/formation_msgs/msg/detail/system_state__type_support.cpp
[6.096s] -- Installing: /home/tiffany/fyp_ws/install/formation_msgs/include/formation_msgs/formation_msgs/msg/detail/drone_state__type_support.cpp
[6.096s] -- Installing: /home/tiffany/fyp_ws/install/formation_msgs/include/formation_msgs/formation_msgs/msg/detail/drone_path__type_support.cpp
[6.096s] -- Installing: /home/tiffany/fyp_ws/install/formation_msgs/include/formation_msgs/formation_msgs/msg/detail/refinement_candidate__type_support.cpp
[6.097s] -- Installing: /home/tiffany/fyp_ws/install/formation_msgs/include/formation_msgs/formation_msgs/msg/detail/formation_goal__rosidl_typesupport_introspection_cpp.hpp
[6.097s] -- Installing: /home/tiffany/fyp_ws/install/formation_msgs/include/formation_msgs/formation_msgs/msg/detail/generated_transform__type_support.cpp
[6.097s] -- Installing: /home/tiffany/fyp_ws/install/formation_msgs/include/formation_msgs/formation_msgs/msg/detail/refinement_candidate__rosidl_typesupport_introspection_cpp.hpp
[6.097s] -- Installing: /home/tiffany/fyp_ws/install/formation_msgs/include/formation_msgs/formation_msgs/msg/detail/system_state__rosidl_typesupport_introspection_cpp.hpp
[6.097s] -- Installing: /home/tiffany/fyp_ws/install/formation_msgs/include/formation_msgs/formation_msgs/msg/detail/drone_path__rosidl_typesupport_introspection_cpp.hpp
[6.097s] -- Installing: /home/tiffany/fyp_ws/install/formation_msgs/lib/libformation_msgs__rosidl_typesupport_introspection_cpp.so
[6.098s] -- Set runtime path of "/home/tiffany/fyp_ws/install/formation_msgs/lib/libformation_msgs__rosidl_typesupport_introspection_cpp.so" to ""
[6.098s] -- Installing: /home/tiffany/fyp_ws/install/formation_msgs/lib/libformation_msgs__rosidl_typesupport_cpp.so
[6.098s] -- Set runtime path of "/home/tiffany/fyp_ws/install/formation_msgs/lib/libformation_msgs__rosidl_typesupport_cpp.so" to ""
[6.098s] -- Installing: /home/tiffany/fyp_ws/install/formation_msgs/share/formation_msgs/environment/pythonpath.sh
[6.098s] -- Installing: /home/tiffany/fyp_ws/install/formation_msgs/share/formation_msgs/environment/pythonpath.dsv
[6.098s] -- Installing: /home/tiffany/fyp_ws/install/formation_msgs/local/lib/python3.10/dist-packages/formation_msgs-0.0.0-py3.10.egg-info
[6.099s] -- Installing: /home/tiffany/fyp_ws/install/formation_msgs/local/lib/python3.10/dist-packages/formation_msgs-0.0.0-py3.10.egg-info/SOURCES.txt
[6.099s] -- Installing: /home/tiffany/fyp_ws/install/formation_msgs/local/lib/python3.10/dist-packages/formation_msgs-0.0.0-py3.10.egg-info/top_level.txt
[6.099s] -- Installing: /home/tiffany/fyp_ws/install/formation_msgs/local/lib/python3.10/dist-packages/formation_msgs-0.0.0-py3.10.egg-info/dependency_links.txt
[6.099s] -- Installing: /home/tiffany/fyp_ws/install/formation_msgs/local/lib/python3.10/dist-packages/formation_msgs-0.0.0-py3.10.egg-info/PKG-INFO
[6.099s] -- Installing: /home/tiffany/fyp_ws/install/formation_msgs/local/lib/python3.10/dist-packages/formation_msgs
[6.099s] -- Installing: /home/tiffany/fyp_ws/install/formation_msgs/local/lib/python3.10/dist-packages/formation_msgs/__init__.py
[6.099s] -- Installing: /home/tiffany/fyp_ws/install/formation_msgs/local/lib/python3.10/dist-packages/formation_msgs/formation_msgs_s__rosidl_typesupport_introspection_c.cpython-310-x86_64-linux-gnu.so
[6.099s] -- Installing: /home/tiffany/fyp_ws/install/formation_msgs/local/lib/python3.10/dist-packages/formation_msgs/libformation_msgs__rosidl_generator_py.so
[6.100s] -- Installing: /home/tiffany/fyp_ws/install/formation_msgs/local/lib/python3.10/dist-packages/formation_msgs/formation_msgs_s__rosidl_typesupport_fastrtps_c.cpython-310-x86_64-linux-gnu.so
[6.100s] -- Installing: /home/tiffany/fyp_ws/install/formation_msgs/local/lib/python3.10/dist-packages/formation_msgs/_formation_msgs_s.ep.rosidl_typesupport_introspection_c.c
[6.100s] -- Installing: /home/tiffany/fyp_ws/install/formation_msgs/local/lib/python3.10/dist-packages/formation_msgs/_formation_msgs_s.ep.rosidl_typesupport_fastrtps_c.c
[6.100s] -- Installing: /home/tiffany/fyp_ws/install/formation_msgs/local/lib/python3.10/dist-packages/formation_msgs/msg
[6.100s] -- Installing: /home/tiffany/fyp_ws/install/formation_msgs/local/lib/python3.10/dist-packages/formation_msgs/msg/__init__.py
[6.100s] -- Installing: /home/tiffany/fyp_ws/install/formation_msgs/local/lib/python3.10/dist-packages/formation_msgs/msg/_drone_path.py
[6.100s] -- Installing: /home/tiffany/fyp_ws/install/formation_msgs/local/lib/python3.10/dist-packages/formation_msgs/msg/_refinement_candidate.py
[6.101s] -- Installing: /home/tiffany/fyp_ws/install/formation_msgs/local/lib/python3.10/dist-packages/formation_msgs/msg/_formation_goal.py
[6.101s] -- Installing: /home/tiffany/fyp_ws/install/formation_msgs/local/lib/python3.10/dist-packages/formation_msgs/msg/_plan_status.py
[6.101s] -- Installing: /home/tiffany/fyp_ws/install/formation_msgs/local/lib/python3.10/dist-packages/formation_msgs/msg/_generated_transform_s.c
[6.101s] -- Installing: /home/tiffany/fyp_ws/install/formation_msgs/local/lib/python3.10/dist-packages/formation_msgs/msg/_drone_state_s.c
[6.101s] -- Installing: /home/tiffany/fyp_ws/install/formation_msgs/local/lib/python3.10/dist-packages/formation_msgs/msg/_refinement_candidate_s.c
[6.101s] -- Installing: /home/tiffany/fyp_ws/install/formation_msgs/local/lib/python3.10/dist-packages/formation_msgs/msg/_drawn_shape.py
[6.101s] -- Installing: /home/tiffany/fyp_ws/install/formation_msgs/local/lib/python3.10/dist-packages/formation_msgs/msg/_formation_goal_s.c
[6.101s] -- Installing: /home/tiffany/fyp_ws/install/formation_msgs/local/lib/python3.10/dist-packages/formation_msgs/msg/_user_command_s.c
[6.102s] -- Installing: /home/tiffany/fyp_ws/install/formation_msgs/local/lib/python3.10/dist-packages/formation_msgs/msg/_drone_state.py
[6.102s] -- Installing: /home/tiffany/fyp_ws/install/formation_msgs/local/lib/python3.10/dist-packages/formation_msgs/msg/_drawn_shape_s.c
[6.102s] -- Installing: /home/tiffany/fyp_ws/install/formation_msgs/local/lib/python3.10/dist-packages/formation_msgs/msg/_user_command.py
[6.102s] -- Installing: /home/tiffany/fyp_ws/install/formation_msgs/local/lib/python3.10/dist-packages/formation_msgs/msg/_refinement_cmd.py
[6.102s] -- Installing: /home/tiffany/fyp_ws/install/formation_msgs/local/lib/python3.10/dist-packages/formation_msgs/msg/_plan_status_s.c
[6.102s] -- Installing: /home/tiffany/fyp_ws/install/formation_msgs/local/lib/python3.10/dist-packages/formation_msgs/msg/_refinement_cmd_s.c
[6.102s] -- Installing: /home/tiffany/fyp_ws/install/formation_msgs/local/lib/python3.10/dist-packages/formation_msgs/msg/_system_state.py
[6.102s] -- Installing: /home/tiffany/fyp_ws/install/formation_msgs/local/lib/python3.10/dist-packages/formation_msgs/msg/_generated_transform.py
[6.103s] -- Installing: /home/tiffany/fyp_ws/install/formation_msgs/local/lib/python3.10/dist-packages/formation_msgs/msg/_system_state_s.c
[6.103s] -- Installing: /home/tiffany/fyp_ws/install/formation_msgs/local/lib/python3.10/dist-packages/formation_msgs/msg/_drone_path_s.c
[6.103s] -- Installing: /home/tiffany/fyp_ws/install/formation_msgs/local/lib/python3.10/dist-packages/formation_msgs/formation_msgs_s__rosidl_typesupport_c.cpython-310-x86_64-linux-gnu.so
[6.103s] -- Installing: /home/tiffany/fyp_ws/install/formation_msgs/local/lib/python3.10/dist-packages/formation_msgs/_formation_msgs_s.ep.rosidl_typesupport_c.c
[6.135s] Listing '/home/tiffany/fyp_ws/install/formation_msgs/local/lib/python3.10/dist-packages/formation_msgs'...
[6.135s] Compiling '/home/tiffany/fyp_ws/install/formation_msgs/local/lib/python3.10/dist-packages/formation_msgs/__init__.py'...
[6.135s] Listing '/home/tiffany/fyp_ws/install/formation_msgs/local/lib/python3.10/dist-packages/formation_msgs/msg'...
[6.135s] Compiling '/home/tiffany/fyp_ws/install/formation_msgs/local/lib/python3.10/dist-packages/formation_msgs/msg/__init__.py'...
[6.135s] Compiling '/home/tiffany/fyp_ws/install/formation_msgs/local/lib/python3.10/dist-packages/formation_msgs/msg/_drawn_shape.py'...
[6.135s] Compiling '/home/tiffany/fyp_ws/install/formation_msgs/local/lib/python3.10/dist-packages/formation_msgs/msg/_drone_path.py'...
[6.135s] Compiling '/home/tiffany/fyp_ws/install/formation_msgs/local/lib/python3.10/dist-packages/formation_msgs/msg/_drone_state.py'...
[6.135s] Compiling '/home/tiffany/fyp_ws/install/formation_msgs/local/lib/python3.10/dist-packages/formation_msgs/msg/_formation_goal.py'...
[6.135s] Compiling '/home/tiffany/fyp_ws/install/formation_msgs/local/lib/python3.10/dist-packages/formation_msgs/msg/_generated_transform.py'...
[6.135s] Compiling '/home/tiffany/fyp_ws/install/formation_msgs/local/lib/python3.10/dist-packages/formation_msgs/msg/_plan_status.py'...
[6.136s] Compiling '/home/tiffany/fyp_ws/install/formation_msgs/local/lib/python3.10/dist-packages/formation_msgs/msg/_refinement_candidate.py'...
[6.136s] Compiling '/home/tiffany/fyp_ws/install/formation_msgs/local/lib/python3.10/dist-packages/formation_msgs/msg/_refinement_cmd.py'...
[6.136s] Compiling '/home/tiffany/fyp_ws/install/formation_msgs/local/lib/python3.10/dist-packages/formation_msgs/msg/_system_state.py'...
[6.136s] Compiling '/home/tiffany/fyp_ws/install/formation_msgs/local/lib/python3.10/dist-packages/formation_msgs/msg/_user_command.py'...
[6.138s] -- Installing: /home/tiffany/fyp_ws/install/formation_msgs/local/lib/python3.10/dist-packages/formation_msgs/formation_msgs_s__rosidl_typesupport_fastrtps_c.cpython-310-x86_64-linux-gnu.so
[6.138s] -- Set runtime path of "/home/tiffany/fyp_ws/install/formation_msgs/local/lib/python3.10/dist-packages/formation_msgs/formation_msgs_s__rosidl_typesupport_fastrtps_c.cpython-310-x86_64-linux-gnu.so" to ""
[6.138s] -- Installing: /home/tiffany/fyp_ws/install/formation_msgs/local/lib/python3.10/dist-packages/formation_msgs/formation_msgs_s__rosidl_typesupport_introspection_c.cpython-310-x86_64-linux-gnu.so
[6.139s] -- Set runtime path of "/home/tiffany/fyp_ws/install/formation_msgs/local/lib/python3.10/dist-packages/formation_msgs/formation_msgs_s__rosidl_typesupport_introspection_c.cpython-310-x86_64-linux-gnu.so" to ""
[6.139s] -- Installing: /home/tiffany/fyp_ws/install/formation_msgs/local/lib/python3.10/dist-packages/formation_msgs/formation_msgs_s__rosidl_typesupport_c.cpython-310-x86_64-linux-gnu.so
[6.139s] -- Set runtime path of "/home/tiffany/fyp_ws/install/formation_msgs/local/lib/python3.10/dist-packages/formation_msgs/formation_msgs_s__rosidl_typesupport_c.cpython-310-x86_64-linux-gnu.so" to ""
[6.139s] -- Installing: /home/tiffany/fyp_ws/install/formation_msgs/lib/libformation_msgs__rosidl_generator_py.so
[6.140s] -- Set runtime path of "/home/tiffany/fyp_ws/install/formation_msgs/lib/libformation_msgs__rosidl_generator_py.so" to ""
[6.140s] -- Installing: /home/tiffany/fyp_ws/install/formation_msgs/share/ament_index/resource_index/rust_packages/formation_msgs
[6.140s] -- Installing: /home/tiffany/fyp_ws/install/formation_msgs/share/formation_msgs/rust
[6.140s] -- Installing: /home/tiffany/fyp_ws/install/formation_msgs/share/formation_msgs/rust/build.rs
[6.140s] -- Installing: /home/tiffany/fyp_ws/install/formation_msgs/share/formation_msgs/rust/Cargo.toml
[6.140s] -- Installing: /home/tiffany/fyp_ws/install/formation_msgs/share/formation_msgs/rust/src
[6.140s] -- Installing: /home/tiffany/fyp_ws/install/formation_msgs/share/formation_msgs/rust/src/lib.rs
[6.140s] -- Installing: /home/tiffany/fyp_ws/install/formation_msgs/share/formation_msgs/rust/src/msg.rs
[6.140s] -- Installing: /home/tiffany/fyp_ws/install/formation_msgs/share/formation_msgs/rust/src/msg
[6.141s] -- Installing: /home/tiffany/fyp_ws/install/formation_msgs/share/formation_msgs/rust/src/msg/rmw.rs
[6.141s] -- Installing: /home/tiffany/fyp_ws/install/formation_msgs/share/formation_msgs/msg/DrawnShape.idl
[6.141s] -- Installing: /home/tiffany/fyp_ws/install/formation_msgs/share/formation_msgs/msg/FormationGoal.idl
[6.141s] -- Installing: /home/tiffany/fyp_ws/install/formation_msgs/share/formation_msgs/msg/DronePath.idl
[6.141s] -- Installing: /home/tiffany/fyp_ws/install/formation_msgs/share/formation_msgs/msg/DroneState.idl
[6.141s] -- Installing: /home/tiffany/fyp_ws/install/formation_msgs/share/formation_msgs/msg/RefinementCmd.idl
[6.141s] -- Installing: /home/tiffany/fyp_ws/install/formation_msgs/share/formation_msgs/msg/RefinementCandidate.idl
[6.142s] -- Installing: /home/tiffany/fyp_ws/install/formation_msgs/share/formation_msgs/msg/GeneratedTransform.idl
[6.142s] -- Installing: /home/tiffany/fyp_ws/install/formation_msgs/share/formation_msgs/msg/PlanStatus.idl
[6.142s] -- Installing: /home/tiffany/fyp_ws/install/formation_msgs/share/formation_msgs/msg/SystemState.idl
[6.142s] -- Installing: /home/tiffany/fyp_ws/install/formation_msgs/share/formation_msgs/msg/UserCommand.idl
[6.142s] -- Installing: /home/tiffany/fyp_ws/install/formation_msgs/share/formation_msgs/msg/DrawnShape.msg
[6.142s] -- Installing: /home/tiffany/fyp_ws/install/formation_msgs/share/formation_msgs/msg/FormationGoal.msg
[6.143s] -- Installing: /home/tiffany/fyp_ws/install/formation_msgs/share/formation_msgs/msg/DronePath.msg
[6.143s] -- Installing: /home/tiffany/fyp_ws/install/formation_msgs/share/formation_msgs/msg/DroneState.msg
[6.143s] -- Installing: /home/tiffany/fyp_ws/install/formation_msgs/share/formation_msgs/msg/RefinementCmd.msg
[6.143s] -- Installing: /home/tiffany/fyp_ws/install/formation_msgs/share/formation_msgs/msg/RefinementCandidate.msg
[6.143s] -- Installing: /home/tiffany/fyp_ws/install/formation_msgs/share/formation_msgs/msg/GeneratedTransform.msg
[6.143s] -- Installing: /home/tiffany/fyp_ws/install/formation_msgs/share/formation_msgs/msg/PlanStatus.msg
[6.143s] -- Installing: /home/tiffany/fyp_ws/install/formation_msgs/share/formation_msgs/msg/SystemState.msg
[6.143s] -- Installing: /home/tiffany/fyp_ws/install/formation_msgs/share/formation_msgs/msg/UserCommand.msg
[6.144s] -- Installing: /home/tiffany/fyp_ws/install/formation_msgs/share/ament_index/resource_index/package_run_dependencies/formation_msgs
[6.144s] -- Installing: /home/tiffany/fyp_ws/install/formation_msgs/share/ament_index/resource_index/parent_prefix_path/formation_msgs
[6.144s] -- Installing: /home/tiffany/fyp_ws/install/formation_msgs/share/formation_msgs/environment/ament_prefix_path.sh
[6.144s] -- Installing: /home/tiffany/fyp_ws/install/formation_msgs/share/formation_msgs/environment/ament_prefix_path.dsv
[6.144s] -- Installing: /home/tiffany/fyp_ws/install/formation_msgs/share/formation_msgs/environment/path.sh
[6.144s] -- Installing: /home/tiffany/fyp_ws/install/formation_msgs/share/formation_msgs/environment/path.dsv
[6.145s] -- Installing: /home/tiffany/fyp_ws/install/formation_msgs/share/formation_msgs/local_setup.bash
[6.145s] -- Installing: /home/tiffany/fyp_ws/install/formation_msgs/share/formation_msgs/local_setup.sh
[6.145s] -- Installing: /home/tiffany/fyp_ws/install/formation_msgs/share/formation_msgs/local_setup.zsh
[6.145s] -- Installing: /home/tiffany/fyp_ws/install/formation_msgs/share/formation_msgs/local_setup.dsv
[6.145s] -- Installing: /home/tiffany/fyp_ws/install/formation_msgs/share/formation_msgs/package.dsv
[6.145s] -- Installing: /home/tiffany/fyp_ws/install/formation_msgs/share/ament_index/resource_index/packages/formation_msgs
[6.146s] -- Installing: /home/tiffany/fyp_ws/install/formation_msgs/share/formation_msgs/cmake/export_formation_msgs__rosidl_generator_cExport.cmake
[6.146s] -- Installing: /home/tiffany/fyp_ws/install/formation_msgs/share/formation_msgs/cmake/export_formation_msgs__rosidl_generator_cExport-noconfig.cmake
[6.146s] -- Installing: /home/tiffany/fyp_ws/install/formation_msgs/share/formation_msgs/cmake/export_formation_msgs__rosidl_typesupport_fastrtps_cExport.cmake
[6.146s] -- Installing: /home/tiffany/fyp_ws/install/formation_msgs/share/formation_msgs/cmake/export_formation_msgs__rosidl_typesupport_fastrtps_cExport-noconfig.cmake
[6.146s] -- Installing: /home/tiffany/fyp_ws/install/formation_msgs/share/formation_msgs/cmake/formation_msgs__rosidl_typesupport_introspection_cExport.cmake
[6.146s] -- Installing: /home/tiffany/fyp_ws/install/formation_msgs/share/formation_msgs/cmake/formation_msgs__rosidl_typesupport_introspection_cExport-noconfig.cmake
[6.146s] -- Installing: /home/tiffany/fyp_ws/install/formation_msgs/share/formation_msgs/cmake/formation_msgs__rosidl_typesupport_cExport.cmake
[6.147s] -- Installing: /home/tiffany/fyp_ws/install/formation_msgs/share/formation_msgs/cmake/formation_msgs__rosidl_typesupport_cExport-noconfig.cmake
[6.147s] -- Installing: /home/tiffany/fyp_ws/install/formation_msgs/share/formation_msgs/cmake/export_formation_msgs__rosidl_generator_cppExport.cmake
[6.147s] -- Installing: /home/tiffany/fyp_ws/install/formation_msgs/share/formation_msgs/cmake/export_formation_msgs__rosidl_typesupport_fastrtps_cppExport.cmake
[6.147s] -- Installing: /home/tiffany/fyp_ws/install/formation_msgs/share/formation_msgs/cmake/export_formation_msgs__rosidl_typesupport_fastrtps_cppExport-noconfig.cmake
[6.147s] -- Installing: /home/tiffany/fyp_ws/install/formation_msgs/share/formation_msgs/cmake/formation_msgs__rosidl_typesupport_introspection_cppExport.cmake
[6.147s] -- Installing: /home/tiffany/fyp_ws/install/formation_msgs/share/formation_msgs/cmake/formation_msgs__rosidl_typesupport_introspection_cppExport-noconfig.cmake
[6.148s] -- Installing: /home/tiffany/fyp_ws/install/formation_msgs/share/formation_msgs/cmake/formation_msgs__rosidl_typesupport_cppExport.cmake
[6.148s] -- Installing: /home/tiffany/fyp_ws/install/formation_msgs/share/formation_msgs/cmake/formation_msgs__rosidl_typesupport_cppExport-noconfig.cmake
[6.148s] -- Installing: /home/tiffany/fyp_ws/install/formation_msgs/share/formation_msgs/cmake/export_formation_msgs__rosidl_generator_pyExport.cmake
[6.148s] -- Installing: /home/tiffany/fyp_ws/install/formation_msgs/share/formation_msgs/cmake/export_formation_msgs__rosidl_generator_pyExport-noconfig.cmake
[6.148s] -- Installing: /home/tiffany/fyp_ws/install/formation_msgs/share/formation_msgs/cmake/rosidl_cmake-extras.cmake
[6.148s] -- Installing: /home/tiffany/fyp_ws/install/formation_msgs/share/formation_msgs/cmake/ament_cmake_export_dependencies-extras.cmake
[6.148s] -- Installing: /home/tiffany/fyp_ws/install/formation_msgs/share/formation_msgs/cmake/ament_cmake_export_include_directories-extras.cmake
[6.149s] -- Installing: /home/tiffany/fyp_ws/install/formation_msgs/share/formation_msgs/cmake/ament_cmake_export_libraries-extras.cmake
[6.149s] -- Installing: /home/tiffany/fyp_ws/install/formation_msgs/share/formation_msgs/cmake/ament_cmake_export_targets-extras.cmake
[6.149s] -- Installing: /home/tiffany/fyp_ws/install/formation_msgs/share/formation_msgs/cmake/rosidl_cmake_export_typesupport_targets-extras.cmake
[6.149s] -- Installing: /home/tiffany/fyp_ws/install/formation_msgs/share/formation_msgs/cmake/rosidl_cmake_export_typesupport_libraries-extras.cmake
[6.149s] -- Installing: /home/tiffany/fyp_ws/install/formation_msgs/share/formation_msgs/cmake/formation_msgsConfig.cmake
[6.149s] -- Installing: /home/tiffany/fyp_ws/install/formation_msgs/share/formation_msgs/cmake/formation_msgsConfig-version.cmake
[6.149s] -- Installing: /home/tiffany/fyp_ws/install/formation_msgs/share/formation_msgs/package.xml
[6.152s] Invoked command in '/home/tiffany/fyp_ws/build/formation_msgs' returned '0': CMAKE_PREFIX_PATH=/opt/ros/humble /usr/bin/cmake --install /home/tiffany/fyp_ws/build/formation_msgs
