[0.479s] Invoking command in '/home/tiffany/fyp_ws/src/drone_control': AMENT_PREFIX_PATH=/home/tiffany/fyp_ws/install/formation_msgs:${AMENT_PREFIX_PATH} CMAKE_PREFIX_PATH=/home/tiffany/fyp_ws/install/formation_msgs LD_LIBRARY_PATH=/home/tiffany/fyp_ws/install/formation_msgs/lib:${LD_LIBRARY_PATH} PYTHONPATH=/home/tiffany/fyp_ws/build/drone_control/prefix_override:/usr/lib/python3/dist-packages/colcon_core/task/python/colcon_distutils_commands:/home/tiffany/fyp_ws/install/drone_control/lib/python3.10/site-packages:/home/tiffany/fyp_ws/install/formation_msgs/local/lib/python3.10/dist-packages:${PYTHONPATH} /usr/bin/python3 -W ignore:setup.py install is deprecated -W ignore:easy_install command is deprecated setup.py egg_info --egg-base ../../build/drone_control build --build-base /home/tiffany/fyp_ws/build/drone_control/build install --record /home/tiffany/fyp_ws/build/drone_control/install.log --install-scripts $base/lib/drone_control --single-version-externally-managed install_data
[0.648s] running egg_info
[0.648s] writing ../../build/drone_control/drone_control.egg-info/PKG-INFO
[0.649s] writing dependency_links to ../../build/drone_control/drone_control.egg-info/dependency_links.txt
[0.649s] writing entry points to ../../build/drone_control/drone_control.egg-info/entry_points.txt
[0.649s] writing requirements to ../../build/drone_control/drone_control.egg-info/requires.txt
[0.649s] writing top-level names to ../../build/drone_control/drone_control.egg-info/top_level.txt
[0.650s] reading manifest file '../../build/drone_control/drone_control.egg-info/SOURCES.txt'
[0.651s] writing manifest file '../../build/drone_control/drone_control.egg-info/SOURCES.txt'
[0.651s] running build
[0.651s] running build_py
[0.651s] running install
[0.651s] running install_lib
[0.653s] running install_data
[0.653s] running install_egg_info
[0.654s] removing '/home/tiffany/fyp_ws/install/drone_control/lib/python3.10/site-packages/drone_control-0.0.0-py3.10.egg-info' (and everything under it)
[0.654s] Copying ../../build/drone_control/drone_control.egg-info to /home/tiffany/fyp_ws/install/drone_control/lib/python3.10/site-packages/drone_control-0.0.0-py3.10.egg-info
[0.655s] running install_scripts
[0.669s] Installing drone_controller_node script to /home/tiffany/fyp_ws/install/drone_control/lib/drone_control
[0.669s] Installing fylo_bridge_node script to /home/tiffany/fyp_ws/install/drone_control/lib/drone_control
[0.669s] Installing pose_publisher_node script to /home/tiffany/fyp_ws/install/drone_control/lib/drone_control
[0.669s] Installing sim_bridge_node script to /home/tiffany/fyp_ws/install/drone_control/lib/drone_control
[0.669s] writing list of installed files to '/home/tiffany/fyp_ws/build/drone_control/install.log'
[0.685s] Invoked command in '/home/tiffany/fyp_ws/src/drone_control' returned '0': AMENT_PREFIX_PATH=/home/tiffany/fyp_ws/install/formation_msgs:${AMENT_PREFIX_PATH} CMAKE_PREFIX_PATH=/home/tiffany/fyp_ws/install/formation_msgs LD_LIBRARY_PATH=/home/tiffany/fyp_ws/install/formation_msgs/lib:${LD_LIBRARY_PATH} PYTHONPATH=/home/tiffany/fyp_ws/build/drone_control/prefix_override:/usr/lib/python3/dist-packages/colcon_core/task/python/colcon_distutils_commands:/home/tiffany/fyp_ws/install/drone_control/lib/python3.10/site-packages:/home/tiffany/fyp_ws/install/formation_msgs/local/lib/python3.10/dist-packages:${PYTHONPATH} /usr/bin/python3 -W ignore:setup.py install is deprecated -W ignore:easy_install command is deprecated setup.py egg_info --egg-base ../../build/drone_control build --build-base /home/tiffany/fyp_ws/build/drone_control/build install --record /home/tiffany/fyp_ws/build/drone_control/install.log --install-scripts $base/lib/drone_control --single-version-externally-managed install_data
