[1.931s] Invoking command in '/home/tiffany/fyp_ws/src/formation_ui': PYTHONPATH=/home/tiffany/fyp_ws/build/formation_ui/prefix_override:/usr/lib/python3/dist-packages/colcon_core/task/python/colcon_distutils_commands:/home/tiffany/fyp_ws/install/formation_ui/lib/python3.10/site-packages:${PYTHONPATH} /usr/bin/python3 -W ignore:setup.py install is deprecated -W ignore:easy_install command is deprecated setup.py egg_info --egg-base ../../build/formation_ui build --build-base /home/tiffany/fyp_ws/build/formation_ui/build install --record /home/tiffany/fyp_ws/build/formation_ui/install.log --install-scripts $base/lib/formation_ui --single-version-externally-managed install_data
[2.200s] running egg_info
[2.202s] writing ../../build/formation_ui/formation_ui.egg-info/PKG-INFO
[2.203s] writing dependency_links to ../../build/formation_ui/formation_ui.egg-info/dependency_links.txt
[2.203s] writing entry points to ../../build/formation_ui/formation_ui.egg-info/entry_points.txt
[2.203s] writing requirements to ../../build/formation_ui/formation_ui.egg-info/requires.txt
[2.203s] writing top-level names to ../../build/formation_ui/formation_ui.egg-info/top_level.txt
[2.205s] reading manifest file '../../build/formation_ui/formation_ui.egg-info/SOURCES.txt'
[2.206s] writing manifest file '../../build/formation_ui/formation_ui.egg-info/SOURCES.txt'
[2.206s] running build
[2.207s] running build_py
[2.207s] running install
[2.207s] running install_lib
[2.208s] running install_data
[2.208s] running install_egg_info
[2.210s] removing '/home/tiffany/fyp_ws/install/formation_ui/lib/python3.10/site-packages/formation_ui-0.0.0-py3.10.egg-info' (and everything under it)
[2.211s] Copying ../../build/formation_ui/formation_ui.egg-info to /home/tiffany/fyp_ws/install/formation_ui/lib/python3.10/site-packages/formation_ui-0.0.0-py3.10.egg-info
[2.212s] running install_scripts
[2.235s] Installing canvas_server_node script to /home/tiffany/fyp_ws/install/formation_ui/lib/formation_ui
[2.236s] writing list of installed files to '/home/tiffany/fyp_ws/build/formation_ui/install.log'
[2.283s] Invoked command in '/home/tiffany/fyp_ws/src/formation_ui' returned '0': PYTHONPATH=/home/tiffany/fyp_ws/build/formation_ui/prefix_override:/usr/lib/python3/dist-packages/colcon_core/task/python/colcon_distutils_commands:/home/tiffany/fyp_ws/install/formation_ui/lib/python3.10/site-packages:${PYTHONPATH} /usr/bin/python3 -W ignore:setup.py install is deprecated -W ignore:easy_install command is deprecated setup.py egg_info --egg-base ../../build/formation_ui build --build-base /home/tiffany/fyp_ws/build/formation_ui/build install --record /home/tiffany/fyp_ws/build/formation_ui/install.log --install-scripts $base/lib/formation_ui --single-version-externally-managed install_data
