[2.713s] Invoking command in '/home/tiffany/fyp_ws/src/task_manager': AMENT_PREFIX_PATH=/home/tiffany/fyp_ws/install/formation_msgs:${AMENT_PREFIX_PATH} CMAKE_PREFIX_PATH=/home/tiffany/fyp_ws/install/formation_msgs LD_LIBRARY_PATH=/home/tiffany/fyp_ws/install/formation_msgs/lib:${LD_LIBRARY_PATH} PYTHONPATH=/home/tiffany/fyp_ws/build/task_manager/prefix_override:/usr/lib/python3/dist-packages/colcon_core/task/python/colcon_distutils_commands:/home/tiffany/fyp_ws/install/task_manager/lib/python3.10/site-packages:/home/tiffany/fyp_ws/install/formation_msgs/local/lib/python3.10/dist-packages:${PYTHONPATH} /usr/bin/python3 -W ignore:setup.py install is deprecated -W ignore:easy_install command is deprecated setup.py egg_info --egg-base ../../build/task_manager build --build-base /home/tiffany/fyp_ws/build/task_manager/build install --record /home/tiffany/fyp_ws/build/task_manager/install.log --install-scripts $base/lib/task_manager --single-version-externally-managed install_data
[3.140s] running egg_info
[3.140s] writing ../../build/task_manager/task_manager.egg-info/PKG-INFO
[3.140s] writing dependency_links to ../../build/task_manager/task_manager.egg-info/dependency_links.txt
[3.141s] writing entry points to ../../build/task_manager/task_manager.egg-info/entry_points.txt
[3.141s] writing requirements to ../../build/task_manager/task_manager.egg-info/requires.txt
[3.141s] writing top-level names to ../../build/task_manager/task_manager.egg-info/top_level.txt
[3.141s] reading manifest file '../../build/task_manager/task_manager.egg-info/SOURCES.txt'
[3.143s] writing manifest file '../../build/task_manager/task_manager.egg-info/SOURCES.txt'
[3.143s] running build
[3.143s] running build_py
[3.143s] running install
[3.143s] running install_lib
[3.149s] running install_data
[3.149s] running install_egg_info
[3.150s] removing '/home/tiffany/fyp_ws/install/task_manager/lib/python3.10/site-packages/task_manager-0.0.0-py3.10.egg-info' (and everything under it)
[3.151s] Copying ../../build/task_manager/task_manager.egg-info to /home/tiffany/fyp_ws/install/task_manager/lib/python3.10/site-packages/task_manager-0.0.0-py3.10.egg-info
[3.154s] running install_scripts
[3.192s] Installing task_manager_node script to /home/tiffany/fyp_ws/install/task_manager/lib/task_manager
[3.192s] writing list of installed files to '/home/tiffany/fyp_ws/build/task_manager/install.log'
[3.270s] Invoked command in '/home/tiffany/fyp_ws/src/task_manager' returned '0': AMENT_PREFIX_PATH=/home/tiffany/fyp_ws/install/formation_msgs:${AMENT_PREFIX_PATH} CMAKE_PREFIX_PATH=/home/tiffany/fyp_ws/install/formation_msgs LD_LIBRARY_PATH=/home/tiffany/fyp_ws/install/formation_msgs/lib:${LD_LIBRARY_PATH} PYTHONPATH=/home/tiffany/fyp_ws/build/task_manager/prefix_override:/usr/lib/python3/dist-packages/colcon_core/task/python/colcon_distutils_commands:/home/tiffany/fyp_ws/install/task_manager/lib/python3.10/site-packages:/home/tiffany/fyp_ws/install/formation_msgs/local/lib/python3.10/dist-packages:${PYTHONPATH} /usr/bin/python3 -W ignore:setup.py install is deprecated -W ignore:easy_install command is deprecated setup.py egg_info --egg-base ../../build/task_manager build --build-base /home/tiffany/fyp_ws/build/task_manager/build install --record /home/tiffany/fyp_ws/build/task_manager/install.log --install-scripts $base/lib/task_manager --single-version-externally-managed install_data
