-- Install configuration: ""
-- Installing: /home/tiffany/fyp_ws/install/formation_gazebo/share/formation_gazebo/models
-- Installing: /home/tiffany/fyp_ws/install/formation_gazebo/share/formation_gazebo/models/drone
-- Installing: /home/tiffany/fyp_ws/install/formation_gazebo/share/formation_gazebo/models/drone/model.config
-- Installing: /home/tiffany/fyp_ws/install/formation_gazebo/share/formation_gazebo/models/drone/model.sdf
-- Installing: /home/tiffany/fyp_ws/install/formation_gazebo/share/formation_gazebo/worlds
-- Installing: /home/tiffany/fyp_ws/install/formation_gazebo/share/formation_gazebo/worlds/formation_world.sdf
-- Installing: /home/tiffany/fyp_ws/install/formation_gazebo/share/ament_index/resource_index/package_run_dependencies/formation_gazebo
-- Installing: /home/tiffany/fyp_ws/install/formation_gazebo/share/ament_index/resource_index/parent_prefix_path/formation_gazebo
-- Installing: /home/tiffany/fyp_ws/install/formation_gazebo/share/formation_gazebo/environment/ament_prefix_path.sh
-- Installing: /home/tiffany/fyp_ws/install/formation_gazebo/share/formation_gazebo/environment/ament_prefix_path.dsv
-- Installing: /home/tiffany/fyp_ws/install/formation_gazebo/share/formation_gazebo/environment/path.sh
-- Installing: /home/tiffany/fyp_ws/install/formation_gazebo/share/formation_gazebo/environment/path.dsv
-- Installing: /home/tiffany/fyp_ws/install/formation_gazebo/share/formation_gazebo/local_setup.bash
-- Installing: /home/tiffany/fyp_ws/install/formation_gazebo/share/formation_gazebo/local_setup.sh
-- Installing: /home/tiffany/fyp_ws/install/formation_gazebo/share/formation_gazebo/local_setup.zsh
-- Installing: /home/tiffany/fyp_ws/install/formation_gazebo/share/formation_gazebo/local_setup.dsv
-- Installing: /home/tiffany/fyp_ws/install/formation_gazebo/share/formation_gazebo/package.dsv
-- Installing: /home/tiffany/fyp_ws/install/formation_gazebo/share/ament_index/resource_index/packages/formation_gazebo
-- Installing: /home/tiffany/fyp_ws/install/formation_gazebo/share/formation_gazebo/cmake/formation_gazeboConfig.cmake
-- Installing: /home/tiffany/fyp_ws/install/formation_gazebo/share/formation_gazebo/cmake/formation_gazeboConfig-version.cmake
-- Installing: /home/tiffany/fyp_ws/install/formation_gazebo/share/formation_gazebo/package.xml
