[0.171s] DEBUG:colcon:Command line arguments: ['/usr/bin/colcon', 'build']
[0.171s] DEBUG:colcon:Parsed command line arguments: Namespace(log_base=None, log_level=None, verb_name='build', build_base='build', install_base='install', merge_install=False, symlink_install=False, test_result_base=None, continue_on_error=False, executor='parallel', parallel_workers=16, event_handlers=None, ignore_user_meta=False, metas=['./colcon.meta'], base_paths=['.'], packages_ignore=None, packages_ignore_regex=None, paths=None, packages_up_to=None, packages_up_to_regex=None, packages_above=None, packages_above_and_dependencies=None, packages_above_depth=None, packages_select_by_dep=None, packages_skip_by_dep=None, packages_skip_up_to=None, packages_select_build_failed=False, packages_skip_build_finished=False, packages_select_test_failures=False, packages_skip_test_passed=False, packages_select=None, packages_skip=None, packages_select_regex=None, packages_skip_regex=None, packages_start=None, packages_end=None, allow_overriding=[], cmake_args=None, cmake_target=None, cmake_target_skip_unavailable=False, cmake_clean_cache=False, cmake_clean_first=False, cmake_force_configure=False, ament_cmake_args=None, catkin_cmake_args=None, catkin_skip_building_tests=False, mixin_files=None, mixin=None, verb_parser=<colcon_mixin.mixin.mixin_argument.MixinArgumentDecorator object at 0x756ca5065510>, verb_extension=<colcon_core.verb.build.BuildVerb object at 0x756ca5064fa0>, main=<bound method BuildVerb.main of <colcon_core.verb.build.BuildVerb object at 0x756ca5064fa0>>, mixin_verb=('build',))
[0.428s] Level 1:colcon.colcon_core.package_discovery:discover_packages(colcon_meta) check parameters
[0.428s] Level 1:colcon.colcon_core.package_discovery:discover_packages(recursive) check parameters
[0.428s] Level 1:colcon.colcon_core.package_discovery:discover_packages(ignore) check parameters
[0.428s] Level 1:colcon.colcon_core.package_discovery:discover_packages(path) check parameters
[0.428s] Level 1:colcon.colcon_core.package_discovery:discover_packages(colcon_meta) discover
[0.428s] Level 1:colcon.colcon_core.package_discovery:discover_packages(recursive) discover
[0.428s] INFO:colcon.colcon_core.package_discovery:Crawling recursively for packages in '/home/tiffany/fyp_ws'
[0.429s] Level 1:colcon.colcon_core.package_identification:_identify(.) by extensions ['ignore', 'ignore_ament_install']
[0.429s] Level 1:colcon.colcon_core.package_identification:_identify(.) by extension 'ignore'
[0.429s] Level 1:colcon.colcon_core.package_identification:_identify(.) by extension 'ignore_ament_install'
[0.429s] Level 1:colcon.colcon_core.package_identification:_identify(.) by extensions ['colcon_pkg']
[0.429s] Level 1:colcon.colcon_core.package_identification:_identify(.) by extension 'colcon_pkg'
[0.429s] Level 1:colcon.colcon_core.package_identification:_identify(.) by extensions ['colcon_meta']
[0.429s] Level 1:colcon.colcon_core.package_identification:_identify(.) by extension 'colcon_meta'
[0.429s] Level 1:colcon.colcon_core.package_identification:_identify(.) by extensions ['ros']
[0.429s] Level 1:colcon.colcon_core.package_identification:_identify(.) by extension 'ros'
[0.447s] Level 1:colcon.colcon_core.package_identification:_identify(.) by extensions ['cmake', 'python']
[0.448s] Level 1:colcon.colcon_core.package_identification:_identify(.) by extension 'cmake'
[0.448s] Level 1:colcon.colcon_core.package_identification:_identify(.) by extension 'python'
[0.448s] Level 1:colcon.colcon_core.package_identification:_identify(.) by extensions ['python_setup_py']
[0.448s] Level 1:colcon.colcon_core.package_identification:_identify(.) by extension 'python_setup_py'
[0.448s] Level 1:colcon.colcon_core.package_identification:_identify(build) by extensions ['ignore', 'ignore_ament_install']
[0.448s] Level 1:colcon.colcon_core.package_identification:_identify(build) by extension 'ignore'
[0.448s] Level 1:colcon.colcon_core.package_identification:_identify(build) ignored
[0.448s] Level 1:colcon.colcon_core.package_identification:_identify(install) by extensions ['ignore', 'ignore_ament_install']
[0.449s] Level 1:colcon.colcon_core.package_identification:_identify(install) by extension 'ignore'
[0.449s] Level 1:colcon.colcon_core.package_identification:_identify(install) ignored
[0.449s] Level 1:colcon.colcon_core.package_identification:_identify(log) by extensions ['ignore', 'ignore_ament_install']
[0.449s] Level 1:colcon.colcon_core.package_identification:_identify(log) by extension 'ignore'
[0.449s] Level 1:colcon.colcon_core.package_identification:_identify(log) ignored
[0.449s] Level 1:colcon.colcon_core.package_identification:_identify(src) by extensions ['ignore', 'ignore_ament_install']
[0.449s] Level 1:colcon.colcon_core.package_identification:_identify(src) by extension 'ignore'
[0.449s] Level 1:colcon.colcon_core.package_identification:_identify(src) by extension 'ignore_ament_install'
[0.449s] Level 1:colcon.colcon_core.package_identification:_identify(src) by extensions ['colcon_pkg']
[0.449s] Level 1:colcon.colcon_core.package_identification:_identify(src) by extension 'colcon_pkg'
[0.450s] Level 1:colcon.colcon_core.package_identification:_identify(src) by extensions ['colcon_meta']
[0.450s] Level 1:colcon.colcon_core.package_identification:_identify(src) by extension 'colcon_meta'
[0.450s] Level 1:colcon.colcon_core.package_identification:_identify(src) by extensions ['ros']
[0.450s] Level 1:colcon.colcon_core.package_identification:_identify(src) by extension 'ros'
[0.450s] Level 1:colcon.colcon_core.package_identification:_identify(src) by extensions ['cmake', 'python']
[0.450s] Level 1:colcon.colcon_core.package_identification:_identify(src) by extension 'cmake'
[0.450s] Level 1:colcon.colcon_core.package_identification:_identify(src) by extension 'python'
[0.450s] Level 1:colcon.colcon_core.package_identification:_identify(src) by extensions ['python_setup_py']
[0.450s] Level 1:colcon.colcon_core.package_identification:_identify(src) by extension 'python_setup_py'
[0.450s] Level 1:colcon.colcon_core.package_identification:_identify(src/drone_control) by extensions ['ignore', 'ignore_ament_install']
[0.450s] Level 1:colcon.colcon_core.package_identification:_identify(src/drone_control) by extension 'ignore'
[0.450s] Level 1:colcon.colcon_core.package_identification:_identify(src/drone_control) by extension 'ignore_ament_install'
[0.451s] Level 1:colcon.colcon_core.package_identification:_identify(src/drone_control) by extensions ['colcon_pkg']
[0.451s] Level 1:colcon.colcon_core.package_identification:_identify(src/drone_control) by extension 'colcon_pkg'
[0.451s] Level 1:colcon.colcon_core.package_identification:_identify(src/drone_control) by extensions ['colcon_meta']
[0.451s] Level 1:colcon.colcon_core.package_identification:_identify(src/drone_control) by extension 'colcon_meta'
[0.451s] Level 1:colcon.colcon_core.package_identification:_identify(src/drone_control) by extensions ['ros']
[0.451s] Level 1:colcon.colcon_core.package_identification:_identify(src/drone_control) by extension 'ros'
[0.455s] DEBUG:colcon.colcon_core.package_identification:Package 'src/drone_control' with type 'ros.ament_python' and name 'drone_control'
[0.456s] Level 1:colcon.colcon_core.package_identification:_identify(src/formation_gazebo) by extensions ['ignore', 'ignore_ament_install']
[0.456s] Level 1:colcon.colcon_core.package_identification:_identify(src/formation_gazebo) by extension 'ignore'
[0.456s] Level 1:colcon.colcon_core.package_identification:_identify(src/formation_gazebo) by extension 'ignore_ament_install'
[0.456s] Level 1:colcon.colcon_core.package_identification:_identify(src/formation_gazebo) by extensions ['colcon_pkg']
[0.456s] Level 1:colcon.colcon_core.package_identification:_identify(src/formation_gazebo) by extension 'colcon_pkg'
[0.456s] Level 1:colcon.colcon_core.package_identification:_identify(src/formation_gazebo) by extensions ['colcon_meta']
[0.456s] Level 1:colcon.colcon_core.package_identification:_identify(src/formation_gazebo) by extension 'colcon_meta'
[0.456s] Level 1:colcon.colcon_core.package_identification:_identify(src/formation_gazebo) by extensions ['ros']
[0.456s] Level 1:colcon.colcon_core.package_identification:_identify(src/formation_gazebo) by extension 'ros'
[0.457s] DEBUG:colcon.colcon_core.package_identification:Package 'src/formation_gazebo' with type 'ros.ament_cmake' and name 'formation_gazebo'
[0.457s] Level 1:colcon.colcon_core.package_identification:_identify(src/formation_msgs) by extensions ['ignore', 'ignore_ament_install']
[0.457s] Level 1:colcon.colcon_core.package_identification:_identify(src/formation_msgs) by extension 'ignore'
[0.457s] Level 1:colcon.colcon_core.package_identification:_identify(src/formation_msgs) by extension 'ignore_ament_install'
[0.457s] Level 1:colcon.colcon_core.package_identification:_identify(src/formation_msgs) by extensions ['colcon_pkg']
[0.458s] Level 1:colcon.colcon_core.package_identification:_identify(src/formation_msgs) by extension 'colcon_pkg'
[0.458s] Level 1:colcon.colcon_core.package_identification:_identify(src/formation_msgs) by extensions ['colcon_meta']
[0.458s] Level 1:colcon.colcon_core.package_identification:_identify(src/formation_msgs) by extension 'colcon_meta'
[0.458s] Level 1:colcon.colcon_core.package_identification:_identify(src/formation_msgs) by extensions ['ros']
[0.458s] Level 1:colcon.colcon_core.package_identification:_identify(src/formation_msgs) by extension 'ros'
[0.459s] DEBUG:colcon.colcon_core.package_identification:Package 'src/formation_msgs' with type 'ros.ament_cmake' and name 'formation_msgs'
[0.459s] Level 1:colcon.colcon_core.package_identification:_identify(src/formation_planner) by extensions ['ignore', 'ignore_ament_install']
[0.459s] Level 1:colcon.colcon_core.package_identification:_identify(src/formation_planner) by extension 'ignore'
[0.459s] Level 1:colcon.colcon_core.package_identification:_identify(src/formation_planner) by extension 'ignore_ament_install'
[0.459s] Level 1:colcon.colcon_core.package_identification:_identify(src/formation_planner) by extensions ['colcon_pkg']
[0.459s] Level 1:colcon.colcon_core.package_identification:_identify(src/formation_planner) by extension 'colcon_pkg'
[0.459s] Level 1:colcon.colcon_core.package_identification:_identify(src/formation_planner) by extensions ['colcon_meta']
[0.459s] Level 1:colcon.colcon_core.package_identification:_identify(src/formation_planner) by extension 'colcon_meta'
[0.459s] Level 1:colcon.colcon_core.package_identification:_identify(src/formation_planner) by extensions ['ros']
[0.459s] Level 1:colcon.colcon_core.package_identification:_identify(src/formation_planner) by extension 'ros'
[0.460s] DEBUG:colcon.colcon_core.package_identification:Package 'src/formation_planner' with type 'ros.ament_python' and name 'formation_planner'
[0.460s] Level 1:colcon.colcon_core.package_identification:_identify(src/formation_ui) by extensions ['ignore', 'ignore_ament_install']
[0.460s] Level 1:colcon.colcon_core.package_identification:_identify(src/formation_ui) by extension 'ignore'
[0.461s] Level 1:colcon.colcon_core.package_identification:_identify(src/formation_ui) by extension 'ignore_ament_install'
[0.461s] Level 1:colcon.colcon_core.package_identification:_identify(src/formation_ui) by extensions ['colcon_pkg']
[0.461s] Level 1:colcon.colcon_core.package_identification:_identify(src/formation_ui) by extension 'colcon_pkg'
[0.461s] Level 1:colcon.colcon_core.package_identification:_identify(src/formation_ui) by extensions ['colcon_meta']
[0.461s] Level 1:colcon.colcon_core.package_identification:_identify(src/formation_ui) by extension 'colcon_meta'
[0.461s] Level 1:colcon.colcon_core.package_identification:_identify(src/formation_ui) by extensions ['ros']
[0.461s] Level 1:colcon.colcon_core.package_identification:_identify(src/formation_ui) by extension 'ros'
[0.462s] DEBUG:colcon.colcon_core.package_identification:Package 'src/formation_ui' with type 'ros.ament_python' and name 'formation_ui'
[0.462s] Level 1:colcon.colcon_core.package_identification:_identify(src/llm_refinement) by extensions ['ignore', 'ignore_ament_install']
[0.462s] Level 1:colcon.colcon_core.package_identification:_identify(src/llm_refinement) by extension 'ignore'
[0.462s] Level 1:colcon.colcon_core.package_identification:_identify(src/llm_refinement) by extension 'ignore_ament_install'
[0.462s] Level 1:colcon.colcon_core.package_identification:_identify(src/llm_refinement) by extensions ['colcon_pkg']
[0.462s] Level 1:colcon.colcon_core.package_identification:_identify(src/llm_refinement) by extension 'colcon_pkg'
[0.462s] Level 1:colcon.colcon_core.package_identification:_identify(src/llm_refinement) by extensions ['colcon_meta']
[0.462s] Level 1:colcon.colcon_core.package_identification:_identify(src/llm_refinement) by extension 'colcon_meta'
[0.462s] Level 1:colcon.colcon_core.package_identification:_identify(src/llm_refinement) by extensions ['ros']
[0.462s] Level 1:colcon.colcon_core.package_identification:_identify(src/llm_refinement) by extension 'ros'
[0.463s] DEBUG:colcon.colcon_core.package_identification:Package 'src/llm_refinement' with type 'ros.ament_python' and name 'llm_refinement'
[0.463s] Level 1:colcon.colcon_core.package_identification:_identify(src/task_manager) by extensions ['ignore', 'ignore_ament_install']
[0.463s] Level 1:colcon.colcon_core.package_identification:_identify(src/task_manager) by extension 'ignore'
[0.463s] Level 1:colcon.colcon_core.package_identification:_identify(src/task_manager) by extension 'ignore_ament_install'
[0.464s] Level 1:colcon.colcon_core.package_identification:_identify(src/task_manager) by extensions ['colcon_pkg']
[0.464s] Level 1:colcon.colcon_core.package_identification:_identify(src/task_manager) by extension 'colcon_pkg'
[0.464s] Level 1:colcon.colcon_core.package_identification:_identify(src/task_manager) by extensions ['colcon_meta']
[0.464s] Level 1:colcon.colcon_core.package_identification:_identify(src/task_manager) by extension 'colcon_meta'
[0.464s] Level 1:colcon.colcon_core.package_identification:_identify(src/task_manager) by extensions ['ros']
[0.464s] Level 1:colcon.colcon_core.package_identification:_identify(src/task_manager) by extension 'ros'
[0.465s] DEBUG:colcon.colcon_core.package_identification:Package 'src/task_manager' with type 'ros.ament_python' and name 'task_manager'
[0.465s] Level 1:colcon.colcon_core.package_discovery:discover_packages(recursive) using defaults
[0.465s] Level 1:colcon.colcon_core.package_discovery:discover_packages(ignore) discover
[0.465s] Level 1:colcon.colcon_core.package_discovery:discover_packages(ignore) using defaults
[0.465s] Level 1:colcon.colcon_core.package_discovery:discover_packages(path) discover
[0.465s] Level 1:colcon.colcon_core.package_discovery:discover_packages(path) using defaults
[0.520s] Level 1:colcon.colcon_core.package_discovery:discover_packages(prefix_path) check parameters
[0.520s] Level 1:colcon.colcon_core.package_discovery:discover_packages(prefix_path) discover
[0.524s] DEBUG:colcon.colcon_installed_package_information.package_discovery:Found 231 installed packages in /opt/ros/humble
[0.526s] Level 1:colcon.colcon_core.package_discovery:discover_packages(prefix_path) using defaults
[0.575s] Level 5:colcon.colcon_core.verb:set package 'formation_gazebo' build argument 'cmake_args' from command line to 'None'
[0.575s] Level 5:colcon.colcon_core.verb:set package 'formation_gazebo' build argument 'cmake_target' from command line to 'None'
[0.575s] Level 5:colcon.colcon_core.verb:set package 'formation_gazebo' build argument 'cmake_target_skip_unavailable' from command line to 'False'
[0.575s] Level 5:colcon.colcon_core.verb:set package 'formation_gazebo' build argument 'cmake_clean_cache' from command line to 'False'
[0.575s] Level 5:colcon.colcon_core.verb:set package 'formation_gazebo' build argument 'cmake_clean_first' from command line to 'False'
[0.575s] Level 5:colcon.colcon_core.verb:set package 'formation_gazebo' build argument 'cmake_force_configure' from command line to 'False'
[0.575s] Level 5:colcon.colcon_core.verb:set package 'formation_gazebo' build argument 'ament_cmake_args' from command line to 'None'
[0.575s] Level 5:colcon.colcon_core.verb:set package 'formation_gazebo' build argument 'catkin_cmake_args' from command line to 'None'
[0.575s] Level 5:colcon.colcon_core.verb:set package 'formation_gazebo' build argument 'catkin_skip_building_tests' from command line to 'False'
[0.575s] DEBUG:colcon.colcon_core.verb:Building package 'formation_gazebo' with the following arguments: {'ament_cmake_args': None, 'build_base': '/home/tiffany/fyp_ws/build/formation_gazebo', 'catkin_cmake_args': None, 'catkin_skip_building_tests': False, 'cmake_args': None, 'cmake_clean_cache': False, 'cmake_clean_first': False, 'cmake_force_configure': False, 'cmake_target': None, 'cmake_target_skip_unavailable': False, 'install_base': '/home/tiffany/fyp_ws/install/formation_gazebo', 'merge_install': False, 'path': '/home/tiffany/fyp_ws/src/formation_gazebo', 'symlink_install': False, 'test_result_base': None}
[0.576s] Level 5:colcon.colcon_core.verb:set package 'formation_msgs' build argument 'cmake_args' from command line to 'None'
[0.576s] Level 5:colcon.colcon_core.verb:set package 'formation_msgs' build argument 'cmake_target' from command line to 'None'
[0.576s] Level 5:colcon.colcon_core.verb:set package 'formation_msgs' build argument 'cmake_target_skip_unavailable' from command line to 'False'
[0.576s] Level 5:colcon.colcon_core.verb:set package 'formation_msgs' build argument 'cmake_clean_cache' from command line to 'False'
[0.576s] Level 5:colcon.colcon_core.verb:set package 'formation_msgs' build argument 'cmake_clean_first' from command line to 'False'
[0.576s] Level 5:colcon.colcon_core.verb:set package 'formation_msgs' build argument 'cmake_force_configure' from command line to 'False'
[0.576s] Level 5:colcon.colcon_core.verb:set package 'formation_msgs' build argument 'ament_cmake_args' from command line to 'None'
[0.576s] Level 5:colcon.colcon_core.verb:set package 'formation_msgs' build argument 'catkin_cmake_args' from command line to 'None'
[0.576s] Level 5:colcon.colcon_core.verb:set package 'formation_msgs' build argument 'catkin_skip_building_tests' from command line to 'False'
[0.576s] DEBUG:colcon.colcon_core.verb:Building package 'formation_msgs' with the following arguments: {'ament_cmake_args': None, 'build_base': '/home/tiffany/fyp_ws/build/formation_msgs', 'catkin_cmake_args': None, 'catkin_skip_building_tests': False, 'cmake_args': None, 'cmake_clean_cache': False, 'cmake_clean_first': False, 'cmake_force_configure': False, 'cmake_target': None, 'cmake_target_skip_unavailable': False, 'install_base': '/home/tiffany/fyp_ws/install/formation_msgs', 'merge_install': False, 'path': '/home/tiffany/fyp_ws/src/formation_msgs', 'symlink_install': False, 'test_result_base': None}
[0.576s] Level 5:colcon.colcon_core.verb:set package 'drone_control' build argument 'cmake_args' from command line to 'None'
[0.577s] Level 5:colcon.colcon_core.verb:set package 'drone_control' build argument 'cmake_target' from command line to 'None'
[0.577s] Level 5:colcon.colcon_core.verb:set package 'drone_control' build argument 'cmake_target_skip_unavailable' from command line to 'False'
[0.577s] Level 5:colcon.colcon_core.verb:set package 'drone_control' build argument 'cmake_clean_cache' from command line to 'False'
[0.577s] Level 5:colcon.colcon_core.verb:set package 'drone_control' build argument 'cmake_clean_first' from command line to 'False'
[0.577s] Level 5:colcon.colcon_core.verb:set package 'drone_control' build argument 'cmake_force_configure' from command line to 'False'
[0.577s] Level 5:colcon.colcon_core.verb:set package 'drone_control' build argument 'ament_cmake_args' from command line to 'None'
[0.577s] Level 5:colcon.colcon_core.verb:set package 'drone_control' build argument 'catkin_cmake_args' from command line to 'None'
[0.577s] Level 5:colcon.colcon_core.verb:set package 'drone_control' build argument 'catkin_skip_building_tests' from command line to 'False'
[0.577s] DEBUG:colcon.colcon_core.verb:Building package 'drone_control' with the following arguments: {'ament_cmake_args': None, 'build_base': '/home/tiffany/fyp_ws/build/drone_control', 'catkin_cmake_args': None, 'catkin_skip_building_tests': False, 'cmake_args': None, 'cmake_clean_cache': False, 'cmake_clean_first': False, 'cmake_force_configure': False, 'cmake_target': None, 'cmake_target_skip_unavailable': False, 'install_base': '/home/tiffany/fyp_ws/install/drone_control', 'merge_install': False, 'path': '/home/tiffany/fyp_ws/src/drone_control', 'symlink_install': False, 'test_result_base': None}
[0.577s] Level 5:colcon.colcon_core.verb:set package 'formation_planner' build argument 'cmake_args' from command line to 'None'
[0.577s] Level 5:colcon.colcon_core.verb:set package 'formation_planner' build argument 'cmake_target' from command line to 'None'
[0.577s] Level 5:colcon.colcon_core.verb:set package 'formation_planner' build argument 'cmake_target_skip_unavailable' from command line to 'False'
[0.577s] Level 5:colcon.colcon_core.verb:set package 'formation_planner' build argument 'cmake_clean_cache' from command line to 'False'
[0.577s] Level 5:colcon.colcon_core.verb:set package 'formation_planner' build argument 'cmake_clean_first' from command line to 'False'
[0.577s] Level 5:colcon.colcon_core.verb:set package 'formation_planner' build argument 'cmake_force_configure' from command line to 'False'
[0.577s] Level 5:colcon.colcon_core.verb:set package 'formation_planner' build argument 'ament_cmake_args' from command line to 'None'
[0.577s] Level 5:colcon.colcon_core.verb:set package 'formation_planner' build argument 'catkin_cmake_args' from command line to 'None'
[0.577s] Level 5:colcon.colcon_core.verb:set package 'formation_planner' build argument 'catkin_skip_building_tests' from command line to 'False'
[0.578s] DEBUG:colcon.colcon_core.verb:Building package 'formation_planner' with the following arguments: {'ament_cmake_args': None, 'build_base': '/home/tiffany/fyp_ws/build/formation_planner', 'catkin_cmake_args': None, 'catkin_skip_building_tests': False, 'cmake_args': None, 'cmake_clean_cache': False, 'cmake_clean_first': False, 'cmake_force_configure': False, 'cmake_target': None, 'cmake_target_skip_unavailable': False, 'install_base': '/home/tiffany/fyp_ws/install/formation_planner', 'merge_install': False, 'path': '/home/tiffany/fyp_ws/src/formation_planner', 'symlink_install': False, 'test_result_base': None}
[0.578s] Level 5:colcon.colcon_core.verb:set package 'formation_ui' build argument 'cmake_args' from command line to 'None'
[0.578s] Level 5:colcon.colcon_core.verb:set package 'formation_ui' build argument 'cmake_target' from command line to 'None'
[0.578s] Level 5:colcon.colcon_core.verb:set package 'formation_ui' build argument 'cmake_target_skip_unavailable' from command line to 'False'
[0.578s] Level 5:colcon.colcon_core.verb:set package 'formation_ui' build argument 'cmake_clean_cache' from command line to 'False'
[0.578s] Level 5:colcon.colcon_core.verb:set package 'formation_ui' build argument 'cmake_clean_first' from command line to 'False'
[0.578s] Level 5:colcon.colcon_core.verb:set package 'formation_ui' build argument 'cmake_force_configure' from command line to 'False'
[0.578s] Level 5:colcon.colcon_core.verb:set package 'formation_ui' build argument 'ament_cmake_args' from command line to 'None'
[0.578s] Level 5:colcon.colcon_core.verb:set package 'formation_ui' build argument 'catkin_cmake_args' from command line to 'None'
[0.578s] Level 5:colcon.colcon_core.verb:set package 'formation_ui' build argument 'catkin_skip_building_tests' from command line to 'False'
[0.578s] DEBUG:colcon.colcon_core.verb:Building package 'formation_ui' with the following arguments: {'ament_cmake_args': None, 'build_base': '/home/tiffany/fyp_ws/build/formation_ui', 'catkin_cmake_args': None, 'catkin_skip_building_tests': False, 'cmake_args': None, 'cmake_clean_cache': False, 'cmake_clean_first': False, 'cmake_force_configure': False, 'cmake_target': None, 'cmake_target_skip_unavailable': False, 'install_base': '/home/tiffany/fyp_ws/install/formation_ui', 'merge_install': False, 'path': '/home/tiffany/fyp_ws/src/formation_ui', 'symlink_install': False, 'test_result_base': None}
[0.579s] Level 5:colcon.colcon_core.verb:set package 'llm_refinement' build argument 'cmake_args' from command line to 'None'
[0.579s] Level 5:colcon.colcon_core.verb:set package 'llm_refinement' build argument 'cmake_target' from command line to 'None'
[0.579s] Level 5:colcon.colcon_core.verb:set package 'llm_refinement' build argument 'cmake_target_skip_unavailable' from command line to 'False'
[0.579s] Level 5:colcon.colcon_core.verb:set package 'llm_refinement' build argument 'cmake_clean_cache' from command line to 'False'
[0.579s] Level 5:colcon.colcon_core.verb:set package 'llm_refinement' build argument 'cmake_clean_first' from command line to 'False'
[0.579s] Level 5:colcon.colcon_core.verb:set package 'llm_refinement' build argument 'cmake_force_configure' from command line to 'False'
[0.579s] Level 5:colcon.colcon_core.verb:set package 'llm_refinement' build argument 'ament_cmake_args' from command line to 'None'
[0.579s] Level 5:colcon.colcon_core.verb:set package 'llm_refinement' build argument 'catkin_cmake_args' from command line to 'None'
[0.579s] Level 5:colcon.colcon_core.verb:set package 'llm_refinement' build argument 'catkin_skip_building_tests' from command line to 'False'
[0.579s] DEBUG:colcon.colcon_core.verb:Building package 'llm_refinement' with the following arguments: {'ament_cmake_args': None, 'build_base': '/home/tiffany/fyp_ws/build/llm_refinement', 'catkin_cmake_args': None, 'catkin_skip_building_tests': False, 'cmake_args': None, 'cmake_clean_cache': False, 'cmake_clean_first': False, 'cmake_force_configure': False, 'cmake_target': None, 'cmake_target_skip_unavailable': False, 'install_base': '/home/tiffany/fyp_ws/install/llm_refinement', 'merge_install': False, 'path': '/home/tiffany/fyp_ws/src/llm_refinement', 'symlink_install': False, 'test_result_base': None}
[0.580s] Level 5:colcon.colcon_core.verb:set package 'task_manager' build argument 'cmake_args' from command line to 'None'
[0.580s] Level 5:colcon.colcon_core.verb:set package 'task_manager' build argument 'cmake_target' from command line to 'None'
[0.580s] Level 5:colcon.colcon_core.verb:set package 'task_manager' build argument 'cmake_target_skip_unavailable' from command line to 'False'
[0.580s] Level 5:colcon.colcon_core.verb:set package 'task_manager' build argument 'cmake_clean_cache' from command line to 'False'
[0.580s] Level 5:colcon.colcon_core.verb:set package 'task_manager' build argument 'cmake_clean_first' from command line to 'False'
[0.580s] Level 5:colcon.colcon_core.verb:set package 'task_manager' build argument 'cmake_force_configure' from command line to 'False'
[0.580s] Level 5:colcon.colcon_core.verb:set package 'task_manager' build argument 'ament_cmake_args' from command line to 'None'
[0.580s] Level 5:colcon.colcon_core.verb:set package 'task_manager' build argument 'catkin_cmake_args' from command line to 'None'
[0.580s] Level 5:colcon.colcon_core.verb:set package 'task_manager' build argument 'catkin_skip_building_tests' from command line to 'False'
[0.580s] DEBUG:colcon.colcon_core.verb:Building package 'task_manager' with the following arguments: {'ament_cmake_args': None, 'build_base': '/home/tiffany/fyp_ws/build/task_manager', 'catkin_cmake_args': None, 'catkin_skip_building_tests': False, 'cmake_args': None, 'cmake_clean_cache': False, 'cmake_clean_first': False, 'cmake_force_configure': False, 'cmake_target': None, 'cmake_target_skip_unavailable': False, 'install_base': '/home/tiffany/fyp_ws/install/task_manager', 'merge_install': False, 'path': '/home/tiffany/fyp_ws/src/task_manager', 'symlink_install': False, 'test_result_base': None}
[0.580s] INFO:colcon.colcon_core.executor:Executing jobs using 'parallel' executor
[0.581s] DEBUG:colcon.colcon_parallel_executor.executor.parallel:run_until_complete
[0.582s] INFO:colcon.colcon_ros.task.ament_cmake.build:Building ROS package in '/home/tiffany/fyp_ws/src/formation_msgs' with build type 'ament_cmake'
[0.582s] INFO:colcon.colcon_cmake.task.cmake.build:Building CMake package in '/home/tiffany/fyp_ws/src/formation_msgs'
[0.584s] INFO:colcon.colcon_core.plugin_system:Skipping extension 'colcon_core.shell.bat': Not used on non-Windows systems
[0.585s] INFO:colcon.colcon_core.shell:Skip shell extension 'powershell' for command environment: Not usable outside of PowerShell
[0.585s] DEBUG:colcon.colcon_core.shell:Skip shell extension 'dsv' for command environment
[0.588s] INFO:colcon.colcon_ros.task.ament_cmake.build:Building ROS package in '/home/tiffany/fyp_ws/src/formation_gazebo' with build type 'ament_cmake'
[0.588s] INFO:colcon.colcon_cmake.task.cmake.build:Building CMake package in '/home/tiffany/fyp_ws/src/formation_gazebo'
[0.588s] INFO:colcon.colcon_core.shell:Skip shell extension 'powershell' for command environment: Not usable outside of PowerShell
[0.588s] DEBUG:colcon.colcon_core.shell:Skip shell extension 'dsv' for command environment
[0.607s] DEBUG:colcon.colcon_core.event_handler.log_command:Invoking command in '/home/tiffany/fyp_ws/build/formation_msgs': CMAKE_PREFIX_PATH=/opt/ros/humble /usr/bin/cmake --build /home/tiffany/fyp_ws/build/formation_msgs -- -j16 -l16
[0.611s] DEBUG:colcon.colcon_core.event_handler.log_command:Invoking command in '/home/tiffany/fyp_ws/build/formation_gazebo': CMAKE_PREFIX_PATH=/opt/ros/humble /usr/bin/cmake --build /home/tiffany/fyp_ws/build/formation_gazebo -- -j16 -l16
[0.674s] DEBUG:colcon.colcon_core.event_handler.log_command:Invoked command in '/home/tiffany/fyp_ws/build/formation_gazebo' returned '0': CMAKE_PREFIX_PATH=/opt/ros/humble /usr/bin/cmake --build /home/tiffany/fyp_ws/build/formation_gazebo -- -j16 -l16
[0.695s] DEBUG:colcon.colcon_core.event_handler.log_command:Invoking command in '/home/tiffany/fyp_ws/build/formation_gazebo': CMAKE_PREFIX_PATH=/opt/ros/humble /usr/bin/cmake --install /home/tiffany/fyp_ws/build/formation_gazebo
[0.711s] Level 1:colcon.colcon_core.environment:create_environment_scripts_only(formation_gazebo)
[0.712s] DEBUG:colcon.colcon_core.event_handler.log_command:Invoked command in '/home/tiffany/fyp_ws/build/formation_gazebo' returned '0': CMAKE_PREFIX_PATH=/opt/ros/humble /usr/bin/cmake --install /home/tiffany/fyp_ws/build/formation_gazebo
[0.715s] Level 1:colcon.colcon_core.environment:checking '/home/tiffany/fyp_ws/install/formation_gazebo' for CMake module files
[0.715s] Level 1:colcon.colcon_core.environment:checking '/home/tiffany/fyp_ws/install/formation_gazebo' for CMake config files
[0.716s] Level 1:colcon.colcon_core.shell:create_environment_hook('formation_gazebo', 'cmake_prefix_path')
[0.716s] INFO:colcon.colcon_core.shell:Creating environment hook '/home/tiffany/fyp_ws/install/formation_gazebo/share/formation_gazebo/hook/cmake_prefix_path.ps1'
[0.717s] INFO:colcon.colcon_core.shell:Creating environment descriptor '/home/tiffany/fyp_ws/install/formation_gazebo/share/formation_gazebo/hook/cmake_prefix_path.dsv'
[0.717s] INFO:colcon.colcon_core.shell:Creating environment hook '/home/tiffany/fyp_ws/install/formation_gazebo/share/formation_gazebo/hook/cmake_prefix_path.sh'
[0.719s] Level 1:colcon.colcon_core.environment:checking '/home/tiffany/fyp_ws/install/formation_gazebo/lib'
[0.719s] Level 1:colcon.colcon_core.environment:checking '/home/tiffany/fyp_ws/install/formation_gazebo/bin'
[0.719s] Level 1:colcon.colcon_core.environment:checking '/home/tiffany/fyp_ws/install/formation_gazebo/lib/pkgconfig/formation_gazebo.pc'
[0.720s] Level 1:colcon.colcon_core.environment:checking '/home/tiffany/fyp_ws/install/formation_gazebo/lib/python3.10/site-packages'
[0.720s] Level 1:colcon.colcon_core.environment:checking '/home/tiffany/fyp_ws/install/formation_gazebo/bin'
[0.721s] INFO:colcon.colcon_core.shell:Creating package script '/home/tiffany/fyp_ws/install/formation_gazebo/share/formation_gazebo/package.ps1'
[0.724s] INFO:colcon.colcon_core.shell:Creating package descriptor '/home/tiffany/fyp_ws/install/formation_gazebo/share/formation_gazebo/package.dsv'
[0.725s] INFO:colcon.colcon_core.shell:Creating package script '/home/tiffany/fyp_ws/install/formation_gazebo/share/formation_gazebo/package.sh'
[0.726s] INFO:colcon.colcon_core.shell:Creating package script '/home/tiffany/fyp_ws/install/formation_gazebo/share/formation_gazebo/package.bash'
[0.727s] INFO:colcon.colcon_core.shell:Creating package script '/home/tiffany/fyp_ws/install/formation_gazebo/share/formation_gazebo/package.zsh'
[0.728s] Level 1:colcon.colcon_core.environment:create_file_with_runtime_dependencies(/home/tiffany/fyp_ws/install/formation_gazebo/share/colcon-core/packages/formation_gazebo)
[0.729s] Level 1:colcon.colcon_core.environment:create_environment_scripts_only(formation_gazebo)
[0.729s] Level 1:colcon.colcon_core.environment:checking '/home/tiffany/fyp_ws/install/formation_gazebo' for CMake module files
[0.730s] Level 1:colcon.colcon_core.environment:checking '/home/tiffany/fyp_ws/install/formation_gazebo' for CMake config files
[0.730s] Level 1:colcon.colcon_core.shell:create_environment_hook('formation_gazebo', 'cmake_prefix_path')
[0.731s] INFO:colcon.colcon_core.shell:Creating environment hook '/home/tiffany/fyp_ws/install/formation_gazebo/share/formation_gazebo/hook/cmake_prefix_path.ps1'
[0.731s] INFO:colcon.colcon_core.shell:Creating environment descriptor '/home/tiffany/fyp_ws/install/formation_gazebo/share/formation_gazebo/hook/cmake_prefix_path.dsv'
[0.732s] INFO:colcon.colcon_core.shell:Creating environment hook '/home/tiffany/fyp_ws/install/formation_gazebo/share/formation_gazebo/hook/cmake_prefix_path.sh'
[0.733s] Level 1:colcon.colcon_core.environment:checking '/home/tiffany/fyp_ws/install/formation_gazebo/lib'
[0.733s] Level 1:colcon.colcon_core.environment:checking '/home/tiffany/fyp_ws/install/formation_gazebo/bin'
[0.733s] Level 1:colcon.colcon_core.environment:checking '/home/tiffany/fyp_ws/install/formation_gazebo/lib/pkgconfig/formation_gazebo.pc'
[0.733s] Level 1:colcon.colcon_core.environment:checking '/home/tiffany/fyp_ws/install/formation_gazebo/lib/python3.10/site-packages'
[0.734s] Level 1:colcon.colcon_core.environment:checking '/home/tiffany/fyp_ws/install/formation_gazebo/bin'
[0.734s] INFO:colcon.colcon_core.shell:Creating package script '/home/tiffany/fyp_ws/install/formation_gazebo/share/formation_gazebo/package.ps1'
[0.735s] INFO:colcon.colcon_core.shell:Creating package descriptor '/home/tiffany/fyp_ws/install/formation_gazebo/share/formation_gazebo/package.dsv'
[0.736s] INFO:colcon.colcon_core.shell:Creating package script '/home/tiffany/fyp_ws/install/formation_gazebo/share/formation_gazebo/package.sh'
[0.737s] INFO:colcon.colcon_core.shell:Creating package script '/home/tiffany/fyp_ws/install/formation_gazebo/share/formation_gazebo/package.bash'
[0.737s] INFO:colcon.colcon_core.shell:Creating package script '/home/tiffany/fyp_ws/install/formation_gazebo/share/formation_gazebo/package.zsh'
[0.738s] Level 1:colcon.colcon_core.environment:create_file_with_runtime_dependencies(/home/tiffany/fyp_ws/install/formation_gazebo/share/colcon-core/packages/formation_gazebo)
[13.771s] DEBUG:colcon.colcon_core.event_handler.log_command:Invoked command in '/home/tiffany/fyp_ws/build/formation_msgs' returned '0': CMAKE_PREFIX_PATH=/opt/ros/humble /usr/bin/cmake --build /home/tiffany/fyp_ws/build/formation_msgs -- -j16 -l16
[13.773s] DEBUG:colcon.colcon_core.event_handler.log_command:Invoking command in '/home/tiffany/fyp_ws/build/formation_msgs': CMAKE_PREFIX_PATH=/opt/ros/humble /usr/bin/cmake --install /home/tiffany/fyp_ws/build/formation_msgs
[13.946s] Level 1:colcon.colcon_core.environment:create_environment_scripts_only(formation_msgs)
[13.947s] Level 1:colcon.colcon_core.environment:checking '/home/tiffany/fyp_ws/install/formation_msgs' for CMake module files
[13.948s] Level 1:colcon.colcon_core.environment:checking '/home/tiffany/fyp_ws/install/formation_msgs' for CMake config files
[13.949s] DEBUG:colcon.colcon_core.event_handler.log_command:Invoked command in '/home/tiffany/fyp_ws/build/formation_msgs' returned '0': CMAKE_PREFIX_PATH=/opt/ros/humble /usr/bin/cmake --install /home/tiffany/fyp_ws/build/formation_msgs
[13.949s] Level 1:colcon.colcon_core.shell:create_environment_hook('formation_msgs', 'cmake_prefix_path')
[13.950s] INFO:colcon.colcon_core.shell:Creating environment hook '/home/tiffany/fyp_ws/install/formation_msgs/share/formation_msgs/hook/cmake_prefix_path.ps1'
[13.950s] INFO:colcon.colcon_core.shell:Creating environment descriptor '/home/tiffany/fyp_ws/install/formation_msgs/share/formation_msgs/hook/cmake_prefix_path.dsv'
[13.951s] INFO:colcon.colcon_core.shell:Creating environment hook '/home/tiffany/fyp_ws/install/formation_msgs/share/formation_msgs/hook/cmake_prefix_path.sh'
[13.952s] Level 1:colcon.colcon_core.environment:checking '/home/tiffany/fyp_ws/install/formation_msgs/lib'
[13.952s] Level 1:colcon.colcon_core.shell:create_environment_hook('formation_msgs', 'ld_library_path_lib')
[13.952s] INFO:colcon.colcon_core.shell:Creating environment hook '/home/tiffany/fyp_ws/install/formation_msgs/share/formation_msgs/hook/ld_library_path_lib.ps1'
[13.953s] INFO:colcon.colcon_core.shell:Creating environment descriptor '/home/tiffany/fyp_ws/install/formation_msgs/share/formation_msgs/hook/ld_library_path_lib.dsv'
[13.954s] INFO:colcon.colcon_core.shell:Creating environment hook '/home/tiffany/fyp_ws/install/formation_msgs/share/formation_msgs/hook/ld_library_path_lib.sh'
[13.954s] Level 1:colcon.colcon_core.environment:checking '/home/tiffany/fyp_ws/install/formation_msgs/bin'
[13.955s] Level 1:colcon.colcon_core.environment:checking '/home/tiffany/fyp_ws/install/formation_msgs/lib/pkgconfig/formation_msgs.pc'
[13.955s] Level 1:colcon.colcon_core.environment:checking '/home/tiffany/fyp_ws/install/formation_msgs/lib/python3.10/site-packages'
[13.955s] Level 1:colcon.colcon_core.environment:checking '/home/tiffany/fyp_ws/install/formation_msgs/bin'
[13.956s] INFO:colcon.colcon_core.shell:Creating package script '/home/tiffany/fyp_ws/install/formation_msgs/share/formation_msgs/package.ps1'
[13.957s] INFO:colcon.colcon_core.shell:Creating package descriptor '/home/tiffany/fyp_ws/install/formation_msgs/share/formation_msgs/package.dsv'
[13.958s] INFO:colcon.colcon_core.shell:Creating package script '/home/tiffany/fyp_ws/install/formation_msgs/share/formation_msgs/package.sh'
[13.958s] INFO:colcon.colcon_core.shell:Creating package script '/home/tiffany/fyp_ws/install/formation_msgs/share/formation_msgs/package.bash'
[13.959s] INFO:colcon.colcon_core.shell:Creating package script '/home/tiffany/fyp_ws/install/formation_msgs/share/formation_msgs/package.zsh'
[13.960s] Level 1:colcon.colcon_core.environment:create_file_with_runtime_dependencies(/home/tiffany/fyp_ws/install/formation_msgs/share/colcon-core/packages/formation_msgs)
[13.960s] Level 1:colcon.colcon_core.environment:create_environment_scripts_only(formation_msgs)
[13.961s] Level 1:colcon.colcon_core.environment:checking '/home/tiffany/fyp_ws/install/formation_msgs' for CMake module files
[13.961s] Level 1:colcon.colcon_core.environment:checking '/home/tiffany/fyp_ws/install/formation_msgs' for CMake config files
[13.962s] Level 1:colcon.colcon_core.shell:create_environment_hook('formation_msgs', 'cmake_prefix_path')
[13.962s] INFO:colcon.colcon_core.shell:Creating environment hook '/home/tiffany/fyp_ws/install/formation_msgs/share/formation_msgs/hook/cmake_prefix_path.ps1'
[13.963s] INFO:colcon.colcon_core.shell:Creating environment descriptor '/home/tiffany/fyp_ws/install/formation_msgs/share/formation_msgs/hook/cmake_prefix_path.dsv'
[13.963s] INFO:colcon.colcon_core.shell:Creating environment hook '/home/tiffany/fyp_ws/install/formation_msgs/share/formation_msgs/hook/cmake_prefix_path.sh'
[13.964s] Level 1:colcon.colcon_core.environment:checking '/home/tiffany/fyp_ws/install/formation_msgs/lib'
[13.964s] Level 1:colcon.colcon_core.shell:create_environment_hook('formation_msgs', 'ld_library_path_lib')
[13.964s] INFO:colcon.colcon_core.shell:Creating environment hook '/home/tiffany/fyp_ws/install/formation_msgs/share/formation_msgs/hook/ld_library_path_lib.ps1'
[13.965s] INFO:colcon.colcon_core.shell:Creating environment descriptor '/home/tiffany/fyp_ws/install/formation_msgs/share/formation_msgs/hook/ld_library_path_lib.dsv'
[13.965s] INFO:colcon.colcon_core.shell:Creating environment hook '/home/tiffany/fyp_ws/install/formation_msgs/share/formation_msgs/hook/ld_library_path_lib.sh'
[13.966s] Level 1:colcon.colcon_core.environment:checking '/home/tiffany/fyp_ws/install/formation_msgs/bin'
[13.966s] Level 1:colcon.colcon_core.environment:checking '/home/tiffany/fyp_ws/install/formation_msgs/lib/pkgconfig/formation_msgs.pc'
[13.966s] Level 1:colcon.colcon_core.environment:checking '/home/tiffany/fyp_ws/install/formation_msgs/lib/python3.10/site-packages'
[13.966s] Level 1:colcon.colcon_core.environment:checking '/home/tiffany/fyp_ws/install/formation_msgs/bin'
[13.967s] INFO:colcon.colcon_core.shell:Creating package script '/home/tiffany/fyp_ws/install/formation_msgs/share/formation_msgs/package.ps1'
[13.968s] INFO:colcon.colcon_core.shell:Creating package descriptor '/home/tiffany/fyp_ws/install/formation_msgs/share/formation_msgs/package.dsv'
[13.969s] INFO:colcon.colcon_core.shell:Creating package script '/home/tiffany/fyp_ws/install/formation_msgs/share/formation_msgs/package.sh'
[13.970s] INFO:colcon.colcon_core.shell:Creating package script '/home/tiffany/fyp_ws/install/formation_msgs/share/formation_msgs/package.bash'
[13.971s] INFO:colcon.colcon_core.shell:Creating package script '/home/tiffany/fyp_ws/install/formation_msgs/share/formation_msgs/package.zsh'
[13.972s] Level 1:colcon.colcon_core.environment:create_file_with_runtime_dependencies(/home/tiffany/fyp_ws/install/formation_msgs/share/colcon-core/packages/formation_msgs)
[13.972s] INFO:colcon.colcon_ros.task.ament_python.build:Building ROS package in '/home/tiffany/fyp_ws/src/drone_control' with build type 'ament_python'
[13.973s] Level 1:colcon.colcon_core.shell:create_environment_hook('drone_control', 'ament_prefix_path')
[13.973s] INFO:colcon.colcon_core.shell:Creating environment hook '/home/tiffany/fyp_ws/install/drone_control/share/drone_control/hook/ament_prefix_path.ps1'
[13.974s] INFO:colcon.colcon_core.shell:Creating environment descriptor '/home/tiffany/fyp_ws/install/drone_control/share/drone_control/hook/ament_prefix_path.dsv'
[13.974s] INFO:colcon.colcon_core.shell:Creating environment hook '/home/tiffany/fyp_ws/install/drone_control/share/drone_control/hook/ament_prefix_path.sh'
[13.975s] INFO:colcon.colcon_core.shell:Skip shell extension 'powershell' for command environment: Not usable outside of PowerShell
[13.975s] DEBUG:colcon.colcon_core.shell:Skip shell extension 'dsv' for command environment
[13.981s] INFO:colcon.colcon_ros.task.ament_python.build:Building ROS package in '/home/tiffany/fyp_ws/src/formation_planner' with build type 'ament_python'
[13.981s] Level 1:colcon.colcon_core.shell:create_environment_hook('formation_planner', 'ament_prefix_path')
[13.981s] INFO:colcon.colcon_core.shell:Creating environment hook '/home/tiffany/fyp_ws/install/formation_planner/share/formation_planner/hook/ament_prefix_path.ps1'
[13.982s] INFO:colcon.colcon_core.shell:Creating environment descriptor '/home/tiffany/fyp_ws/install/formation_planner/share/formation_planner/hook/ament_prefix_path.dsv'
[13.982s] INFO:colcon.colcon_core.shell:Creating environment hook '/home/tiffany/fyp_ws/install/formation_planner/share/formation_planner/hook/ament_prefix_path.sh'
[13.983s] INFO:colcon.colcon_core.shell:Skip shell extension 'powershell' for command environment: Not usable outside of PowerShell
[13.983s] DEBUG:colcon.colcon_core.shell:Skip shell extension 'dsv' for command environment
[13.988s] INFO:colcon.colcon_ros.task.ament_python.build:Building ROS package in '/home/tiffany/fyp_ws/src/formation_ui' with build type 'ament_python'
[13.988s] Level 1:colcon.colcon_core.shell:create_environment_hook('formation_ui', 'ament_prefix_path')
[13.989s] INFO:colcon.colcon_core.shell:Creating environment hook '/home/tiffany/fyp_ws/install/formation_ui/share/formation_ui/hook/ament_prefix_path.ps1'
[13.990s] INFO:colcon.colcon_core.shell:Creating environment descriptor '/home/tiffany/fyp_ws/install/formation_ui/share/formation_ui/hook/ament_prefix_path.dsv'
[13.990s] INFO:colcon.colcon_core.shell:Creating environment hook '/home/tiffany/fyp_ws/install/formation_ui/share/formation_ui/hook/ament_prefix_path.sh'
[13.992s] INFO:colcon.colcon_core.shell:Skip shell extension 'powershell' for command environment: Not usable outside of PowerShell
[13.992s] DEBUG:colcon.colcon_core.shell:Skip shell extension 'dsv' for command environment
[13.997s] INFO:colcon.colcon_ros.task.ament_python.build:Building ROS package in '/home/tiffany/fyp_ws/src/llm_refinement' with build type 'ament_python'
[13.997s] Level 1:colcon.colcon_core.shell:create_environment_hook('llm_refinement', 'ament_prefix_path')
[13.998s] INFO:colcon.colcon_core.shell:Creating environment hook '/home/tiffany/fyp_ws/install/llm_refinement/share/llm_refinement/hook/ament_prefix_path.ps1'
[13.999s] INFO:colcon.colcon_core.shell:Creating environment descriptor '/home/tiffany/fyp_ws/install/llm_refinement/share/llm_refinement/hook/ament_prefix_path.dsv'
[13.999s] INFO:colcon.colcon_core.shell:Creating environment hook '/home/tiffany/fyp_ws/install/llm_refinement/share/llm_refinement/hook/ament_prefix_path.sh'
[14.001s] INFO:colcon.colcon_core.shell:Skip shell extension 'powershell' for command environment: Not usable outside of PowerShell
[14.001s] DEBUG:colcon.colcon_core.shell:Skip shell extension 'dsv' for command environment
[14.004s] INFO:colcon.colcon_ros.task.ament_python.build:Building ROS package in '/home/tiffany/fyp_ws/src/task_manager' with build type 'ament_python'
[14.004s] Level 1:colcon.colcon_core.shell:create_environment_hook('task_manager', 'ament_prefix_path')
[14.005s] INFO:colcon.colcon_core.shell:Creating environment hook '/home/tiffany/fyp_ws/install/task_manager/share/task_manager/hook/ament_prefix_path.ps1'
[14.006s] INFO:colcon.colcon_core.shell:Creating environment descriptor '/home/tiffany/fyp_ws/install/task_manager/share/task_manager/hook/ament_prefix_path.dsv'
[14.006s] INFO:colcon.colcon_core.shell:Creating environment hook '/home/tiffany/fyp_ws/install/task_manager/share/task_manager/hook/ament_prefix_path.sh'
[14.007s] INFO:colcon.colcon_core.shell:Skip shell extension 'powershell' for command environment: Not usable outside of PowerShell
[14.007s] DEBUG:colcon.colcon_core.shell:Skip shell extension 'dsv' for command environment
[14.413s] INFO:colcon.colcon_core.task.python.build:Building Python package in '/home/tiffany/fyp_ws/src/drone_control'
[14.414s] INFO:colcon.colcon_core.shell:Skip shell extension 'powershell' for command environment: Not usable outside of PowerShell
[14.414s] DEBUG:colcon.colcon_core.shell:Skip shell extension 'dsv' for command environment
[14.817s] INFO:colcon.colcon_core.task.python.build:Building Python package in '/home/tiffany/fyp_ws/src/formation_planner'
[14.817s] INFO:colcon.colcon_core.shell:Skip shell extension 'powershell' for command environment: Not usable outside of PowerShell
[14.818s] DEBUG:colcon.colcon_core.shell:Skip shell extension 'dsv' for command environment
[15.216s] INFO:colcon.colcon_core.task.python.build:Building Python package in '/home/tiffany/fyp_ws/src/formation_ui'
[15.216s] INFO:colcon.colcon_core.shell:Skip shell extension 'powershell' for command environment: Not usable outside of PowerShell
[15.217s] DEBUG:colcon.colcon_core.shell:Skip shell extension 'dsv' for command environment
[15.616s] INFO:colcon.colcon_core.task.python.build:Building Python package in '/home/tiffany/fyp_ws/src/llm_refinement'
[15.617s] INFO:colcon.colcon_core.shell:Skip shell extension 'powershell' for command environment: Not usable outside of PowerShell
[15.617s] DEBUG:colcon.colcon_core.shell:Skip shell extension 'dsv' for command environment
[16.028s] INFO:colcon.colcon_core.task.python.build:Building Python package in '/home/tiffany/fyp_ws/src/task_manager'
[16.029s] INFO:colcon.colcon_core.shell:Skip shell extension 'powershell' for command environment: Not usable outside of PowerShell
[16.029s] DEBUG:colcon.colcon_core.shell:Skip shell extension 'dsv' for command environment
[16.674s] DEBUG:colcon.colcon_core.task.python.build:Available setuptools commands: install_lib, bdist_egg, install_headers, build_clib, build_scripts, install, alias, setopt, develop, upload_docs, sdist, build_ext, build, easy_install, clean, nosetests, saveopts, bdist, upload, bdist_rpm, install_scripts, bdist_dumb, check, install_egg_info, test, build_py, egg_info, rotate, install_data, register, bdist_wheel, dist_info, symlink_data
[16.678s] DEBUG:colcon.colcon_core.event_handler.log_command:Invoking command in '/home/tiffany/fyp_ws/src/drone_control': AMENT_PREFIX_PATH=/home/tiffany/fyp_ws/install/formation_msgs:${AMENT_PREFIX_PATH} CMAKE_PREFIX_PATH=/home/tiffany/fyp_ws/install/formation_msgs LD_LIBRARY_PATH=/home/tiffany/fyp_ws/install/formation_msgs/lib:${LD_LIBRARY_PATH} PYTHONPATH=/home/tiffany/fyp_ws/build/drone_control/prefix_override:/usr/lib/python3/dist-packages/colcon_core/task/python/colcon_distutils_commands:/home/tiffany/fyp_ws/install/drone_control/lib/python3.10/site-packages:/home/tiffany/fyp_ws/install/formation_msgs/local/lib/python3.10/dist-packages:${PYTHONPATH} /usr/bin/python3 -W ignore:setup.py install is deprecated -W ignore:easy_install command is deprecated setup.py egg_info --egg-base ../../build/drone_control build --build-base /home/tiffany/fyp_ws/build/drone_control/build install --record /home/tiffany/fyp_ws/build/drone_control/install.log --install-scripts $base/lib/drone_control --single-version-externally-managed install_data
[16.682s] DEBUG:colcon.colcon_core.task.python.build:Available setuptools commands: install_lib, bdist_egg, install_headers, build_clib, build_scripts, install, alias, setopt, develop, upload_docs, sdist, build_ext, build, easy_install, clean, nosetests, saveopts, bdist, upload, bdist_rpm, install_scripts, bdist_dumb, check, install_egg_info, test, build_py, egg_info, rotate, install_data, register, bdist_wheel, dist_info, symlink_data
[16.686s] DEBUG:colcon.colcon_core.event_handler.log_command:Invoking command in '/home/tiffany/fyp_ws/src/formation_planner': AMENT_PREFIX_PATH=/home/tiffany/fyp_ws/install/formation_msgs:${AMENT_PREFIX_PATH} CMAKE_PREFIX_PATH=/home/tiffany/fyp_ws/install/formation_msgs LD_LIBRARY_PATH=/home/tiffany/fyp_ws/install/formation_msgs/lib:${LD_LIBRARY_PATH} PYTHONPATH=/home/tiffany/fyp_ws/build/formation_planner/prefix_override:/usr/lib/python3/dist-packages/colcon_core/task/python/colcon_distutils_commands:/home/tiffany/fyp_ws/install/formation_planner/lib/python3.10/site-packages:/home/tiffany/fyp_ws/install/formation_msgs/local/lib/python3.10/dist-packages:${PYTHONPATH} /usr/bin/python3 -W ignore:setup.py install is deprecated -W ignore:easy_install command is deprecated setup.py egg_info --egg-base ../../build/formation_planner build --build-base /home/tiffany/fyp_ws/build/formation_planner/build install --record /home/tiffany/fyp_ws/build/formation_planner/install.log --install-scripts $base/lib/formation_planner --single-version-externally-managed install_data
[16.708s] DEBUG:colcon.colcon_core.task.python.build:Available setuptools commands: install_lib, bdist_egg, install_headers, build_clib, build_scripts, install, alias, setopt, develop, upload_docs, sdist, build_ext, build, easy_install, clean, nosetests, saveopts, bdist, upload, bdist_rpm, install_scripts, bdist_dumb, check, install_egg_info, test, build_py, egg_info, rotate, install_data, register, bdist_wheel, dist_info, symlink_data
[16.710s] DEBUG:colcon.colcon_core.task.python.build:Available setuptools commands: install_lib, bdist_egg, install_headers, build_clib, build_scripts, install, alias, setopt, develop, upload_docs, sdist, build_ext, build, easy_install, clean, nosetests, saveopts, bdist, upload, bdist_rpm, install_scripts, bdist_dumb, check, install_egg_info, test, build_py, egg_info, rotate, install_data, register, bdist_wheel, dist_info, symlink_data
[16.713s] DEBUG:colcon.colcon_core.task.python.build:Available setuptools commands: install_lib, bdist_egg, install_headers, build_clib, build_scripts, install, alias, setopt, develop, upload_docs, sdist, build_ext, build, easy_install, clean, nosetests, saveopts, bdist, upload, bdist_rpm, install_scripts, bdist_dumb, check, install_egg_info, test, build_py, egg_info, rotate, install_data, register, bdist_wheel, dist_info, symlink_data
[16.718s] DEBUG:colcon.colcon_core.event_handler.log_command:Invoking command in '/home/tiffany/fyp_ws/src/task_manager': AMENT_PREFIX_PATH=/home/tiffany/fyp_ws/install/formation_msgs:${AMENT_PREFIX_PATH} CMAKE_PREFIX_PATH=/home/tiffany/fyp_ws/install/formation_msgs LD_LIBRARY_PATH=/home/tiffany/fyp_ws/install/formation_msgs/lib:${LD_LIBRARY_PATH} PYTHONPATH=/home/tiffany/fyp_ws/build/task_manager/prefix_override:/usr/lib/python3/dist-packages/colcon_core/task/python/colcon_distutils_commands:/home/tiffany/fyp_ws/install/task_manager/lib/python3.10/site-packages:/home/tiffany/fyp_ws/install/formation_msgs/local/lib/python3.10/dist-packages:${PYTHONPATH} /usr/bin/python3 -W ignore:setup.py install is deprecated -W ignore:easy_install command is deprecated setup.py egg_info --egg-base ../../build/task_manager build --build-base /home/tiffany/fyp_ws/build/task_manager/build install --record /home/tiffany/fyp_ws/build/task_manager/install.log --install-scripts $base/lib/task_manager --single-version-externally-managed install_data
[16.723s] DEBUG:colcon.colcon_core.event_handler.log_command:Invoking command in '/home/tiffany/fyp_ws/src/formation_ui': AMENT_PREFIX_PATH=/home/tiffany/fyp_ws/install/formation_msgs:${AMENT_PREFIX_PATH} CMAKE_PREFIX_PATH=/home/tiffany/fyp_ws/install/formation_msgs LD_LIBRARY_PATH=/home/tiffany/fyp_ws/install/formation_msgs/lib:${LD_LIBRARY_PATH} PYTHONPATH=/home/tiffany/fyp_ws/build/formation_ui/prefix_override:/usr/lib/python3/dist-packages/colcon_core/task/python/colcon_distutils_commands:/home/tiffany/fyp_ws/install/formation_ui/lib/python3.10/site-packages:/home/tiffany/fyp_ws/install/formation_msgs/local/lib/python3.10/dist-packages:${PYTHONPATH} /usr/bin/python3 -W ignore:setup.py install is deprecated -W ignore:easy_install command is deprecated setup.py egg_info --egg-base ../../build/formation_ui build --build-base /home/tiffany/fyp_ws/build/formation_ui/build install --record /home/tiffany/fyp_ws/build/formation_ui/install.log --install-scripts $base/lib/formation_ui --single-version-externally-managed install_data
[16.724s] DEBUG:colcon.colcon_core.event_handler.log_command:Invoking command in '/home/tiffany/fyp_ws/src/llm_refinement': AMENT_PREFIX_PATH=/home/tiffany/fyp_ws/install/formation_msgs:${AMENT_PREFIX_PATH} CMAKE_PREFIX_PATH=/home/tiffany/fyp_ws/install/formation_msgs LD_LIBRARY_PATH=/home/tiffany/fyp_ws/install/formation_msgs/lib:${LD_LIBRARY_PATH} PYTHONPATH=/home/tiffany/fyp_ws/build/llm_refinement/prefix_override:/usr/lib/python3/dist-packages/colcon_core/task/python/colcon_distutils_commands:/home/tiffany/fyp_ws/install/llm_refinement/lib/python3.10/site-packages:/home/tiffany/fyp_ws/install/formation_msgs/local/lib/python3.10/dist-packages:${PYTHONPATH} /usr/bin/python3 -W ignore:setup.py install is deprecated -W ignore:easy_install command is deprecated setup.py egg_info --egg-base ../../build/llm_refinement build --build-base /home/tiffany/fyp_ws/build/llm_refinement/build install --record /home/tiffany/fyp_ws/build/llm_refinement/install.log --install-scripts $base/lib/llm_refinement --single-version-externally-managed install_data
[17.177s] Level 1:colcon.colcon_core.environment:checking '/home/tiffany/fyp_ws/install/drone_control' for CMake module files
[17.179s] Level 1:colcon.colcon_core.environment:checking '/home/tiffany/fyp_ws/install/drone_control' for CMake config files
[17.180s] Level 1:colcon.colcon_core.environment:checking '/home/tiffany/fyp_ws/install/drone_control/lib'
[17.180s] Level 1:colcon.colcon_core.environment:checking '/home/tiffany/fyp_ws/install/drone_control/bin'
[17.180s] Level 1:colcon.colcon_core.environment:checking '/home/tiffany/fyp_ws/install/drone_control/lib/pkgconfig/drone_control.pc'
[17.181s] Level 1:colcon.colcon_core.environment:checking '/home/tiffany/fyp_ws/install/drone_control/lib/python3.10/site-packages'
[17.181s] Level 1:colcon.colcon_core.shell:create_environment_hook('drone_control', 'pythonpath')
[17.182s] INFO:colcon.colcon_core.shell:Creating environment hook '/home/tiffany/fyp_ws/install/drone_control/share/drone_control/hook/pythonpath.ps1'
[17.178s] DEBUG:colcon.colcon_core.event_handler.log_command:Invoked command in '/home/tiffany/fyp_ws/src/drone_control' returned '0': AMENT_PREFIX_PATH=/home/tiffany/fyp_ws/install/formation_msgs:${AMENT_PREFIX_PATH} CMAKE_PREFIX_PATH=/home/tiffany/fyp_ws/install/formation_msgs LD_LIBRARY_PATH=/home/tiffany/fyp_ws/install/formation_msgs/lib:${LD_LIBRARY_PATH} PYTHONPATH=/home/tiffany/fyp_ws/build/drone_control/prefix_override:/usr/lib/python3/dist-packages/colcon_core/task/python/colcon_distutils_commands:/home/tiffany/fyp_ws/install/drone_control/lib/python3.10/site-packages:/home/tiffany/fyp_ws/install/formation_msgs/local/lib/python3.10/dist-packages:${PYTHONPATH} /usr/bin/python3 -W ignore:setup.py install is deprecated -W ignore:easy_install command is deprecated setup.py egg_info --egg-base ../../build/drone_control build --build-base /home/tiffany/fyp_ws/build/drone_control/build install --record /home/tiffany/fyp_ws/build/drone_control/install.log --install-scripts $base/lib/drone_control --single-version-externally-managed install_data
[17.183s] INFO:colcon.colcon_core.shell:Creating environment descriptor '/home/tiffany/fyp_ws/install/drone_control/share/drone_control/hook/pythonpath.dsv'
[17.184s] INFO:colcon.colcon_core.shell:Creating environment hook '/home/tiffany/fyp_ws/install/drone_control/share/drone_control/hook/pythonpath.sh'
[17.185s] Level 1:colcon.colcon_core.environment:checking '/home/tiffany/fyp_ws/install/drone_control/bin'
[17.185s] Level 1:colcon.colcon_core.environment:create_environment_scripts_only(drone_control)
[17.186s] INFO:colcon.colcon_core.shell:Creating package script '/home/tiffany/fyp_ws/install/drone_control/share/drone_control/package.ps1'
[17.187s] INFO:colcon.colcon_core.shell:Creating package descriptor '/home/tiffany/fyp_ws/install/drone_control/share/drone_control/package.dsv'
[17.187s] INFO:colcon.colcon_core.shell:Creating package script '/home/tiffany/fyp_ws/install/drone_control/share/drone_control/package.sh'
[17.188s] INFO:colcon.colcon_core.shell:Creating package script '/home/tiffany/fyp_ws/install/drone_control/share/drone_control/package.bash'
[17.188s] INFO:colcon.colcon_core.shell:Creating package script '/home/tiffany/fyp_ws/install/drone_control/share/drone_control/package.zsh'
[17.189s] Level 1:colcon.colcon_core.environment:create_file_with_runtime_dependencies(/home/tiffany/fyp_ws/install/drone_control/share/colcon-core/packages/drone_control)
[17.241s] Level 1:colcon.colcon_core.environment:checking '/home/tiffany/fyp_ws/install/formation_planner' for CMake module files
[17.242s] DEBUG:colcon.colcon_core.event_handler.log_command:Invoked command in '/home/tiffany/fyp_ws/src/formation_planner' returned '0': AMENT_PREFIX_PATH=/home/tiffany/fyp_ws/install/formation_msgs:${AMENT_PREFIX_PATH} CMAKE_PREFIX_PATH=/home/tiffany/fyp_ws/install/formation_msgs LD_LIBRARY_PATH=/home/tiffany/fyp_ws/install/formation_msgs/lib:${LD_LIBRARY_PATH} PYTHONPATH=/home/tiffany/fyp_ws/build/formation_planner/prefix_override:/usr/lib/python3/dist-packages/colcon_core/task/python/colcon_distutils_commands:/home/tiffany/fyp_ws/install/formation_planner/lib/python3.10/site-packages:/home/tiffany/fyp_ws/install/formation_msgs/local/lib/python3.10/dist-packages:${PYTHONPATH} /usr/bin/python3 -W ignore:setup.py install is deprecated -W ignore:easy_install command is deprecated setup.py egg_info --egg-base ../../build/formation_planner build --build-base /home/tiffany/fyp_ws/build/formation_planner/build install --record /home/tiffany/fyp_ws/build/formation_planner/install.log --install-scripts $base/lib/formation_planner --single-version-externally-managed install_data
[17.243s] Level 1:colcon.colcon_core.environment:checking '/home/tiffany/fyp_ws/install/formation_planner' for CMake config files
[17.243s] Level 1:colcon.colcon_core.environment:checking '/home/tiffany/fyp_ws/install/formation_planner/lib'
[17.244s] Level 1:colcon.colcon_core.environment:checking '/home/tiffany/fyp_ws/install/formation_planner/bin'
[17.244s] Level 1:colcon.colcon_core.environment:checking '/home/tiffany/fyp_ws/install/formation_planner/lib/pkgconfig/formation_planner.pc'
[17.244s] Level 1:colcon.colcon_core.environment:checking '/home/tiffany/fyp_ws/install/formation_planner/lib/python3.10/site-packages'
[17.244s] Level 1:colcon.colcon_core.shell:create_environment_hook('formation_planner', 'pythonpath')
[17.245s] INFO:colcon.colcon_core.shell:Creating environment hook '/home/tiffany/fyp_ws/install/formation_planner/share/formation_planner/hook/pythonpath.ps1'
[17.246s] INFO:colcon.colcon_core.shell:Creating environment descriptor '/home/tiffany/fyp_ws/install/formation_planner/share/formation_planner/hook/pythonpath.dsv'
[17.247s] INFO:colcon.colcon_core.shell:Creating environment hook '/home/tiffany/fyp_ws/install/formation_planner/share/formation_planner/hook/pythonpath.sh'
[17.248s] Level 1:colcon.colcon_core.environment:checking '/home/tiffany/fyp_ws/install/formation_planner/bin'
[17.248s] Level 1:colcon.colcon_core.environment:create_environment_scripts_only(formation_planner)
[17.249s] INFO:colcon.colcon_core.shell:Creating package script '/home/tiffany/fyp_ws/install/formation_planner/share/formation_planner/package.ps1'
[17.255s] INFO:colcon.colcon_core.shell:Creating package descriptor '/home/tiffany/fyp_ws/install/formation_planner/share/formation_planner/package.dsv'
[17.256s] INFO:colcon.colcon_core.shell:Creating package script '/home/tiffany/fyp_ws/install/formation_planner/share/formation_planner/package.sh'
[17.256s] INFO:colcon.colcon_core.shell:Creating package script '/home/tiffany/fyp_ws/install/formation_planner/share/formation_planner/package.bash'
[17.257s] INFO:colcon.colcon_core.shell:Creating package script '/home/tiffany/fyp_ws/install/formation_planner/share/formation_planner/package.zsh'
[17.258s] Level 1:colcon.colcon_core.environment:create_file_with_runtime_dependencies(/home/tiffany/fyp_ws/install/formation_planner/share/colcon-core/packages/formation_planner)
[17.262s] Level 1:colcon.colcon_core.environment:checking '/home/tiffany/fyp_ws/install/formation_ui' for CMake module files
[17.264s] Level 1:colcon.colcon_core.environment:checking '/home/tiffany/fyp_ws/install/formation_ui' for CMake config files
[17.264s] DEBUG:colcon.colcon_core.event_handler.log_command:Invoked command in '/home/tiffany/fyp_ws/src/formation_ui' returned '0': AMENT_PREFIX_PATH=/home/tiffany/fyp_ws/install/formation_msgs:${AMENT_PREFIX_PATH} CMAKE_PREFIX_PATH=/home/tiffany/fyp_ws/install/formation_msgs LD_LIBRARY_PATH=/home/tiffany/fyp_ws/install/formation_msgs/lib:${LD_LIBRARY_PATH} PYTHONPATH=/home/tiffany/fyp_ws/build/formation_ui/prefix_override:/usr/lib/python3/dist-packages/colcon_core/task/python/colcon_distutils_commands:/home/tiffany/fyp_ws/install/formation_ui/lib/python3.10/site-packages:/home/tiffany/fyp_ws/install/formation_msgs/local/lib/python3.10/dist-packages:${PYTHONPATH} /usr/bin/python3 -W ignore:setup.py install is deprecated -W ignore:easy_install command is deprecated setup.py egg_info --egg-base ../../build/formation_ui build --build-base /home/tiffany/fyp_ws/build/formation_ui/build install --record /home/tiffany/fyp_ws/build/formation_ui/install.log --install-scripts $base/lib/formation_ui --single-version-externally-managed install_data
[17.265s] Level 1:colcon.colcon_core.environment:checking '/home/tiffany/fyp_ws/install/formation_ui/lib'
[17.265s] Level 1:colcon.colcon_core.environment:checking '/home/tiffany/fyp_ws/install/formation_ui/bin'
[17.266s] Level 1:colcon.colcon_core.environment:checking '/home/tiffany/fyp_ws/install/formation_ui/lib/pkgconfig/formation_ui.pc'
[17.266s] Level 1:colcon.colcon_core.environment:checking '/home/tiffany/fyp_ws/install/formation_ui/lib/python3.10/site-packages'
[17.266s] Level 1:colcon.colcon_core.shell:create_environment_hook('formation_ui', 'pythonpath')
[17.266s] INFO:colcon.colcon_core.shell:Creating environment hook '/home/tiffany/fyp_ws/install/formation_ui/share/formation_ui/hook/pythonpath.ps1'
[17.267s] INFO:colcon.colcon_core.shell:Creating environment descriptor '/home/tiffany/fyp_ws/install/formation_ui/share/formation_ui/hook/pythonpath.dsv'
[17.268s] INFO:colcon.colcon_core.shell:Creating environment hook '/home/tiffany/fyp_ws/install/formation_ui/share/formation_ui/hook/pythonpath.sh'
[17.269s] Level 1:colcon.colcon_core.environment:checking '/home/tiffany/fyp_ws/install/formation_ui/bin'
[17.269s] Level 1:colcon.colcon_core.environment:create_environment_scripts_only(formation_ui)
[17.269s] INFO:colcon.colcon_core.shell:Creating package script '/home/tiffany/fyp_ws/install/formation_ui/share/formation_ui/package.ps1'
[17.270s] INFO:colcon.colcon_core.shell:Creating package descriptor '/home/tiffany/fyp_ws/install/formation_ui/share/formation_ui/package.dsv'
[17.271s] INFO:colcon.colcon_core.shell:Creating package script '/home/tiffany/fyp_ws/install/formation_ui/share/formation_ui/package.sh'
[17.271s] INFO:colcon.colcon_core.shell:Creating package script '/home/tiffany/fyp_ws/install/formation_ui/share/formation_ui/package.bash'
[17.272s] INFO:colcon.colcon_core.shell:Creating package script '/home/tiffany/fyp_ws/install/formation_ui/share/formation_ui/package.zsh'
[17.272s] Level 1:colcon.colcon_core.environment:create_file_with_runtime_dependencies(/home/tiffany/fyp_ws/install/formation_ui/share/colcon-core/packages/formation_ui)
[17.273s] Level 1:colcon.colcon_core.environment:checking '/home/tiffany/fyp_ws/install/task_manager' for CMake module files
[17.274s] Level 1:colcon.colcon_core.environment:checking '/home/tiffany/fyp_ws/install/task_manager' for CMake config files
[17.275s] DEBUG:colcon.colcon_core.event_handler.log_command:Invoked command in '/home/tiffany/fyp_ws/src/task_manager' returned '0': AMENT_PREFIX_PATH=/home/tiffany/fyp_ws/install/formation_msgs:${AMENT_PREFIX_PATH} CMAKE_PREFIX_PATH=/home/tiffany/fyp_ws/install/formation_msgs LD_LIBRARY_PATH=/home/tiffany/fyp_ws/install/formation_msgs/lib:${LD_LIBRARY_PATH} PYTHONPATH=/home/tiffany/fyp_ws/build/task_manager/prefix_override:/usr/lib/python3/dist-packages/colcon_core/task/python/colcon_distutils_commands:/home/tiffany/fyp_ws/install/task_manager/lib/python3.10/site-packages:/home/tiffany/fyp_ws/install/formation_msgs/local/lib/python3.10/dist-packages:${PYTHONPATH} /usr/bin/python3 -W ignore:setup.py install is deprecated -W ignore:easy_install command is deprecated setup.py egg_info --egg-base ../../build/task_manager build --build-base /home/tiffany/fyp_ws/build/task_manager/build install --record /home/tiffany/fyp_ws/build/task_manager/install.log --install-scripts $base/lib/task_manager --single-version-externally-managed install_data
[17.275s] Level 1:colcon.colcon_core.environment:checking '/home/tiffany/fyp_ws/install/task_manager/lib'
[17.275s] Level 1:colcon.colcon_core.environment:checking '/home/tiffany/fyp_ws/install/task_manager/bin'
[17.276s] Level 1:colcon.colcon_core.environment:checking '/home/tiffany/fyp_ws/install/task_manager/lib/pkgconfig/task_manager.pc'
[17.276s] Level 1:colcon.colcon_core.environment:checking '/home/tiffany/fyp_ws/install/task_manager/lib/python3.10/site-packages'
[17.276s] Level 1:colcon.colcon_core.shell:create_environment_hook('task_manager', 'pythonpath')
[17.276s] INFO:colcon.colcon_core.shell:Creating environment hook '/home/tiffany/fyp_ws/install/task_manager/share/task_manager/hook/pythonpath.ps1'
[17.277s] INFO:colcon.colcon_core.shell:Creating environment descriptor '/home/tiffany/fyp_ws/install/task_manager/share/task_manager/hook/pythonpath.dsv'
[17.277s] INFO:colcon.colcon_core.shell:Creating environment hook '/home/tiffany/fyp_ws/install/task_manager/share/task_manager/hook/pythonpath.sh'
[17.278s] Level 1:colcon.colcon_core.environment:checking '/home/tiffany/fyp_ws/install/task_manager/bin'
[17.278s] Level 1:colcon.colcon_core.environment:create_environment_scripts_only(task_manager)
[17.279s] INFO:colcon.colcon_core.shell:Creating package script '/home/tiffany/fyp_ws/install/task_manager/share/task_manager/package.ps1'
[17.280s] INFO:colcon.colcon_core.shell:Creating package descriptor '/home/tiffany/fyp_ws/install/task_manager/share/task_manager/package.dsv'
[17.282s] INFO:colcon.colcon_core.shell:Creating package script '/home/tiffany/fyp_ws/install/task_manager/share/task_manager/package.sh'
[17.283s] INFO:colcon.colcon_core.shell:Creating package script '/home/tiffany/fyp_ws/install/task_manager/share/task_manager/package.bash'
[17.283s] INFO:colcon.colcon_core.shell:Creating package script '/home/tiffany/fyp_ws/install/task_manager/share/task_manager/package.zsh'
[17.284s] Level 1:colcon.colcon_core.environment:create_file_with_runtime_dependencies(/home/tiffany/fyp_ws/install/task_manager/share/colcon-core/packages/task_manager)
[17.289s] Level 1:colcon.colcon_core.environment:checking '/home/tiffany/fyp_ws/install/llm_refinement' for CMake module files
[17.290s] DEBUG:colcon.colcon_core.event_handler.log_command:Invoked command in '/home/tiffany/fyp_ws/src/llm_refinement' returned '0': AMENT_PREFIX_PATH=/home/tiffany/fyp_ws/install/formation_msgs:${AMENT_PREFIX_PATH} CMAKE_PREFIX_PATH=/home/tiffany/fyp_ws/install/formation_msgs LD_LIBRARY_PATH=/home/tiffany/fyp_ws/install/formation_msgs/lib:${LD_LIBRARY_PATH} PYTHONPATH=/home/tiffany/fyp_ws/build/llm_refinement/prefix_override:/usr/lib/python3/dist-packages/colcon_core/task/python/colcon_distutils_commands:/home/tiffany/fyp_ws/install/llm_refinement/lib/python3.10/site-packages:/home/tiffany/fyp_ws/install/formation_msgs/local/lib/python3.10/dist-packages:${PYTHONPATH} /usr/bin/python3 -W ignore:setup.py install is deprecated -W ignore:easy_install command is deprecated setup.py egg_info --egg-base ../../build/llm_refinement build --build-base /home/tiffany/fyp_ws/build/llm_refinement/build install --record /home/tiffany/fyp_ws/build/llm_refinement/install.log --install-scripts $base/lib/llm_refinement --single-version-externally-managed install_data
[17.290s] Level 1:colcon.colcon_core.environment:checking '/home/tiffany/fyp_ws/install/llm_refinement' for CMake config files
[17.291s] Level 1:colcon.colcon_core.environment:checking '/home/tiffany/fyp_ws/install/llm_refinement/lib'
[17.291s] Level 1:colcon.colcon_core.environment:checking '/home/tiffany/fyp_ws/install/llm_refinement/bin'
[17.292s] Level 1:colcon.colcon_core.environment:checking '/home/tiffany/fyp_ws/install/llm_refinement/lib/pkgconfig/llm_refinement.pc'
[17.292s] Level 1:colcon.colcon_core.environment:checking '/home/tiffany/fyp_ws/install/llm_refinement/lib/python3.10/site-packages'
[17.292s] Level 1:colcon.colcon_core.shell:create_environment_hook('llm_refinement', 'pythonpath')
[17.292s] INFO:colcon.colcon_core.shell:Creating environment hook '/home/tiffany/fyp_ws/install/llm_refinement/share/llm_refinement/hook/pythonpath.ps1'
[17.293s] INFO:colcon.colcon_core.shell:Creating environment descriptor '/home/tiffany/fyp_ws/install/llm_refinement/share/llm_refinement/hook/pythonpath.dsv'
[17.294s] INFO:colcon.colcon_core.shell:Creating environment hook '/home/tiffany/fyp_ws/install/llm_refinement/share/llm_refinement/hook/pythonpath.sh'
[17.295s] Level 1:colcon.colcon_core.environment:checking '/home/tiffany/fyp_ws/install/llm_refinement/bin'
[17.295s] Level 1:colcon.colcon_core.environment:create_environment_scripts_only(llm_refinement)
[17.295s] INFO:colcon.colcon_core.shell:Creating package script '/home/tiffany/fyp_ws/install/llm_refinement/share/llm_refinement/package.ps1'
[17.297s] INFO:colcon.colcon_core.shell:Creating package descriptor '/home/tiffany/fyp_ws/install/llm_refinement/share/llm_refinement/package.dsv'
[17.297s] INFO:colcon.colcon_core.shell:Creating package script '/home/tiffany/fyp_ws/install/llm_refinement/share/llm_refinement/package.sh'
[17.298s] INFO:colcon.colcon_core.shell:Creating package script '/home/tiffany/fyp_ws/install/llm_refinement/share/llm_refinement/package.bash'
[17.298s] INFO:colcon.colcon_core.shell:Creating package script '/home/tiffany/fyp_ws/install/llm_refinement/share/llm_refinement/package.zsh'
[17.299s] Level 1:colcon.colcon_core.environment:create_file_with_runtime_dependencies(/home/tiffany/fyp_ws/install/llm_refinement/share/colcon-core/packages/llm_refinement)
[17.299s] DEBUG:colcon.colcon_parallel_executor.executor.parallel:closing loop
[17.299s] DEBUG:colcon.colcon_parallel_executor.executor.parallel:loop closed
[17.300s] DEBUG:colcon.colcon_parallel_executor.executor.parallel:run_until_complete finished with '0'
[17.300s] DEBUG:colcon.colcon_core.event_reactor:joining thread
[17.311s] INFO:colcon.colcon_core.plugin_system:Skipping extension 'colcon_notification.desktop_notification.terminal_notifier': Not used on non-Darwin systems
[17.311s] INFO:colcon.colcon_core.plugin_system:Skipping extension 'colcon_notification.desktop_notification.win32': Not used on non-Windows systems
[17.311s] INFO:colcon.colcon_notification.desktop_notification:Sending desktop notification using 'notify2'
[17.336s] DEBUG:colcon.colcon_core.event_reactor:joined thread
[17.337s] INFO:colcon.colcon_core.shell:Creating prefix script '/home/tiffany/fyp_ws/install/local_setup.ps1'
[17.339s] INFO:colcon.colcon_core.shell:Creating prefix util module '/home/tiffany/fyp_ws/install/_local_setup_util_ps1.py'
[17.341s] INFO:colcon.colcon_core.shell:Creating prefix chain script '/home/tiffany/fyp_ws/install/setup.ps1'
[17.343s] INFO:colcon.colcon_core.shell:Creating prefix script '/home/tiffany/fyp_ws/install/local_setup.sh'
[17.346s] INFO:colcon.colcon_core.shell:Creating prefix util module '/home/tiffany/fyp_ws/install/_local_setup_util_sh.py'
[17.347s] INFO:colcon.colcon_core.shell:Creating prefix chain script '/home/tiffany/fyp_ws/install/setup.sh'
[17.348s] INFO:colcon.colcon_core.shell:Creating prefix script '/home/tiffany/fyp_ws/install/local_setup.bash'
[17.349s] INFO:colcon.colcon_core.shell:Creating prefix chain script '/home/tiffany/fyp_ws/install/setup.bash'
[17.351s] INFO:colcon.colcon_core.shell:Creating prefix script '/home/tiffany/fyp_ws/install/local_setup.zsh'
[17.352s] INFO:colcon.colcon_core.shell:Creating prefix chain script '/home/tiffany/fyp_ws/install/setup.zsh'
