[1.854s] Invoking command in '/home/tiffany/fyp_ws/src/task_manager': AMENT_PREFIX_PATH=/home/tiffany/fyp_ws/install/formation_msgs:${AMENT_PREFIX_PATH} CMAKE_PREFIX_PATH=/home/tiffany/fyp_ws/install/formation_msgs LD_LIBRARY_PATH=/home/tiffany/fyp_ws/install/formation_msgs/lib:${LD_LIBRARY_PATH} PYTHONPATH=/home/tiffany/fyp_ws/build/task_manager/prefix_override:/usr/lib/python3/dist-packages/colcon_core/task/python/colcon_distutils_commands:/home/tiffany/fyp_ws/install/task_manager/lib/python3.10/site-packages:/home/tiffany/fyp_ws/install/formation_msgs/local/lib/python3.10/dist-packages:${PYTHONPATH} /usr/bin/python3 -W ignore:setup.py install is deprecated -W ignore:easy_install command is deprecated setup.py egg_info --egg-base ../../build/task_manager build --build-base /home/tiffany/fyp_ws/build/task_manager/build install --record /home/tiffany/fyp_ws/build/task_manager/install.log --install-scripts $base/lib/task_manager --single-version-externally-managed install_data
[2.116s] running egg_info
[2.117s] writing ../../build/task_manager/task_manager.egg-info/PKG-INFO
[2.117s] writing dependency_links to ../../build/task_manager/task_manager.egg-info/dependency_links.txt
[2.117s] writing entry points to ../../build/task_manager/task_manager.egg-info/entry_points.txt
[2.118s] writing requirements to ../../build/task_manager/task_manager.egg-info/requires.txt
[2.118s] writing top-level names to ../../build/task_manager/task_manager.egg-info/top_level.txt
[2.119s] reading manifest file '../../build/task_manager/task_manager.egg-info/SOURCES.txt'
[2.120s] writing manifest file '../../build/task_manager/task_manager.egg-info/SOURCES.txt'
[2.120s] running build
[2.120s] running build_py
[2.121s] running install
[2.121s] running install_lib
[2.123s] running install_data
[2.123s] running install_egg_info
[2.125s] removing '/home/tiffany/fyp_ws/install/task_manager/lib/python3.10/site-packages/task_manager-0.0.0-py3.10.egg-info' (and everything under it)
[2.126s] Copying ../../build/task_manager/task_manager.egg-info to /home/tiffany/fyp_ws/install/task_manager/lib/python3.10/site-packages/task_manager-0.0.0-py3.10.egg-info
[2.127s] running install_scripts
[2.150s] Installing task_manager_node script to /home/tiffany/fyp_ws/install/task_manager/lib/task_manager
[2.151s] writing list of installed files to '/home/tiffany/fyp_ws/build/task_manager/install.log'
[2.188s] Invoked command in '/home/tiffany/fyp_ws/src/task_manager' returned '0': AMENT_PREFIX_PATH=/home/tiffany/fyp_ws/install/formation_msgs:${AMENT_PREFIX_PATH} CMAKE_PREFIX_PATH=/home/tiffany/fyp_ws/install/formation_msgs LD_LIBRARY_PATH=/home/tiffany/fyp_ws/install/formation_msgs/lib:${LD_LIBRARY_PATH} PYTHONPATH=/home/tiffany/fyp_ws/build/task_manager/prefix_override:/usr/lib/python3/dist-packages/colcon_core/task/python/colcon_distutils_commands:/home/tiffany/fyp_ws/install/task_manager/lib/python3.10/site-packages:/home/tiffany/fyp_ws/install/formation_msgs/local/lib/python3.10/dist-packages:${PYTHONPATH} /usr/bin/python3 -W ignore:setup.py install is deprecated -W ignore:easy_install command is deprecated setup.py egg_info --egg-base ../../build/task_manager build --build-base /home/tiffany/fyp_ws/build/task_manager/build install --record /home/tiffany/fyp_ws/build/task_manager/install.log --install-scripts $base/lib/task_manager --single-version-externally-managed install_data
