[0.014s] Invoking command in '/home/tiffany/fyp_ws/build/formation_gazebo': CMAKE_PREFIX_PATH=${CMAKE_PREFIX_PATH}:/home/tiffany/fyp_ws/install/task_manager:/home/tiffany/fyp_ws/install/llm_refinement:/home/tiffany/fyp_ws/install/formation_ui:/home/tiffany/fyp_ws/install/formation_planner:/home/tiffany/fyp_ws/install/drone_control:/opt/ros/humble /usr/bin/cmake --build /home/tiffany/fyp_ws/build/formation_gazebo -- -j16 -l16
[0.072s] Invoked command in '/home/tiffany/fyp_ws/build/formation_gazebo' returned '0': CMAKE_PREFIX_PATH=${CMAKE_PREFIX_PATH}:/home/tiffany/fyp_ws/install/task_manager:/home/tiffany/fyp_ws/install/llm_refinement:/home/tiffany/fyp_ws/install/formation_ui:/home/tiffany/fyp_ws/install/formation_planner:/home/tiffany/fyp_ws/install/drone_control:/opt/ros/humble /usr/bin/cmake --build /home/tiffany/fyp_ws/build/formation_gazebo -- -j16 -l16
[0.088s] Invoking command in '/home/tiffany/fyp_ws/build/formation_gazebo': CMAKE_PREFIX_PATH=${CMAKE_PREFIX_PATH}:/home/tiffany/fyp_ws/install/task_manager:/home/tiffany/fyp_ws/install/llm_refinement:/home/tiffany/fyp_ws/install/formation_ui:/home/tiffany/fyp_ws/install/formation_planner:/home/tiffany/fyp_ws/install/drone_control:/opt/ros/humble /usr/bin/cmake --install /home/tiffany/fyp_ws/build/formation_gazebo
[0.100s] -- Install configuration: ""
[0.100s] -- Up-to-date: /home/tiffany/fyp_ws/install/formation_gazebo/share/formation_gazebo/models
[0.100s] -- Up-to-date: /home/tiffany/fyp_ws/install/formation_gazebo/share/formation_gazebo/models/drone
[0.101s] -- Up-to-date: /home/tiffany/fyp_ws/install/formation_gazebo/share/formation_gazebo/models/drone/model.config
[0.101s] -- Installing: /home/tiffany/fyp_ws/install/formation_gazebo/share/formation_gazebo/models/drone/model.sdf
[0.102s] -- Up-to-date: /home/tiffany/fyp_ws/install/formation_gazebo/share/formation_gazebo/worlds
[0.102s] -- Up-to-date: /home/tiffany/fyp_ws/install/formation_gazebo/share/formation_gazebo/worlds/formation_world.sdf
[0.102s] -- Up-to-date: /home/tiffany/fyp_ws/install/formation_gazebo/share/ament_index/resource_index/package_run_dependencies/formation_gazebo
[0.102s] -- Up-to-date: /home/tiffany/fyp_ws/install/formation_gazebo/share/ament_index/resource_index/parent_prefix_path/formation_gazebo
[0.102s] -- Up-to-date: /home/tiffany/fyp_ws/install/formation_gazebo/share/formation_gazebo/environment/ament_prefix_path.sh
[0.102s] -- Up-to-date: /home/tiffany/fyp_ws/install/formation_gazebo/share/formation_gazebo/environment/ament_prefix_path.dsv
[0.102s] -- Up-to-date: /home/tiffany/fyp_ws/install/formation_gazebo/share/formation_gazebo/environment/path.sh
[0.103s] -- Up-to-date: /home/tiffany/fyp_ws/install/formation_gazebo/share/formation_gazebo/environment/path.dsv
[0.103s] -- Up-to-date: /home/tiffany/fyp_ws/install/formation_gazebo/share/formation_gazebo/local_setup.bash
[0.103s] -- Up-to-date: /home/tiffany/fyp_ws/install/formation_gazebo/share/formation_gazebo/local_setup.sh
[0.103s] -- Up-to-date: /home/tiffany/fyp_ws/install/formation_gazebo/share/formation_gazebo/local_setup.zsh
[0.103s] -- Up-to-date: /home/tiffany/fyp_ws/install/formation_gazebo/share/formation_gazebo/local_setup.dsv
[0.103s] -- Installing: /home/tiffany/fyp_ws/install/formation_gazebo/share/formation_gazebo/package.dsv
[0.103s] -- Up-to-date: /home/tiffany/fyp_ws/install/formation_gazebo/share/ament_index/resource_index/packages/formation_gazebo
[0.103s] -- Up-to-date: /home/tiffany/fyp_ws/install/formation_gazebo/share/formation_gazebo/cmake/formation_gazeboConfig.cmake
[0.103s] -- Up-to-date: /home/tiffany/fyp_ws/install/formation_gazebo/share/formation_gazebo/cmake/formation_gazeboConfig-version.cmake
[0.104s] -- Up-to-date: /home/tiffany/fyp_ws/install/formation_gazebo/share/formation_gazebo/package.xml
[0.107s] Invoked command in '/home/tiffany/fyp_ws/build/formation_gazebo' returned '0': CMAKE_PREFIX_PATH=${CMAKE_PREFIX_PATH}:/home/tiffany/fyp_ws/install/task_manager:/home/tiffany/fyp_ws/install/llm_refinement:/home/tiffany/fyp_ws/install/formation_ui:/home/tiffany/fyp_ws/install/formation_planner:/home/tiffany/fyp_ws/install/drone_control:/opt/ros/humble /usr/bin/cmake --install /home/tiffany/fyp_ws/build/formation_gazebo
