[0.975s] DEBUG:colcon:Command line arguments: ['/usr/bin/colcon', 'build', '--packages-select', 'drone_control', 'formation_gazebo']
[0.976s] DEBUG:colcon:Parsed command line arguments: Namespace(log_base=None, log_level=None, verb_name='build', build_base='build', install_base='install', merge_install=False, symlink_install=False, test_result_base=None, continue_on_error=False, executor='parallel', parallel_workers=16, event_handlers=None, ignore_user_meta=False, metas=['./colcon.meta'], base_paths=['.'], packages_ignore=None, packages_ignore_regex=None, paths=None, packages_up_to=None, packages_up_to_regex=None, packages_above=None, packages_above_and_dependencies=None, packages_above_depth=None, packages_select_by_dep=None, packages_skip_by_dep=None, packages_skip_up_to=None, packages_select_build_failed=False, packages_skip_build_finished=False, packages_select_test_failures=False, packages_skip_test_passed=False, packages_select=['drone_control', 'formation_gazebo'], packages_skip=None, packages_select_regex=None, packages_skip_regex=None, packages_start=None, packages_end=None, allow_overriding=[], cmake_args=None, cmake_target=None, cmake_target_skip_unavailable=False, cmake_clean_cache=False, cmake_clean_first=False, cmake_force_configure=False, ament_cmake_args=None, catkin_cmake_args=None, catkin_skip_building_tests=False, mixin_files=None, mixin=None, verb_parser=<colcon_mixin.mixin.mixin_argument.MixinArgumentDecorator object at 0x79cc87c45570>, verb_extension=<colcon_core.verb.build.BuildVerb object at 0x79cc87c45000>, main=<bound method BuildVerb.main of <colcon_core.verb.build.BuildVerb object at 0x79cc87c45000>>, mixin_verb=('build',))
[2.710s] Level 1:colcon.colcon_core.package_discovery:discover_packages(colcon_meta) check parameters
[2.710s] Level 1:colcon.colcon_core.package_discovery:discover_packages(recursive) check parameters
[2.710s] Level 1:colcon.colcon_core.package_discovery:discover_packages(ignore) check parameters
[2.711s] Level 1:colcon.colcon_core.package_discovery:discover_packages(path) check parameters
[2.711s] Level 1:colcon.colcon_core.package_discovery:discover_packages(colcon_meta) discover
[2.711s] Level 1:colcon.colcon_core.package_discovery:discover_packages(recursive) discover
[2.711s] INFO:colcon.colcon_core.package_discovery:Crawling recursively for packages in '/home/tiffany/fyp_ws'
[2.711s] Level 1:colcon.colcon_core.package_identification:_identify(.) by extensions ['ignore', 'ignore_ament_install']
[2.711s] Level 1:colcon.colcon_core.package_identification:_identify(.) by extension 'ignore'
[2.711s] Level 1:colcon.colcon_core.package_identification:_identify(.) by extension 'ignore_ament_install'
[2.711s] Level 1:colcon.colcon_core.package_identification:_identify(.) by extensions ['colcon_pkg']
[2.712s] Level 1:colcon.colcon_core.package_identification:_identify(.) by extension 'colcon_pkg'
[2.712s] Level 1:colcon.colcon_core.package_identification:_identify(.) by extensions ['colcon_meta']
[2.712s] Level 1:colcon.colcon_core.package_identification:_identify(.) by extension 'colcon_meta'
[2.712s] Level 1:colcon.colcon_core.package_identification:_identify(.) by extensions ['ros']
[2.712s] Level 1:colcon.colcon_core.package_identification:_identify(.) by extension 'ros'
[2.737s] Level 1:colcon.colcon_core.package_identification:_identify(.) by extensions ['cmake', 'python']
[2.737s] Level 1:colcon.colcon_core.package_identification:_identify(.) by extension 'cmake'
[2.737s] Level 1:colcon.colcon_core.package_identification:_identify(.) by extension 'python'
[2.737s] Level 1:colcon.colcon_core.package_identification:_identify(.) by extensions ['python_setup_py']
[2.737s] Level 1:colcon.colcon_core.package_identification:_identify(.) by extension 'python_setup_py'
[2.738s] Level 1:colcon.colcon_core.package_identification:_identify(build) by extensions ['ignore', 'ignore_ament_install']
[2.738s] Level 1:colcon.colcon_core.package_identification:_identify(build) by extension 'ignore'
[2.738s] Level 1:colcon.colcon_core.package_identification:_identify(build) ignored
[2.738s] Level 1:colcon.colcon_core.package_identification:_identify(install) by extensions ['ignore', 'ignore_ament_install']
[2.739s] Level 1:colcon.colcon_core.package_identification:_identify(install) by extension 'ignore'
[2.739s] Level 1:colcon.colcon_core.package_identification:_identify(install) ignored
[2.739s] Level 1:colcon.colcon_core.package_identification:_identify(log) by extensions ['ignore', 'ignore_ament_install']
[2.739s] Level 1:colcon.colcon_core.package_identification:_identify(log) by extension 'ignore'
[2.739s] Level 1:colcon.colcon_core.package_identification:_identify(log) ignored
[2.739s] Level 1:colcon.colcon_core.package_identification:_identify(src) by extensions ['ignore', 'ignore_ament_install']
[2.740s] Level 1:colcon.colcon_core.package_identification:_identify(src) by extension 'ignore'
[2.740s] Level 1:colcon.colcon_core.package_identification:_identify(src) by extension 'ignore_ament_install'
[2.740s] Level 1:colcon.colcon_core.package_identification:_identify(src) by extensions ['colcon_pkg']
[2.740s] Level 1:colcon.colcon_core.package_identification:_identify(src) by extension 'colcon_pkg'
[2.740s] Level 1:colcon.colcon_core.package_identification:_identify(src) by extensions ['colcon_meta']
[2.740s] Level 1:colcon.colcon_core.package_identification:_identify(src) by extension 'colcon_meta'
[2.740s] Level 1:colcon.colcon_core.package_identification:_identify(src) by extensions ['ros']
[2.740s] Level 1:colcon.colcon_core.package_identification:_identify(src) by extension 'ros'
[2.740s] Level 1:colcon.colcon_core.package_identification:_identify(src) by extensions ['cmake', 'python']
[2.740s] Level 1:colcon.colcon_core.package_identification:_identify(src) by extension 'cmake'
[2.741s] Level 1:colcon.colcon_core.package_identification:_identify(src) by extension 'python'
[2.741s] Level 1:colcon.colcon_core.package_identification:_identify(src) by extensions ['python_setup_py']
[2.741s] Level 1:colcon.colcon_core.package_identification:_identify(src) by extension 'python_setup_py'
[2.741s] Level 1:colcon.colcon_core.package_identification:_identify(src/drone_control) by extensions ['ignore', 'ignore_ament_install']
[2.741s] Level 1:colcon.colcon_core.package_identification:_identify(src/drone_control) by extension 'ignore'
[2.741s] Level 1:colcon.colcon_core.package_identification:_identify(src/drone_control) by extension 'ignore_ament_install'
[2.741s] Level 1:colcon.colcon_core.package_identification:_identify(src/drone_control) by extensions ['colcon_pkg']
[2.741s] Level 1:colcon.colcon_core.package_identification:_identify(src/drone_control) by extension 'colcon_pkg'
[2.742s] Level 1:colcon.colcon_core.package_identification:_identify(src/drone_control) by extensions ['colcon_meta']
[2.742s] Level 1:colcon.colcon_core.package_identification:_identify(src/drone_control) by extension 'colcon_meta'
[2.742s] Level 1:colcon.colcon_core.package_identification:_identify(src/drone_control) by extensions ['ros']
[2.742s] Level 1:colcon.colcon_core.package_identification:_identify(src/drone_control) by extension 'ros'
[2.747s] DEBUG:colcon.colcon_core.package_identification:Package 'src/drone_control' with type 'ros.ament_python' and name 'drone_control'
[2.748s] Level 1:colcon.colcon_core.package_identification:_identify(src/formation_gazebo) by extensions ['ignore', 'ignore_ament_install']
[2.748s] Level 1:colcon.colcon_core.package_identification:_identify(src/formation_gazebo) by extension 'ignore'
[2.748s] Level 1:colcon.colcon_core.package_identification:_identify(src/formation_gazebo) by extension 'ignore_ament_install'
[2.748s] Level 1:colcon.colcon_core.package_identification:_identify(src/formation_gazebo) by extensions ['colcon_pkg']
[2.748s] Level 1:colcon.colcon_core.package_identification:_identify(src/formation_gazebo) by extension 'colcon_pkg'
[2.748s] Level 1:colcon.colcon_core.package_identification:_identify(src/formation_gazebo) by extensions ['colcon_meta']
[2.748s] Level 1:colcon.colcon_core.package_identification:_identify(src/formation_gazebo) by extension 'colcon_meta'
[2.748s] Level 1:colcon.colcon_core.package_identification:_identify(src/formation_gazebo) by extensions ['ros']
[2.749s] Level 1:colcon.colcon_core.package_identification:_identify(src/formation_gazebo) by extension 'ros'
[2.750s] DEBUG:colcon.colcon_core.package_identification:Package 'src/formation_gazebo' with type 'ros.ament_cmake' and name 'formation_gazebo'
[2.750s] Level 1:colcon.colcon_core.package_identification:_identify(src/formation_msgs) by extensions ['ignore', 'ignore_ament_install']
[2.750s] Level 1:colcon.colcon_core.package_identification:_identify(src/formation_msgs) by extension 'ignore'
[2.750s] Level 1:colcon.colcon_core.package_identification:_identify(src/formation_msgs) by extension 'ignore_ament_install'
[2.751s] Level 1:colcon.colcon_core.package_identification:_identify(src/formation_msgs) by extensions ['colcon_pkg']
[2.751s] Level 1:colcon.colcon_core.package_identification:_identify(src/formation_msgs) by extension 'colcon_pkg'
[2.751s] Level 1:colcon.colcon_core.package_identification:_identify(src/formation_msgs) by extensions ['colcon_meta']
[2.751s] Level 1:colcon.colcon_core.package_identification:_identify(src/formation_msgs) by extension 'colcon_meta'
[2.751s] Level 1:colcon.colcon_core.package_identification:_identify(src/formation_msgs) by extensions ['ros']
[2.751s] Level 1:colcon.colcon_core.package_identification:_identify(src/formation_msgs) by extension 'ros'
[2.753s] DEBUG:colcon.colcon_core.package_identification:Package 'src/formation_msgs' with type 'ros.ament_cmake' and name 'formation_msgs'
[2.753s] Level 1:colcon.colcon_core.package_identification:_identify(src/formation_planner) by extensions ['ignore', 'ignore_ament_install']
[2.753s] Level 1:colcon.colcon_core.package_identification:_identify(src/formation_planner) by extension 'ignore'
[2.753s] Level 1:colcon.colcon_core.package_identification:_identify(src/formation_planner) by extension 'ignore_ament_install'
[2.753s] Level 1:colcon.colcon_core.package_identification:_identify(src/formation_planner) by extensions ['colcon_pkg']
[2.753s] Level 1:colcon.colcon_core.package_identification:_identify(src/formation_planner) by extension 'colcon_pkg'
[2.754s] Level 1:colcon.colcon_core.package_identification:_identify(src/formation_planner) by extensions ['colcon_meta']
[2.754s] Level 1:colcon.colcon_core.package_identification:_identify(src/formation_planner) by extension 'colcon_meta'
[2.754s] Level 1:colcon.colcon_core.package_identification:_identify(src/formation_planner) by extensions ['ros']
[2.754s] Level 1:colcon.colcon_core.package_identification:_identify(src/formation_planner) by extension 'ros'
[2.756s] DEBUG:colcon.colcon_core.package_identification:Package 'src/formation_planner' with type 'ros.ament_python' and name 'formation_planner'
[2.756s] Level 1:colcon.colcon_core.package_identification:_identify(src/formation_ui) by extensions ['ignore', 'ignore_ament_install']
[2.756s] Level 1:colcon.colcon_core.package_identification:_identify(src/formation_ui) by extension 'ignore'
[2.756s] Level 1:colcon.colcon_core.package_identification:_identify(src/formation_ui) by extension 'ignore_ament_install'
[2.756s] Level 1:colcon.colcon_core.package_identification:_identify(src/formation_ui) by extensions ['colcon_pkg']
[2.756s] Level 1:colcon.colcon_core.package_identification:_identify(src/formation_ui) by extension 'colcon_pkg'
[2.756s] Level 1:colcon.colcon_core.package_identification:_identify(src/formation_ui) by extensions ['colcon_meta']
[2.756s] Level 1:colcon.colcon_core.package_identification:_identify(src/formation_ui) by extension 'colcon_meta'
[2.757s] Level 1:colcon.colcon_core.package_identification:_identify(src/formation_ui) by extensions ['ros']
[2.757s] Level 1:colcon.colcon_core.package_identification:_identify(src/formation_ui) by extension 'ros'
[2.758s] DEBUG:colcon.colcon_core.package_identification:Package 'src/formation_ui' with type 'ros.ament_python' and name 'formation_ui'
[2.758s] Level 1:colcon.colcon_core.package_identification:_identify(src/llm_refinement) by extensions ['ignore', 'ignore_ament_install']
[2.759s] Level 1:colcon.colcon_core.package_identification:_identify(src/llm_refinement) by extension 'ignore'
[2.759s] Level 1:colcon.colcon_core.package_identification:_identify(src/llm_refinement) by extension 'ignore_ament_install'
[2.759s] Level 1:colcon.colcon_core.package_identification:_identify(src/llm_refinement) by extensions ['colcon_pkg']
[2.759s] Level 1:colcon.colcon_core.package_identification:_identify(src/llm_refinement) by extension 'colcon_pkg'
[2.759s] Level 1:colcon.colcon_core.package_identification:_identify(src/llm_refinement) by extensions ['colcon_meta']
[2.759s] Level 1:colcon.colcon_core.package_identification:_identify(src/llm_refinement) by extension 'colcon_meta'
[2.759s] Level 1:colcon.colcon_core.package_identification:_identify(src/llm_refinement) by extensions ['ros']
[2.759s] Level 1:colcon.colcon_core.package_identification:_identify(src/llm_refinement) by extension 'ros'
[2.761s] DEBUG:colcon.colcon_core.package_identification:Package 'src/llm_refinement' with type 'ros.ament_python' and name 'llm_refinement'
[2.761s] Level 1:colcon.colcon_core.package_identification:_identify(src/task_manager) by extensions ['ignore', 'ignore_ament_install']
[2.761s] Level 1:colcon.colcon_core.package_identification:_identify(src/task_manager) by extension 'ignore'
[2.761s] Level 1:colcon.colcon_core.package_identification:_identify(src/task_manager) by extension 'ignore_ament_install'
[2.761s] Level 1:colcon.colcon_core.package_identification:_identify(src/task_manager) by extensions ['colcon_pkg']
[2.762s] Level 1:colcon.colcon_core.package_identification:_identify(src/task_manager) by extension 'colcon_pkg'
[2.762s] Level 1:colcon.colcon_core.package_identification:_identify(src/task_manager) by extensions ['colcon_meta']
[2.762s] Level 1:colcon.colcon_core.package_identification:_identify(src/task_manager) by extension 'colcon_meta'
[2.762s] Level 1:colcon.colcon_core.package_identification:_identify(src/task_manager) by extensions ['ros']
[2.762s] Level 1:colcon.colcon_core.package_identification:_identify(src/task_manager) by extension 'ros'
[2.763s] DEBUG:colcon.colcon_core.package_identification:Package 'src/task_manager' with type 'ros.ament_python' and name 'task_manager'
[2.763s] Level 1:colcon.colcon_core.package_discovery:discover_packages(recursive) using defaults
[2.764s] Level 1:colcon.colcon_core.package_discovery:discover_packages(ignore) discover
[2.764s] Level 1:colcon.colcon_core.package_discovery:discover_packages(ignore) using defaults
[2.764s] Level 1:colcon.colcon_core.package_discovery:discover_packages(path) discover
[2.764s] Level 1:colcon.colcon_core.package_discovery:discover_packages(path) using defaults
[2.827s] INFO:colcon.colcon_core.package_selection:Skipping not selected package 'formation_msgs' in 'src/formation_msgs'
[2.827s] INFO:colcon.colcon_core.package_selection:Skipping not selected package 'formation_planner' in 'src/formation_planner'
[2.827s] INFO:colcon.colcon_core.package_selection:Skipping not selected package 'formation_ui' in 'src/formation_ui'
[2.827s] INFO:colcon.colcon_core.package_selection:Skipping not selected package 'llm_refinement' in 'src/llm_refinement'
[2.827s] INFO:colcon.colcon_core.package_selection:Skipping not selected package 'task_manager' in 'src/task_manager'
[2.828s] Level 1:colcon.colcon_core.package_discovery:discover_packages(prefix_path) check parameters
[2.828s] Level 1:colcon.colcon_core.package_discovery:discover_packages(prefix_path) discover
[2.833s] DEBUG:colcon.colcon_installed_package_information.package_discovery:Found 231 installed packages in /opt/ros/humble
[2.836s] Level 1:colcon.colcon_core.package_discovery:discover_packages(prefix_path) using defaults
[2.900s] Level 5:colcon.colcon_core.verb:set package 'formation_gazebo' build argument 'cmake_args' from command line to 'None'
[2.901s] Level 5:colcon.colcon_core.verb:set package 'formation_gazebo' build argument 'cmake_target' from command line to 'None'
[2.901s] Level 5:colcon.colcon_core.verb:set package 'formation_gazebo' build argument 'cmake_target_skip_unavailable' from command line to 'False'
[2.901s] Level 5:colcon.colcon_core.verb:set package 'formation_gazebo' build argument 'cmake_clean_cache' from command line to 'False'
[2.901s] Level 5:colcon.colcon_core.verb:set package 'formation_gazebo' build argument 'cmake_clean_first' from command line to 'False'
[2.901s] Level 5:colcon.colcon_core.verb:set package 'formation_gazebo' build argument 'cmake_force_configure' from command line to 'False'
[2.901s] Level 5:colcon.colcon_core.verb:set package 'formation_gazebo' build argument 'ament_cmake_args' from command line to 'None'
[2.901s] Level 5:colcon.colcon_core.verb:set package 'formation_gazebo' build argument 'catkin_cmake_args' from command line to 'None'
[2.901s] Level 5:colcon.colcon_core.verb:set package 'formation_gazebo' build argument 'catkin_skip_building_tests' from command line to 'False'
[2.901s] DEBUG:colcon.colcon_core.verb:Building package 'formation_gazebo' with the following arguments: {'ament_cmake_args': None, 'build_base': '/home/tiffany/fyp_ws/build/formation_gazebo', 'catkin_cmake_args': None, 'catkin_skip_building_tests': False, 'cmake_args': None, 'cmake_clean_cache': False, 'cmake_clean_first': False, 'cmake_force_configure': False, 'cmake_target': None, 'cmake_target_skip_unavailable': False, 'install_base': '/home/tiffany/fyp_ws/install/formation_gazebo', 'merge_install': False, 'path': '/home/tiffany/fyp_ws/src/formation_gazebo', 'symlink_install': False, 'test_result_base': None}
[2.902s] Level 5:colcon.colcon_core.verb:set package 'drone_control' build argument 'cmake_args' from command line to 'None'
[2.902s] Level 5:colcon.colcon_core.verb:set package 'drone_control' build argument 'cmake_target' from command line to 'None'
[2.902s] Level 5:colcon.colcon_core.verb:set package 'drone_control' build argument 'cmake_target_skip_unavailable' from command line to 'False'
[2.902s] Level 5:colcon.colcon_core.verb:set package 'drone_control' build argument 'cmake_clean_cache' from command line to 'False'
[2.902s] Level 5:colcon.colcon_core.verb:set package 'drone_control' build argument 'cmake_clean_first' from command line to 'False'
[2.902s] Level 5:colcon.colcon_core.verb:set package 'drone_control' build argument 'cmake_force_configure' from command line to 'False'
[2.902s] Level 5:colcon.colcon_core.verb:set package 'drone_control' build argument 'ament_cmake_args' from command line to 'None'
[2.902s] Level 5:colcon.colcon_core.verb:set package 'drone_control' build argument 'catkin_cmake_args' from command line to 'None'
[2.902s] Level 5:colcon.colcon_core.verb:set package 'drone_control' build argument 'catkin_skip_building_tests' from command line to 'False'
[2.902s] DEBUG:colcon.colcon_core.verb:Building package 'drone_control' with the following arguments: {'ament_cmake_args': None, 'build_base': '/home/tiffany/fyp_ws/build/drone_control', 'catkin_cmake_args': None, 'catkin_skip_building_tests': False, 'cmake_args': None, 'cmake_clean_cache': False, 'cmake_clean_first': False, 'cmake_force_configure': False, 'cmake_target': None, 'cmake_target_skip_unavailable': False, 'install_base': '/home/tiffany/fyp_ws/install/drone_control', 'merge_install': False, 'path': '/home/tiffany/fyp_ws/src/drone_control', 'symlink_install': False, 'test_result_base': None}
[2.903s] INFO:colcon.colcon_core.executor:Executing jobs using 'parallel' executor
[2.905s] DEBUG:colcon.colcon_parallel_executor.executor.parallel:run_until_complete
[2.905s] INFO:colcon.colcon_ros.task.ament_cmake.build:Building ROS package in '/home/tiffany/fyp_ws/src/formation_gazebo' with build type 'ament_cmake'
[2.905s] INFO:colcon.colcon_cmake.task.cmake.build:Building CMake package in '/home/tiffany/fyp_ws/src/formation_gazebo'
[2.909s] INFO:colcon.colcon_core.plugin_system:Skipping extension 'colcon_core.shell.bat': Not used on non-Windows systems
[2.910s] INFO:colcon.colcon_core.shell:Skip shell extension 'powershell' for command environment: Not usable outside of PowerShell
[2.910s] DEBUG:colcon.colcon_core.shell:Skip shell extension 'dsv' for command environment
[2.916s] INFO:colcon.colcon_ros.task.ament_python.build:Building ROS package in '/home/tiffany/fyp_ws/src/drone_control' with build type 'ament_python'
[2.916s] Level 1:colcon.colcon_core.shell:create_environment_hook('drone_control', 'ament_prefix_path')
[2.916s] INFO:colcon.colcon_core.shell:Creating environment hook '/home/tiffany/fyp_ws/install/drone_control/share/drone_control/hook/ament_prefix_path.ps1'
[2.918s] INFO:colcon.colcon_core.shell:Creating environment descriptor '/home/tiffany/fyp_ws/install/drone_control/share/drone_control/hook/ament_prefix_path.dsv'
[2.919s] INFO:colcon.colcon_core.shell:Creating environment hook '/home/tiffany/fyp_ws/install/drone_control/share/drone_control/hook/ament_prefix_path.sh'
[2.921s] INFO:colcon.colcon_core.shell:Skip shell extension 'powershell' for command environment: Not usable outside of PowerShell
[2.921s] DEBUG:colcon.colcon_core.shell:Skip shell extension 'dsv' for command environment
[2.937s] DEBUG:colcon.colcon_core.event_handler.log_command:Invoking command in '/home/tiffany/fyp_ws/build/formation_gazebo': CMAKE_PREFIX_PATH=/opt/ros/humble /usr/bin/cmake --build /home/tiffany/fyp_ws/build/formation_gazebo -- -j16 -l16
[3.316s] INFO:colcon.colcon_core.task.python.build:Building Python package in '/home/tiffany/fyp_ws/src/drone_control'
[3.317s] INFO:colcon.colcon_core.shell:Skip shell extension 'powershell' for command environment: Not usable outside of PowerShell
[3.317s] DEBUG:colcon.colcon_core.shell:Skip shell extension 'dsv' for command environment
[3.322s] DEBUG:colcon.colcon_core.event_handler.log_command:Invoked command in '/home/tiffany/fyp_ws/build/formation_gazebo' returned '0': CMAKE_PREFIX_PATH=/opt/ros/humble /usr/bin/cmake --build /home/tiffany/fyp_ws/build/formation_gazebo -- -j16 -l16
[3.334s] DEBUG:colcon.colcon_core.event_handler.log_command:Invoking command in '/home/tiffany/fyp_ws/build/formation_gazebo': CMAKE_PREFIX_PATH=/opt/ros/humble /usr/bin/cmake --install /home/tiffany/fyp_ws/build/formation_gazebo
[3.348s] Level 1:colcon.colcon_core.environment:create_environment_scripts_only(formation_gazebo)
[3.349s] DEBUG:colcon.colcon_core.event_handler.log_command:Invoked command in '/home/tiffany/fyp_ws/build/formation_gazebo' returned '0': CMAKE_PREFIX_PATH=/opt/ros/humble /usr/bin/cmake --install /home/tiffany/fyp_ws/build/formation_gazebo
[3.351s] Level 1:colcon.colcon_core.environment:checking '/home/tiffany/fyp_ws/install/formation_gazebo' for CMake module files
[3.352s] Level 1:colcon.colcon_core.environment:checking '/home/tiffany/fyp_ws/install/formation_gazebo' for CMake config files
[3.352s] Level 1:colcon.colcon_core.shell:create_environment_hook('formation_gazebo', 'cmake_prefix_path')
[3.353s] INFO:colcon.colcon_core.shell:Creating environment hook '/home/tiffany/fyp_ws/install/formation_gazebo/share/formation_gazebo/hook/cmake_prefix_path.ps1'
[3.353s] INFO:colcon.colcon_core.shell:Creating environment descriptor '/home/tiffany/fyp_ws/install/formation_gazebo/share/formation_gazebo/hook/cmake_prefix_path.dsv'
[3.353s] INFO:colcon.colcon_core.shell:Creating environment hook '/home/tiffany/fyp_ws/install/formation_gazebo/share/formation_gazebo/hook/cmake_prefix_path.sh'
[3.354s] Level 1:colcon.colcon_core.environment:checking '/home/tiffany/fyp_ws/install/formation_gazebo/lib'
[3.354s] Level 1:colcon.colcon_core.environment:checking '/home/tiffany/fyp_ws/install/formation_gazebo/bin'
[3.354s] Level 1:colcon.colcon_core.environment:checking '/home/tiffany/fyp_ws/install/formation_gazebo/lib/pkgconfig/formation_gazebo.pc'
[3.355s] Level 1:colcon.colcon_core.environment:checking '/home/tiffany/fyp_ws/install/formation_gazebo/lib/python3.10/site-packages'
[3.355s] Level 1:colcon.colcon_core.environment:checking '/home/tiffany/fyp_ws/install/formation_gazebo/bin'
[3.355s] INFO:colcon.colcon_core.shell:Creating package script '/home/tiffany/fyp_ws/install/formation_gazebo/share/formation_gazebo/package.ps1'
[3.357s] INFO:colcon.colcon_core.shell:Creating package descriptor '/home/tiffany/fyp_ws/install/formation_gazebo/share/formation_gazebo/package.dsv'
[3.357s] INFO:colcon.colcon_core.shell:Creating package script '/home/tiffany/fyp_ws/install/formation_gazebo/share/formation_gazebo/package.sh'
[3.358s] INFO:colcon.colcon_core.shell:Creating package script '/home/tiffany/fyp_ws/install/formation_gazebo/share/formation_gazebo/package.bash'
[3.359s] INFO:colcon.colcon_core.shell:Creating package script '/home/tiffany/fyp_ws/install/formation_gazebo/share/formation_gazebo/package.zsh'
[3.359s] Level 1:colcon.colcon_core.environment:create_file_with_runtime_dependencies(/home/tiffany/fyp_ws/install/formation_gazebo/share/colcon-core/packages/formation_gazebo)
[3.360s] Level 1:colcon.colcon_core.environment:create_environment_scripts_only(formation_gazebo)
[3.360s] Level 1:colcon.colcon_core.environment:checking '/home/tiffany/fyp_ws/install/formation_gazebo' for CMake module files
[3.361s] Level 1:colcon.colcon_core.environment:checking '/home/tiffany/fyp_ws/install/formation_gazebo' for CMake config files
[3.361s] Level 1:colcon.colcon_core.shell:create_environment_hook('formation_gazebo', 'cmake_prefix_path')
[3.361s] INFO:colcon.colcon_core.shell:Creating environment hook '/home/tiffany/fyp_ws/install/formation_gazebo/share/formation_gazebo/hook/cmake_prefix_path.ps1'
[3.362s] INFO:colcon.colcon_core.shell:Creating environment descriptor '/home/tiffany/fyp_ws/install/formation_gazebo/share/formation_gazebo/hook/cmake_prefix_path.dsv'
[3.362s] INFO:colcon.colcon_core.shell:Creating environment hook '/home/tiffany/fyp_ws/install/formation_gazebo/share/formation_gazebo/hook/cmake_prefix_path.sh'
[3.363s] Level 1:colcon.colcon_core.environment:checking '/home/tiffany/fyp_ws/install/formation_gazebo/lib'
[3.363s] Level 1:colcon.colcon_core.environment:checking '/home/tiffany/fyp_ws/install/formation_gazebo/bin'
[3.363s] Level 1:colcon.colcon_core.environment:checking '/home/tiffany/fyp_ws/install/formation_gazebo/lib/pkgconfig/formation_gazebo.pc'
[3.363s] Level 1:colcon.colcon_core.environment:checking '/home/tiffany/fyp_ws/install/formation_gazebo/lib/python3.10/site-packages'
[3.363s] Level 1:colcon.colcon_core.environment:checking '/home/tiffany/fyp_ws/install/formation_gazebo/bin'
[3.364s] INFO:colcon.colcon_core.shell:Creating package script '/home/tiffany/fyp_ws/install/formation_gazebo/share/formation_gazebo/package.ps1'
[3.364s] INFO:colcon.colcon_core.shell:Creating package descriptor '/home/tiffany/fyp_ws/install/formation_gazebo/share/formation_gazebo/package.dsv'
[3.365s] INFO:colcon.colcon_core.shell:Creating package script '/home/tiffany/fyp_ws/install/formation_gazebo/share/formation_gazebo/package.sh'
[3.365s] INFO:colcon.colcon_core.shell:Creating package script '/home/tiffany/fyp_ws/install/formation_gazebo/share/formation_gazebo/package.bash'
[3.366s] INFO:colcon.colcon_core.shell:Creating package script '/home/tiffany/fyp_ws/install/formation_gazebo/share/formation_gazebo/package.zsh'
[3.366s] Level 1:colcon.colcon_core.environment:create_file_with_runtime_dependencies(/home/tiffany/fyp_ws/install/formation_gazebo/share/colcon-core/packages/formation_gazebo)
[3.677s] DEBUG:colcon.colcon_core.task.python.build:Available setuptools commands: dist_info, bdist, test, check, install, saveopts, sdist, build_scripts, bdist_egg, rotate, egg_info, install_scripts, upload_docs, develop, easy_install, bdist_rpm, clean, alias, install_lib, install_egg_info, bdist_wheel, build_ext, setopt, bdist_dumb, register, build_clib, symlink_data, build_py, install_headers, install_data, upload, build, nosetests
[3.679s] DEBUG:colcon.colcon_core.event_handler.log_command:Invoking command in '/home/tiffany/fyp_ws/src/drone_control': AMENT_PREFIX_PATH=/home/tiffany/fyp_ws/install/formation_msgs:${AMENT_PREFIX_PATH} CMAKE_PREFIX_PATH=/home/tiffany/fyp_ws/install/formation_msgs LD_LIBRARY_PATH=/home/tiffany/fyp_ws/install/formation_msgs/lib:${LD_LIBRARY_PATH} PYTHONPATH=/home/tiffany/fyp_ws/build/drone_control/prefix_override:/usr/lib/python3/dist-packages/colcon_core/task/python/colcon_distutils_commands:/home/tiffany/fyp_ws/install/drone_control/lib/python3.10/site-packages:/home/tiffany/fyp_ws/install/formation_msgs/local/lib/python3.10/dist-packages:${PYTHONPATH} /usr/bin/python3 -W ignore:setup.py install is deprecated -W ignore:easy_install command is deprecated setup.py egg_info --egg-base ../../build/drone_control build --build-base /home/tiffany/fyp_ws/build/drone_control/build install --record /home/tiffany/fyp_ws/build/drone_control/install.log --install-scripts $base/lib/drone_control --single-version-externally-managed install_data
[3.908s] Level 1:colcon.colcon_core.environment:checking '/home/tiffany/fyp_ws/install/drone_control' for CMake module files
[3.909s] DEBUG:colcon.colcon_core.event_handler.log_command:Invoked command in '/home/tiffany/fyp_ws/src/drone_control' returned '0': AMENT_PREFIX_PATH=/home/tiffany/fyp_ws/install/formation_msgs:${AMENT_PREFIX_PATH} CMAKE_PREFIX_PATH=/home/tiffany/fyp_ws/install/formation_msgs LD_LIBRARY_PATH=/home/tiffany/fyp_ws/install/formation_msgs/lib:${LD_LIBRARY_PATH} PYTHONPATH=/home/tiffany/fyp_ws/build/drone_control/prefix_override:/usr/lib/python3/dist-packages/colcon_core/task/python/colcon_distutils_commands:/home/tiffany/fyp_ws/install/drone_control/lib/python3.10/site-packages:/home/tiffany/fyp_ws/install/formation_msgs/local/lib/python3.10/dist-packages:${PYTHONPATH} /usr/bin/python3 -W ignore:setup.py install is deprecated -W ignore:easy_install command is deprecated setup.py egg_info --egg-base ../../build/drone_control build --build-base /home/tiffany/fyp_ws/build/drone_control/build install --record /home/tiffany/fyp_ws/build/drone_control/install.log --install-scripts $base/lib/drone_control --single-version-externally-managed install_data
[3.909s] Level 1:colcon.colcon_core.environment:checking '/home/tiffany/fyp_ws/install/drone_control' for CMake config files
[3.910s] Level 1:colcon.colcon_core.environment:checking '/home/tiffany/fyp_ws/install/drone_control/lib'
[3.910s] Level 1:colcon.colcon_core.environment:checking '/home/tiffany/fyp_ws/install/drone_control/bin'
[3.910s] Level 1:colcon.colcon_core.environment:checking '/home/tiffany/fyp_ws/install/drone_control/lib/pkgconfig/drone_control.pc'
[3.910s] Level 1:colcon.colcon_core.environment:checking '/home/tiffany/fyp_ws/install/drone_control/lib/python3.10/site-packages'
[3.910s] Level 1:colcon.colcon_core.shell:create_environment_hook('drone_control', 'pythonpath')
[3.910s] INFO:colcon.colcon_core.shell:Creating environment hook '/home/tiffany/fyp_ws/install/drone_control/share/drone_control/hook/pythonpath.ps1'
[3.911s] INFO:colcon.colcon_core.shell:Creating environment descriptor '/home/tiffany/fyp_ws/install/drone_control/share/drone_control/hook/pythonpath.dsv'
[3.911s] INFO:colcon.colcon_core.shell:Creating environment hook '/home/tiffany/fyp_ws/install/drone_control/share/drone_control/hook/pythonpath.sh'
[3.911s] Level 1:colcon.colcon_core.environment:checking '/home/tiffany/fyp_ws/install/drone_control/bin'
[3.911s] Level 1:colcon.colcon_core.environment:create_environment_scripts_only(drone_control)
[3.912s] INFO:colcon.colcon_core.shell:Creating package script '/home/tiffany/fyp_ws/install/drone_control/share/drone_control/package.ps1'
[3.912s] INFO:colcon.colcon_core.shell:Creating package descriptor '/home/tiffany/fyp_ws/install/drone_control/share/drone_control/package.dsv'
[3.913s] INFO:colcon.colcon_core.shell:Creating package script '/home/tiffany/fyp_ws/install/drone_control/share/drone_control/package.sh'
[3.913s] INFO:colcon.colcon_core.shell:Creating package script '/home/tiffany/fyp_ws/install/drone_control/share/drone_control/package.bash'
[3.913s] INFO:colcon.colcon_core.shell:Creating package script '/home/tiffany/fyp_ws/install/drone_control/share/drone_control/package.zsh'
[3.913s] Level 1:colcon.colcon_core.environment:create_file_with_runtime_dependencies(/home/tiffany/fyp_ws/install/drone_control/share/colcon-core/packages/drone_control)
[3.914s] DEBUG:colcon.colcon_parallel_executor.executor.parallel:closing loop
[3.914s] DEBUG:colcon.colcon_parallel_executor.executor.parallel:loop closed
[3.914s] DEBUG:colcon.colcon_parallel_executor.executor.parallel:run_until_complete finished with '0'
[3.914s] DEBUG:colcon.colcon_core.event_reactor:joining thread
[3.918s] INFO:colcon.colcon_core.plugin_system:Skipping extension 'colcon_notification.desktop_notification.terminal_notifier': Not used on non-Darwin systems
[3.918s] INFO:colcon.colcon_core.plugin_system:Skipping extension 'colcon_notification.desktop_notification.win32': Not used on non-Windows systems
[3.918s] INFO:colcon.colcon_notification.desktop_notification:Sending desktop notification using 'notify2'
[3.928s] DEBUG:colcon.colcon_core.event_reactor:joined thread
[3.928s] INFO:colcon.colcon_core.shell:Creating prefix script '/home/tiffany/fyp_ws/install/local_setup.ps1'
[3.929s] INFO:colcon.colcon_core.shell:Creating prefix util module '/home/tiffany/fyp_ws/install/_local_setup_util_ps1.py'
[3.932s] INFO:colcon.colcon_core.shell:Creating prefix chain script '/home/tiffany/fyp_ws/install/setup.ps1'
[3.934s] INFO:colcon.colcon_core.shell:Creating prefix script '/home/tiffany/fyp_ws/install/local_setup.sh'
[3.935s] INFO:colcon.colcon_core.shell:Creating prefix util module '/home/tiffany/fyp_ws/install/_local_setup_util_sh.py'
[3.936s] INFO:colcon.colcon_core.shell:Creating prefix chain script '/home/tiffany/fyp_ws/install/setup.sh'
[3.937s] INFO:colcon.colcon_core.shell:Creating prefix script '/home/tiffany/fyp_ws/install/local_setup.bash'
[3.938s] INFO:colcon.colcon_core.shell:Creating prefix chain script '/home/tiffany/fyp_ws/install/setup.bash'
[3.940s] INFO:colcon.colcon_core.shell:Creating prefix script '/home/tiffany/fyp_ws/install/local_setup.zsh'
[3.940s] INFO:colcon.colcon_core.shell:Creating prefix chain script '/home/tiffany/fyp_ws/install/setup.zsh'
