[0.127s] DEBUG:colcon:Command line arguments: ['/usr/bin/colcon', 'build']
[0.127s] DEBUG:colcon:Parsed command line arguments: Namespace(log_base=None, log_level=None, verb_name='build', build_base='build', install_base='install', merge_install=False, symlink_install=False, test_result_base=None, continue_on_error=False, executor='parallel', parallel_workers=16, event_handlers=None, ignore_user_meta=False, metas=['./colcon.meta'], base_paths=['.'], packages_ignore=None, packages_ignore_regex=None, paths=None, packages_up_to=None, packages_up_to_regex=None, packages_above=None, packages_above_and_dependencies=None, packages_above_depth=None, packages_select_by_dep=None, packages_skip_by_dep=None, packages_skip_up_to=None, packages_select_build_failed=False, packages_skip_build_finished=False, packages_select_test_failures=False, packages_skip_test_passed=False, packages_select=None, packages_skip=None, packages_select_regex=None, packages_skip_regex=None, packages_start=None, packages_end=None, allow_overriding=[], cmake_args=None, cmake_target=None, cmake_target_skip_unavailable=False, cmake_clean_cache=False, cmake_clean_first=False, cmake_force_configure=False, ament_cmake_args=None, catkin_cmake_args=None, catkin_skip_building_tests=False, mixin_files=None, mixin=None, verb_parser=<colcon_mixin.mixin.mixin_argument.MixinArgumentDecorator object at 0x7b47c9302d70>, verb_extension=<colcon_core.verb.build.BuildVerb object at 0x7b47c9302800>, main=<bound method BuildVerb.main of <colcon_core.verb.build.BuildVerb object at 0x7b47c9302800>>, mixin_verb=('build',))
[0.320s] Level 1:colcon.colcon_core.package_discovery:discover_packages(colcon_meta) check parameters
[0.320s] Level 1:colcon.colcon_core.package_discovery:discover_packages(recursive) check parameters
[0.320s] Level 1:colcon.colcon_core.package_discovery:discover_packages(ignore) check parameters
[0.320s] Level 1:colcon.colcon_core.package_discovery:discover_packages(path) check parameters
[0.320s] Level 1:colcon.colcon_core.package_discovery:discover_packages(colcon_meta) discover
[0.320s] Level 1:colcon.colcon_core.package_discovery:discover_packages(recursive) discover
[0.320s] INFO:colcon.colcon_core.package_discovery:Crawling recursively for packages in '/home/tiffany/fyp_ws'
[0.320s] Level 1:colcon.colcon_core.package_identification:_identify(.) by extensions ['ignore', 'ignore_ament_install']
[0.321s] Level 1:colcon.colcon_core.package_identification:_identify(.) by extension 'ignore'
[0.321s] Level 1:colcon.colcon_core.package_identification:_identify(.) by extension 'ignore_ament_install'
[0.321s] Level 1:colcon.colcon_core.package_identification:_identify(.) by extensions ['colcon_pkg']
[0.321s] Level 1:colcon.colcon_core.package_identification:_identify(.) by extension 'colcon_pkg'
[0.321s] Level 1:colcon.colcon_core.package_identification:_identify(.) by extensions ['colcon_meta']
[0.321s] Level 1:colcon.colcon_core.package_identification:_identify(.) by extension 'colcon_meta'
[0.321s] Level 1:colcon.colcon_core.package_identification:_identify(.) by extensions ['ros']
[0.321s] Level 1:colcon.colcon_core.package_identification:_identify(.) by extension 'ros'
[0.334s] Level 1:colcon.colcon_core.package_identification:_identify(.) by extensions ['cmake', 'python']
[0.334s] Level 1:colcon.colcon_core.package_identification:_identify(.) by extension 'cmake'
[0.334s] Level 1:colcon.colcon_core.package_identification:_identify(.) by extension 'python'
[0.334s] Level 1:colcon.colcon_core.package_identification:_identify(.) by extensions ['python_setup_py']
[0.334s] Level 1:colcon.colcon_core.package_identification:_identify(.) by extension 'python_setup_py'
[0.334s] Level 1:colcon.colcon_core.package_identification:_identify(build) by extensions ['ignore', 'ignore_ament_install']
[0.334s] Level 1:colcon.colcon_core.package_identification:_identify(build) by extension 'ignore'
[0.334s] Level 1:colcon.colcon_core.package_identification:_identify(build) ignored
[0.334s] Level 1:colcon.colcon_core.package_identification:_identify(install) by extensions ['ignore', 'ignore_ament_install']
[0.334s] Level 1:colcon.colcon_core.package_identification:_identify(install) by extension 'ignore'
[0.334s] Level 1:colcon.colcon_core.package_identification:_identify(install) ignored
[0.335s] Level 1:colcon.colcon_core.package_identification:_identify(log) by extensions ['ignore', 'ignore_ament_install']
[0.335s] Level 1:colcon.colcon_core.package_identification:_identify(log) by extension 'ignore'
[0.335s] Level 1:colcon.colcon_core.package_identification:_identify(log) ignored
[0.335s] Level 1:colcon.colcon_core.package_identification:_identify(src) by extensions ['ignore', 'ignore_ament_install']
[0.335s] Level 1:colcon.colcon_core.package_identification:_identify(src) by extension 'ignore'
[0.335s] Level 1:colcon.colcon_core.package_identification:_identify(src) by extension 'ignore_ament_install'
[0.335s] Level 1:colcon.colcon_core.package_identification:_identify(src) by extensions ['colcon_pkg']
[0.335s] Level 1:colcon.colcon_core.package_identification:_identify(src) by extension 'colcon_pkg'
[0.335s] Level 1:colcon.colcon_core.package_identification:_identify(src) by extensions ['colcon_meta']
[0.335s] Level 1:colcon.colcon_core.package_identification:_identify(src) by extension 'colcon_meta'
[0.335s] Level 1:colcon.colcon_core.package_identification:_identify(src) by extensions ['ros']
[0.335s] Level 1:colcon.colcon_core.package_identification:_identify(src) by extension 'ros'
[0.335s] Level 1:colcon.colcon_core.package_identification:_identify(src) by extensions ['cmake', 'python']
[0.335s] Level 1:colcon.colcon_core.package_identification:_identify(src) by extension 'cmake'
[0.335s] Level 1:colcon.colcon_core.package_identification:_identify(src) by extension 'python'
[0.335s] Level 1:colcon.colcon_core.package_identification:_identify(src) by extensions ['python_setup_py']
[0.335s] Level 1:colcon.colcon_core.package_identification:_identify(src) by extension 'python_setup_py'
[0.336s] Level 1:colcon.colcon_core.package_identification:_identify(src/drone_control) by extensions ['ignore', 'ignore_ament_install']
[0.336s] Level 1:colcon.colcon_core.package_identification:_identify(src/drone_control) by extension 'ignore'
[0.336s] Level 1:colcon.colcon_core.package_identification:_identify(src/drone_control) by extension 'ignore_ament_install'
[0.336s] Level 1:colcon.colcon_core.package_identification:_identify(src/drone_control) by extensions ['colcon_pkg']
[0.336s] Level 1:colcon.colcon_core.package_identification:_identify(src/drone_control) by extension 'colcon_pkg'
[0.336s] Level 1:colcon.colcon_core.package_identification:_identify(src/drone_control) by extensions ['colcon_meta']
[0.336s] Level 1:colcon.colcon_core.package_identification:_identify(src/drone_control) by extension 'colcon_meta'
[0.336s] Level 1:colcon.colcon_core.package_identification:_identify(src/drone_control) by extensions ['ros']
[0.336s] Level 1:colcon.colcon_core.package_identification:_identify(src/drone_control) by extension 'ros'
[0.339s] DEBUG:colcon.colcon_core.package_identification:Package 'src/drone_control' with type 'ros.ament_python' and name 'drone_control'
[0.339s] Level 1:colcon.colcon_core.package_identification:_identify(src/formation_gazebo) by extensions ['ignore', 'ignore_ament_install']
[0.339s] Level 1:colcon.colcon_core.package_identification:_identify(src/formation_gazebo) by extension 'ignore'
[0.339s] Level 1:colcon.colcon_core.package_identification:_identify(src/formation_gazebo) by extension 'ignore_ament_install'
[0.339s] Level 1:colcon.colcon_core.package_identification:_identify(src/formation_gazebo) by extensions ['colcon_pkg']
[0.339s] Level 1:colcon.colcon_core.package_identification:_identify(src/formation_gazebo) by extension 'colcon_pkg'
[0.339s] Level 1:colcon.colcon_core.package_identification:_identify(src/formation_gazebo) by extensions ['colcon_meta']
[0.340s] Level 1:colcon.colcon_core.package_identification:_identify(src/formation_gazebo) by extension 'colcon_meta'
[0.340s] Level 1:colcon.colcon_core.package_identification:_identify(src/formation_gazebo) by extensions ['ros']
[0.340s] Level 1:colcon.colcon_core.package_identification:_identify(src/formation_gazebo) by extension 'ros'
[0.340s] DEBUG:colcon.colcon_core.package_identification:Package 'src/formation_gazebo' with type 'ros.ament_cmake' and name 'formation_gazebo'
[0.340s] Level 1:colcon.colcon_core.package_identification:_identify(src/formation_msgs) by extensions ['ignore', 'ignore_ament_install']
[0.340s] Level 1:colcon.colcon_core.package_identification:_identify(src/formation_msgs) by extension 'ignore'
[0.340s] Level 1:colcon.colcon_core.package_identification:_identify(src/formation_msgs) by extension 'ignore_ament_install'
[0.340s] Level 1:colcon.colcon_core.package_identification:_identify(src/formation_msgs) by extensions ['colcon_pkg']
[0.340s] Level 1:colcon.colcon_core.package_identification:_identify(src/formation_msgs) by extension 'colcon_pkg'
[0.341s] Level 1:colcon.colcon_core.package_identification:_identify(src/formation_msgs) by extensions ['colcon_meta']
[0.341s] Level 1:colcon.colcon_core.package_identification:_identify(src/formation_msgs) by extension 'colcon_meta'
[0.341s] Level 1:colcon.colcon_core.package_identification:_identify(src/formation_msgs) by extensions ['ros']
[0.341s] Level 1:colcon.colcon_core.package_identification:_identify(src/formation_msgs) by extension 'ros'
[0.341s] DEBUG:colcon.colcon_core.package_identification:Package 'src/formation_msgs' with type 'ros.ament_cmake' and name 'formation_msgs'
[0.342s] Level 1:colcon.colcon_core.package_identification:_identify(src/formation_planner) by extensions ['ignore', 'ignore_ament_install']
[0.342s] Level 1:colcon.colcon_core.package_identification:_identify(src/formation_planner) by extension 'ignore'
[0.342s] Level 1:colcon.colcon_core.package_identification:_identify(src/formation_planner) by extension 'ignore_ament_install'
[0.342s] Level 1:colcon.colcon_core.package_identification:_identify(src/formation_planner) by extensions ['colcon_pkg']
[0.342s] Level 1:colcon.colcon_core.package_identification:_identify(src/formation_planner) by extension 'colcon_pkg'
[0.342s] Level 1:colcon.colcon_core.package_identification:_identify(src/formation_planner) by extensions ['colcon_meta']
[0.342s] Level 1:colcon.colcon_core.package_identification:_identify(src/formation_planner) by extension 'colcon_meta'
[0.342s] Level 1:colcon.colcon_core.package_identification:_identify(src/formation_planner) by extensions ['ros']
[0.342s] Level 1:colcon.colcon_core.package_identification:_identify(src/formation_planner) by extension 'ros'
[0.343s] DEBUG:colcon.colcon_core.package_identification:Package 'src/formation_planner' with type 'ros.ament_python' and name 'formation_planner'
[0.343s] Level 1:colcon.colcon_core.package_identification:_identify(src/formation_ui) by extensions ['ignore', 'ignore_ament_install']
[0.343s] Level 1:colcon.colcon_core.package_identification:_identify(src/formation_ui) by extension 'ignore'
[0.343s] Level 1:colcon.colcon_core.package_identification:_identify(src/formation_ui) by extension 'ignore_ament_install'
[0.343s] Level 1:colcon.colcon_core.package_identification:_identify(src/formation_ui) by extensions ['colcon_pkg']
[0.343s] Level 1:colcon.colcon_core.package_identification:_identify(src/formation_ui) by extension 'colcon_pkg'
[0.343s] Level 1:colcon.colcon_core.package_identification:_identify(src/formation_ui) by extensions ['colcon_meta']
[0.343s] Level 1:colcon.colcon_core.package_identification:_identify(src/formation_ui) by extension 'colcon_meta'
[0.343s] Level 1:colcon.colcon_core.package_identification:_identify(src/formation_ui) by extensions ['ros']
[0.343s] Level 1:colcon.colcon_core.package_identification:_identify(src/formation_ui) by extension 'ros'
[0.344s] DEBUG:colcon.colcon_core.package_identification:Package 'src/formation_ui' with type 'ros.ament_python' and name 'formation_ui'
[0.344s] Level 1:colcon.colcon_core.package_identification:_identify(src/llm_refinement) by extensions ['ignore', 'ignore_ament_install']
[0.344s] Level 1:colcon.colcon_core.package_identification:_identify(src/llm_refinement) by extension 'ignore'
[0.344s] Level 1:colcon.colcon_core.package_identification:_identify(src/llm_refinement) by extension 'ignore_ament_install'
[0.344s] Level 1:colcon.colcon_core.package_identification:_identify(src/llm_refinement) by extensions ['colcon_pkg']
[0.344s] Level 1:colcon.colcon_core.package_identification:_identify(src/llm_refinement) by extension 'colcon_pkg'
[0.344s] Level 1:colcon.colcon_core.package_identification:_identify(src/llm_refinement) by extensions ['colcon_meta']
[0.344s] Level 1:colcon.colcon_core.package_identification:_identify(src/llm_refinement) by extension 'colcon_meta'
[0.344s] Level 1:colcon.colcon_core.package_identification:_identify(src/llm_refinement) by extensions ['ros']
[0.344s] Level 1:colcon.colcon_core.package_identification:_identify(src/llm_refinement) by extension 'ros'
[0.345s] DEBUG:colcon.colcon_core.package_identification:Package 'src/llm_refinement' with type 'ros.ament_python' and name 'llm_refinement'
[0.345s] Level 1:colcon.colcon_core.package_identification:_identify(src/task_manager) by extensions ['ignore', 'ignore_ament_install']
[0.345s] Level 1:colcon.colcon_core.package_identification:_identify(src/task_manager) by extension 'ignore'
[0.345s] Level 1:colcon.colcon_core.package_identification:_identify(src/task_manager) by extension 'ignore_ament_install'
[0.345s] Level 1:colcon.colcon_core.package_identification:_identify(src/task_manager) by extensions ['colcon_pkg']
[0.345s] Level 1:colcon.colcon_core.package_identification:_identify(src/task_manager) by extension 'colcon_pkg'
[0.345s] Level 1:colcon.colcon_core.package_identification:_identify(src/task_manager) by extensions ['colcon_meta']
[0.345s] Level 1:colcon.colcon_core.package_identification:_identify(src/task_manager) by extension 'colcon_meta'
[0.346s] Level 1:colcon.colcon_core.package_identification:_identify(src/task_manager) by extensions ['ros']
[0.346s] Level 1:colcon.colcon_core.package_identification:_identify(src/task_manager) by extension 'ros'
[0.346s] DEBUG:colcon.colcon_core.package_identification:Package 'src/task_manager' with type 'ros.ament_python' and name 'task_manager'
[0.346s] Level 1:colcon.colcon_core.package_discovery:discover_packages(recursive) using defaults
[0.346s] Level 1:colcon.colcon_core.package_discovery:discover_packages(ignore) discover
[0.346s] Level 1:colcon.colcon_core.package_discovery:discover_packages(ignore) using defaults
[0.346s] Level 1:colcon.colcon_core.package_discovery:discover_packages(path) discover
[0.347s] Level 1:colcon.colcon_core.package_discovery:discover_packages(path) using defaults
[0.391s] Level 1:colcon.colcon_core.package_discovery:discover_packages(prefix_path) check parameters
[0.392s] Level 1:colcon.colcon_core.package_discovery:discover_packages(prefix_path) discover
[0.394s] DEBUG:colcon.colcon_installed_package_information.package_discovery:Found 7 installed packages in /home/tiffany/fyp_ws/install
[0.395s] DEBUG:colcon.colcon_installed_package_information.package_discovery:Found 231 installed packages in /opt/ros/humble
[0.397s] Level 1:colcon.colcon_core.package_discovery:discover_packages(prefix_path) using defaults
[0.431s] Level 5:colcon.colcon_core.verb:set package 'formation_gazebo' build argument 'cmake_args' from command line to 'None'
[0.431s] Level 5:colcon.colcon_core.verb:set package 'formation_gazebo' build argument 'cmake_target' from command line to 'None'
[0.431s] Level 5:colcon.colcon_core.verb:set package 'formation_gazebo' build argument 'cmake_target_skip_unavailable' from command line to 'False'
[0.431s] Level 5:colcon.colcon_core.verb:set package 'formation_gazebo' build argument 'cmake_clean_cache' from command line to 'False'
[0.431s] Level 5:colcon.colcon_core.verb:set package 'formation_gazebo' build argument 'cmake_clean_first' from command line to 'False'
[0.431s] Level 5:colcon.colcon_core.verb:set package 'formation_gazebo' build argument 'cmake_force_configure' from command line to 'False'
[0.431s] Level 5:colcon.colcon_core.verb:set package 'formation_gazebo' build argument 'ament_cmake_args' from command line to 'None'
[0.431s] Level 5:colcon.colcon_core.verb:set package 'formation_gazebo' build argument 'catkin_cmake_args' from command line to 'None'
[0.431s] Level 5:colcon.colcon_core.verb:set package 'formation_gazebo' build argument 'catkin_skip_building_tests' from command line to 'False'
[0.431s] DEBUG:colcon.colcon_core.verb:Building package 'formation_gazebo' with the following arguments: {'ament_cmake_args': None, 'build_base': '/home/tiffany/fyp_ws/build/formation_gazebo', 'catkin_cmake_args': None, 'catkin_skip_building_tests': False, 'cmake_args': None, 'cmake_clean_cache': False, 'cmake_clean_first': False, 'cmake_force_configure': False, 'cmake_target': None, 'cmake_target_skip_unavailable': False, 'install_base': '/home/tiffany/fyp_ws/install/formation_gazebo', 'merge_install': False, 'path': '/home/tiffany/fyp_ws/src/formation_gazebo', 'symlink_install': False, 'test_result_base': None}
[0.431s] Level 5:colcon.colcon_core.verb:set package 'formation_msgs' build argument 'cmake_args' from command line to 'None'
[0.431s] Level 5:colcon.colcon_core.verb:set package 'formation_msgs' build argument 'cmake_target' from command line to 'None'
[0.431s] Level 5:colcon.colcon_core.verb:set package 'formation_msgs' build argument 'cmake_target_skip_unavailable' from command line to 'False'
[0.431s] Level 5:colcon.colcon_core.verb:set package 'formation_msgs' build argument 'cmake_clean_cache' from command line to 'False'
[0.431s] Level 5:colcon.colcon_core.verb:set package 'formation_msgs' build argument 'cmake_clean_first' from command line to 'False'
[0.431s] Level 5:colcon.colcon_core.verb:set package 'formation_msgs' build argument 'cmake_force_configure' from command line to 'False'
[0.431s] Level 5:colcon.colcon_core.verb:set package 'formation_msgs' build argument 'ament_cmake_args' from command line to 'None'
[0.431s] Level 5:colcon.colcon_core.verb:set package 'formation_msgs' build argument 'catkin_cmake_args' from command line to 'None'
[0.431s] Level 5:colcon.colcon_core.verb:set package 'formation_msgs' build argument 'catkin_skip_building_tests' from command line to 'False'
[0.432s] DEBUG:colcon.colcon_core.verb:Building package 'formation_msgs' with the following arguments: {'ament_cmake_args': None, 'build_base': '/home/tiffany/fyp_ws/build/formation_msgs', 'catkin_cmake_args': None, 'catkin_skip_building_tests': False, 'cmake_args': None, 'cmake_clean_cache': False, 'cmake_clean_first': False, 'cmake_force_configure': False, 'cmake_target': None, 'cmake_target_skip_unavailable': False, 'install_base': '/home/tiffany/fyp_ws/install/formation_msgs', 'merge_install': False, 'path': '/home/tiffany/fyp_ws/src/formation_msgs', 'symlink_install': False, 'test_result_base': None}
[0.432s] Level 5:colcon.colcon_core.verb:set package 'drone_control' build argument 'cmake_args' from command line to 'None'
[0.432s] Level 5:colcon.colcon_core.verb:set package 'drone_control' build argument 'cmake_target' from command line to 'None'
[0.432s] Level 5:colcon.colcon_core.verb:set package 'drone_control' build argument 'cmake_target_skip_unavailable' from command line to 'False'
[0.432s] Level 5:colcon.colcon_core.verb:set package 'drone_control' build argument 'cmake_clean_cache' from command line to 'False'
[0.432s] Level 5:colcon.colcon_core.verb:set package 'drone_control' build argument 'cmake_clean_first' from command line to 'False'
[0.432s] Level 5:colcon.colcon_core.verb:set package 'drone_control' build argument 'cmake_force_configure' from command line to 'False'
[0.432s] Level 5:colcon.colcon_core.verb:set package 'drone_control' build argument 'ament_cmake_args' from command line to 'None'
[0.432s] Level 5:colcon.colcon_core.verb:set package 'drone_control' build argument 'catkin_cmake_args' from command line to 'None'
[0.432s] Level 5:colcon.colcon_core.verb:set package 'drone_control' build argument 'catkin_skip_building_tests' from command line to 'False'
[0.432s] DEBUG:colcon.colcon_core.verb:Building package 'drone_control' with the following arguments: {'ament_cmake_args': None, 'build_base': '/home/tiffany/fyp_ws/build/drone_control', 'catkin_cmake_args': None, 'catkin_skip_building_tests': False, 'cmake_args': None, 'cmake_clean_cache': False, 'cmake_clean_first': False, 'cmake_force_configure': False, 'cmake_target': None, 'cmake_target_skip_unavailable': False, 'install_base': '/home/tiffany/fyp_ws/install/drone_control', 'merge_install': False, 'path': '/home/tiffany/fyp_ws/src/drone_control', 'symlink_install': False, 'test_result_base': None}
[0.432s] Level 5:colcon.colcon_core.verb:set package 'formation_planner' build argument 'cmake_args' from command line to 'None'
[0.432s] Level 5:colcon.colcon_core.verb:set package 'formation_planner' build argument 'cmake_target' from command line to 'None'
[0.433s] Level 5:colcon.colcon_core.verb:set package 'formation_planner' build argument 'cmake_target_skip_unavailable' from command line to 'False'
[0.433s] Level 5:colcon.colcon_core.verb:set package 'formation_planner' build argument 'cmake_clean_cache' from command line to 'False'
[0.433s] Level 5:colcon.colcon_core.verb:set package 'formation_planner' build argument 'cmake_clean_first' from command line to 'False'
[0.433s] Level 5:colcon.colcon_core.verb:set package 'formation_planner' build argument 'cmake_force_configure' from command line to 'False'
[0.433s] Level 5:colcon.colcon_core.verb:set package 'formation_planner' build argument 'ament_cmake_args' from command line to 'None'
[0.433s] Level 5:colcon.colcon_core.verb:set package 'formation_planner' build argument 'catkin_cmake_args' from command line to 'None'
[0.433s] Level 5:colcon.colcon_core.verb:set package 'formation_planner' build argument 'catkin_skip_building_tests' from command line to 'False'
[0.433s] DEBUG:colcon.colcon_core.verb:Building package 'formation_planner' with the following arguments: {'ament_cmake_args': None, 'build_base': '/home/tiffany/fyp_ws/build/formation_planner', 'catkin_cmake_args': None, 'catkin_skip_building_tests': False, 'cmake_args': None, 'cmake_clean_cache': False, 'cmake_clean_first': False, 'cmake_force_configure': False, 'cmake_target': None, 'cmake_target_skip_unavailable': False, 'install_base': '/home/tiffany/fyp_ws/install/formation_planner', 'merge_install': False, 'path': '/home/tiffany/fyp_ws/src/formation_planner', 'symlink_install': False, 'test_result_base': None}
[0.433s] Level 5:colcon.colcon_core.verb:set package 'formation_ui' build argument 'cmake_args' from command line to 'None'
[0.433s] Level 5:colcon.colcon_core.verb:set package 'formation_ui' build argument 'cmake_target' from command line to 'None'
[0.433s] Level 5:colcon.colcon_core.verb:set package 'formation_ui' build argument 'cmake_target_skip_unavailable' from command line to 'False'
[0.433s] Level 5:colcon.colcon_core.verb:set package 'formation_ui' build argument 'cmake_clean_cache' from command line to 'False'
[0.433s] Level 5:colcon.colcon_core.verb:set package 'formation_ui' build argument 'cmake_clean_first' from command line to 'False'
[0.433s] Level 5:colcon.colcon_core.verb:set package 'formation_ui' build argument 'cmake_force_configure' from command line to 'False'
[0.433s] Level 5:colcon.colcon_core.verb:set package 'formation_ui' build argument 'ament_cmake_args' from command line to 'None'
[0.433s] Level 5:colcon.colcon_core.verb:set package 'formation_ui' build argument 'catkin_cmake_args' from command line to 'None'
[0.433s] Level 5:colcon.colcon_core.verb:set package 'formation_ui' build argument 'catkin_skip_building_tests' from command line to 'False'
[0.433s] DEBUG:colcon.colcon_core.verb:Building package 'formation_ui' with the following arguments: {'ament_cmake_args': None, 'build_base': '/home/tiffany/fyp_ws/build/formation_ui', 'catkin_cmake_args': None, 'catkin_skip_building_tests': False, 'cmake_args': None, 'cmake_clean_cache': False, 'cmake_clean_first': False, 'cmake_force_configure': False, 'cmake_target': None, 'cmake_target_skip_unavailable': False, 'install_base': '/home/tiffany/fyp_ws/install/formation_ui', 'merge_install': False, 'path': '/home/tiffany/fyp_ws/src/formation_ui', 'symlink_install': False, 'test_result_base': None}
[0.434s] Level 5:colcon.colcon_core.verb:set package 'llm_refinement' build argument 'cmake_args' from command line to 'None'
[0.434s] Level 5:colcon.colcon_core.verb:set package 'llm_refinement' build argument 'cmake_target' from command line to 'None'
[0.434s] Level 5:colcon.colcon_core.verb:set package 'llm_refinement' build argument 'cmake_target_skip_unavailable' from command line to 'False'
[0.434s] Level 5:colcon.colcon_core.verb:set package 'llm_refinement' build argument 'cmake_clean_cache' from command line to 'False'
[0.434s] Level 5:colcon.colcon_core.verb:set package 'llm_refinement' build argument 'cmake_clean_first' from command line to 'False'
[0.434s] Level 5:colcon.colcon_core.verb:set package 'llm_refinement' build argument 'cmake_force_configure' from command line to 'False'
[0.434s] Level 5:colcon.colcon_core.verb:set package 'llm_refinement' build argument 'ament_cmake_args' from command line to 'None'
[0.434s] Level 5:colcon.colcon_core.verb:set package 'llm_refinement' build argument 'catkin_cmake_args' from command line to 'None'
[0.434s] Level 5:colcon.colcon_core.verb:set package 'llm_refinement' build argument 'catkin_skip_building_tests' from command line to 'False'
[0.434s] DEBUG:colcon.colcon_core.verb:Building package 'llm_refinement' with the following arguments: {'ament_cmake_args': None, 'build_base': '/home/tiffany/fyp_ws/build/llm_refinement', 'catkin_cmake_args': None, 'catkin_skip_building_tests': False, 'cmake_args': None, 'cmake_clean_cache': False, 'cmake_clean_first': False, 'cmake_force_configure': False, 'cmake_target': None, 'cmake_target_skip_unavailable': False, 'install_base': '/home/tiffany/fyp_ws/install/llm_refinement', 'merge_install': False, 'path': '/home/tiffany/fyp_ws/src/llm_refinement', 'symlink_install': False, 'test_result_base': None}
[0.434s] Level 5:colcon.colcon_core.verb:set package 'task_manager' build argument 'cmake_args' from command line to 'None'
[0.434s] Level 5:colcon.colcon_core.verb:set package 'task_manager' build argument 'cmake_target' from command line to 'None'
[0.434s] Level 5:colcon.colcon_core.verb:set package 'task_manager' build argument 'cmake_target_skip_unavailable' from command line to 'False'
[0.434s] Level 5:colcon.colcon_core.verb:set package 'task_manager' build argument 'cmake_clean_cache' from command line to 'False'
[0.434s] Level 5:colcon.colcon_core.verb:set package 'task_manager' build argument 'cmake_clean_first' from command line to 'False'
[0.434s] Level 5:colcon.colcon_core.verb:set package 'task_manager' build argument 'cmake_force_configure' from command line to 'False'
[0.434s] Level 5:colcon.colcon_core.verb:set package 'task_manager' build argument 'ament_cmake_args' from command line to 'None'
[0.434s] Level 5:colcon.colcon_core.verb:set package 'task_manager' build argument 'catkin_cmake_args' from command line to 'None'
[0.434s] Level 5:colcon.colcon_core.verb:set package 'task_manager' build argument 'catkin_skip_building_tests' from command line to 'False'
[0.434s] DEBUG:colcon.colcon_core.verb:Building package 'task_manager' with the following arguments: {'ament_cmake_args': None, 'build_base': '/home/tiffany/fyp_ws/build/task_manager', 'catkin_cmake_args': None, 'catkin_skip_building_tests': False, 'cmake_args': None, 'cmake_clean_cache': False, 'cmake_clean_first': False, 'cmake_force_configure': False, 'cmake_target': None, 'cmake_target_skip_unavailable': False, 'install_base': '/home/tiffany/fyp_ws/install/task_manager', 'merge_install': False, 'path': '/home/tiffany/fyp_ws/src/task_manager', 'symlink_install': False, 'test_result_base': None}
[0.435s] INFO:colcon.colcon_core.executor:Executing jobs using 'parallel' executor
[0.436s] DEBUG:colcon.colcon_parallel_executor.executor.parallel:run_until_complete
[0.436s] INFO:colcon.colcon_ros.task.ament_cmake.build:Building ROS package in '/home/tiffany/fyp_ws/src/formation_msgs' with build type 'ament_cmake'
[0.436s] INFO:colcon.colcon_cmake.task.cmake.build:Building CMake package in '/home/tiffany/fyp_ws/src/formation_msgs'
[0.439s] INFO:colcon.colcon_core.plugin_system:Skipping extension 'colcon_core.shell.bat': Not used on non-Windows systems
[0.439s] INFO:colcon.colcon_core.shell:Skip shell extension 'powershell' for command environment: Not usable outside of PowerShell
[0.439s] DEBUG:colcon.colcon_core.shell:Skip shell extension 'dsv' for command environment
[0.443s] INFO:colcon.colcon_ros.task.ament_cmake.build:Building ROS package in '/home/tiffany/fyp_ws/src/formation_gazebo' with build type 'ament_cmake'
[0.443s] INFO:colcon.colcon_cmake.task.cmake.build:Building CMake package in '/home/tiffany/fyp_ws/src/formation_gazebo'
[0.443s] INFO:colcon.colcon_core.shell:Skip shell extension 'powershell' for command environment: Not usable outside of PowerShell
[0.443s] DEBUG:colcon.colcon_core.shell:Skip shell extension 'dsv' for command environment
[0.454s] DEBUG:colcon.colcon_core.event_handler.log_command:Invoking command in '/home/tiffany/fyp_ws/build/formation_msgs': CMAKE_PREFIX_PATH=${CMAKE_PREFIX_PATH}:/home/tiffany/fyp_ws/install/task_manager:/home/tiffany/fyp_ws/install/llm_refinement:/home/tiffany/fyp_ws/install/formation_ui:/home/tiffany/fyp_ws/install/formation_planner:/home/tiffany/fyp_ws/install/drone_control:/opt/ros/humble /usr/bin/cmake --build /home/tiffany/fyp_ws/build/formation_msgs -- -j16 -l16
[0.457s] DEBUG:colcon.colcon_core.event_handler.log_command:Invoking command in '/home/tiffany/fyp_ws/build/formation_gazebo': CMAKE_PREFIX_PATH=${CMAKE_PREFIX_PATH}:/home/tiffany/fyp_ws/install/task_manager:/home/tiffany/fyp_ws/install/llm_refinement:/home/tiffany/fyp_ws/install/formation_ui:/home/tiffany/fyp_ws/install/formation_planner:/home/tiffany/fyp_ws/install/drone_control:/opt/ros/humble /usr/bin/cmake --build /home/tiffany/fyp_ws/build/formation_gazebo -- -j16 -l16
[0.512s] DEBUG:colcon.colcon_core.event_handler.log_command:Invoked command in '/home/tiffany/fyp_ws/build/formation_gazebo' returned '0': CMAKE_PREFIX_PATH=${CMAKE_PREFIX_PATH}:/home/tiffany/fyp_ws/install/task_manager:/home/tiffany/fyp_ws/install/llm_refinement:/home/tiffany/fyp_ws/install/formation_ui:/home/tiffany/fyp_ws/install/formation_planner:/home/tiffany/fyp_ws/install/drone_control:/opt/ros/humble /usr/bin/cmake --build /home/tiffany/fyp_ws/build/formation_gazebo -- -j16 -l16
[0.526s] DEBUG:colcon.colcon_core.event_handler.log_command:Invoking command in '/home/tiffany/fyp_ws/build/formation_gazebo': CMAKE_PREFIX_PATH=${CMAKE_PREFIX_PATH}:/home/tiffany/fyp_ws/install/task_manager:/home/tiffany/fyp_ws/install/llm_refinement:/home/tiffany/fyp_ws/install/formation_ui:/home/tiffany/fyp_ws/install/formation_planner:/home/tiffany/fyp_ws/install/drone_control:/opt/ros/humble /usr/bin/cmake --install /home/tiffany/fyp_ws/build/formation_gazebo
[0.541s] Level 1:colcon.colcon_core.environment:create_environment_scripts_only(formation_gazebo)
[0.542s] DEBUG:colcon.colcon_core.event_handler.log_command:Invoked command in '/home/tiffany/fyp_ws/build/formation_gazebo' returned '0': CMAKE_PREFIX_PATH=${CMAKE_PREFIX_PATH}:/home/tiffany/fyp_ws/install/task_manager:/home/tiffany/fyp_ws/install/llm_refinement:/home/tiffany/fyp_ws/install/formation_ui:/home/tiffany/fyp_ws/install/formation_planner:/home/tiffany/fyp_ws/install/drone_control:/opt/ros/humble /usr/bin/cmake --install /home/tiffany/fyp_ws/build/formation_gazebo
[0.545s] Level 1:colcon.colcon_core.environment:checking '/home/tiffany/fyp_ws/install/formation_gazebo' for CMake module files
[0.545s] Level 1:colcon.colcon_core.environment:checking '/home/tiffany/fyp_ws/install/formation_gazebo' for CMake config files
[0.546s] Level 1:colcon.colcon_core.shell:create_environment_hook('formation_gazebo', 'cmake_prefix_path')
[0.546s] INFO:colcon.colcon_core.shell:Creating environment hook '/home/tiffany/fyp_ws/install/formation_gazebo/share/formation_gazebo/hook/cmake_prefix_path.ps1'
[0.547s] INFO:colcon.colcon_core.shell:Creating environment descriptor '/home/tiffany/fyp_ws/install/formation_gazebo/share/formation_gazebo/hook/cmake_prefix_path.dsv'
[0.548s] INFO:colcon.colcon_core.shell:Creating environment hook '/home/tiffany/fyp_ws/install/formation_gazebo/share/formation_gazebo/hook/cmake_prefix_path.sh'
[0.549s] Level 1:colcon.colcon_core.environment:checking '/home/tiffany/fyp_ws/install/formation_gazebo/bin'
[0.549s] Level 1:colcon.colcon_core.environment:checking '/home/tiffany/fyp_ws/install/formation_gazebo/lib/pkgconfig/formation_gazebo.pc'
[0.550s] Level 1:colcon.colcon_core.environment:checking '/home/tiffany/fyp_ws/install/formation_gazebo/lib/python3.10/site-packages'
[0.550s] Level 1:colcon.colcon_core.environment:checking '/home/tiffany/fyp_ws/install/formation_gazebo/bin'
[0.550s] INFO:colcon.colcon_core.shell:Creating package script '/home/tiffany/fyp_ws/install/formation_gazebo/share/formation_gazebo/package.ps1'
[0.552s] INFO:colcon.colcon_core.shell:Creating package descriptor '/home/tiffany/fyp_ws/install/formation_gazebo/share/formation_gazebo/package.dsv'
[0.552s] INFO:colcon.colcon_core.shell:Creating package script '/home/tiffany/fyp_ws/install/formation_gazebo/share/formation_gazebo/package.sh'
[0.553s] INFO:colcon.colcon_core.shell:Creating package script '/home/tiffany/fyp_ws/install/formation_gazebo/share/formation_gazebo/package.bash'
[0.554s] INFO:colcon.colcon_core.shell:Creating package script '/home/tiffany/fyp_ws/install/formation_gazebo/share/formation_gazebo/package.zsh'
[0.555s] Level 1:colcon.colcon_core.environment:create_file_with_runtime_dependencies(/home/tiffany/fyp_ws/install/formation_gazebo/share/colcon-core/packages/formation_gazebo)
[0.556s] Level 1:colcon.colcon_core.environment:create_environment_scripts_only(formation_gazebo)
[0.556s] Level 1:colcon.colcon_core.environment:checking '/home/tiffany/fyp_ws/install/formation_gazebo' for CMake module files
[0.556s] Level 1:colcon.colcon_core.environment:checking '/home/tiffany/fyp_ws/install/formation_gazebo' for CMake config files
[0.557s] Level 1:colcon.colcon_core.shell:create_environment_hook('formation_gazebo', 'cmake_prefix_path')
[0.557s] INFO:colcon.colcon_core.shell:Creating environment hook '/home/tiffany/fyp_ws/install/formation_gazebo/share/formation_gazebo/hook/cmake_prefix_path.ps1'
[0.557s] INFO:colcon.colcon_core.shell:Creating environment descriptor '/home/tiffany/fyp_ws/install/formation_gazebo/share/formation_gazebo/hook/cmake_prefix_path.dsv'
[0.558s] INFO:colcon.colcon_core.shell:Creating environment hook '/home/tiffany/fyp_ws/install/formation_gazebo/share/formation_gazebo/hook/cmake_prefix_path.sh'
[0.558s] Level 1:colcon.colcon_core.environment:checking '/home/tiffany/fyp_ws/install/formation_gazebo/bin'
[0.559s] Level 1:colcon.colcon_core.environment:checking '/home/tiffany/fyp_ws/install/formation_gazebo/lib/pkgconfig/formation_gazebo.pc'
[0.559s] Level 1:colcon.colcon_core.environment:checking '/home/tiffany/fyp_ws/install/formation_gazebo/lib/python3.10/site-packages'
[0.559s] Level 1:colcon.colcon_core.environment:checking '/home/tiffany/fyp_ws/install/formation_gazebo/bin'
[0.560s] INFO:colcon.colcon_core.shell:Creating package script '/home/tiffany/fyp_ws/install/formation_gazebo/share/formation_gazebo/package.ps1'
[0.561s] INFO:colcon.colcon_core.shell:Creating package descriptor '/home/tiffany/fyp_ws/install/formation_gazebo/share/formation_gazebo/package.dsv'
[0.562s] INFO:colcon.colcon_core.shell:Creating package script '/home/tiffany/fyp_ws/install/formation_gazebo/share/formation_gazebo/package.sh'
[0.563s] INFO:colcon.colcon_core.shell:Creating package script '/home/tiffany/fyp_ws/install/formation_gazebo/share/formation_gazebo/package.bash'
[0.563s] INFO:colcon.colcon_core.shell:Creating package script '/home/tiffany/fyp_ws/install/formation_gazebo/share/formation_gazebo/package.zsh'
[0.563s] Level 1:colcon.colcon_core.environment:create_file_with_runtime_dependencies(/home/tiffany/fyp_ws/install/formation_gazebo/share/colcon-core/packages/formation_gazebo)
[0.920s] DEBUG:colcon.colcon_core.event_handler.log_command:Invoked command in '/home/tiffany/fyp_ws/build/formation_msgs' returned '0': CMAKE_PREFIX_PATH=${CMAKE_PREFIX_PATH}:/home/tiffany/fyp_ws/install/task_manager:/home/tiffany/fyp_ws/install/llm_refinement:/home/tiffany/fyp_ws/install/formation_ui:/home/tiffany/fyp_ws/install/formation_planner:/home/tiffany/fyp_ws/install/drone_control:/opt/ros/humble /usr/bin/cmake --build /home/tiffany/fyp_ws/build/formation_msgs -- -j16 -l16
[0.922s] DEBUG:colcon.colcon_core.event_handler.log_command:Invoking command in '/home/tiffany/fyp_ws/build/formation_msgs': CMAKE_PREFIX_PATH=${CMAKE_PREFIX_PATH}:/home/tiffany/fyp_ws/install/task_manager:/home/tiffany/fyp_ws/install/llm_refinement:/home/tiffany/fyp_ws/install/formation_ui:/home/tiffany/fyp_ws/install/formation_planner:/home/tiffany/fyp_ws/install/drone_control:/opt/ros/humble /usr/bin/cmake --install /home/tiffany/fyp_ws/build/formation_msgs
[1.004s] Level 1:colcon.colcon_core.environment:create_environment_scripts_only(formation_msgs)
[1.005s] Level 1:colcon.colcon_core.environment:checking '/home/tiffany/fyp_ws/install/formation_msgs' for CMake module files
[1.005s] DEBUG:colcon.colcon_core.event_handler.log_command:Invoked command in '/home/tiffany/fyp_ws/build/formation_msgs' returned '0': CMAKE_PREFIX_PATH=${CMAKE_PREFIX_PATH}:/home/tiffany/fyp_ws/install/task_manager:/home/tiffany/fyp_ws/install/llm_refinement:/home/tiffany/fyp_ws/install/formation_ui:/home/tiffany/fyp_ws/install/formation_planner:/home/tiffany/fyp_ws/install/drone_control:/opt/ros/humble /usr/bin/cmake --install /home/tiffany/fyp_ws/build/formation_msgs
[1.006s] Level 1:colcon.colcon_core.environment:checking '/home/tiffany/fyp_ws/install/formation_msgs' for CMake config files
[1.007s] Level 1:colcon.colcon_core.shell:create_environment_hook('formation_msgs', 'cmake_prefix_path')
[1.007s] INFO:colcon.colcon_core.shell:Creating environment hook '/home/tiffany/fyp_ws/install/formation_msgs/share/formation_msgs/hook/cmake_prefix_path.ps1'
[1.007s] INFO:colcon.colcon_core.shell:Creating environment descriptor '/home/tiffany/fyp_ws/install/formation_msgs/share/formation_msgs/hook/cmake_prefix_path.dsv'
[1.008s] INFO:colcon.colcon_core.shell:Creating environment hook '/home/tiffany/fyp_ws/install/formation_msgs/share/formation_msgs/hook/cmake_prefix_path.sh'
[1.008s] Level 1:colcon.colcon_core.environment:checking '/home/tiffany/fyp_ws/install/formation_msgs/lib'
[1.009s] Level 1:colcon.colcon_core.shell:create_environment_hook('formation_msgs', 'ld_library_path_lib')
[1.009s] INFO:colcon.colcon_core.shell:Creating environment hook '/home/tiffany/fyp_ws/install/formation_msgs/share/formation_msgs/hook/ld_library_path_lib.ps1'
[1.010s] INFO:colcon.colcon_core.shell:Creating environment descriptor '/home/tiffany/fyp_ws/install/formation_msgs/share/formation_msgs/hook/ld_library_path_lib.dsv'
[1.010s] INFO:colcon.colcon_core.shell:Creating environment hook '/home/tiffany/fyp_ws/install/formation_msgs/share/formation_msgs/hook/ld_library_path_lib.sh'
[1.010s] Level 1:colcon.colcon_core.environment:checking '/home/tiffany/fyp_ws/install/formation_msgs/bin'
[1.010s] Level 1:colcon.colcon_core.environment:checking '/home/tiffany/fyp_ws/install/formation_msgs/lib/pkgconfig/formation_msgs.pc'
[1.011s] Level 1:colcon.colcon_core.environment:checking '/home/tiffany/fyp_ws/install/formation_msgs/lib/python3.10/site-packages'
[1.011s] Level 1:colcon.colcon_core.environment:checking '/home/tiffany/fyp_ws/install/formation_msgs/bin'
[1.011s] INFO:colcon.colcon_core.shell:Creating package script '/home/tiffany/fyp_ws/install/formation_msgs/share/formation_msgs/package.ps1'
[1.012s] INFO:colcon.colcon_core.shell:Creating package descriptor '/home/tiffany/fyp_ws/install/formation_msgs/share/formation_msgs/package.dsv'
[1.012s] INFO:colcon.colcon_core.shell:Creating package script '/home/tiffany/fyp_ws/install/formation_msgs/share/formation_msgs/package.sh'
[1.013s] INFO:colcon.colcon_core.shell:Creating package script '/home/tiffany/fyp_ws/install/formation_msgs/share/formation_msgs/package.bash'
[1.013s] INFO:colcon.colcon_core.shell:Creating package script '/home/tiffany/fyp_ws/install/formation_msgs/share/formation_msgs/package.zsh'
[1.014s] Level 1:colcon.colcon_core.environment:create_file_with_runtime_dependencies(/home/tiffany/fyp_ws/install/formation_msgs/share/colcon-core/packages/formation_msgs)
[1.015s] Level 1:colcon.colcon_core.environment:create_environment_scripts_only(formation_msgs)
[1.015s] Level 1:colcon.colcon_core.environment:checking '/home/tiffany/fyp_ws/install/formation_msgs' for CMake module files
[1.016s] Level 1:colcon.colcon_core.environment:checking '/home/tiffany/fyp_ws/install/formation_msgs' for CMake config files
[1.016s] Level 1:colcon.colcon_core.shell:create_environment_hook('formation_msgs', 'cmake_prefix_path')
[1.016s] INFO:colcon.colcon_core.shell:Creating environment hook '/home/tiffany/fyp_ws/install/formation_msgs/share/formation_msgs/hook/cmake_prefix_path.ps1'
[1.017s] INFO:colcon.colcon_core.shell:Creating environment descriptor '/home/tiffany/fyp_ws/install/formation_msgs/share/formation_msgs/hook/cmake_prefix_path.dsv'
[1.017s] INFO:colcon.colcon_core.shell:Creating environment hook '/home/tiffany/fyp_ws/install/formation_msgs/share/formation_msgs/hook/cmake_prefix_path.sh'
[1.018s] Level 1:colcon.colcon_core.environment:checking '/home/tiffany/fyp_ws/install/formation_msgs/lib'
[1.018s] Level 1:colcon.colcon_core.shell:create_environment_hook('formation_msgs', 'ld_library_path_lib')
[1.018s] INFO:colcon.colcon_core.shell:Creating environment hook '/home/tiffany/fyp_ws/install/formation_msgs/share/formation_msgs/hook/ld_library_path_lib.ps1'
[1.019s] INFO:colcon.colcon_core.shell:Creating environment descriptor '/home/tiffany/fyp_ws/install/formation_msgs/share/formation_msgs/hook/ld_library_path_lib.dsv'
[1.019s] INFO:colcon.colcon_core.shell:Creating environment hook '/home/tiffany/fyp_ws/install/formation_msgs/share/formation_msgs/hook/ld_library_path_lib.sh'
[1.019s] Level 1:colcon.colcon_core.environment:checking '/home/tiffany/fyp_ws/install/formation_msgs/bin'
[1.020s] Level 1:colcon.colcon_core.environment:checking '/home/tiffany/fyp_ws/install/formation_msgs/lib/pkgconfig/formation_msgs.pc'
[1.020s] Level 1:colcon.colcon_core.environment:checking '/home/tiffany/fyp_ws/install/formation_msgs/lib/python3.10/site-packages'
[1.020s] Level 1:colcon.colcon_core.environment:checking '/home/tiffany/fyp_ws/install/formation_msgs/bin'
[1.020s] INFO:colcon.colcon_core.shell:Creating package script '/home/tiffany/fyp_ws/install/formation_msgs/share/formation_msgs/package.ps1'
[1.021s] INFO:colcon.colcon_core.shell:Creating package descriptor '/home/tiffany/fyp_ws/install/formation_msgs/share/formation_msgs/package.dsv'
[1.022s] INFO:colcon.colcon_core.shell:Creating package script '/home/tiffany/fyp_ws/install/formation_msgs/share/formation_msgs/package.sh'
[1.022s] INFO:colcon.colcon_core.shell:Creating package script '/home/tiffany/fyp_ws/install/formation_msgs/share/formation_msgs/package.bash'
[1.023s] INFO:colcon.colcon_core.shell:Creating package script '/home/tiffany/fyp_ws/install/formation_msgs/share/formation_msgs/package.zsh'
[1.024s] Level 1:colcon.colcon_core.environment:create_file_with_runtime_dependencies(/home/tiffany/fyp_ws/install/formation_msgs/share/colcon-core/packages/formation_msgs)
[1.024s] INFO:colcon.colcon_ros.task.ament_python.build:Building ROS package in '/home/tiffany/fyp_ws/src/drone_control' with build type 'ament_python'
[1.024s] Level 1:colcon.colcon_core.shell:create_environment_hook('drone_control', 'ament_prefix_path')
[1.025s] INFO:colcon.colcon_core.shell:Creating environment hook '/home/tiffany/fyp_ws/install/drone_control/share/drone_control/hook/ament_prefix_path.ps1'
[1.025s] INFO:colcon.colcon_core.shell:Creating environment descriptor '/home/tiffany/fyp_ws/install/drone_control/share/drone_control/hook/ament_prefix_path.dsv'
[1.026s] INFO:colcon.colcon_core.shell:Creating environment hook '/home/tiffany/fyp_ws/install/drone_control/share/drone_control/hook/ament_prefix_path.sh'
[1.027s] INFO:colcon.colcon_core.shell:Skip shell extension 'powershell' for command environment: Not usable outside of PowerShell
[1.027s] DEBUG:colcon.colcon_core.shell:Skip shell extension 'dsv' for command environment
[1.031s] INFO:colcon.colcon_ros.task.ament_python.build:Building ROS package in '/home/tiffany/fyp_ws/src/formation_planner' with build type 'ament_python'
[1.031s] Level 1:colcon.colcon_core.shell:create_environment_hook('formation_planner', 'ament_prefix_path')
[1.032s] INFO:colcon.colcon_core.shell:Creating environment hook '/home/tiffany/fyp_ws/install/formation_planner/share/formation_planner/hook/ament_prefix_path.ps1'
[1.032s] INFO:colcon.colcon_core.shell:Creating environment descriptor '/home/tiffany/fyp_ws/install/formation_planner/share/formation_planner/hook/ament_prefix_path.dsv'
[1.033s] INFO:colcon.colcon_core.shell:Creating environment hook '/home/tiffany/fyp_ws/install/formation_planner/share/formation_planner/hook/ament_prefix_path.sh'
[1.034s] INFO:colcon.colcon_core.shell:Skip shell extension 'powershell' for command environment: Not usable outside of PowerShell
[1.034s] DEBUG:colcon.colcon_core.shell:Skip shell extension 'dsv' for command environment
[1.039s] INFO:colcon.colcon_ros.task.ament_python.build:Building ROS package in '/home/tiffany/fyp_ws/src/formation_ui' with build type 'ament_python'
[1.039s] Level 1:colcon.colcon_core.shell:create_environment_hook('formation_ui', 'ament_prefix_path')
[1.039s] INFO:colcon.colcon_core.shell:Creating environment hook '/home/tiffany/fyp_ws/install/formation_ui/share/formation_ui/hook/ament_prefix_path.ps1'
[1.040s] INFO:colcon.colcon_core.shell:Creating environment descriptor '/home/tiffany/fyp_ws/install/formation_ui/share/formation_ui/hook/ament_prefix_path.dsv'
[1.041s] INFO:colcon.colcon_core.shell:Creating environment hook '/home/tiffany/fyp_ws/install/formation_ui/share/formation_ui/hook/ament_prefix_path.sh'
[1.041s] INFO:colcon.colcon_core.shell:Skip shell extension 'powershell' for command environment: Not usable outside of PowerShell
[1.041s] DEBUG:colcon.colcon_core.shell:Skip shell extension 'dsv' for command environment
[1.045s] INFO:colcon.colcon_ros.task.ament_python.build:Building ROS package in '/home/tiffany/fyp_ws/src/llm_refinement' with build type 'ament_python'
[1.046s] Level 1:colcon.colcon_core.shell:create_environment_hook('llm_refinement', 'ament_prefix_path')
[1.046s] INFO:colcon.colcon_core.shell:Creating environment hook '/home/tiffany/fyp_ws/install/llm_refinement/share/llm_refinement/hook/ament_prefix_path.ps1'
[1.046s] INFO:colcon.colcon_core.shell:Creating environment descriptor '/home/tiffany/fyp_ws/install/llm_refinement/share/llm_refinement/hook/ament_prefix_path.dsv'
[1.047s] INFO:colcon.colcon_core.shell:Creating environment hook '/home/tiffany/fyp_ws/install/llm_refinement/share/llm_refinement/hook/ament_prefix_path.sh'
[1.047s] INFO:colcon.colcon_core.shell:Skip shell extension 'powershell' for command environment: Not usable outside of PowerShell
[1.048s] DEBUG:colcon.colcon_core.shell:Skip shell extension 'dsv' for command environment
[1.052s] INFO:colcon.colcon_ros.task.ament_python.build:Building ROS package in '/home/tiffany/fyp_ws/src/task_manager' with build type 'ament_python'
[1.052s] Level 1:colcon.colcon_core.shell:create_environment_hook('task_manager', 'ament_prefix_path')
[1.052s] INFO:colcon.colcon_core.shell:Creating environment hook '/home/tiffany/fyp_ws/install/task_manager/share/task_manager/hook/ament_prefix_path.ps1'
[1.054s] INFO:colcon.colcon_core.shell:Creating environment descriptor '/home/tiffany/fyp_ws/install/task_manager/share/task_manager/hook/ament_prefix_path.dsv'
[1.054s] INFO:colcon.colcon_core.shell:Creating environment hook '/home/tiffany/fyp_ws/install/task_manager/share/task_manager/hook/ament_prefix_path.sh'
[1.055s] INFO:colcon.colcon_core.shell:Skip shell extension 'powershell' for command environment: Not usable outside of PowerShell
[1.055s] DEBUG:colcon.colcon_core.shell:Skip shell extension 'dsv' for command environment
[1.376s] INFO:colcon.colcon_core.task.python.build:Building Python package in '/home/tiffany/fyp_ws/src/drone_control'
[1.376s] INFO:colcon.colcon_core.shell:Skip shell extension 'powershell' for command environment: Not usable outside of PowerShell
[1.376s] DEBUG:colcon.colcon_core.shell:Skip shell extension 'dsv' for command environment
[1.694s] INFO:colcon.colcon_core.task.python.build:Building Python package in '/home/tiffany/fyp_ws/src/formation_planner'
[1.695s] INFO:colcon.colcon_core.shell:Skip shell extension 'powershell' for command environment: Not usable outside of PowerShell
[1.695s] DEBUG:colcon.colcon_core.shell:Skip shell extension 'dsv' for command environment
[1.993s] INFO:colcon.colcon_core.task.python.build:Building Python package in '/home/tiffany/fyp_ws/src/formation_ui'
[1.993s] INFO:colcon.colcon_core.shell:Skip shell extension 'powershell' for command environment: Not usable outside of PowerShell
[1.993s] DEBUG:colcon.colcon_core.shell:Skip shell extension 'dsv' for command environment
[2.317s] INFO:colcon.colcon_core.task.python.build:Building Python package in '/home/tiffany/fyp_ws/src/llm_refinement'
[2.317s] INFO:colcon.colcon_core.shell:Skip shell extension 'powershell' for command environment: Not usable outside of PowerShell
[2.317s] DEBUG:colcon.colcon_core.shell:Skip shell extension 'dsv' for command environment
[2.647s] INFO:colcon.colcon_core.task.python.build:Building Python package in '/home/tiffany/fyp_ws/src/task_manager'
[2.648s] INFO:colcon.colcon_core.shell:Skip shell extension 'powershell' for command environment: Not usable outside of PowerShell
[2.648s] DEBUG:colcon.colcon_core.shell:Skip shell extension 'dsv' for command environment
[3.099s] DEBUG:colcon.colcon_core.task.python.build:Available setuptools commands: register, bdist, bdist_dumb, clean, build, install, upload_docs, dist_info, bdist_wheel, install_headers, bdist_egg, build_scripts, bdist_rpm, build_clib, upload, build_py, test, rotate, install_scripts, install_data, sdist, build_ext, nosetests, easy_install, check, saveopts, install_egg_info, develop, install_lib, setopt, symlink_data, alias, egg_info
[3.102s] DEBUG:colcon.colcon_core.event_handler.log_command:Invoking command in '/home/tiffany/fyp_ws/src/drone_control': PYTHONPATH=/home/tiffany/fyp_ws/build/drone_control/prefix_override:/usr/lib/python3/dist-packages/colcon_core/task/python/colcon_distutils_commands:/home/tiffany/fyp_ws/install/drone_control/lib/python3.10/site-packages:${PYTHONPATH} /usr/bin/python3 -W ignore:setup.py install is deprecated -W ignore:easy_install command is deprecated setup.py egg_info --egg-base ../../build/drone_control build --build-base /home/tiffany/fyp_ws/build/drone_control/build install --record /home/tiffany/fyp_ws/build/drone_control/install.log --install-scripts $base/lib/drone_control --single-version-externally-managed install_data
[3.104s] DEBUG:colcon.colcon_core.task.python.build:Available setuptools commands: register, bdist, bdist_dumb, clean, build, install, upload_docs, dist_info, bdist_wheel, install_headers, bdist_egg, build_scripts, bdist_rpm, build_clib, upload, build_py, test, rotate, install_scripts, install_data, sdist, build_ext, nosetests, easy_install, check, saveopts, install_egg_info, develop, install_lib, setopt, symlink_data, alias, egg_info
[3.107s] DEBUG:colcon.colcon_core.task.python.build:Available setuptools commands: register, bdist, bdist_dumb, clean, build, install, upload_docs, dist_info, bdist_wheel, install_headers, bdist_egg, build_scripts, bdist_rpm, build_clib, upload, build_py, test, rotate, install_scripts, install_data, sdist, build_ext, nosetests, easy_install, check, saveopts, install_egg_info, develop, install_lib, setopt, symlink_data, alias, egg_info
[3.109s] DEBUG:colcon.colcon_core.event_handler.log_command:Invoking command in '/home/tiffany/fyp_ws/src/task_manager': PYTHONPATH=/home/tiffany/fyp_ws/build/task_manager/prefix_override:/usr/lib/python3/dist-packages/colcon_core/task/python/colcon_distutils_commands:/home/tiffany/fyp_ws/install/task_manager/lib/python3.10/site-packages:${PYTHONPATH} /usr/bin/python3 -W ignore:setup.py install is deprecated -W ignore:easy_install command is deprecated setup.py egg_info --egg-base ../../build/task_manager build --build-base /home/tiffany/fyp_ws/build/task_manager/build install --record /home/tiffany/fyp_ws/build/task_manager/install.log --install-scripts $base/lib/task_manager --single-version-externally-managed install_data
[3.111s] DEBUG:colcon.colcon_core.task.python.build:Available setuptools commands: register, bdist, bdist_dumb, clean, build, install, upload_docs, dist_info, bdist_wheel, install_headers, bdist_egg, build_scripts, bdist_rpm, build_clib, upload, build_py, test, rotate, install_scripts, install_data, sdist, build_ext, nosetests, easy_install, check, saveopts, install_egg_info, develop, install_lib, setopt, symlink_data, alias, egg_info
[3.113s] DEBUG:colcon.colcon_core.event_handler.log_command:Invoking command in '/home/tiffany/fyp_ws/src/llm_refinement': PYTHONPATH=/home/tiffany/fyp_ws/build/llm_refinement/prefix_override:/usr/lib/python3/dist-packages/colcon_core/task/python/colcon_distutils_commands:/home/tiffany/fyp_ws/install/llm_refinement/lib/python3.10/site-packages:${PYTHONPATH} /usr/bin/python3 -W ignore:setup.py install is deprecated -W ignore:easy_install command is deprecated setup.py egg_info --egg-base ../../build/llm_refinement build --build-base /home/tiffany/fyp_ws/build/llm_refinement/build install --record /home/tiffany/fyp_ws/build/llm_refinement/install.log --install-scripts $base/lib/llm_refinement --single-version-externally-managed install_data
[3.113s] DEBUG:colcon.colcon_core.task.python.build:Available setuptools commands: register, bdist, bdist_dumb, clean, build, install, upload_docs, dist_info, bdist_wheel, install_headers, bdist_egg, build_scripts, bdist_rpm, build_clib, upload, build_py, test, rotate, install_scripts, install_data, sdist, build_ext, nosetests, easy_install, check, saveopts, install_egg_info, develop, install_lib, setopt, symlink_data, alias, egg_info
[3.116s] DEBUG:colcon.colcon_core.event_handler.log_command:Invoking command in '/home/tiffany/fyp_ws/src/formation_ui': PYTHONPATH=/home/tiffany/fyp_ws/build/formation_ui/prefix_override:/usr/lib/python3/dist-packages/colcon_core/task/python/colcon_distutils_commands:/home/tiffany/fyp_ws/install/formation_ui/lib/python3.10/site-packages:${PYTHONPATH} /usr/bin/python3 -W ignore:setup.py install is deprecated -W ignore:easy_install command is deprecated setup.py egg_info --egg-base ../../build/formation_ui build --build-base /home/tiffany/fyp_ws/build/formation_ui/build install --record /home/tiffany/fyp_ws/build/formation_ui/install.log --install-scripts $base/lib/formation_ui --single-version-externally-managed install_data
[3.117s] DEBUG:colcon.colcon_core.event_handler.log_command:Invoking command in '/home/tiffany/fyp_ws/src/formation_planner': PYTHONPATH=/home/tiffany/fyp_ws/build/formation_planner/prefix_override:/usr/lib/python3/dist-packages/colcon_core/task/python/colcon_distutils_commands:/home/tiffany/fyp_ws/install/formation_planner/lib/python3.10/site-packages:${PYTHONPATH} /usr/bin/python3 -W ignore:setup.py install is deprecated -W ignore:easy_install command is deprecated setup.py egg_info --egg-base ../../build/formation_planner build --build-base /home/tiffany/fyp_ws/build/formation_planner/build install --record /home/tiffany/fyp_ws/build/formation_planner/install.log --install-scripts $base/lib/formation_planner --single-version-externally-managed install_data
[3.479s] Level 1:colcon.colcon_core.environment:checking '/home/tiffany/fyp_ws/install/task_manager' for CMake module files
[3.480s] DEBUG:colcon.colcon_core.event_handler.log_command:Invoked command in '/home/tiffany/fyp_ws/src/task_manager' returned '0': PYTHONPATH=/home/tiffany/fyp_ws/build/task_manager/prefix_override:/usr/lib/python3/dist-packages/colcon_core/task/python/colcon_distutils_commands:/home/tiffany/fyp_ws/install/task_manager/lib/python3.10/site-packages:${PYTHONPATH} /usr/bin/python3 -W ignore:setup.py install is deprecated -W ignore:easy_install command is deprecated setup.py egg_info --egg-base ../../build/task_manager build --build-base /home/tiffany/fyp_ws/build/task_manager/build install --record /home/tiffany/fyp_ws/build/task_manager/install.log --install-scripts $base/lib/task_manager --single-version-externally-managed install_data
[3.480s] Level 1:colcon.colcon_core.environment:checking '/home/tiffany/fyp_ws/install/task_manager' for CMake config files
[3.481s] Level 1:colcon.colcon_core.environment:checking '/home/tiffany/fyp_ws/install/task_manager/lib'
[3.481s] Level 1:colcon.colcon_core.environment:checking '/home/tiffany/fyp_ws/install/task_manager/bin'
[3.481s] Level 1:colcon.colcon_core.environment:checking '/home/tiffany/fyp_ws/install/task_manager/lib/pkgconfig/task_manager.pc'
[3.481s] Level 1:colcon.colcon_core.environment:checking '/home/tiffany/fyp_ws/install/task_manager/lib/python3.10/site-packages'
[3.481s] Level 1:colcon.colcon_core.shell:create_environment_hook('task_manager', 'pythonpath')
[3.482s] INFO:colcon.colcon_core.shell:Creating environment hook '/home/tiffany/fyp_ws/install/task_manager/share/task_manager/hook/pythonpath.ps1'
[3.482s] INFO:colcon.colcon_core.shell:Creating environment descriptor '/home/tiffany/fyp_ws/install/task_manager/share/task_manager/hook/pythonpath.dsv'
[3.483s] INFO:colcon.colcon_core.shell:Creating environment hook '/home/tiffany/fyp_ws/install/task_manager/share/task_manager/hook/pythonpath.sh'
[3.484s] Level 1:colcon.colcon_core.environment:checking '/home/tiffany/fyp_ws/install/task_manager/bin'
[3.484s] Level 1:colcon.colcon_core.environment:create_environment_scripts_only(task_manager)
[3.484s] INFO:colcon.colcon_core.shell:Creating package script '/home/tiffany/fyp_ws/install/task_manager/share/task_manager/package.ps1'
[3.485s] INFO:colcon.colcon_core.shell:Creating package descriptor '/home/tiffany/fyp_ws/install/task_manager/share/task_manager/package.dsv'
[3.486s] INFO:colcon.colcon_core.shell:Creating package script '/home/tiffany/fyp_ws/install/task_manager/share/task_manager/package.sh'
[3.486s] INFO:colcon.colcon_core.shell:Creating package script '/home/tiffany/fyp_ws/install/task_manager/share/task_manager/package.bash'
[3.487s] INFO:colcon.colcon_core.shell:Creating package script '/home/tiffany/fyp_ws/install/task_manager/share/task_manager/package.zsh'
[3.487s] Level 1:colcon.colcon_core.environment:create_file_with_runtime_dependencies(/home/tiffany/fyp_ws/install/task_manager/share/colcon-core/packages/task_manager)
[3.489s] Level 1:colcon.colcon_core.environment:checking '/home/tiffany/fyp_ws/install/llm_refinement' for CMake module files
[3.490s] DEBUG:colcon.colcon_core.event_handler.log_command:Invoked command in '/home/tiffany/fyp_ws/src/llm_refinement' returned '0': PYTHONPATH=/home/tiffany/fyp_ws/build/llm_refinement/prefix_override:/usr/lib/python3/dist-packages/colcon_core/task/python/colcon_distutils_commands:/home/tiffany/fyp_ws/install/llm_refinement/lib/python3.10/site-packages:${PYTHONPATH} /usr/bin/python3 -W ignore:setup.py install is deprecated -W ignore:easy_install command is deprecated setup.py egg_info --egg-base ../../build/llm_refinement build --build-base /home/tiffany/fyp_ws/build/llm_refinement/build install --record /home/tiffany/fyp_ws/build/llm_refinement/install.log --install-scripts $base/lib/llm_refinement --single-version-externally-managed install_data
[3.491s] Level 1:colcon.colcon_core.environment:checking '/home/tiffany/fyp_ws/install/llm_refinement' for CMake config files
[3.491s] Level 1:colcon.colcon_core.environment:checking '/home/tiffany/fyp_ws/install/llm_refinement/lib'
[3.491s] Level 1:colcon.colcon_core.environment:checking '/home/tiffany/fyp_ws/install/llm_refinement/bin'
[3.491s] Level 1:colcon.colcon_core.environment:checking '/home/tiffany/fyp_ws/install/llm_refinement/lib/pkgconfig/llm_refinement.pc'
[3.492s] Level 1:colcon.colcon_core.environment:checking '/home/tiffany/fyp_ws/install/llm_refinement/lib/python3.10/site-packages'
[3.492s] Level 1:colcon.colcon_core.shell:create_environment_hook('llm_refinement', 'pythonpath')
[3.492s] INFO:colcon.colcon_core.shell:Creating environment hook '/home/tiffany/fyp_ws/install/llm_refinement/share/llm_refinement/hook/pythonpath.ps1'
[3.492s] INFO:colcon.colcon_core.shell:Creating environment descriptor '/home/tiffany/fyp_ws/install/llm_refinement/share/llm_refinement/hook/pythonpath.dsv'
[3.493s] INFO:colcon.colcon_core.shell:Creating environment hook '/home/tiffany/fyp_ws/install/llm_refinement/share/llm_refinement/hook/pythonpath.sh'
[3.494s] Level 1:colcon.colcon_core.environment:checking '/home/tiffany/fyp_ws/install/llm_refinement/bin'
[3.494s] Level 1:colcon.colcon_core.environment:create_environment_scripts_only(llm_refinement)
[3.494s] INFO:colcon.colcon_core.shell:Creating package script '/home/tiffany/fyp_ws/install/llm_refinement/share/llm_refinement/package.ps1'
[3.495s] INFO:colcon.colcon_core.shell:Creating package descriptor '/home/tiffany/fyp_ws/install/llm_refinement/share/llm_refinement/package.dsv'
[3.495s] INFO:colcon.colcon_core.shell:Creating package script '/home/tiffany/fyp_ws/install/llm_refinement/share/llm_refinement/package.sh'
[3.496s] INFO:colcon.colcon_core.shell:Creating package script '/home/tiffany/fyp_ws/install/llm_refinement/share/llm_refinement/package.bash'
[3.496s] INFO:colcon.colcon_core.shell:Creating package script '/home/tiffany/fyp_ws/install/llm_refinement/share/llm_refinement/package.zsh'
[3.497s] Level 1:colcon.colcon_core.environment:create_file_with_runtime_dependencies(/home/tiffany/fyp_ws/install/llm_refinement/share/colcon-core/packages/llm_refinement)
[3.499s] Level 1:colcon.colcon_core.environment:checking '/home/tiffany/fyp_ws/install/drone_control' for CMake module files
[3.499s] DEBUG:colcon.colcon_core.event_handler.log_command:Invoked command in '/home/tiffany/fyp_ws/src/drone_control' returned '0': PYTHONPATH=/home/tiffany/fyp_ws/build/drone_control/prefix_override:/usr/lib/python3/dist-packages/colcon_core/task/python/colcon_distutils_commands:/home/tiffany/fyp_ws/install/drone_control/lib/python3.10/site-packages:${PYTHONPATH} /usr/bin/python3 -W ignore:setup.py install is deprecated -W ignore:easy_install command is deprecated setup.py egg_info --egg-base ../../build/drone_control build --build-base /home/tiffany/fyp_ws/build/drone_control/build install --record /home/tiffany/fyp_ws/build/drone_control/install.log --install-scripts $base/lib/drone_control --single-version-externally-managed install_data
[3.500s] Level 1:colcon.colcon_core.environment:checking '/home/tiffany/fyp_ws/install/drone_control' for CMake config files
[3.500s] Level 1:colcon.colcon_core.environment:checking '/home/tiffany/fyp_ws/install/drone_control/lib'
[3.500s] Level 1:colcon.colcon_core.environment:checking '/home/tiffany/fyp_ws/install/drone_control/bin'
[3.501s] Level 1:colcon.colcon_core.environment:checking '/home/tiffany/fyp_ws/install/drone_control/lib/pkgconfig/drone_control.pc'
[3.501s] Level 1:colcon.colcon_core.environment:checking '/home/tiffany/fyp_ws/install/drone_control/lib/python3.10/site-packages'
[3.501s] Level 1:colcon.colcon_core.shell:create_environment_hook('drone_control', 'pythonpath')
[3.502s] INFO:colcon.colcon_core.shell:Creating environment hook '/home/tiffany/fyp_ws/install/drone_control/share/drone_control/hook/pythonpath.ps1'
[3.502s] INFO:colcon.colcon_core.shell:Creating environment descriptor '/home/tiffany/fyp_ws/install/drone_control/share/drone_control/hook/pythonpath.dsv'
[3.503s] INFO:colcon.colcon_core.shell:Creating environment hook '/home/tiffany/fyp_ws/install/drone_control/share/drone_control/hook/pythonpath.sh'
[3.504s] Level 1:colcon.colcon_core.environment:checking '/home/tiffany/fyp_ws/install/drone_control/bin'
[3.504s] Level 1:colcon.colcon_core.environment:create_environment_scripts_only(drone_control)
[3.505s] INFO:colcon.colcon_core.shell:Creating package script '/home/tiffany/fyp_ws/install/drone_control/share/drone_control/package.ps1'
[3.506s] INFO:colcon.colcon_core.shell:Creating package descriptor '/home/tiffany/fyp_ws/install/drone_control/share/drone_control/package.dsv'
[3.506s] INFO:colcon.colcon_core.shell:Creating package script '/home/tiffany/fyp_ws/install/drone_control/share/drone_control/package.sh'
[3.506s] INFO:colcon.colcon_core.shell:Creating package script '/home/tiffany/fyp_ws/install/drone_control/share/drone_control/package.bash'
[3.507s] INFO:colcon.colcon_core.shell:Creating package script '/home/tiffany/fyp_ws/install/drone_control/share/drone_control/package.zsh'
[3.507s] Level 1:colcon.colcon_core.environment:create_file_with_runtime_dependencies(/home/tiffany/fyp_ws/install/drone_control/share/colcon-core/packages/drone_control)
[3.509s] Level 1:colcon.colcon_core.environment:checking '/home/tiffany/fyp_ws/install/formation_ui' for CMake module files
[3.510s] DEBUG:colcon.colcon_core.event_handler.log_command:Invoked command in '/home/tiffany/fyp_ws/src/formation_ui' returned '0': PYTHONPATH=/home/tiffany/fyp_ws/build/formation_ui/prefix_override:/usr/lib/python3/dist-packages/colcon_core/task/python/colcon_distutils_commands:/home/tiffany/fyp_ws/install/formation_ui/lib/python3.10/site-packages:${PYTHONPATH} /usr/bin/python3 -W ignore:setup.py install is deprecated -W ignore:easy_install command is deprecated setup.py egg_info --egg-base ../../build/formation_ui build --build-base /home/tiffany/fyp_ws/build/formation_ui/build install --record /home/tiffany/fyp_ws/build/formation_ui/install.log --install-scripts $base/lib/formation_ui --single-version-externally-managed install_data
[3.510s] Level 1:colcon.colcon_core.environment:checking '/home/tiffany/fyp_ws/install/formation_ui' for CMake config files
[3.510s] Level 1:colcon.colcon_core.environment:checking '/home/tiffany/fyp_ws/install/formation_ui/lib'
[3.511s] Level 1:colcon.colcon_core.environment:checking '/home/tiffany/fyp_ws/install/formation_ui/bin'
[3.511s] Level 1:colcon.colcon_core.environment:checking '/home/tiffany/fyp_ws/install/formation_ui/lib/pkgconfig/formation_ui.pc'
[3.511s] Level 1:colcon.colcon_core.environment:checking '/home/tiffany/fyp_ws/install/formation_ui/lib/python3.10/site-packages'
[3.511s] Level 1:colcon.colcon_core.shell:create_environment_hook('formation_ui', 'pythonpath')
[3.511s] INFO:colcon.colcon_core.shell:Creating environment hook '/home/tiffany/fyp_ws/install/formation_ui/share/formation_ui/hook/pythonpath.ps1'
[3.512s] INFO:colcon.colcon_core.shell:Creating environment descriptor '/home/tiffany/fyp_ws/install/formation_ui/share/formation_ui/hook/pythonpath.dsv'
[3.512s] INFO:colcon.colcon_core.shell:Creating environment hook '/home/tiffany/fyp_ws/install/formation_ui/share/formation_ui/hook/pythonpath.sh'
[3.513s] Level 1:colcon.colcon_core.environment:checking '/home/tiffany/fyp_ws/install/formation_ui/bin'
[3.513s] Level 1:colcon.colcon_core.environment:create_environment_scripts_only(formation_ui)
[3.513s] INFO:colcon.colcon_core.shell:Creating package script '/home/tiffany/fyp_ws/install/formation_ui/share/formation_ui/package.ps1'
[3.514s] INFO:colcon.colcon_core.shell:Creating package descriptor '/home/tiffany/fyp_ws/install/formation_ui/share/formation_ui/package.dsv'
[3.514s] INFO:colcon.colcon_core.shell:Creating package script '/home/tiffany/fyp_ws/install/formation_ui/share/formation_ui/package.sh'
[3.515s] INFO:colcon.colcon_core.shell:Creating package script '/home/tiffany/fyp_ws/install/formation_ui/share/formation_ui/package.bash'
[3.515s] INFO:colcon.colcon_core.shell:Creating package script '/home/tiffany/fyp_ws/install/formation_ui/share/formation_ui/package.zsh'
[3.516s] Level 1:colcon.colcon_core.environment:create_file_with_runtime_dependencies(/home/tiffany/fyp_ws/install/formation_ui/share/colcon-core/packages/formation_ui)
[3.517s] Level 1:colcon.colcon_core.environment:checking '/home/tiffany/fyp_ws/install/formation_planner' for CMake module files
[3.518s] DEBUG:colcon.colcon_core.event_handler.log_command:Invoked command in '/home/tiffany/fyp_ws/src/formation_planner' returned '0': PYTHONPATH=/home/tiffany/fyp_ws/build/formation_planner/prefix_override:/usr/lib/python3/dist-packages/colcon_core/task/python/colcon_distutils_commands:/home/tiffany/fyp_ws/install/formation_planner/lib/python3.10/site-packages:${PYTHONPATH} /usr/bin/python3 -W ignore:setup.py install is deprecated -W ignore:easy_install command is deprecated setup.py egg_info --egg-base ../../build/formation_planner build --build-base /home/tiffany/fyp_ws/build/formation_planner/build install --record /home/tiffany/fyp_ws/build/formation_planner/install.log --install-scripts $base/lib/formation_planner --single-version-externally-managed install_data
[3.518s] Level 1:colcon.colcon_core.environment:checking '/home/tiffany/fyp_ws/install/formation_planner' for CMake config files
[3.519s] Level 1:colcon.colcon_core.environment:checking '/home/tiffany/fyp_ws/install/formation_planner/lib'
[3.519s] Level 1:colcon.colcon_core.environment:checking '/home/tiffany/fyp_ws/install/formation_planner/bin'
[3.519s] Level 1:colcon.colcon_core.environment:checking '/home/tiffany/fyp_ws/install/formation_planner/lib/pkgconfig/formation_planner.pc'
[3.520s] Level 1:colcon.colcon_core.environment:checking '/home/tiffany/fyp_ws/install/formation_planner/lib/python3.10/site-packages'
[3.520s] Level 1:colcon.colcon_core.shell:create_environment_hook('formation_planner', 'pythonpath')
[3.520s] INFO:colcon.colcon_core.shell:Creating environment hook '/home/tiffany/fyp_ws/install/formation_planner/share/formation_planner/hook/pythonpath.ps1'
[3.521s] INFO:colcon.colcon_core.shell:Creating environment descriptor '/home/tiffany/fyp_ws/install/formation_planner/share/formation_planner/hook/pythonpath.dsv'
[3.521s] INFO:colcon.colcon_core.shell:Creating environment hook '/home/tiffany/fyp_ws/install/formation_planner/share/formation_planner/hook/pythonpath.sh'
[3.522s] Level 1:colcon.colcon_core.environment:checking '/home/tiffany/fyp_ws/install/formation_planner/bin'
[3.522s] Level 1:colcon.colcon_core.environment:create_environment_scripts_only(formation_planner)
[3.522s] INFO:colcon.colcon_core.shell:Creating package script '/home/tiffany/fyp_ws/install/formation_planner/share/formation_planner/package.ps1'
[3.523s] INFO:colcon.colcon_core.shell:Creating package descriptor '/home/tiffany/fyp_ws/install/formation_planner/share/formation_planner/package.dsv'
[3.524s] INFO:colcon.colcon_core.shell:Creating package script '/home/tiffany/fyp_ws/install/formation_planner/share/formation_planner/package.sh'
[3.524s] INFO:colcon.colcon_core.shell:Creating package script '/home/tiffany/fyp_ws/install/formation_planner/share/formation_planner/package.bash'
[3.524s] INFO:colcon.colcon_core.shell:Creating package script '/home/tiffany/fyp_ws/install/formation_planner/share/formation_planner/package.zsh'
[3.525s] Level 1:colcon.colcon_core.environment:create_file_with_runtime_dependencies(/home/tiffany/fyp_ws/install/formation_planner/share/colcon-core/packages/formation_planner)
[3.525s] DEBUG:colcon.colcon_parallel_executor.executor.parallel:closing loop
[3.526s] DEBUG:colcon.colcon_parallel_executor.executor.parallel:loop closed
[3.526s] DEBUG:colcon.colcon_parallel_executor.executor.parallel:run_until_complete finished with '0'
[3.526s] DEBUG:colcon.colcon_core.event_reactor:joining thread
[3.533s] INFO:colcon.colcon_core.plugin_system:Skipping extension 'colcon_notification.desktop_notification.terminal_notifier': Not used on non-Darwin systems
[3.533s] INFO:colcon.colcon_core.plugin_system:Skipping extension 'colcon_notification.desktop_notification.win32': Not used on non-Windows systems
[3.533s] INFO:colcon.colcon_notification.desktop_notification:Sending desktop notification using 'notify2'
[3.546s] DEBUG:colcon.colcon_core.event_reactor:joined thread
[3.546s] INFO:colcon.colcon_core.shell:Creating prefix script '/home/tiffany/fyp_ws/install/local_setup.ps1'
[3.548s] INFO:colcon.colcon_core.shell:Creating prefix util module '/home/tiffany/fyp_ws/install/_local_setup_util_ps1.py'
[3.549s] INFO:colcon.colcon_core.shell:Creating prefix chain script '/home/tiffany/fyp_ws/install/setup.ps1'
[3.551s] INFO:colcon.colcon_core.shell:Creating prefix script '/home/tiffany/fyp_ws/install/local_setup.sh'
[3.552s] INFO:colcon.colcon_core.shell:Creating prefix util module '/home/tiffany/fyp_ws/install/_local_setup_util_sh.py'
[3.552s] INFO:colcon.colcon_core.shell:Creating prefix chain script '/home/tiffany/fyp_ws/install/setup.sh'
[3.554s] INFO:colcon.colcon_core.shell:Creating prefix script '/home/tiffany/fyp_ws/install/local_setup.bash'
[3.554s] INFO:colcon.colcon_core.shell:Creating prefix chain script '/home/tiffany/fyp_ws/install/setup.bash'
[3.555s] INFO:colcon.colcon_core.shell:Creating prefix script '/home/tiffany/fyp_ws/install/local_setup.zsh'
[3.556s] INFO:colcon.colcon_core.shell:Creating prefix chain script '/home/tiffany/fyp_ws/install/setup.zsh'
