running egg_info
creating ../../build/formation_planner/formation_planner.egg-info
writing ../../build/formation_planner/formation_planner.egg-info/PKG-INFO
writing dependency_links to ../../build/formation_planner/formation_planner.egg-info/dependency_links.txt
writing entry points to ../../build/formation_planner/formation_planner.egg-info/entry_points.txt
writing requirements to ../../build/formation_planner/formation_planner.egg-info/requires.txt
writing top-level names to ../../build/formation_planner/formation_planner.egg-info/top_level.txt
writing manifest file '../../build/formation_planner/formation_planner.egg-info/SOURCES.txt'
reading manifest file '../../build/formation_planner/formation_planner.egg-info/SOURCES.txt'
writing manifest file '../../build/formation_planner/formation_planner.egg-info/SOURCES.txt'
running build
running build_py
creating /home/tiffany/fyp_ws/build/formation_planner/build
creating /home/tiffany/fyp_ws/build/formation_planner/build/lib
creating /home/tiffany/fyp_ws/build/formation_planner/build/lib/formation_planner
copying formation_planner/coords_mapping_node.py -> /home/tiffany/fyp_ws/build/formation_planner/build/lib/formation_planner
copying formation_planner/__init__.py -> /home/tiffany/fyp_ws/build/formation_planner/build/lib/formation_planner
copying formation_planner/assignment_node.py -> /home/tiffany/fyp_ws/build/formation_planner/build/lib/formation_planner
copying formation_planner/shape_sampling_node.py -> /home/tiffany/fyp_ws/build/formation_planner/build/lib/formation_planner
copying formation_planner/mapf_node.py -> /home/tiffany/fyp_ws/build/formation_planner/build/lib/formation_planner
copying formation_planner/drone_validator_node.py -> /home/tiffany/fyp_ws/build/formation_planner/build/lib/formation_planner
running install
running install_lib
creating /home/tiffany/fyp_ws/install/formation_planner/lib/python3.10/site-packages/formation_planner
copying /home/tiffany/fyp_ws/build/formation_planner/build/lib/formation_planner/coords_mapping_node.py -> /home/tiffany/fyp_ws/install/formation_planner/lib/python3.10/site-packages/formation_planner
copying /home/tiffany/fyp_ws/build/formation_planner/build/lib/formation_planner/__init__.py -> /home/tiffany/fyp_ws/install/formation_planner/lib/python3.10/site-packages/formation_planner
copying /home/tiffany/fyp_ws/build/formation_planner/build/lib/formation_planner/assignment_node.py -> /home/tiffany/fyp_ws/install/formation_planner/lib/python3.10/site-packages/formation_planner
copying /home/tiffany/fyp_ws/build/formation_planner/build/lib/formation_planner/shape_sampling_node.py -> /home/tiffany/fyp_ws/install/formation_planner/lib/python3.10/site-packages/formation_planner
copying /home/tiffany/fyp_ws/build/formation_planner/build/lib/formation_planner/mapf_node.py -> /home/tiffany/fyp_ws/install/formation_planner/lib/python3.10/site-packages/formation_planner
copying /home/tiffany/fyp_ws/build/formation_planner/build/lib/formation_planner/drone_validator_node.py -> /home/tiffany/fyp_ws/install/formation_planner/lib/python3.10/site-packages/formation_planner
byte-compiling /home/tiffany/fyp_ws/install/formation_planner/lib/python3.10/site-packages/formation_planner/coords_mapping_node.py to coords_mapping_node.cpython-310.pyc
byte-compiling /home/tiffany/fyp_ws/install/formation_planner/lib/python3.10/site-packages/formation_planner/__init__.py to __init__.cpython-310.pyc
byte-compiling /home/tiffany/fyp_ws/install/formation_planner/lib/python3.10/site-packages/formation_planner/assignment_node.py to assignment_node.cpython-310.pyc
byte-compiling /home/tiffany/fyp_ws/install/formation_planner/lib/python3.10/site-packages/formation_planner/shape_sampling_node.py to shape_sampling_node.cpython-310.pyc
byte-compiling /home/tiffany/fyp_ws/install/formation_planner/lib/python3.10/site-packages/formation_planner/mapf_node.py to mapf_node.cpython-310.pyc
byte-compiling /home/tiffany/fyp_ws/install/formation_planner/lib/python3.10/site-packages/formation_planner/drone_validator_node.py to drone_validator_node.cpython-310.pyc
running install_data
creating /home/tiffany/fyp_ws/install/formation_planner/share/ament_index
creating /home/tiffany/fyp_ws/install/formation_planner/share/ament_index/resource_index
creating /home/tiffany/fyp_ws/install/formation_planner/share/ament_index/resource_index/packages
copying resource/formation_planner -> /home/tiffany/fyp_ws/install/formation_planner/share/ament_index/resource_index/packages
copying package.xml -> /home/tiffany/fyp_ws/install/formation_planner/share/formation_planner
running install_egg_info
Copying ../../build/formation_planner/formation_planner.egg-info to /home/tiffany/fyp_ws/install/formation_planner/lib/python3.10/site-packages/formation_planner-0.0.0-py3.10.egg-info
running install_scripts
Installing assignment_node script to /home/tiffany/fyp_ws/install/formation_planner/lib/formation_planner
Installing coords_mapping_node script to /home/tiffany/fyp_ws/install/formation_planner/lib/formation_planner
Installing drone_validator_node script to /home/tiffany/fyp_ws/install/formation_planner/lib/formation_planner
Installing mapf_node script to /home/tiffany/fyp_ws/install/formation_planner/lib/formation_planner
Installing shape_sampling_node script to /home/tiffany/fyp_ws/install/formation_planner/lib/formation_planner
writing list of installed files to '/home/tiffany/fyp_ws/build/formation_planner/install.log'
