[0.024s] Invoking command in '/home/tiffany/fyp_ws/build/formation_msgs': CMAKE_PREFIX_PATH=/opt/ros/humble /usr/bin/cmake --build /home/tiffany/fyp_ws/build/formation_msgs -- -j16 -l16
[0.063s] -- Found ament_cmake: 1.3.14 (/opt/ros/humble/share/ament_cmake/cmake)
[0.261s] -- Found rosidl_default_generators: 1.2.1 (/opt/ros/humble/share/rosidl_default_generators/cmake)
[0.264s] -- Using all available rosidl_typesupport_c: rosidl_typesupport_fastrtps_c;rosidl_typesupport_introspection_c
[0.269s] -- Found rosidl_adapter: 3.1.8 (/opt/ros/humble/share/rosidl_adapter/cmake)
[0.334s] -- Using all available rosidl_typesupport_cpp: rosidl_typesupport_fastrtps_cpp;rosidl_typesupport_introspection_cpp
[0.385s] -- Found geometry_msgs: 4.9.1 (/opt/ros/humble/share/geometry_msgs/cmake)
[1.143s] -- Found ament_cmake_ros: 0.10.0 (/opt/ros/humble/share/ament_cmake_ros/cmake)
[1.564s] -- Using all available rosidl_typesupport_c: rosidl_typesupport_fastrtps_c;rosidl_typesupport_introspection_c
[2.289s] -- Using all available rosidl_typesupport_cpp: rosidl_typesupport_fastrtps_cpp;rosidl_typesupport_introspection_cpp
[2.328s] -- Found python_cmake_module: 0.10.0 (/opt/ros/humble/share/python_cmake_module/cmake)
[2.366s] -- Using PYTHON_EXECUTABLE: /usr/bin/python3
[2.367s] -- Using PYTHON_INCLUDE_DIRS: /usr/include/python3.10
[2.367s] -- Using PYTHON_LIBRARIES: /usr/lib/x86_64-linux-gnu/libpython3.10.so
[2.557s] -- Found ament_lint_auto: 0.12.15 (/opt/ros/humble/share/ament_lint_auto/cmake)
[2.586s] -- Added test 'lint_cmake' to check CMake code style
[2.589s] -- Added test 'xmllint' to check XML markup files
[2.601s] -- Configuring done
[2.693s] -- Generating done
[2.716s] -- Build files have been written to: /home/tiffany/fyp_ws/build/formation_msgs
[2.766s] [  1%] [34m[1mGenerating C code for ROS interfaces[0m
[2.785s] [  2%] [34m[1mGenerating Rust code for ROS interfaces[0m
[2.787s] [  2%] [34m[1mGenerating C++ code for ROS interfaces[0m
[2.812s] [  2%] Built target ament_cmake_python_copy_formation_msgs
[3.284s] running egg_info
[3.285s] writing formation_msgs.egg-info/PKG-INFO
[3.285s] writing dependency_links to formation_msgs.egg-info/dependency_links.txt
[3.289s] writing top-level names to formation_msgs.egg-info/top_level.txt
[3.290s] reading manifest file 'formation_msgs.egg-info/SOURCES.txt'
[3.292s] writing manifest file 'formation_msgs.egg-info/SOURCES.txt'
[3.366s] [  2%] Built target ament_cmake_python_build_formation_msgs_egg
[3.812s] [  2%] Built target formation_msgs__rs
[4.438s] [  2%] Built target formation_msgs__cpp
[4.460s] [  3%] [34m[1mGenerating C++ type support for eProsima Fast-RTPS[0m
[4.469s] [  4%] [34m[1mGenerating C++ introspection for ROS interfaces[0m
[4.470s] [  5%] [34m[1mGenerating C++ type support dispatch for ROS interfaces[0m
[4.559s] [35m[1mConsolidate compiler generated dependencies of target formation_msgs__rosidl_generator_c[0m
[4.594s] [  6%] [32mBuilding C object CMakeFiles/formation_msgs__rosidl_generator_c.dir/rosidl_generator_c/formation_msgs/msg/detail/drawn_shape__functions.c.o[0m
[4.594s] [  7%] [32mBuilding C object CMakeFiles/formation_msgs__rosidl_generator_c.dir/rosidl_generator_c/formation_msgs/msg/detail/refinement_candidate__functions.c.o[0m
[4.595s] [  8%] [32mBuilding C object CMakeFiles/formation_msgs__rosidl_generator_c.dir/rosidl_generator_c/formation_msgs/msg/detail/drone_path__functions.c.o[0m
[4.599s] [  9%] [32mBuilding C object CMakeFiles/formation_msgs__rosidl_generator_c.dir/rosidl_generator_c/formation_msgs/msg/detail/drone_state__functions.c.o[0m
[4.600s] [ 10%] [32mBuilding C object CMakeFiles/formation_msgs__rosidl_generator_c.dir/rosidl_generator_c/formation_msgs/msg/detail/refinement_cmd__functions.c.o[0m
[4.600s] [ 11%] [32mBuilding C object CMakeFiles/formation_msgs__rosidl_generator_c.dir/rosidl_generator_c/formation_msgs/msg/detail/formation_goal__functions.c.o[0m
[4.600s] [ 11%] [32mBuilding C object CMakeFiles/formation_msgs__rosidl_generator_c.dir/rosidl_generator_c/formation_msgs/msg/detail/generated_transform__functions.c.o[0m
[4.603s] [ 12%] [32mBuilding C object CMakeFiles/formation_msgs__rosidl_generator_c.dir/rosidl_generator_c/formation_msgs/msg/detail/plan_status__functions.c.o[0m
[4.611s] [ 13%] [32mBuilding C object CMakeFiles/formation_msgs__rosidl_generator_c.dir/rosidl_generator_c/formation_msgs/msg/detail/system_state__functions.c.o[0m
[4.612s] [ 14%] [32mBuilding C object CMakeFiles/formation_msgs__rosidl_generator_c.dir/rosidl_generator_c/formation_msgs/msg/detail/drone_setpoint__functions.c.o[0m
[4.616s] [ 15%] [32mBuilding C object CMakeFiles/formation_msgs__rosidl_generator_c.dir/rosidl_generator_c/formation_msgs/msg/detail/user_command__functions.c.o[0m
[4.782s] [ 16%] [32m[1mLinking C shared library libformation_msgs__rosidl_generator_c.so[0m
[4.880s] [ 16%] Built target formation_msgs__rosidl_generator_c
[4.898s] [ 18%] [34m[1mGenerating C type support for eProsima Fast-RTPS[0m
[4.899s] [ 18%] [34m[1mGenerating C introspection for ROS interfaces[0m
[4.902s] [ 19%] [34m[1mGenerating C type support dispatch for ROS interfaces[0m
[5.696s] [35m[1mConsolidate compiler generated dependencies of target formation_msgs__rosidl_typesupport_cpp[0m
[5.747s] [ 20%] [32mBuilding CXX object CMakeFiles/formation_msgs__rosidl_typesupport_cpp.dir/rosidl_typesupport_cpp/formation_msgs/msg/formation_goal__type_support.cpp.o[0m
[5.752s] [ 21%] [32mBuilding CXX object CMakeFiles/formation_msgs__rosidl_typesupport_cpp.dir/rosidl_typesupport_cpp/formation_msgs/msg/refinement_candidate__type_support.cpp.o[0m
[5.752s] [ 22%] [32mBuilding CXX object CMakeFiles/formation_msgs__rosidl_typesupport_cpp.dir/rosidl_typesupport_cpp/formation_msgs/msg/drone_path__type_support.cpp.o[0m
[5.754s] [ 23%] [32mBuilding CXX object CMakeFiles/formation_msgs__rosidl_typesupport_cpp.dir/rosidl_typesupport_cpp/formation_msgs/msg/refinement_cmd__type_support.cpp.o[0m
[5.758s] [ 24%] [32mBuilding CXX object CMakeFiles/formation_msgs__rosidl_typesupport_cpp.dir/rosidl_typesupport_cpp/formation_msgs/msg/drawn_shape__type_support.cpp.o[0m
[5.759s] [ 24%] [32mBuilding CXX object CMakeFiles/formation_msgs__rosidl_typesupport_cpp.dir/rosidl_typesupport_cpp/formation_msgs/msg/drone_state__type_support.cpp.o[0m
[5.765s] [ 25%] [32mBuilding CXX object CMakeFiles/formation_msgs__rosidl_typesupport_cpp.dir/rosidl_typesupport_cpp/formation_msgs/msg/generated_transform__type_support.cpp.o[0m
[5.768s] [ 27%] [32mBuilding CXX object CMakeFiles/formation_msgs__rosidl_typesupport_cpp.dir/rosidl_typesupport_cpp/formation_msgs/msg/user_command__type_support.cpp.o[0m
[5.768s] [ 27%] [32mBuilding CXX object CMakeFiles/formation_msgs__rosidl_typesupport_cpp.dir/rosidl_typesupport_cpp/formation_msgs/msg/drone_setpoint__type_support.cpp.o[0m
[5.769s] [ 28%] [32mBuilding CXX object CMakeFiles/formation_msgs__rosidl_typesupport_cpp.dir/rosidl_typesupport_cpp/formation_msgs/msg/plan_status__type_support.cpp.o[0m
[5.772s] [ 29%] [32mBuilding CXX object CMakeFiles/formation_msgs__rosidl_typesupport_cpp.dir/rosidl_typesupport_cpp/formation_msgs/msg/system_state__type_support.cpp.o[0m
[6.425s] [35m[1mConsolidate compiler generated dependencies of target formation_msgs__rosidl_typesupport_introspection_cpp[0m
[6.508s] [35m[1mConsolidate compiler generated dependencies of target formation_msgs__rosidl_typesupport_c[0m
[6.509s] [ 30%] [32mBuilding CXX object CMakeFiles/formation_msgs__rosidl_typesupport_introspection_cpp.dir/rosidl_typesupport_introspection_cpp/formation_msgs/msg/detail/drawn_shape__type_support.cpp.o[0m
[6.563s] [ 30%] [32mBuilding CXX object CMakeFiles/formation_msgs__rosidl_typesupport_c.dir/rosidl_typesupport_c/formation_msgs/msg/drawn_shape__type_support.cpp.o[0m
[6.690s] [ 31%] [32mBuilding CXX object CMakeFiles/formation_msgs__rosidl_typesupport_c.dir/rosidl_typesupport_c/formation_msgs/msg/formation_goal__type_support.cpp.o[0m
[6.705s] [ 32%] [32mBuilding CXX object CMakeFiles/formation_msgs__rosidl_typesupport_introspection_cpp.dir/rosidl_typesupport_introspection_cpp/formation_msgs/msg/detail/formation_goal__type_support.cpp.o[0m
[6.715s] [ 33%] [32mBuilding CXX object CMakeFiles/formation_msgs__rosidl_typesupport_introspection_cpp.dir/rosidl_typesupport_introspection_cpp/formation_msgs/msg/detail/drone_state__type_support.cpp.o[0m
[6.716s] [ 33%] [32mBuilding CXX object CMakeFiles/formation_msgs__rosidl_typesupport_introspection_cpp.dir/rosidl_typesupport_introspection_cpp/formation_msgs/msg/detail/drone_path__type_support.cpp.o[0m
[6.746s] [ 34%] [32mBuilding CXX object CMakeFiles/formation_msgs__rosidl_typesupport_c.dir/rosidl_typesupport_c/formation_msgs/msg/drone_path__type_support.cpp.o[0m
[6.746s] [ 35%] [32mBuilding CXX object CMakeFiles/formation_msgs__rosidl_typesupport_c.dir/rosidl_typesupport_c/formation_msgs/msg/drone_state__type_support.cpp.o[0m
[6.753s] [ 36%] [32mBuilding CXX object CMakeFiles/formation_msgs__rosidl_typesupport_c.dir/rosidl_typesupport_c/formation_msgs/msg/refinement_cmd__type_support.cpp.o[0m
[6.759s] [ 37%] [32mBuilding CXX object CMakeFiles/formation_msgs__rosidl_typesupport_introspection_cpp.dir/rosidl_typesupport_introspection_cpp/formation_msgs/msg/detail/refinement_cmd__type_support.cpp.o[0m
[6.766s] [ 38%] [32mBuilding CXX object CMakeFiles/formation_msgs__rosidl_typesupport_introspection_cpp.dir/rosidl_typesupport_introspection_cpp/formation_msgs/msg/detail/refinement_candidate__type_support.cpp.o[0m
[6.777s] [ 39%] [32mBuilding CXX object CMakeFiles/formation_msgs__rosidl_typesupport_c.dir/rosidl_typesupport_c/formation_msgs/msg/refinement_candidate__type_support.cpp.o[0m
[6.786s] [35m[1mConsolidate compiler generated dependencies of target formation_msgs__rosidl_typesupport_fastrtps_cpp[0m
[6.788s] [ 40%] [32mBuilding CXX object CMakeFiles/formation_msgs__rosidl_typesupport_introspection_cpp.dir/rosidl_typesupport_introspection_cpp/formation_msgs/msg/detail/generated_transform__type_support.cpp.o[0m
[6.799s] [ 41%] [32mBuilding CXX object CMakeFiles/formation_msgs__rosidl_typesupport_c.dir/rosidl_typesupport_c/formation_msgs/msg/generated_transform__type_support.cpp.o[0m
[6.822s] [ 42%] [32m[1mLinking CXX shared library libformation_msgs__rosidl_typesupport_cpp.so[0m
[6.846s] [ 43%] [32mBuilding CXX object CMakeFiles/formation_msgs__rosidl_typesupport_fastrtps_cpp.dir/rosidl_typesupport_fastrtps_cpp/formation_msgs/msg/detail/dds_fastrtps/drawn_shape__type_support.cpp.o[0m
[6.859s] [ 44%] [32mBuilding CXX object CMakeFiles/formation_msgs__rosidl_typesupport_introspection_cpp.dir/rosidl_typesupport_introspection_cpp/formation_msgs/msg/detail/plan_status__type_support.cpp.o[0m
[6.879s] [ 45%] [32mBuilding CXX object CMakeFiles/formation_msgs__rosidl_typesupport_fastrtps_cpp.dir/rosidl_typesupport_fastrtps_cpp/formation_msgs/msg/detail/dds_fastrtps/formation_goal__type_support.cpp.o[0m
[6.879s] [ 46%] [32mBuilding CXX object CMakeFiles/formation_msgs__rosidl_typesupport_fastrtps_cpp.dir/rosidl_typesupport_fastrtps_cpp/formation_msgs/msg/detail/dds_fastrtps/drone_path__type_support.cpp.o[0m
[6.879s] [ 46%] [32mBuilding CXX object CMakeFiles/formation_msgs__rosidl_typesupport_fastrtps_cpp.dir/rosidl_typesupport_fastrtps_cpp/formation_msgs/msg/detail/dds_fastrtps/drone_state__type_support.cpp.o[0m
[6.889s] [ 47%] [32mBuilding CXX object CMakeFiles/formation_msgs__rosidl_typesupport_c.dir/rosidl_typesupport_c/formation_msgs/msg/plan_status__type_support.cpp.o[0m
[6.973s] [ 48%] [32mBuilding CXX object CMakeFiles/formation_msgs__rosidl_typesupport_c.dir/rosidl_typesupport_c/formation_msgs/msg/system_state__type_support.cpp.o[0m
[7.032s] [ 48%] Built target formation_msgs__rosidl_typesupport_cpp
[7.048s] [ 48%] [32mBuilding CXX object CMakeFiles/formation_msgs__rosidl_typesupport_c.dir/rosidl_typesupport_c/formation_msgs/msg/user_command__type_support.cpp.o[0m
[7.062s] [35m[1mConsolidate compiler generated dependencies of target formation_msgs__rosidl_typesupport_introspection_c[0m
[7.073s] [ 49%] [32mBuilding CXX object CMakeFiles/formation_msgs__rosidl_typesupport_fastrtps_cpp.dir/rosidl_typesupport_fastrtps_cpp/formation_msgs/msg/detail/dds_fastrtps/refinement_cmd__type_support.cpp.o[0m
[7.112s] [ 49%] [32mBuilding C object CMakeFiles/formation_msgs__rosidl_typesupport_introspection_c.dir/rosidl_typesupport_introspection_c/formation_msgs/msg/detail/drawn_shape__type_support.c.o[0m
[7.193s] [ 50%] [32mBuilding CXX object CMakeFiles/formation_msgs__rosidl_typesupport_c.dir/rosidl_typesupport_c/formation_msgs/msg/drone_setpoint__type_support.cpp.o[0m
[7.262s] [35m[1mConsolidate compiler generated dependencies of target formation_msgs__rosidl_typesupport_fastrtps_c[0m
[7.301s] [ 51%] [32mBuilding C object CMakeFiles/formation_msgs__rosidl_typesupport_introspection_c.dir/rosidl_typesupport_introspection_c/formation_msgs/msg/detail/formation_goal__type_support.c.o[0m
[7.343s] [ 52%] [32mBuilding CXX object CMakeFiles/formation_msgs__rosidl_typesupport_fastrtps_c.dir/rosidl_typesupport_fastrtps_c/formation_msgs/msg/detail/drawn_shape__type_support_c.cpp.o[0m
[7.344s] [ 52%] [32m[1mLinking CXX shared library libformation_msgs__rosidl_typesupport_c.so[0m
[7.514s] [ 53%] [32mBuilding C object CMakeFiles/formation_msgs__rosidl_typesupport_introspection_c.dir/rosidl_typesupport_introspection_c/formation_msgs/msg/detail/drone_path__type_support.c.o[0m
[7.602s] [ 53%] Built target formation_msgs__rosidl_typesupport_c
[7.639s] [ 54%] [32mBuilding CXX object CMakeFiles/formation_msgs__rosidl_typesupport_fastrtps_c.dir/rosidl_typesupport_fastrtps_c/formation_msgs/msg/detail/formation_goal__type_support_c.cpp.o[0m
[7.743s] [ 55%] [32mBuilding C object CMakeFiles/formation_msgs__rosidl_typesupport_introspection_c.dir/rosidl_typesupport_introspection_c/formation_msgs/msg/detail/drone_state__type_support.c.o[0m
[7.799s] [ 56%] [32mBuilding C object CMakeFiles/formation_msgs__rosidl_typesupport_introspection_c.dir/rosidl_typesupport_introspection_c/formation_msgs/msg/detail/refinement_cmd__type_support.c.o[0m
[7.939s] [ 57%] [32mBuilding CXX object CMakeFiles/formation_msgs__rosidl_typesupport_fastrtps_cpp.dir/rosidl_typesupport_fastrtps_cpp/formation_msgs/msg/detail/dds_fastrtps/refinement_candidate__type_support.cpp.o[0m
[7.978s] [ 58%] [32mBuilding CXX object CMakeFiles/formation_msgs__rosidl_typesupport_introspection_cpp.dir/rosidl_typesupport_introspection_cpp/formation_msgs/msg/detail/system_state__type_support.cpp.o[0m
[8.002s] [ 59%] [32mBuilding C object CMakeFiles/formation_msgs__rosidl_typesupport_introspection_c.dir/rosidl_typesupport_introspection_c/formation_msgs/msg/detail/refinement_candidate__type_support.c.o[0m
[8.007s] [ 60%] [32mBuilding CXX object CMakeFiles/formation_msgs__rosidl_typesupport_introspection_cpp.dir/rosidl_typesupport_introspection_cpp/formation_msgs/msg/detail/user_command__type_support.cpp.o[0m
[8.063s] [ 61%] [32mBuilding CXX object CMakeFiles/formation_msgs__rosidl_typesupport_fastrtps_cpp.dir/rosidl_typesupport_fastrtps_cpp/formation_msgs/msg/detail/dds_fastrtps/generated_transform__type_support.cpp.o[0m
[8.156s] [ 62%] [32mBuilding CXX object CMakeFiles/formation_msgs__rosidl_typesupport_introspection_cpp.dir/rosidl_typesupport_introspection_cpp/formation_msgs/msg/detail/drone_setpoint__type_support.cpp.o[0m
[8.176s] [ 63%] [32mBuilding CXX object CMakeFiles/formation_msgs__rosidl_typesupport_fastrtps_c.dir/rosidl_typesupport_fastrtps_c/formation_msgs/msg/detail/drone_path__type_support_c.cpp.o[0m
[8.185s] [ 64%] [32mBuilding C object CMakeFiles/formation_msgs__rosidl_typesupport_introspection_c.dir/rosidl_typesupport_introspection_c/formation_msgs/msg/detail/generated_transform__type_support.c.o[0m
[8.213s] [ 65%] [32mBuilding CXX object CMakeFiles/formation_msgs__rosidl_typesupport_fastrtps_cpp.dir/rosidl_typesupport_fastrtps_cpp/formation_msgs/msg/detail/dds_fastrtps/plan_status__type_support.cpp.o[0m
[8.224s] [ 66%] [32mBuilding CXX object CMakeFiles/formation_msgs__rosidl_typesupport_fastrtps_cpp.dir/rosidl_typesupport_fastrtps_cpp/formation_msgs/msg/detail/dds_fastrtps/system_state__type_support.cpp.o[0m
[8.268s] [ 67%] [32mBuilding CXX object CMakeFiles/formation_msgs__rosidl_typesupport_fastrtps_c.dir/rosidl_typesupport_fastrtps_c/formation_msgs/msg/detail/drone_state__type_support_c.cpp.o[0m
[8.302s] [ 68%] [32mBuilding C object CMakeFiles/formation_msgs__rosidl_typesupport_introspection_c.dir/rosidl_typesupport_introspection_c/formation_msgs/msg/detail/plan_status__type_support.c.o[0m
[8.347s] [ 69%] [32mBuilding C object CMakeFiles/formation_msgs__rosidl_typesupport_introspection_c.dir/rosidl_typesupport_introspection_c/formation_msgs/msg/detail/system_state__type_support.c.o[0m
[8.408s] [ 69%] [32mBuilding C object CMakeFiles/formation_msgs__rosidl_typesupport_introspection_c.dir/rosidl_typesupport_introspection_c/formation_msgs/msg/detail/user_command__type_support.c.o[0m
[8.464s] [ 70%] [32mBuilding C object CMakeFiles/formation_msgs__rosidl_typesupport_introspection_c.dir/rosidl_typesupport_introspection_c/formation_msgs/msg/detail/drone_setpoint__type_support.c.o[0m
[8.476s] [ 71%] [32mBuilding CXX object CMakeFiles/formation_msgs__rosidl_typesupport_fastrtps_cpp.dir/rosidl_typesupport_fastrtps_cpp/formation_msgs/msg/detail/dds_fastrtps/user_command__type_support.cpp.o[0m
[8.523s] [ 72%] [32mBuilding CXX object CMakeFiles/formation_msgs__rosidl_typesupport_fastrtps_c.dir/rosidl_typesupport_fastrtps_c/formation_msgs/msg/detail/refinement_cmd__type_support_c.cpp.o[0m
[8.611s] [ 73%] [32m[1mLinking C shared library libformation_msgs__rosidl_typesupport_introspection_c.so[0m
[8.618s] [ 74%] [32mBuilding CXX object CMakeFiles/formation_msgs__rosidl_typesupport_fastrtps_c.dir/rosidl_typesupport_fastrtps_c/formation_msgs/msg/detail/refinement_candidate__type_support_c.cpp.o[0m
[8.642s] [ 75%] [32mBuilding CXX object CMakeFiles/formation_msgs__rosidl_typesupport_fastrtps_c.dir/rosidl_typesupport_fastrtps_c/formation_msgs/msg/detail/generated_transform__type_support_c.cpp.o[0m
[8.762s] [ 75%] Built target formation_msgs__rosidl_typesupport_introspection_c
[8.808s] [ 76%] [32mBuilding CXX object CMakeFiles/formation_msgs__rosidl_typesupport_fastrtps_c.dir/rosidl_typesupport_fastrtps_c/formation_msgs/msg/detail/plan_status__type_support_c.cpp.o[0m
[8.815s] [ 77%] [32mBuilding CXX object CMakeFiles/formation_msgs__rosidl_typesupport_fastrtps_cpp.dir/rosidl_typesupport_fastrtps_cpp/formation_msgs/msg/detail/dds_fastrtps/drone_setpoint__type_support.cpp.o[0m
[8.845s] [ 78%] [32mBuilding CXX object CMakeFiles/formation_msgs__rosidl_typesupport_fastrtps_c.dir/rosidl_typesupport_fastrtps_c/formation_msgs/msg/detail/system_state__type_support_c.cpp.o[0m
[9.119s] [ 78%] [32mBuilding CXX object CMakeFiles/formation_msgs__rosidl_typesupport_fastrtps_c.dir/rosidl_typesupport_fastrtps_c/formation_msgs/msg/detail/user_command__type_support_c.cpp.o[0m
[9.206s] [ 79%] [32mBuilding CXX object CMakeFiles/formation_msgs__rosidl_typesupport_fastrtps_c.dir/rosidl_typesupport_fastrtps_c/formation_msgs/msg/detail/drone_setpoint__type_support_c.cpp.o[0m
[9.284s] [ 80%] [32m[1mLinking CXX shared library libformation_msgs__rosidl_typesupport_introspection_cpp.so[0m
[9.529s] [ 80%] Built target formation_msgs__rosidl_typesupport_introspection_cpp
[9.882s] [ 81%] [32m[1mLinking CXX shared library libformation_msgs__rosidl_typesupport_fastrtps_cpp.so[0m
[9.922s] [ 82%] [32m[1mLinking CXX shared library libformation_msgs__rosidl_typesupport_fastrtps_c.so[0m
[10.087s] [ 82%] Built target formation_msgs__rosidl_typesupport_fastrtps_cpp
[10.103s] [ 82%] Built target formation_msgs__rosidl_typesupport_fastrtps_c
[10.143s] [ 82%] Built target formation_msgs
[10.182s] [ 83%] [34m[1mGenerating Python code for ROS interfaces[0m
[12.324s] [ 83%] Built target formation_msgs__py
[12.434s] [35m[1mConsolidate compiler generated dependencies of target formation_msgs__rosidl_generator_py[0m
[12.468s] [ 85%] [32mBuilding C object CMakeFiles/formation_msgs__rosidl_generator_py.dir/rosidl_generator_py/formation_msgs/msg/_formation_goal_s.c.o[0m
[12.468s] [ 85%] [32mBuilding C object CMakeFiles/formation_msgs__rosidl_generator_py.dir/rosidl_generator_py/formation_msgs/msg/_drawn_shape_s.c.o[0m
[12.468s] [ 86%] [32mBuilding C object CMakeFiles/formation_msgs__rosidl_generator_py.dir/rosidl_generator_py/formation_msgs/msg/_drone_path_s.c.o[0m
[12.471s] [ 86%] [32mBuilding C object CMakeFiles/formation_msgs__rosidl_generator_py.dir/rosidl_generator_py/formation_msgs/msg/_drone_state_s.c.o[0m
[12.474s] [ 87%] [32mBuilding C object CMakeFiles/formation_msgs__rosidl_generator_py.dir/rosidl_generator_py/formation_msgs/msg/_refinement_candidate_s.c.o[0m
[12.477s] [ 88%] [32mBuilding C object CMakeFiles/formation_msgs__rosidl_generator_py.dir/rosidl_generator_py/formation_msgs/msg/_refinement_cmd_s.c.o[0m
[12.480s] [ 90%] [32mBuilding C object CMakeFiles/formation_msgs__rosidl_generator_py.dir/rosidl_generator_py/formation_msgs/msg/_plan_status_s.c.o[0m
[12.480s] [ 90%] [32mBuilding C object CMakeFiles/formation_msgs__rosidl_generator_py.dir/rosidl_generator_py/formation_msgs/msg/_generated_transform_s.c.o[0m
[12.487s] [ 92%] [32mBuilding C object CMakeFiles/formation_msgs__rosidl_generator_py.dir/rosidl_generator_py/formation_msgs/msg/_drone_setpoint_s.c.o[0m
[12.488s] [ 92%] [32mBuilding C object CMakeFiles/formation_msgs__rosidl_generator_py.dir/rosidl_generator_py/formation_msgs/msg/_system_state_s.c.o[0m
[12.488s] [ 93%] [32mBuilding C object CMakeFiles/formation_msgs__rosidl_generator_py.dir/rosidl_generator_py/formation_msgs/msg/_user_command_s.c.o[0m
[12.747s] [ 94%] [32m[1mLinking C shared library rosidl_generator_py/formation_msgs/libformation_msgs__rosidl_generator_py.so[0m
[12.829s] [ 94%] Built target formation_msgs__rosidl_generator_py
[12.848s] [35m[1mConsolidate compiler generated dependencies of target formation_msgs__rosidl_typesupport_introspection_c__pyext[0m
[12.848s] [35m[1mConsolidate compiler generated dependencies of target formation_msgs__rosidl_typesupport_fastrtps_c__pyext[0m
[12.848s] [35m[1mConsolidate compiler generated dependencies of target formation_msgs__rosidl_typesupport_c__pyext[0m
[12.871s] [ 96%] [32mBuilding C object CMakeFiles/formation_msgs__rosidl_typesupport_introspection_c__pyext.dir/rosidl_generator_py/formation_msgs/_formation_msgs_s.ep.rosidl_typesupport_introspection_c.c.o[0m
[12.871s] [ 96%] [32mBuilding C object CMakeFiles/formation_msgs__rosidl_typesupport_c__pyext.dir/rosidl_generator_py/formation_msgs/_formation_msgs_s.ep.rosidl_typesupport_c.c.o[0m
[12.874s] [ 97%] [32mBuilding C object CMakeFiles/formation_msgs__rosidl_typesupport_fastrtps_c__pyext.dir/rosidl_generator_py/formation_msgs/_formation_msgs_s.ep.rosidl_typesupport_fastrtps_c.c.o[0m
[13.088s] [ 98%] [32m[1mLinking C shared library rosidl_generator_py/formation_msgs/formation_msgs_s__rosidl_typesupport_introspection_c.cpython-310-x86_64-linux-gnu.so[0m
[13.091s] [100%] [32m[1mLinking C shared library rosidl_generator_py/formation_msgs/formation_msgs_s__rosidl_typesupport_fastrtps_c.cpython-310-x86_64-linux-gnu.so[0m
[13.091s] [100%] [32m[1mLinking C shared library rosidl_generator_py/formation_msgs/formation_msgs_s__rosidl_typesupport_c.cpython-310-x86_64-linux-gnu.so[0m
[13.163s] [100%] Built target formation_msgs__rosidl_typesupport_c__pyext
[13.164s] [100%] Built target formation_msgs__rosidl_typesupport_introspection_c__pyext
[13.164s] [100%] Built target formation_msgs__rosidl_typesupport_fastrtps_c__pyext
[13.188s] Invoked command in '/home/tiffany/fyp_ws/build/formation_msgs' returned '0': CMAKE_PREFIX_PATH=/opt/ros/humble /usr/bin/cmake --build /home/tiffany/fyp_ws/build/formation_msgs -- -j16 -l16
[13.190s] Invoking command in '/home/tiffany/fyp_ws/build/formation_msgs': CMAKE_PREFIX_PATH=/opt/ros/humble /usr/bin/cmake --install /home/tiffany/fyp_ws/build/formation_msgs
[13.204s] -- Install configuration: ""
[13.204s] -- Up-to-date: /home/tiffany/fyp_ws/install/formation_msgs/share/ament_index/resource_index/rosidl_interfaces/formation_msgs
[13.204s] -- Up-to-date: /home/tiffany/fyp_ws/install/formation_msgs/include/formation_msgs/formation_msgs
[13.204s] -- Up-to-date: /home/tiffany/fyp_ws/install/formation_msgs/include/formation_msgs/formation_msgs/msg
[13.204s] -- Installing: /home/tiffany/fyp_ws/install/formation_msgs/include/formation_msgs/formation_msgs/msg/generated_transform.h
[13.205s] -- Installing: /home/tiffany/fyp_ws/install/formation_msgs/include/formation_msgs/formation_msgs/msg/system_state.h
[13.205s] -- Installing: /home/tiffany/fyp_ws/install/formation_msgs/include/formation_msgs/formation_msgs/msg/drawn_shape.h
[13.205s] -- Installing: /home/tiffany/fyp_ws/install/formation_msgs/include/formation_msgs/formation_msgs/msg/drone_path.h
[13.205s] -- Installing: /home/tiffany/fyp_ws/install/formation_msgs/include/formation_msgs/formation_msgs/msg/drone_setpoint.h
[13.206s] -- Installing: /home/tiffany/fyp_ws/install/formation_msgs/include/formation_msgs/formation_msgs/msg/formation_goal.h
[13.206s] -- Installing: /home/tiffany/fyp_ws/install/formation_msgs/include/formation_msgs/formation_msgs/msg/plan_status.h
[13.206s] -- Up-to-date: /home/tiffany/fyp_ws/install/formation_msgs/include/formation_msgs/formation_msgs/msg/rosidl_generator_c__visibility_control.h
[13.206s] -- Up-to-date: /home/tiffany/fyp_ws/install/formation_msgs/include/formation_msgs/formation_msgs/msg/detail
[13.206s] -- Installing: /home/tiffany/fyp_ws/install/formation_msgs/include/formation_msgs/formation_msgs/msg/detail/drone_setpoint__functions.h
[13.206s] -- Installing: /home/tiffany/fyp_ws/install/formation_msgs/include/formation_msgs/formation_msgs/msg/detail/generated_transform__functions.h
[13.206s] -- Installing: /home/tiffany/fyp_ws/install/formation_msgs/include/formation_msgs/formation_msgs/msg/detail/plan_status__type_support.h
[13.207s] -- Installing: /home/tiffany/fyp_ws/install/formation_msgs/include/formation_msgs/formation_msgs/msg/detail/drone_state__functions.c
[13.207s] -- Installing: /home/tiffany/fyp_ws/install/formation_msgs/include/formation_msgs/formation_msgs/msg/detail/drone_setpoint__type_support.h
[13.207s] -- Installing: /home/tiffany/fyp_ws/install/formation_msgs/include/formation_msgs/formation_msgs/msg/detail/plan_status__functions.c
[13.207s] -- Installing: /home/tiffany/fyp_ws/install/formation_msgs/include/formation_msgs/formation_msgs/msg/detail/refinement_cmd__struct.h
[13.207s] -- Installing: /home/tiffany/fyp_ws/install/formation_msgs/include/formation_msgs/formation_msgs/msg/detail/drone_path__type_support.h
[13.208s] -- Installing: /home/tiffany/fyp_ws/install/formation_msgs/include/formation_msgs/formation_msgs/msg/detail/drone_path__functions.h
[13.208s] -- Installing: /home/tiffany/fyp_ws/install/formation_msgs/include/formation_msgs/formation_msgs/msg/detail/refinement_candidate__struct.h
[13.208s] -- Installing: /home/tiffany/fyp_ws/install/formation_msgs/include/formation_msgs/formation_msgs/msg/detail/generated_transform__struct.h
[13.208s] -- Installing: /home/tiffany/fyp_ws/install/formation_msgs/include/formation_msgs/formation_msgs/msg/detail/user_command__struct.h
[13.209s] -- Installing: /home/tiffany/fyp_ws/install/formation_msgs/include/formation_msgs/formation_msgs/msg/detail/drawn_shape__struct.h
[13.209s] -- Installing: /home/tiffany/fyp_ws/install/formation_msgs/include/formation_msgs/formation_msgs/msg/detail/system_state__struct.h
[13.209s] -- Installing: /home/tiffany/fyp_ws/install/formation_msgs/include/formation_msgs/formation_msgs/msg/detail/drawn_shape__functions.h
[13.210s] -- Installing: /home/tiffany/fyp_ws/install/formation_msgs/include/formation_msgs/formation_msgs/msg/detail/drone_path__functions.c
[13.210s] -- Installing: /home/tiffany/fyp_ws/install/formation_msgs/include/formation_msgs/formation_msgs/msg/detail/formation_goal__struct.h
[13.210s] -- Installing: /home/tiffany/fyp_ws/install/formation_msgs/include/formation_msgs/formation_msgs/msg/detail/drawn_shape__functions.c
[13.210s] -- Installing: /home/tiffany/fyp_ws/install/formation_msgs/include/formation_msgs/formation_msgs/msg/detail/drone_state__type_support.h
[13.211s] -- Installing: /home/tiffany/fyp_ws/install/formation_msgs/include/formation_msgs/formation_msgs/msg/detail/drone_state__functions.h
[13.211s] -- Installing: /home/tiffany/fyp_ws/install/formation_msgs/include/formation_msgs/formation_msgs/msg/detail/refinement_candidate__functions.c
[13.211s] -- Installing: /home/tiffany/fyp_ws/install/formation_msgs/include/formation_msgs/formation_msgs/msg/detail/drone_path__struct.h
[13.211s] -- Installing: /home/tiffany/fyp_ws/install/formation_msgs/include/formation_msgs/formation_msgs/msg/detail/refinement_cmd__functions.h
[13.211s] -- Installing: /home/tiffany/fyp_ws/install/formation_msgs/include/formation_msgs/formation_msgs/msg/detail/drone_setpoint__struct.h
[13.212s] -- Installing: /home/tiffany/fyp_ws/install/formation_msgs/include/formation_msgs/formation_msgs/msg/detail/user_command__type_support.h
[13.212s] -- Installing: /home/tiffany/fyp_ws/install/formation_msgs/include/formation_msgs/formation_msgs/msg/detail/plan_status__struct.h
[13.212s] -- Installing: /home/tiffany/fyp_ws/install/formation_msgs/include/formation_msgs/formation_msgs/msg/detail/refinement_candidate__functions.h
[13.212s] -- Installing: /home/tiffany/fyp_ws/install/formation_msgs/include/formation_msgs/formation_msgs/msg/detail/system_state__functions.h
[13.212s] -- Installing: /home/tiffany/fyp_ws/install/formation_msgs/include/formation_msgs/formation_msgs/msg/detail/refinement_cmd__functions.c
[13.213s] -- Installing: /home/tiffany/fyp_ws/install/formation_msgs/include/formation_msgs/formation_msgs/msg/detail/user_command__functions.c
[13.213s] -- Installing: /home/tiffany/fyp_ws/install/formation_msgs/include/formation_msgs/formation_msgs/msg/detail/refinement_cmd__type_support.h
[13.213s] -- Installing: /home/tiffany/fyp_ws/install/formation_msgs/include/formation_msgs/formation_msgs/msg/detail/user_command__functions.h
[13.213s] -- Installing: /home/tiffany/fyp_ws/install/formation_msgs/include/formation_msgs/formation_msgs/msg/detail/drawn_shape__type_support.h
[13.214s] -- Installing: /home/tiffany/fyp_ws/install/formation_msgs/include/formation_msgs/formation_msgs/msg/detail/drone_setpoint__functions.c
[13.214s] -- Installing: /home/tiffany/fyp_ws/install/formation_msgs/include/formation_msgs/formation_msgs/msg/detail/formation_goal__functions.h
[13.214s] -- Installing: /home/tiffany/fyp_ws/install/formation_msgs/include/formation_msgs/formation_msgs/msg/detail/refinement_candidate__type_support.h
[13.214s] -- Installing: /home/tiffany/fyp_ws/install/formation_msgs/include/formation_msgs/formation_msgs/msg/detail/system_state__functions.c
[13.215s] -- Installing: /home/tiffany/fyp_ws/install/formation_msgs/include/formation_msgs/formation_msgs/msg/detail/formation_goal__functions.c
[13.215s] -- Installing: /home/tiffany/fyp_ws/install/formation_msgs/include/formation_msgs/formation_msgs/msg/detail/generated_transform__functions.c
[13.215s] -- Installing: /home/tiffany/fyp_ws/install/formation_msgs/include/formation_msgs/formation_msgs/msg/detail/formation_goal__type_support.h
[13.215s] -- Installing: /home/tiffany/fyp_ws/install/formation_msgs/include/formation_msgs/formation_msgs/msg/detail/drone_state__struct.h
[13.216s] -- Installing: /home/tiffany/fyp_ws/install/formation_msgs/include/formation_msgs/formation_msgs/msg/detail/plan_status__functions.h
[13.216s] -- Installing: /home/tiffany/fyp_ws/install/formation_msgs/include/formation_msgs/formation_msgs/msg/detail/generated_transform__type_support.h
[13.216s] -- Installing: /home/tiffany/fyp_ws/install/formation_msgs/include/formation_msgs/formation_msgs/msg/detail/system_state__type_support.h
[13.216s] -- Installing: /home/tiffany/fyp_ws/install/formation_msgs/include/formation_msgs/formation_msgs/msg/refinement_cmd.h
[13.217s] -- Installing: /home/tiffany/fyp_ws/install/formation_msgs/include/formation_msgs/formation_msgs/msg/user_command.h
[13.217s] -- Installing: /home/tiffany/fyp_ws/install/formation_msgs/include/formation_msgs/formation_msgs/msg/drone_state.h
[13.217s] -- Installing: /home/tiffany/fyp_ws/install/formation_msgs/include/formation_msgs/formation_msgs/msg/refinement_candidate.h
[13.217s] -- Up-to-date: /home/tiffany/fyp_ws/install/formation_msgs/share/formation_msgs/environment/library_path.sh
[13.217s] -- Installing: /home/tiffany/fyp_ws/install/formation_msgs/share/formation_msgs/environment/library_path.dsv
[13.218s] -- Installing: /home/tiffany/fyp_ws/install/formation_msgs/lib/libformation_msgs__rosidl_generator_c.so
[13.219s] -- Set runtime path of "/home/tiffany/fyp_ws/install/formation_msgs/lib/libformation_msgs__rosidl_generator_c.so" to ""
[13.219s] -- Up-to-date: /home/tiffany/fyp_ws/install/formation_msgs/include/formation_msgs/formation_msgs
[13.219s] -- Up-to-date: /home/tiffany/fyp_ws/install/formation_msgs/include/formation_msgs/formation_msgs/msg
[13.219s] -- Up-to-date: /home/tiffany/fyp_ws/install/formation_msgs/include/formation_msgs/formation_msgs/msg/rosidl_typesupport_fastrtps_c__visibility_control.h
[13.219s] -- Up-to-date: /home/tiffany/fyp_ws/install/formation_msgs/include/formation_msgs/formation_msgs/msg/detail
[13.219s] -- Installing: /home/tiffany/fyp_ws/install/formation_msgs/include/formation_msgs/formation_msgs/msg/detail/drone_path__rosidl_typesupport_fastrtps_c.h
[13.219s] -- Installing: /home/tiffany/fyp_ws/install/formation_msgs/include/formation_msgs/formation_msgs/msg/detail/formation_goal__rosidl_typesupport_fastrtps_c.h
[13.219s] -- Installing: /home/tiffany/fyp_ws/install/formation_msgs/include/formation_msgs/formation_msgs/msg/detail/drone_setpoint__rosidl_typesupport_fastrtps_c.h
[13.220s] -- Installing: /home/tiffany/fyp_ws/install/formation_msgs/include/formation_msgs/formation_msgs/msg/detail/system_state__rosidl_typesupport_fastrtps_c.h
[13.220s] -- Installing: /home/tiffany/fyp_ws/install/formation_msgs/include/formation_msgs/formation_msgs/msg/detail/generated_transform__rosidl_typesupport_fastrtps_c.h
[13.220s] -- Installing: /home/tiffany/fyp_ws/install/formation_msgs/include/formation_msgs/formation_msgs/msg/detail/user_command__rosidl_typesupport_fastrtps_c.h
[13.220s] -- Installing: /home/tiffany/fyp_ws/install/formation_msgs/include/formation_msgs/formation_msgs/msg/detail/drone_state__rosidl_typesupport_fastrtps_c.h
[13.221s] -- Installing: /home/tiffany/fyp_ws/install/formation_msgs/include/formation_msgs/formation_msgs/msg/detail/drawn_shape__rosidl_typesupport_fastrtps_c.h
[13.221s] -- Installing: /home/tiffany/fyp_ws/install/formation_msgs/include/formation_msgs/formation_msgs/msg/detail/plan_status__rosidl_typesupport_fastrtps_c.h
[13.224s] -- Installing: /home/tiffany/fyp_ws/install/formation_msgs/include/formation_msgs/formation_msgs/msg/detail/refinement_candidate__rosidl_typesupport_fastrtps_c.h
[13.225s] -- Installing: /home/tiffany/fyp_ws/install/formation_msgs/include/formation_msgs/formation_msgs/msg/detail/refinement_cmd__rosidl_typesupport_fastrtps_c.h
[13.225s] -- Installing: /home/tiffany/fyp_ws/install/formation_msgs/lib/libformation_msgs__rosidl_typesupport_fastrtps_c.so
[13.225s] -- Set runtime path of "/home/tiffany/fyp_ws/install/formation_msgs/lib/libformation_msgs__rosidl_typesupport_fastrtps_c.so" to ""
[13.225s] -- Up-to-date: /home/tiffany/fyp_ws/install/formation_msgs/include/formation_msgs/formation_msgs
[13.225s] -- Up-to-date: /home/tiffany/fyp_ws/install/formation_msgs/include/formation_msgs/formation_msgs/msg
[13.225s] -- Up-to-date: /home/tiffany/fyp_ws/install/formation_msgs/include/formation_msgs/formation_msgs/msg/rosidl_typesupport_introspection_c__visibility_control.h
[13.225s] -- Up-to-date: /home/tiffany/fyp_ws/install/formation_msgs/include/formation_msgs/formation_msgs/msg/detail
[13.225s] -- Installing: /home/tiffany/fyp_ws/install/formation_msgs/include/formation_msgs/formation_msgs/msg/detail/drone_state__type_support.c
[13.225s] -- Installing: /home/tiffany/fyp_ws/install/formation_msgs/include/formation_msgs/formation_msgs/msg/detail/generated_transform__rosidl_typesupport_introspection_c.h
[13.225s] -- Installing: /home/tiffany/fyp_ws/install/formation_msgs/include/formation_msgs/formation_msgs/msg/detail/formation_goal__rosidl_typesupport_introspection_c.h
[13.225s] -- Installing: /home/tiffany/fyp_ws/install/formation_msgs/include/formation_msgs/formation_msgs/msg/detail/plan_status__rosidl_typesupport_introspection_c.h
[13.226s] -- Installing: /home/tiffany/fyp_ws/install/formation_msgs/include/formation_msgs/formation_msgs/msg/detail/user_command__rosidl_typesupport_introspection_c.h
[13.226s] -- Installing: /home/tiffany/fyp_ws/install/formation_msgs/include/formation_msgs/formation_msgs/msg/detail/refinement_cmd__type_support.c
[13.226s] -- Installing: /home/tiffany/fyp_ws/install/formation_msgs/include/formation_msgs/formation_msgs/msg/detail/drone_setpoint__rosidl_typesupport_introspection_c.h
[13.226s] -- Installing: /home/tiffany/fyp_ws/install/formation_msgs/include/formation_msgs/formation_msgs/msg/detail/drawn_shape__type_support.c
[13.227s] -- Installing: /home/tiffany/fyp_ws/install/formation_msgs/include/formation_msgs/formation_msgs/msg/detail/drone_path__rosidl_typesupport_introspection_c.h
[13.227s] -- Installing: /home/tiffany/fyp_ws/install/formation_msgs/include/formation_msgs/formation_msgs/msg/detail/drone_path__type_support.c
[13.227s] -- Installing: /home/tiffany/fyp_ws/install/formation_msgs/include/formation_msgs/formation_msgs/msg/detail/drone_state__rosidl_typesupport_introspection_c.h
[13.227s] -- Installing: /home/tiffany/fyp_ws/install/formation_msgs/include/formation_msgs/formation_msgs/msg/detail/user_command__type_support.c
[13.227s] -- Installing: /home/tiffany/fyp_ws/install/formation_msgs/include/formation_msgs/formation_msgs/msg/detail/plan_status__type_support.c
[13.227s] -- Installing: /home/tiffany/fyp_ws/install/formation_msgs/include/formation_msgs/formation_msgs/msg/detail/system_state__rosidl_typesupport_introspection_c.h
[13.227s] -- Installing: /home/tiffany/fyp_ws/install/formation_msgs/include/formation_msgs/formation_msgs/msg/detail/formation_goal__type_support.c
[13.227s] -- Installing: /home/tiffany/fyp_ws/install/formation_msgs/include/formation_msgs/formation_msgs/msg/detail/refinement_candidate__type_support.c
[13.227s] -- Installing: /home/tiffany/fyp_ws/install/formation_msgs/include/formation_msgs/formation_msgs/msg/detail/generated_transform__type_support.c
[13.228s] -- Installing: /home/tiffany/fyp_ws/install/formation_msgs/include/formation_msgs/formation_msgs/msg/detail/refinement_cmd__rosidl_typesupport_introspection_c.h
[13.228s] -- Installing: /home/tiffany/fyp_ws/install/formation_msgs/include/formation_msgs/formation_msgs/msg/detail/system_state__type_support.c
[13.228s] -- Installing: /home/tiffany/fyp_ws/install/formation_msgs/include/formation_msgs/formation_msgs/msg/detail/drawn_shape__rosidl_typesupport_introspection_c.h
[13.228s] -- Installing: /home/tiffany/fyp_ws/install/formation_msgs/include/formation_msgs/formation_msgs/msg/detail/refinement_candidate__rosidl_typesupport_introspection_c.h
[13.228s] -- Installing: /home/tiffany/fyp_ws/install/formation_msgs/include/formation_msgs/formation_msgs/msg/detail/drone_setpoint__type_support.c
[13.229s] -- Installing: /home/tiffany/fyp_ws/install/formation_msgs/lib/libformation_msgs__rosidl_typesupport_introspection_c.so
[13.230s] -- Set runtime path of "/home/tiffany/fyp_ws/install/formation_msgs/lib/libformation_msgs__rosidl_typesupport_introspection_c.so" to ""
[13.230s] -- Installing: /home/tiffany/fyp_ws/install/formation_msgs/lib/libformation_msgs__rosidl_typesupport_c.so
[13.234s] -- Set runtime path of "/home/tiffany/fyp_ws/install/formation_msgs/lib/libformation_msgs__rosidl_typesupport_c.so" to ""
[13.234s] -- Up-to-date: /home/tiffany/fyp_ws/install/formation_msgs/include/formation_msgs/formation_msgs
[13.234s] -- Up-to-date: /home/tiffany/fyp_ws/install/formation_msgs/include/formation_msgs/formation_msgs/msg
[13.234s] -- Installing: /home/tiffany/fyp_ws/install/formation_msgs/include/formation_msgs/formation_msgs/msg/user_command.hpp
[13.234s] -- Installing: /home/tiffany/fyp_ws/install/formation_msgs/include/formation_msgs/formation_msgs/msg/drone_setpoint.hpp
[13.234s] -- Installing: /home/tiffany/fyp_ws/install/formation_msgs/include/formation_msgs/formation_msgs/msg/plan_status.hpp
[13.234s] -- Installing: /home/tiffany/fyp_ws/install/formation_msgs/include/formation_msgs/formation_msgs/msg/drone_path.hpp
[13.234s] -- Up-to-date: /home/tiffany/fyp_ws/install/formation_msgs/include/formation_msgs/formation_msgs/msg/rosidl_generator_cpp__visibility_control.hpp
[13.234s] -- Installing: /home/tiffany/fyp_ws/install/formation_msgs/include/formation_msgs/formation_msgs/msg/formation_goal.hpp
[13.234s] -- Installing: /home/tiffany/fyp_ws/install/formation_msgs/include/formation_msgs/formation_msgs/msg/drone_state.hpp
[13.235s] -- Installing: /home/tiffany/fyp_ws/install/formation_msgs/include/formation_msgs/formation_msgs/msg/generated_transform.hpp
[13.235s] -- Installing: /home/tiffany/fyp_ws/install/formation_msgs/include/formation_msgs/formation_msgs/msg/refinement_candidate.hpp
[13.235s] -- Up-to-date: /home/tiffany/fyp_ws/install/formation_msgs/include/formation_msgs/formation_msgs/msg/detail
[13.235s] -- Installing: /home/tiffany/fyp_ws/install/formation_msgs/include/formation_msgs/formation_msgs/msg/detail/generated_transform__traits.hpp
[13.235s] -- Installing: /home/tiffany/fyp_ws/install/formation_msgs/include/formation_msgs/formation_msgs/msg/detail/drone_path__struct.hpp
[13.235s] -- Installing: /home/tiffany/fyp_ws/install/formation_msgs/include/formation_msgs/formation_msgs/msg/detail/generated_transform__builder.hpp
[13.235s] -- Installing: /home/tiffany/fyp_ws/install/formation_msgs/include/formation_msgs/formation_msgs/msg/detail/drawn_shape__struct.hpp
[13.235s] -- Installing: /home/tiffany/fyp_ws/install/formation_msgs/include/formation_msgs/formation_msgs/msg/detail/refinement_candidate__struct.hpp
[13.236s] -- Installing: /home/tiffany/fyp_ws/install/formation_msgs/include/formation_msgs/formation_msgs/msg/detail/refinement_cmd__traits.hpp
[13.236s] -- Installing: /home/tiffany/fyp_ws/install/formation_msgs/include/formation_msgs/formation_msgs/msg/detail/user_command__builder.hpp
[13.236s] -- Installing: /home/tiffany/fyp_ws/install/formation_msgs/include/formation_msgs/formation_msgs/msg/detail/drone_setpoint__type_support.hpp
[13.236s] -- Installing: /home/tiffany/fyp_ws/install/formation_msgs/include/formation_msgs/formation_msgs/msg/detail/refinement_cmd__struct.hpp
[13.236s] -- Installing: /home/tiffany/fyp_ws/install/formation_msgs/include/formation_msgs/formation_msgs/msg/detail/refinement_candidate__traits.hpp
[13.236s] -- Installing: /home/tiffany/fyp_ws/install/formation_msgs/include/formation_msgs/formation_msgs/msg/detail/plan_status__builder.hpp
[13.236s] -- Installing: /home/tiffany/fyp_ws/install/formation_msgs/include/formation_msgs/formation_msgs/msg/detail/drone_path__traits.hpp
[13.238s] -- Installing: /home/tiffany/fyp_ws/install/formation_msgs/include/formation_msgs/formation_msgs/msg/detail/drone_state__type_support.hpp
[13.238s] -- Installing: /home/tiffany/fyp_ws/install/formation_msgs/include/formation_msgs/formation_msgs/msg/detail/formation_goal__traits.hpp
[13.238s] -- Installing: /home/tiffany/fyp_ws/install/formation_msgs/include/formation_msgs/formation_msgs/msg/detail/user_command__struct.hpp
[13.238s] -- Installing: /home/tiffany/fyp_ws/install/formation_msgs/include/formation_msgs/formation_msgs/msg/detail/formation_goal__builder.hpp
[13.238s] -- Installing: /home/tiffany/fyp_ws/install/formation_msgs/include/formation_msgs/formation_msgs/msg/detail/generated_transform__struct.hpp
[13.238s] -- Installing: /home/tiffany/fyp_ws/install/formation_msgs/include/formation_msgs/formation_msgs/msg/detail/refinement_candidate__type_support.hpp
[13.239s] -- Installing: /home/tiffany/fyp_ws/install/formation_msgs/include/formation_msgs/formation_msgs/msg/detail/drone_state__builder.hpp
[13.239s] -- Installing: /home/tiffany/fyp_ws/install/formation_msgs/include/formation_msgs/formation_msgs/msg/detail/user_command__type_support.hpp
[13.239s] -- Installing: /home/tiffany/fyp_ws/install/formation_msgs/include/formation_msgs/formation_msgs/msg/detail/system_state__struct.hpp
[13.239s] -- Installing: /home/tiffany/fyp_ws/install/formation_msgs/include/formation_msgs/formation_msgs/msg/detail/formation_goal__type_support.hpp
[13.239s] -- Installing: /home/tiffany/fyp_ws/install/formation_msgs/include/formation_msgs/formation_msgs/msg/detail/system_state__traits.hpp
[13.243s] -- Installing: /home/tiffany/fyp_ws/install/formation_msgs/include/formation_msgs/formation_msgs/msg/detail/drone_setpoint__struct.hpp
[13.243s] -- Installing: /home/tiffany/fyp_ws/install/formation_msgs/include/formation_msgs/formation_msgs/msg/detail/formation_goal__struct.hpp
[13.243s] -- Installing: /home/tiffany/fyp_ws/install/formation_msgs/include/formation_msgs/formation_msgs/msg/detail/drone_setpoint__traits.hpp
[13.243s] -- Installing: /home/tiffany/fyp_ws/install/formation_msgs/include/formation_msgs/formation_msgs/msg/detail/plan_status__type_support.hpp
[13.244s] -- Installing: /home/tiffany/fyp_ws/install/formation_msgs/include/formation_msgs/formation_msgs/msg/detail/drawn_shape__type_support.hpp
[13.244s] -- Installing: /home/tiffany/fyp_ws/install/formation_msgs/include/formation_msgs/formation_msgs/msg/detail/user_command__traits.hpp
[13.245s] -- Installing: /home/tiffany/fyp_ws/install/formation_msgs/include/formation_msgs/formation_msgs/msg/detail/refinement_cmd__builder.hpp
[13.245s] -- Installing: /home/tiffany/fyp_ws/install/formation_msgs/include/formation_msgs/formation_msgs/msg/detail/drone_path__type_support.hpp
[13.245s] -- Installing: /home/tiffany/fyp_ws/install/formation_msgs/include/formation_msgs/formation_msgs/msg/detail/drone_state__struct.hpp
[13.245s] -- Installing: /home/tiffany/fyp_ws/install/formation_msgs/include/formation_msgs/formation_msgs/msg/detail/refinement_cmd__type_support.hpp
[13.245s] -- Installing: /home/tiffany/fyp_ws/install/formation_msgs/include/formation_msgs/formation_msgs/msg/detail/refinement_candidate__builder.hpp
[13.245s] -- Installing: /home/tiffany/fyp_ws/install/formation_msgs/include/formation_msgs/formation_msgs/msg/detail/system_state__builder.hpp
[13.245s] -- Installing: /home/tiffany/fyp_ws/install/formation_msgs/include/formation_msgs/formation_msgs/msg/detail/plan_status__traits.hpp
[13.245s] -- Installing: /home/tiffany/fyp_ws/install/formation_msgs/include/formation_msgs/formation_msgs/msg/detail/drawn_shape__builder.hpp
[13.245s] -- Installing: /home/tiffany/fyp_ws/install/formation_msgs/include/formation_msgs/formation_msgs/msg/detail/drone_path__builder.hpp
[13.246s] -- Installing: /home/tiffany/fyp_ws/install/formation_msgs/include/formation_msgs/formation_msgs/msg/detail/plan_status__struct.hpp
[13.246s] -- Installing: /home/tiffany/fyp_ws/install/formation_msgs/include/formation_msgs/formation_msgs/msg/detail/generated_transform__type_support.hpp
[13.246s] -- Installing: /home/tiffany/fyp_ws/install/formation_msgs/include/formation_msgs/formation_msgs/msg/detail/drone_setpoint__builder.hpp
[13.246s] -- Installing: /home/tiffany/fyp_ws/install/formation_msgs/include/formation_msgs/formation_msgs/msg/detail/system_state__type_support.hpp
[13.246s] -- Installing: /home/tiffany/fyp_ws/install/formation_msgs/include/formation_msgs/formation_msgs/msg/detail/drone_state__traits.hpp
[13.246s] -- Installing: /home/tiffany/fyp_ws/install/formation_msgs/include/formation_msgs/formation_msgs/msg/detail/drawn_shape__traits.hpp
[13.247s] -- Installing: /home/tiffany/fyp_ws/install/formation_msgs/include/formation_msgs/formation_msgs/msg/system_state.hpp
[13.247s] -- Installing: /home/tiffany/fyp_ws/install/formation_msgs/include/formation_msgs/formation_msgs/msg/drawn_shape.hpp
[13.247s] -- Installing: /home/tiffany/fyp_ws/install/formation_msgs/include/formation_msgs/formation_msgs/msg/refinement_cmd.hpp
[13.247s] -- Up-to-date: /home/tiffany/fyp_ws/install/formation_msgs/include/formation_msgs/formation_msgs
[13.247s] -- Up-to-date: /home/tiffany/fyp_ws/install/formation_msgs/include/formation_msgs/formation_msgs/msg
[13.247s] -- Up-to-date: /home/tiffany/fyp_ws/install/formation_msgs/include/formation_msgs/formation_msgs/msg/detail
[13.248s] -- Up-to-date: /home/tiffany/fyp_ws/install/formation_msgs/include/formation_msgs/formation_msgs/msg/detail/dds_fastrtps
[13.248s] -- Installing: /home/tiffany/fyp_ws/install/formation_msgs/include/formation_msgs/formation_msgs/msg/detail/refinement_cmd__rosidl_typesupport_fastrtps_cpp.hpp
[13.248s] -- Installing: /home/tiffany/fyp_ws/install/formation_msgs/include/formation_msgs/formation_msgs/msg/detail/user_command__rosidl_typesupport_fastrtps_cpp.hpp
[13.248s] -- Installing: /home/tiffany/fyp_ws/install/formation_msgs/include/formation_msgs/formation_msgs/msg/detail/formation_goal__rosidl_typesupport_fastrtps_cpp.hpp
[13.248s] -- Installing: /home/tiffany/fyp_ws/install/formation_msgs/include/formation_msgs/formation_msgs/msg/detail/drone_setpoint__rosidl_typesupport_fastrtps_cpp.hpp
[13.248s] -- Installing: /home/tiffany/fyp_ws/install/formation_msgs/include/formation_msgs/formation_msgs/msg/detail/generated_transform__rosidl_typesupport_fastrtps_cpp.hpp
[13.248s] -- Installing: /home/tiffany/fyp_ws/install/formation_msgs/include/formation_msgs/formation_msgs/msg/detail/system_state__rosidl_typesupport_fastrtps_cpp.hpp
[13.248s] -- Installing: /home/tiffany/fyp_ws/install/formation_msgs/include/formation_msgs/formation_msgs/msg/detail/refinement_candidate__rosidl_typesupport_fastrtps_cpp.hpp
[13.248s] -- Installing: /home/tiffany/fyp_ws/install/formation_msgs/include/formation_msgs/formation_msgs/msg/detail/drone_path__rosidl_typesupport_fastrtps_cpp.hpp
[13.248s] -- Installing: /home/tiffany/fyp_ws/install/formation_msgs/include/formation_msgs/formation_msgs/msg/detail/plan_status__rosidl_typesupport_fastrtps_cpp.hpp
[13.249s] -- Installing: /home/tiffany/fyp_ws/install/formation_msgs/include/formation_msgs/formation_msgs/msg/detail/drawn_shape__rosidl_typesupport_fastrtps_cpp.hpp
[13.249s] -- Installing: /home/tiffany/fyp_ws/install/formation_msgs/include/formation_msgs/formation_msgs/msg/detail/drone_state__rosidl_typesupport_fastrtps_cpp.hpp
[13.250s] -- Up-to-date: /home/tiffany/fyp_ws/install/formation_msgs/include/formation_msgs/formation_msgs/msg/rosidl_typesupport_fastrtps_cpp__visibility_control.h
[13.250s] -- Installing: /home/tiffany/fyp_ws/install/formation_msgs/lib/libformation_msgs__rosidl_typesupport_fastrtps_cpp.so
[13.251s] -- Set runtime path of "/home/tiffany/fyp_ws/install/formation_msgs/lib/libformation_msgs__rosidl_typesupport_fastrtps_cpp.so" to ""
[13.251s] -- Up-to-date: /home/tiffany/fyp_ws/install/formation_msgs/include/formation_msgs/formation_msgs
[13.251s] -- Up-to-date: /home/tiffany/fyp_ws/install/formation_msgs/include/formation_msgs/formation_msgs/msg
[13.251s] -- Up-to-date: /home/tiffany/fyp_ws/install/formation_msgs/include/formation_msgs/formation_msgs/msg/detail
[13.251s] -- Installing: /home/tiffany/fyp_ws/install/formation_msgs/include/formation_msgs/formation_msgs/msg/detail/plan_status__type_support.cpp
[13.252s] -- Installing: /home/tiffany/fyp_ws/install/formation_msgs/include/formation_msgs/formation_msgs/msg/detail/drone_state__rosidl_typesupport_introspection_cpp.hpp
[13.252s] -- Installing: /home/tiffany/fyp_ws/install/formation_msgs/include/formation_msgs/formation_msgs/msg/detail/user_command__type_support.cpp
[13.252s] -- Installing: /home/tiffany/fyp_ws/install/formation_msgs/include/formation_msgs/formation_msgs/msg/detail/generated_transform__rosidl_typesupport_introspection_cpp.hpp
[13.252s] -- Installing: /home/tiffany/fyp_ws/install/formation_msgs/include/formation_msgs/formation_msgs/msg/detail/refinement_cmd__rosidl_typesupport_introspection_cpp.hpp
[13.252s] -- Installing: /home/tiffany/fyp_ws/install/formation_msgs/include/formation_msgs/formation_msgs/msg/detail/drawn_shape__rosidl_typesupport_introspection_cpp.hpp
[13.253s] -- Installing: /home/tiffany/fyp_ws/install/formation_msgs/include/formation_msgs/formation_msgs/msg/detail/refinement_cmd__type_support.cpp
[13.253s] -- Installing: /home/tiffany/fyp_ws/install/formation_msgs/include/formation_msgs/formation_msgs/msg/detail/drawn_shape__type_support.cpp
[13.253s] -- Installing: /home/tiffany/fyp_ws/install/formation_msgs/include/formation_msgs/formation_msgs/msg/detail/plan_status__rosidl_typesupport_introspection_cpp.hpp
[13.253s] -- Installing: /home/tiffany/fyp_ws/install/formation_msgs/include/formation_msgs/formation_msgs/msg/detail/user_command__rosidl_typesupport_introspection_cpp.hpp
[13.254s] -- Installing: /home/tiffany/fyp_ws/install/formation_msgs/include/formation_msgs/formation_msgs/msg/detail/formation_goal__type_support.cpp
[13.254s] -- Installing: /home/tiffany/fyp_ws/install/formation_msgs/include/formation_msgs/formation_msgs/msg/detail/system_state__type_support.cpp
[13.254s] -- Installing: /home/tiffany/fyp_ws/install/formation_msgs/include/formation_msgs/formation_msgs/msg/detail/drone_state__type_support.cpp
[13.254s] -- Installing: /home/tiffany/fyp_ws/install/formation_msgs/include/formation_msgs/formation_msgs/msg/detail/drone_path__type_support.cpp
[13.254s] -- Installing: /home/tiffany/fyp_ws/install/formation_msgs/include/formation_msgs/formation_msgs/msg/detail/drone_setpoint__rosidl_typesupport_introspection_cpp.hpp
[13.255s] -- Installing: /home/tiffany/fyp_ws/install/formation_msgs/include/formation_msgs/formation_msgs/msg/detail/refinement_candidate__type_support.cpp
[13.255s] -- Installing: /home/tiffany/fyp_ws/install/formation_msgs/include/formation_msgs/formation_msgs/msg/detail/formation_goal__rosidl_typesupport_introspection_cpp.hpp
[13.255s] -- Installing: /home/tiffany/fyp_ws/install/formation_msgs/include/formation_msgs/formation_msgs/msg/detail/generated_transform__type_support.cpp
[13.255s] -- Installing: /home/tiffany/fyp_ws/install/formation_msgs/include/formation_msgs/formation_msgs/msg/detail/refinement_candidate__rosidl_typesupport_introspection_cpp.hpp
[13.256s] -- Installing: /home/tiffany/fyp_ws/install/formation_msgs/include/formation_msgs/formation_msgs/msg/detail/drone_setpoint__type_support.cpp
[13.256s] -- Installing: /home/tiffany/fyp_ws/install/formation_msgs/include/formation_msgs/formation_msgs/msg/detail/system_state__rosidl_typesupport_introspection_cpp.hpp
[13.256s] -- Installing: /home/tiffany/fyp_ws/install/formation_msgs/include/formation_msgs/formation_msgs/msg/detail/drone_path__rosidl_typesupport_introspection_cpp.hpp
[13.257s] -- Installing: /home/tiffany/fyp_ws/install/formation_msgs/lib/libformation_msgs__rosidl_typesupport_introspection_cpp.so
[13.258s] -- Set runtime path of "/home/tiffany/fyp_ws/install/formation_msgs/lib/libformation_msgs__rosidl_typesupport_introspection_cpp.so" to ""
[13.258s] -- Installing: /home/tiffany/fyp_ws/install/formation_msgs/lib/libformation_msgs__rosidl_typesupport_cpp.so
[13.258s] -- Set runtime path of "/home/tiffany/fyp_ws/install/formation_msgs/lib/libformation_msgs__rosidl_typesupport_cpp.so" to ""
[13.259s] -- Up-to-date: /home/tiffany/fyp_ws/install/formation_msgs/share/formation_msgs/environment/pythonpath.sh
[13.259s] -- Installing: /home/tiffany/fyp_ws/install/formation_msgs/share/formation_msgs/environment/pythonpath.dsv
[13.259s] -- Up-to-date: /home/tiffany/fyp_ws/install/formation_msgs/local/lib/python3.10/dist-packages/formation_msgs-0.0.0-py3.10.egg-info
[13.259s] -- Installing: /home/tiffany/fyp_ws/install/formation_msgs/local/lib/python3.10/dist-packages/formation_msgs-0.0.0-py3.10.egg-info/SOURCES.txt
[13.259s] -- Installing: /home/tiffany/fyp_ws/install/formation_msgs/local/lib/python3.10/dist-packages/formation_msgs-0.0.0-py3.10.egg-info/top_level.txt
[13.259s] -- Installing: /home/tiffany/fyp_ws/install/formation_msgs/local/lib/python3.10/dist-packages/formation_msgs-0.0.0-py3.10.egg-info/dependency_links.txt
[13.259s] -- Installing: /home/tiffany/fyp_ws/install/formation_msgs/local/lib/python3.10/dist-packages/formation_msgs-0.0.0-py3.10.egg-info/PKG-INFO
[13.260s] -- Up-to-date: /home/tiffany/fyp_ws/install/formation_msgs/local/lib/python3.10/dist-packages/formation_msgs
[13.260s] -- Installing: /home/tiffany/fyp_ws/install/formation_msgs/local/lib/python3.10/dist-packages/formation_msgs/__init__.py
[13.260s] -- Installing: /home/tiffany/fyp_ws/install/formation_msgs/local/lib/python3.10/dist-packages/formation_msgs/formation_msgs_s__rosidl_typesupport_introspection_c.cpython-310-x86_64-linux-gnu.so
[13.260s] -- Installing: /home/tiffany/fyp_ws/install/formation_msgs/local/lib/python3.10/dist-packages/formation_msgs/libformation_msgs__rosidl_generator_py.so
[13.261s] -- Installing: /home/tiffany/fyp_ws/install/formation_msgs/local/lib/python3.10/dist-packages/formation_msgs/formation_msgs_s__rosidl_typesupport_fastrtps_c.cpython-310-x86_64-linux-gnu.so
[13.261s] -- Installing: /home/tiffany/fyp_ws/install/formation_msgs/local/lib/python3.10/dist-packages/formation_msgs/_formation_msgs_s.ep.rosidl_typesupport_introspection_c.c
[13.261s] -- Installing: /home/tiffany/fyp_ws/install/formation_msgs/local/lib/python3.10/dist-packages/formation_msgs/_formation_msgs_s.ep.rosidl_typesupport_fastrtps_c.c
[13.261s] -- Up-to-date: /home/tiffany/fyp_ws/install/formation_msgs/local/lib/python3.10/dist-packages/formation_msgs/msg
[13.261s] -- Installing: /home/tiffany/fyp_ws/install/formation_msgs/local/lib/python3.10/dist-packages/formation_msgs/msg/__init__.py
[13.262s] -- Installing: /home/tiffany/fyp_ws/install/formation_msgs/local/lib/python3.10/dist-packages/formation_msgs/msg/_drone_path.py
[13.263s] -- Installing: /home/tiffany/fyp_ws/install/formation_msgs/local/lib/python3.10/dist-packages/formation_msgs/msg/_refinement_candidate.py
[13.263s] -- Installing: /home/tiffany/fyp_ws/install/formation_msgs/local/lib/python3.10/dist-packages/formation_msgs/msg/_formation_goal.py
[13.263s] -- Installing: /home/tiffany/fyp_ws/install/formation_msgs/local/lib/python3.10/dist-packages/formation_msgs/msg/_drone_setpoint.py
[13.263s] -- Installing: /home/tiffany/fyp_ws/install/formation_msgs/local/lib/python3.10/dist-packages/formation_msgs/msg/_plan_status.py
[13.263s] -- Installing: /home/tiffany/fyp_ws/install/formation_msgs/local/lib/python3.10/dist-packages/formation_msgs/msg/_generated_transform_s.c
[13.263s] -- Installing: /home/tiffany/fyp_ws/install/formation_msgs/local/lib/python3.10/dist-packages/formation_msgs/msg/_drone_state_s.c
[13.264s] -- Installing: /home/tiffany/fyp_ws/install/formation_msgs/local/lib/python3.10/dist-packages/formation_msgs/msg/_refinement_candidate_s.c
[13.264s] -- Installing: /home/tiffany/fyp_ws/install/formation_msgs/local/lib/python3.10/dist-packages/formation_msgs/msg/_drawn_shape.py
[13.265s] -- Installing: /home/tiffany/fyp_ws/install/formation_msgs/local/lib/python3.10/dist-packages/formation_msgs/msg/_drone_setpoint_s.c
[13.265s] -- Installing: /home/tiffany/fyp_ws/install/formation_msgs/local/lib/python3.10/dist-packages/formation_msgs/msg/_formation_goal_s.c
[13.265s] -- Installing: /home/tiffany/fyp_ws/install/formation_msgs/local/lib/python3.10/dist-packages/formation_msgs/msg/_user_command_s.c
[13.265s] -- Installing: /home/tiffany/fyp_ws/install/formation_msgs/local/lib/python3.10/dist-packages/formation_msgs/msg/_drone_state.py
[13.265s] -- Installing: /home/tiffany/fyp_ws/install/formation_msgs/local/lib/python3.10/dist-packages/formation_msgs/msg/_drawn_shape_s.c
[13.265s] -- Installing: /home/tiffany/fyp_ws/install/formation_msgs/local/lib/python3.10/dist-packages/formation_msgs/msg/_user_command.py
[13.266s] -- Installing: /home/tiffany/fyp_ws/install/formation_msgs/local/lib/python3.10/dist-packages/formation_msgs/msg/_refinement_cmd.py
[13.266s] -- Installing: /home/tiffany/fyp_ws/install/formation_msgs/local/lib/python3.10/dist-packages/formation_msgs/msg/_plan_status_s.c
[13.266s] -- Installing: /home/tiffany/fyp_ws/install/formation_msgs/local/lib/python3.10/dist-packages/formation_msgs/msg/_refinement_cmd_s.c
[13.267s] -- Installing: /home/tiffany/fyp_ws/install/formation_msgs/local/lib/python3.10/dist-packages/formation_msgs/msg/_system_state.py
[13.267s] -- Installing: /home/tiffany/fyp_ws/install/formation_msgs/local/lib/python3.10/dist-packages/formation_msgs/msg/_generated_transform.py
[13.267s] -- Installing: /home/tiffany/fyp_ws/install/formation_msgs/local/lib/python3.10/dist-packages/formation_msgs/msg/_system_state_s.c
[13.267s] -- Installing: /home/tiffany/fyp_ws/install/formation_msgs/local/lib/python3.10/dist-packages/formation_msgs/msg/_drone_path_s.c
[13.267s] -- Installing: /home/tiffany/fyp_ws/install/formation_msgs/local/lib/python3.10/dist-packages/formation_msgs/formation_msgs_s__rosidl_typesupport_c.cpython-310-x86_64-linux-gnu.so
[13.268s] -- Installing: /home/tiffany/fyp_ws/install/formation_msgs/local/lib/python3.10/dist-packages/formation_msgs/_formation_msgs_s.ep.rosidl_typesupport_c.c
[13.335s] Listing '/home/tiffany/fyp_ws/install/formation_msgs/local/lib/python3.10/dist-packages/formation_msgs'...
[13.335s] Compiling '/home/tiffany/fyp_ws/install/formation_msgs/local/lib/python3.10/dist-packages/formation_msgs/__init__.py'...
[13.335s] Listing '/home/tiffany/fyp_ws/install/formation_msgs/local/lib/python3.10/dist-packages/formation_msgs/msg'...
[13.335s] Compiling '/home/tiffany/fyp_ws/install/formation_msgs/local/lib/python3.10/dist-packages/formation_msgs/msg/__init__.py'...
[13.335s] Compiling '/home/tiffany/fyp_ws/install/formation_msgs/local/lib/python3.10/dist-packages/formation_msgs/msg/_drawn_shape.py'...
[13.336s] Compiling '/home/tiffany/fyp_ws/install/formation_msgs/local/lib/python3.10/dist-packages/formation_msgs/msg/_drone_path.py'...
[13.336s] Compiling '/home/tiffany/fyp_ws/install/formation_msgs/local/lib/python3.10/dist-packages/formation_msgs/msg/_drone_setpoint.py'...
[13.336s] Compiling '/home/tiffany/fyp_ws/install/formation_msgs/local/lib/python3.10/dist-packages/formation_msgs/msg/_drone_state.py'...
[13.336s] Compiling '/home/tiffany/fyp_ws/install/formation_msgs/local/lib/python3.10/dist-packages/formation_msgs/msg/_formation_goal.py'...
[13.336s] Compiling '/home/tiffany/fyp_ws/install/formation_msgs/local/lib/python3.10/dist-packages/formation_msgs/msg/_generated_transform.py'...
[13.336s] Compiling '/home/tiffany/fyp_ws/install/formation_msgs/local/lib/python3.10/dist-packages/formation_msgs/msg/_plan_status.py'...
[13.336s] Compiling '/home/tiffany/fyp_ws/install/formation_msgs/local/lib/python3.10/dist-packages/formation_msgs/msg/_refinement_candidate.py'...
[13.336s] Compiling '/home/tiffany/fyp_ws/install/formation_msgs/local/lib/python3.10/dist-packages/formation_msgs/msg/_refinement_cmd.py'...
[13.337s] Compiling '/home/tiffany/fyp_ws/install/formation_msgs/local/lib/python3.10/dist-packages/formation_msgs/msg/_system_state.py'...
[13.337s] Compiling '/home/tiffany/fyp_ws/install/formation_msgs/local/lib/python3.10/dist-packages/formation_msgs/msg/_user_command.py'...
[13.345s] -- Installing: /home/tiffany/fyp_ws/install/formation_msgs/local/lib/python3.10/dist-packages/formation_msgs/formation_msgs_s__rosidl_typesupport_fastrtps_c.cpython-310-x86_64-linux-gnu.so
[13.346s] -- Set runtime path of "/home/tiffany/fyp_ws/install/formation_msgs/local/lib/python3.10/dist-packages/formation_msgs/formation_msgs_s__rosidl_typesupport_fastrtps_c.cpython-310-x86_64-linux-gnu.so" to ""
[13.347s] -- Installing: /home/tiffany/fyp_ws/install/formation_msgs/local/lib/python3.10/dist-packages/formation_msgs/formation_msgs_s__rosidl_typesupport_introspection_c.cpython-310-x86_64-linux-gnu.so
[13.347s] -- Set runtime path of "/home/tiffany/fyp_ws/install/formation_msgs/local/lib/python3.10/dist-packages/formation_msgs/formation_msgs_s__rosidl_typesupport_introspection_c.cpython-310-x86_64-linux-gnu.so" to ""
[13.347s] -- Installing: /home/tiffany/fyp_ws/install/formation_msgs/local/lib/python3.10/dist-packages/formation_msgs/formation_msgs_s__rosidl_typesupport_c.cpython-310-x86_64-linux-gnu.so
[13.348s] -- Set runtime path of "/home/tiffany/fyp_ws/install/formation_msgs/local/lib/python3.10/dist-packages/formation_msgs/formation_msgs_s__rosidl_typesupport_c.cpython-310-x86_64-linux-gnu.so" to ""
[13.348s] -- Installing: /home/tiffany/fyp_ws/install/formation_msgs/lib/libformation_msgs__rosidl_generator_py.so
[13.349s] -- Set runtime path of "/home/tiffany/fyp_ws/install/formation_msgs/lib/libformation_msgs__rosidl_generator_py.so" to ""
[13.349s] -- Up-to-date: /home/tiffany/fyp_ws/install/formation_msgs/share/ament_index/resource_index/rust_packages/formation_msgs
[13.349s] -- Up-to-date: /home/tiffany/fyp_ws/install/formation_msgs/share/formation_msgs/rust
[13.349s] -- Installing: /home/tiffany/fyp_ws/install/formation_msgs/share/formation_msgs/rust/build.rs
[13.350s] -- Installing: /home/tiffany/fyp_ws/install/formation_msgs/share/formation_msgs/rust/Cargo.toml
[13.350s] -- Up-to-date: /home/tiffany/fyp_ws/install/formation_msgs/share/formation_msgs/rust/src
[13.350s] -- Installing: /home/tiffany/fyp_ws/install/formation_msgs/share/formation_msgs/rust/src/lib.rs
[13.357s] -- Installing: /home/tiffany/fyp_ws/install/formation_msgs/share/formation_msgs/rust/src/msg.rs
[13.357s] -- Up-to-date: /home/tiffany/fyp_ws/install/formation_msgs/share/formation_msgs/rust/src/msg
[13.357s] -- Installing: /home/tiffany/fyp_ws/install/formation_msgs/share/formation_msgs/rust/src/msg/rmw.rs
[13.357s] -- Up-to-date: /home/tiffany/fyp_ws/install/formation_msgs/share/formation_msgs/msg/DrawnShape.idl
[13.357s] -- Up-to-date: /home/tiffany/fyp_ws/install/formation_msgs/share/formation_msgs/msg/FormationGoal.idl
[13.358s] -- Installing: /home/tiffany/fyp_ws/install/formation_msgs/share/formation_msgs/msg/DronePath.idl
[13.358s] -- Up-to-date: /home/tiffany/fyp_ws/install/formation_msgs/share/formation_msgs/msg/DroneState.idl
[13.358s] -- Up-to-date: /home/tiffany/fyp_ws/install/formation_msgs/share/formation_msgs/msg/RefinementCmd.idl
[13.358s] -- Up-to-date: /home/tiffany/fyp_ws/install/formation_msgs/share/formation_msgs/msg/RefinementCandidate.idl
[13.358s] -- Up-to-date: /home/tiffany/fyp_ws/install/formation_msgs/share/formation_msgs/msg/GeneratedTransform.idl
[13.358s] -- Up-to-date: /home/tiffany/fyp_ws/install/formation_msgs/share/formation_msgs/msg/PlanStatus.idl
[13.358s] -- Up-to-date: /home/tiffany/fyp_ws/install/formation_msgs/share/formation_msgs/msg/SystemState.idl
[13.358s] -- Up-to-date: /home/tiffany/fyp_ws/install/formation_msgs/share/formation_msgs/msg/UserCommand.idl
[13.358s] -- Up-to-date: /home/tiffany/fyp_ws/install/formation_msgs/share/formation_msgs/msg/DroneSetpoint.idl
[13.358s] -- Up-to-date: /home/tiffany/fyp_ws/install/formation_msgs/share/formation_msgs/msg/DrawnShape.msg
[13.359s] -- Up-to-date: /home/tiffany/fyp_ws/install/formation_msgs/share/formation_msgs/msg/FormationGoal.msg
[13.359s] -- Installing: /home/tiffany/fyp_ws/install/formation_msgs/share/formation_msgs/msg/DronePath.msg
[13.359s] -- Up-to-date: /home/tiffany/fyp_ws/install/formation_msgs/share/formation_msgs/msg/DroneState.msg
[13.359s] -- Up-to-date: /home/tiffany/fyp_ws/install/formation_msgs/share/formation_msgs/msg/RefinementCmd.msg
[13.359s] -- Up-to-date: /home/tiffany/fyp_ws/install/formation_msgs/share/formation_msgs/msg/RefinementCandidate.msg
[13.359s] -- Up-to-date: /home/tiffany/fyp_ws/install/formation_msgs/share/formation_msgs/msg/GeneratedTransform.msg
[13.359s] -- Up-to-date: /home/tiffany/fyp_ws/install/formation_msgs/share/formation_msgs/msg/PlanStatus.msg
[13.359s] -- Up-to-date: /home/tiffany/fyp_ws/install/formation_msgs/share/formation_msgs/msg/SystemState.msg
[13.359s] -- Up-to-date: /home/tiffany/fyp_ws/install/formation_msgs/share/formation_msgs/msg/UserCommand.msg
[13.359s] -- Up-to-date: /home/tiffany/fyp_ws/install/formation_msgs/share/formation_msgs/msg/DroneSetpoint.msg
[13.359s] -- Up-to-date: /home/tiffany/fyp_ws/install/formation_msgs/share/ament_index/resource_index/package_run_dependencies/formation_msgs
[13.359s] -- Up-to-date: /home/tiffany/fyp_ws/install/formation_msgs/share/ament_index/resource_index/parent_prefix_path/formation_msgs
[13.359s] -- Up-to-date: /home/tiffany/fyp_ws/install/formation_msgs/share/formation_msgs/environment/ament_prefix_path.sh
[13.360s] -- Installing: /home/tiffany/fyp_ws/install/formation_msgs/share/formation_msgs/environment/ament_prefix_path.dsv
[13.360s] -- Up-to-date: /home/tiffany/fyp_ws/install/formation_msgs/share/formation_msgs/environment/path.sh
[13.360s] -- Installing: /home/tiffany/fyp_ws/install/formation_msgs/share/formation_msgs/environment/path.dsv
[13.360s] -- Up-to-date: /home/tiffany/fyp_ws/install/formation_msgs/share/formation_msgs/local_setup.bash
[13.360s] -- Up-to-date: /home/tiffany/fyp_ws/install/formation_msgs/share/formation_msgs/local_setup.sh
[13.360s] -- Up-to-date: /home/tiffany/fyp_ws/install/formation_msgs/share/formation_msgs/local_setup.zsh
[13.360s] -- Installing: /home/tiffany/fyp_ws/install/formation_msgs/share/formation_msgs/local_setup.dsv
[13.360s] -- Installing: /home/tiffany/fyp_ws/install/formation_msgs/share/formation_msgs/package.dsv
[13.360s] -- Up-to-date: /home/tiffany/fyp_ws/install/formation_msgs/share/ament_index/resource_index/packages/formation_msgs
[13.360s] -- Up-to-date: /home/tiffany/fyp_ws/install/formation_msgs/share/formation_msgs/cmake/export_formation_msgs__rosidl_generator_cExport.cmake
[13.360s] -- Up-to-date: /home/tiffany/fyp_ws/install/formation_msgs/share/formation_msgs/cmake/export_formation_msgs__rosidl_generator_cExport-noconfig.cmake
[13.360s] -- Up-to-date: /home/tiffany/fyp_ws/install/formation_msgs/share/formation_msgs/cmake/export_formation_msgs__rosidl_typesupport_fastrtps_cExport.cmake
[13.360s] -- Up-to-date: /home/tiffany/fyp_ws/install/formation_msgs/share/formation_msgs/cmake/export_formation_msgs__rosidl_typesupport_fastrtps_cExport-noconfig.cmake
[13.361s] -- Up-to-date: /home/tiffany/fyp_ws/install/formation_msgs/share/formation_msgs/cmake/formation_msgs__rosidl_typesupport_introspection_cExport.cmake
[13.361s] -- Up-to-date: /home/tiffany/fyp_ws/install/formation_msgs/share/formation_msgs/cmake/formation_msgs__rosidl_typesupport_introspection_cExport-noconfig.cmake
[13.361s] -- Up-to-date: /home/tiffany/fyp_ws/install/formation_msgs/share/formation_msgs/cmake/formation_msgs__rosidl_typesupport_cExport.cmake
[13.361s] -- Up-to-date: /home/tiffany/fyp_ws/install/formation_msgs/share/formation_msgs/cmake/formation_msgs__rosidl_typesupport_cExport-noconfig.cmake
[13.361s] -- Up-to-date: /home/tiffany/fyp_ws/install/formation_msgs/share/formation_msgs/cmake/export_formation_msgs__rosidl_generator_cppExport.cmake
[13.361s] -- Up-to-date: /home/tiffany/fyp_ws/install/formation_msgs/share/formation_msgs/cmake/export_formation_msgs__rosidl_typesupport_fastrtps_cppExport.cmake
[13.361s] -- Up-to-date: /home/tiffany/fyp_ws/install/formation_msgs/share/formation_msgs/cmake/export_formation_msgs__rosidl_typesupport_fastrtps_cppExport-noconfig.cmake
[13.361s] -- Up-to-date: /home/tiffany/fyp_ws/install/formation_msgs/share/formation_msgs/cmake/formation_msgs__rosidl_typesupport_introspection_cppExport.cmake
[13.361s] -- Up-to-date: /home/tiffany/fyp_ws/install/formation_msgs/share/formation_msgs/cmake/formation_msgs__rosidl_typesupport_introspection_cppExport-noconfig.cmake
[13.361s] -- Up-to-date: /home/tiffany/fyp_ws/install/formation_msgs/share/formation_msgs/cmake/formation_msgs__rosidl_typesupport_cppExport.cmake
[13.361s] -- Up-to-date: /home/tiffany/fyp_ws/install/formation_msgs/share/formation_msgs/cmake/formation_msgs__rosidl_typesupport_cppExport-noconfig.cmake
[13.361s] -- Up-to-date: /home/tiffany/fyp_ws/install/formation_msgs/share/formation_msgs/cmake/export_formation_msgs__rosidl_generator_pyExport.cmake
[13.362s] -- Up-to-date: /home/tiffany/fyp_ws/install/formation_msgs/share/formation_msgs/cmake/export_formation_msgs__rosidl_generator_pyExport-noconfig.cmake
[13.362s] -- Up-to-date: /home/tiffany/fyp_ws/install/formation_msgs/share/formation_msgs/cmake/rosidl_cmake-extras.cmake
[13.362s] -- Up-to-date: /home/tiffany/fyp_ws/install/formation_msgs/share/formation_msgs/cmake/ament_cmake_export_dependencies-extras.cmake
[13.362s] -- Up-to-date: /home/tiffany/fyp_ws/install/formation_msgs/share/formation_msgs/cmake/ament_cmake_export_include_directories-extras.cmake
[13.362s] -- Up-to-date: /home/tiffany/fyp_ws/install/formation_msgs/share/formation_msgs/cmake/ament_cmake_export_libraries-extras.cmake
[13.362s] -- Up-to-date: /home/tiffany/fyp_ws/install/formation_msgs/share/formation_msgs/cmake/ament_cmake_export_targets-extras.cmake
[13.362s] -- Up-to-date: /home/tiffany/fyp_ws/install/formation_msgs/share/formation_msgs/cmake/rosidl_cmake_export_typesupport_targets-extras.cmake
[13.362s] -- Up-to-date: /home/tiffany/fyp_ws/install/formation_msgs/share/formation_msgs/cmake/rosidl_cmake_export_typesupport_libraries-extras.cmake
[13.362s] -- Up-to-date: /home/tiffany/fyp_ws/install/formation_msgs/share/formation_msgs/cmake/formation_msgsConfig.cmake
[13.362s] -- Up-to-date: /home/tiffany/fyp_ws/install/formation_msgs/share/formation_msgs/cmake/formation_msgsConfig-version.cmake
[13.362s] -- Up-to-date: /home/tiffany/fyp_ws/install/formation_msgs/share/formation_msgs/package.xml
[13.367s] Invoked command in '/home/tiffany/fyp_ws/build/formation_msgs' returned '0': CMAKE_PREFIX_PATH=/opt/ros/humble /usr/bin/cmake --install /home/tiffany/fyp_ws/build/formation_msgs
