[1.921s] Invoking command in '/home/tiffany/fyp_ws/src/formation_planner': PYTHONPATH=/home/tiffany/fyp_ws/build/formation_planner/prefix_override:/usr/lib/python3/dist-packages/colcon_core/task/python/colcon_distutils_commands:/home/tiffany/fyp_ws/install/formation_planner/lib/python3.10/site-packages:${PYTHONPATH} /usr/bin/python3 -W ignore:setup.py install is deprecated -W ignore:easy_install command is deprecated setup.py egg_info --egg-base ../../build/formation_planner build --build-base /home/tiffany/fyp_ws/build/formation_planner/build install --record /home/tiffany/fyp_ws/build/formation_planner/install.log --install-scripts $base/lib/formation_planner --single-version-externally-managed install_data
[2.191s] running egg_info
[2.192s] writing ../../build/formation_planner/formation_planner.egg-info/PKG-INFO
[2.192s] writing dependency_links to ../../build/formation_planner/formation_planner.egg-info/dependency_links.txt
[2.192s] writing entry points to ../../build/formation_planner/formation_planner.egg-info/entry_points.txt
[2.192s] writing requirements to ../../build/formation_planner/formation_planner.egg-info/requires.txt
[2.192s] writing top-level names to ../../build/formation_planner/formation_planner.egg-info/top_level.txt
[2.194s] reading manifest file '../../build/formation_planner/formation_planner.egg-info/SOURCES.txt'
[2.196s] writing manifest file '../../build/formation_planner/formation_planner.egg-info/SOURCES.txt'
[2.196s] running build
[2.196s] running build_py
[2.196s] running install
[2.197s] running install_lib
[2.198s] running install_data
[2.198s] running install_egg_info
[2.201s] removing '/home/tiffany/fyp_ws/install/formation_planner/lib/python3.10/site-packages/formation_planner-0.0.0-py3.10.egg-info' (and everything under it)
[2.201s] Copying ../../build/formation_planner/formation_planner.egg-info to /home/tiffany/fyp_ws/install/formation_planner/lib/python3.10/site-packages/formation_planner-0.0.0-py3.10.egg-info
[2.202s] running install_scripts
[2.226s] Installing assignment_node script to /home/tiffany/fyp_ws/install/formation_planner/lib/formation_planner
[2.226s] Installing coords_mapping_node script to /home/tiffany/fyp_ws/install/formation_planner/lib/formation_planner
[2.226s] Installing drone_validator_node script to /home/tiffany/fyp_ws/install/formation_planner/lib/formation_planner
[2.226s] Installing mapf_node script to /home/tiffany/fyp_ws/install/formation_planner/lib/formation_planner
[2.226s] Installing shape_sampling_node script to /home/tiffany/fyp_ws/install/formation_planner/lib/formation_planner
[2.227s] writing list of installed files to '/home/tiffany/fyp_ws/build/formation_planner/install.log'
[2.288s] Invoked command in '/home/tiffany/fyp_ws/src/formation_planner' returned '0': PYTHONPATH=/home/tiffany/fyp_ws/build/formation_planner/prefix_override:/usr/lib/python3/dist-packages/colcon_core/task/python/colcon_distutils_commands:/home/tiffany/fyp_ws/install/formation_planner/lib/python3.10/site-packages:${PYTHONPATH} /usr/bin/python3 -W ignore:setup.py install is deprecated -W ignore:easy_install command is deprecated setup.py egg_info --egg-base ../../build/formation_planner build --build-base /home/tiffany/fyp_ws/build/formation_planner/build install --record /home/tiffany/fyp_ws/build/formation_planner/install.log --install-scripts $base/lib/formation_planner --single-version-externally-managed install_data
