[1.980s] Invoking command in '/home/tiffany/fyp_ws/src/formation_ui': AMENT_PREFIX_PATH=/home/tiffany/fyp_ws/install/formation_msgs:${AMENT_PREFIX_PATH} CMAKE_PREFIX_PATH=/home/tiffany/fyp_ws/install/formation_msgs LD_LIBRARY_PATH=/home/tiffany/fyp_ws/install/formation_msgs/lib:${LD_LIBRARY_PATH} PYTHONPATH=/home/tiffany/fyp_ws/build/formation_ui/prefix_override:/usr/lib/python3/dist-packages/colcon_core/task/python/colcon_distutils_commands:/home/tiffany/fyp_ws/install/formation_ui/lib/python3.10/site-packages:/home/tiffany/fyp_ws/install/formation_msgs/local/lib/python3.10/dist-packages:${PYTHONPATH} /usr/bin/python3 -W ignore:setup.py install is deprecated -W ignore:easy_install command is deprecated setup.py egg_info --egg-base ../../build/formation_ui build --build-base /home/tiffany/fyp_ws/build/formation_ui/build install --record /home/tiffany/fyp_ws/build/formation_ui/install.log --install-scripts $base/lib/formation_ui --single-version-externally-managed install_data
[2.235s] running egg_info
[2.236s] writing ../../build/formation_ui/formation_ui.egg-info/PKG-INFO
[2.240s] writing dependency_links to ../../build/formation_ui/formation_ui.egg-info/dependency_links.txt
[2.241s] writing entry points to ../../build/formation_ui/formation_ui.egg-info/entry_points.txt
[2.241s] writing requirements to ../../build/formation_ui/formation_ui.egg-info/requires.txt
[2.242s] writing top-level names to ../../build/formation_ui/formation_ui.egg-info/top_level.txt
[2.244s] reading manifest file '../../build/formation_ui/formation_ui.egg-info/SOURCES.txt'
[2.246s] writing manifest file '../../build/formation_ui/formation_ui.egg-info/SOURCES.txt'
[2.246s] running build
[2.246s] running build_py
[2.246s] running install
[2.247s] running install_lib
[2.249s] running install_data
[2.250s] running install_egg_info
[2.252s] removing '/home/tiffany/fyp_ws/install/formation_ui/lib/python3.10/site-packages/formation_ui-0.0.0-py3.10.egg-info' (and everything under it)
[2.252s] Copying ../../build/formation_ui/formation_ui.egg-info to /home/tiffany/fyp_ws/install/formation_ui/lib/python3.10/site-packages/formation_ui-0.0.0-py3.10.egg-info
[2.254s] running install_scripts
[2.275s] Installing canvas_server_node script to /home/tiffany/fyp_ws/install/formation_ui/lib/formation_ui
[2.276s] writing list of installed files to '/home/tiffany/fyp_ws/build/formation_ui/install.log'
[2.328s] Invoked command in '/home/tiffany/fyp_ws/src/formation_ui' returned '0': AMENT_PREFIX_PATH=/home/tiffany/fyp_ws/install/formation_msgs:${AMENT_PREFIX_PATH} CMAKE_PREFIX_PATH=/home/tiffany/fyp_ws/install/formation_msgs LD_LIBRARY_PATH=/home/tiffany/fyp_ws/install/formation_msgs/lib:${LD_LIBRARY_PATH} PYTHONPATH=/home/tiffany/fyp_ws/build/formation_ui/prefix_override:/usr/lib/python3/dist-packages/colcon_core/task/python/colcon_distutils_commands:/home/tiffany/fyp_ws/install/formation_ui/lib/python3.10/site-packages:/home/tiffany/fyp_ws/install/formation_msgs/local/lib/python3.10/dist-packages:${PYTHONPATH} /usr/bin/python3 -W ignore:setup.py install is deprecated -W ignore:easy_install command is deprecated setup.py egg_info --egg-base ../../build/formation_ui build --build-base /home/tiffany/fyp_ws/build/formation_ui/build install --record /home/tiffany/fyp_ws/build/formation_ui/install.log --install-scripts $base/lib/formation_ui --single-version-externally-managed install_data
