[1.568s] Invoking command in '/home/tiffany/fyp_ws/src/formation_planner': AMENT_PREFIX_PATH=/home/tiffany/fyp_ws/install/formation_msgs:${AMENT_PREFIX_PATH} CMAKE_PREFIX_PATH=/home/tiffany/fyp_ws/install/formation_msgs LD_LIBRARY_PATH=/home/tiffany/fyp_ws/install/formation_msgs/lib:${LD_LIBRARY_PATH} PYTHONPATH=/home/tiffany/fyp_ws/build/formation_planner/prefix_override:/usr/lib/python3/dist-packages/colcon_core/task/python/colcon_distutils_commands:/home/tiffany/fyp_ws/install/formation_planner/lib/python3.10/site-packages:/home/tiffany/fyp_ws/install/formation_msgs/local/lib/python3.10/dist-packages:${PYTHONPATH} /usr/bin/python3 -W ignore:setup.py install is deprecated -W ignore:easy_install command is deprecated setup.py egg_info --egg-base ../../build/formation_planner build --build-base /home/tiffany/fyp_ws/build/formation_planner/build install --record /home/tiffany/fyp_ws/build/formation_planner/install.log --install-scripts $base/lib/formation_planner --single-version-externally-managed install_data
[1.873s] running egg_info
[1.874s] writing ../../build/formation_planner/formation_planner.egg-info/PKG-INFO
[1.874s] writing dependency_links to ../../build/formation_planner/formation_planner.egg-info/dependency_links.txt
[1.875s] writing entry points to ../../build/formation_planner/formation_planner.egg-info/entry_points.txt
[1.875s] writing requirements to ../../build/formation_planner/formation_planner.egg-info/requires.txt
[1.875s] writing top-level names to ../../build/formation_planner/formation_planner.egg-info/top_level.txt
[1.877s] reading manifest file '../../build/formation_planner/formation_planner.egg-info/SOURCES.txt'
[1.878s] writing manifest file '../../build/formation_planner/formation_planner.egg-info/SOURCES.txt'
[1.879s] running build
[1.879s] running build_py
[1.880s] running install
[1.880s] running install_lib
[1.882s] running install_data
[1.882s] running install_egg_info
[1.884s] removing '/home/tiffany/fyp_ws/install/formation_planner/lib/python3.10/site-packages/formation_planner-0.0.0-py3.10.egg-info' (and everything under it)
[1.885s] Copying ../../build/formation_planner/formation_planner.egg-info to /home/tiffany/fyp_ws/install/formation_planner/lib/python3.10/site-packages/formation_planner-0.0.0-py3.10.egg-info
[1.886s] running install_scripts
[1.912s] Installing assignment_node script to /home/tiffany/fyp_ws/install/formation_planner/lib/formation_planner
[1.912s] Installing coords_mapping_node script to /home/tiffany/fyp_ws/install/formation_planner/lib/formation_planner
[1.912s] Installing drone_validator_node script to /home/tiffany/fyp_ws/install/formation_planner/lib/formation_planner
[1.912s] Installing mapf_node script to /home/tiffany/fyp_ws/install/formation_planner/lib/formation_planner
[1.912s] Installing shape_sampling_node script to /home/tiffany/fyp_ws/install/formation_planner/lib/formation_planner
[1.913s] writing list of installed files to '/home/tiffany/fyp_ws/build/formation_planner/install.log'
[1.966s] Invoked command in '/home/tiffany/fyp_ws/src/formation_planner' returned '0': AMENT_PREFIX_PATH=/home/tiffany/fyp_ws/install/formation_msgs:${AMENT_PREFIX_PATH} CMAKE_PREFIX_PATH=/home/tiffany/fyp_ws/install/formation_msgs LD_LIBRARY_PATH=/home/tiffany/fyp_ws/install/formation_msgs/lib:${LD_LIBRARY_PATH} PYTHONPATH=/home/tiffany/fyp_ws/build/formation_planner/prefix_override:/usr/lib/python3/dist-packages/colcon_core/task/python/colcon_distutils_commands:/home/tiffany/fyp_ws/install/formation_planner/lib/python3.10/site-packages:/home/tiffany/fyp_ws/install/formation_msgs/local/lib/python3.10/dist-packages:${PYTHONPATH} /usr/bin/python3 -W ignore:setup.py install is deprecated -W ignore:easy_install command is deprecated setup.py egg_info --egg-base ../../build/formation_planner build --build-base /home/tiffany/fyp_ws/build/formation_planner/build install --record /home/tiffany/fyp_ws/build/formation_planner/install.log --install-scripts $base/lib/formation_planner --single-version-externally-managed install_data
