running egg_info
creating ../../build/task_manager/task_manager.egg-info
writing ../../build/task_manager/task_manager.egg-info/PKG-INFO
writing dependency_links to ../../build/task_manager/task_manager.egg-info/dependency_links.txt
writing entry points to ../../build/task_manager/task_manager.egg-info/entry_points.txt
writing requirements to ../../build/task_manager/task_manager.egg-info/requires.txt
writing top-level names to ../../build/task_manager/task_manager.egg-info/top_level.txt
writing manifest file '../../build/task_manager/task_manager.egg-info/SOURCES.txt'
reading manifest file '../../build/task_manager/task_manager.egg-info/SOURCES.txt'
writing manifest file '../../build/task_manager/task_manager.egg-info/SOURCES.txt'
running build
running build_py
creating /home/tiffany/fyp_ws/build/task_manager/build
creating /home/tiffany/fyp_ws/build/task_manager/build/lib
creating /home/tiffany/fyp_ws/build/task_manager/build/lib/task_manager
copying task_manager/__init__.py -> /home/tiffany/fyp_ws/build/task_manager/build/lib/task_manager
copying task_manager/task_manager_node.py -> /home/tiffany/fyp_ws/build/task_manager/build/lib/task_manager
running install
running install_lib
creating /home/tiffany/fyp_ws/install/task_manager/lib/python3.10/site-packages/task_manager
copying /home/tiffany/fyp_ws/build/task_manager/build/lib/task_manager/__init__.py -> /home/tiffany/fyp_ws/install/task_manager/lib/python3.10/site-packages/task_manager
copying /home/tiffany/fyp_ws/build/task_manager/build/lib/task_manager/task_manager_node.py -> /home/tiffany/fyp_ws/install/task_manager/lib/python3.10/site-packages/task_manager
byte-compiling /home/tiffany/fyp_ws/install/task_manager/lib/python3.10/site-packages/task_manager/__init__.py to __init__.cpython-310.pyc
byte-compiling /home/tiffany/fyp_ws/install/task_manager/lib/python3.10/site-packages/task_manager/task_manager_node.py to task_manager_node.cpython-310.pyc
running install_data
creating /home/tiffany/fyp_ws/install/task_manager/share/ament_index
creating /home/tiffany/fyp_ws/install/task_manager/share/ament_index/resource_index
creating /home/tiffany/fyp_ws/install/task_manager/share/ament_index/resource_index/packages
copying resource/task_manager -> /home/tiffany/fyp_ws/install/task_manager/share/ament_index/resource_index/packages
copying package.xml -> /home/tiffany/fyp_ws/install/task_manager/share/task_manager
running install_egg_info
Copying ../../build/task_manager/task_manager.egg-info to /home/tiffany/fyp_ws/install/task_manager/lib/python3.10/site-packages/task_manager-0.0.0-py3.10.egg-info
running install_scripts
Installing task_manager_node script to /home/tiffany/fyp_ws/install/task_manager/lib/task_manager
writing list of installed files to '/home/tiffany/fyp_ws/build/task_manager/install.log'
