[1.409s] Invoking command in '/home/tiffany/fyp_ws/src/formation_ui': PYTHONPATH=/home/tiffany/fyp_ws/build/formation_ui/prefix_override:/usr/lib/python3/dist-packages/colcon_core/task/python/colcon_distutils_commands:/home/tiffany/fyp_ws/install/formation_ui/lib/python3.10/site-packages:${PYTHONPATH} /usr/bin/python3 -W ignore:setup.py install is deprecated -W ignore:easy_install command is deprecated setup.py egg_info --egg-base ../../build/formation_ui build --build-base /home/tiffany/fyp_ws/build/formation_ui/build install --record /home/tiffany/fyp_ws/build/formation_ui/install.log --install-scripts $base/lib/formation_ui --single-version-externally-managed install_data
[1.672s] running egg_info
[1.673s] writing ../../build/formation_ui/formation_ui.egg-info/PKG-INFO
[1.674s] writing dependency_links to ../../build/formation_ui/formation_ui.egg-info/dependency_links.txt
[1.674s] writing entry points to ../../build/formation_ui/formation_ui.egg-info/entry_points.txt
[1.674s] writing requirements to ../../build/formation_ui/formation_ui.egg-info/requires.txt
[1.674s] writing top-level names to ../../build/formation_ui/formation_ui.egg-info/top_level.txt
[1.676s] reading manifest file '../../build/formation_ui/formation_ui.egg-info/SOURCES.txt'
[1.677s] writing manifest file '../../build/formation_ui/formation_ui.egg-info/SOURCES.txt'
[1.677s] running build
[1.677s] running build_py
[1.677s] running install
[1.677s] running install_lib
[1.679s] running install_data
[1.679s] running install_egg_info
[1.681s] removing '/home/tiffany/fyp_ws/install/formation_ui/lib/python3.10/site-packages/formation_ui-0.0.0-py3.10.egg-info' (and everything under it)
[1.681s] Copying ../../build/formation_ui/formation_ui.egg-info to /home/tiffany/fyp_ws/install/formation_ui/lib/python3.10/site-packages/formation_ui-0.0.0-py3.10.egg-info
[1.682s] running install_scripts
[1.703s] Installing canvas_server_node script to /home/tiffany/fyp_ws/install/formation_ui/lib/formation_ui
[1.704s] writing list of installed files to '/home/tiffany/fyp_ws/build/formation_ui/install.log'
[1.746s] Invoked command in '/home/tiffany/fyp_ws/src/formation_ui' returned '0': PYTHONPATH=/home/tiffany/fyp_ws/build/formation_ui/prefix_override:/usr/lib/python3/dist-packages/colcon_core/task/python/colcon_distutils_commands:/home/tiffany/fyp_ws/install/formation_ui/lib/python3.10/site-packages:${PYTHONPATH} /usr/bin/python3 -W ignore:setup.py install is deprecated -W ignore:easy_install command is deprecated setup.py egg_info --egg-base ../../build/formation_ui build --build-base /home/tiffany/fyp_ws/build/formation_ui/build install --record /home/tiffany/fyp_ws/build/formation_ui/install.log --install-scripts $base/lib/formation_ui --single-version-externally-managed install_data
