[2.853s] Invoking command in '/home/tiffany/fyp_ws/src/llm_refinement': PYTHONPATH=/home/tiffany/fyp_ws/build/llm_refinement/prefix_override:/usr/lib/python3/dist-packages/colcon_core/task/python/colcon_distutils_commands:/home/tiffany/fyp_ws/install/llm_refinement/lib/python3.10/site-packages:${PYTHONPATH} /usr/bin/python3 -W ignore:setup.py install is deprecated -W ignore:easy_install command is deprecated setup.py egg_info --egg-base ../../build/llm_refinement build --build-base /home/tiffany/fyp_ws/build/llm_refinement/build install --record /home/tiffany/fyp_ws/build/llm_refinement/install.log --install-scripts $base/lib/llm_refinement --single-version-externally-managed install_data
[3.313s] running egg_info
[3.316s] writing ../../build/llm_refinement/llm_refinement.egg-info/PKG-INFO
[3.317s] writing dependency_links to ../../build/llm_refinement/llm_refinement.egg-info/dependency_links.txt
[3.317s] writing entry points to ../../build/llm_refinement/llm_refinement.egg-info/entry_points.txt
[3.317s] writing requirements to ../../build/llm_refinement/llm_refinement.egg-info/requires.txt
[3.317s] writing top-level names to ../../build/llm_refinement/llm_refinement.egg-info/top_level.txt
[3.321s] reading manifest file '../../build/llm_refinement/llm_refinement.egg-info/SOURCES.txt'
[3.322s] writing manifest file '../../build/llm_refinement/llm_refinement.egg-info/SOURCES.txt'
[3.322s] running build
[3.322s] running build_py
[3.322s] running install
[3.323s] running install_lib
[3.325s] running install_data
[3.325s] running install_egg_info
[3.328s] removing '/home/tiffany/fyp_ws/install/llm_refinement/lib/python3.10/site-packages/llm_refinement-0.0.0-py3.10.egg-info' (and everything under it)
[3.328s] Copying ../../build/llm_refinement/llm_refinement.egg-info to /home/tiffany/fyp_ws/install/llm_refinement/lib/python3.10/site-packages/llm_refinement-0.0.0-py3.10.egg-info
[3.330s] running install_scripts
[3.374s] Installing coords_adjust_node script to /home/tiffany/fyp_ws/install/llm_refinement/lib/llm_refinement
[3.374s] Installing llm_interface_node script to /home/tiffany/fyp_ws/install/llm_refinement/lib/llm_refinement
[3.374s] writing list of installed files to '/home/tiffany/fyp_ws/build/llm_refinement/install.log'
[3.443s] Invoked command in '/home/tiffany/fyp_ws/src/llm_refinement' returned '0': PYTHONPATH=/home/tiffany/fyp_ws/build/llm_refinement/prefix_override:/usr/lib/python3/dist-packages/colcon_core/task/python/colcon_distutils_commands:/home/tiffany/fyp_ws/install/llm_refinement/lib/python3.10/site-packages:${PYTHONPATH} /usr/bin/python3 -W ignore:setup.py install is deprecated -W ignore:easy_install command is deprecated setup.py egg_info --egg-base ../../build/llm_refinement build --build-base /home/tiffany/fyp_ws/build/llm_refinement/build install --record /home/tiffany/fyp_ws/build/llm_refinement/install.log --install-scripts $base/lib/llm_refinement --single-version-externally-managed install_data
