[2.878s] Invoking command in '/home/tiffany/fyp_ws/src/drone_control': PYTHONPATH=/home/tiffany/fyp_ws/build/drone_control/prefix_override:/usr/lib/python3/dist-packages/colcon_core/task/python/colcon_distutils_commands:/home/tiffany/fyp_ws/install/drone_control/lib/python3.10/site-packages:${PYTHONPATH} /usr/bin/python3 -W ignore:setup.py install is deprecated -W ignore:easy_install command is deprecated setup.py egg_info --egg-base ../../build/drone_control build --build-base /home/tiffany/fyp_ws/build/drone_control/build install --record /home/tiffany/fyp_ws/build/drone_control/install.log --install-scripts $base/lib/drone_control --single-version-externally-managed install_data
[3.308s] running egg_info
[3.308s] writing ../../build/drone_control/drone_control.egg-info/PKG-INFO
[3.309s] writing dependency_links to ../../build/drone_control/drone_control.egg-info/dependency_links.txt
[3.309s] writing entry points to ../../build/drone_control/drone_control.egg-info/entry_points.txt
[3.309s] writing requirements to ../../build/drone_control/drone_control.egg-info/requires.txt
[3.310s] writing top-level names to ../../build/drone_control/drone_control.egg-info/top_level.txt
[3.315s] reading manifest file '../../build/drone_control/drone_control.egg-info/SOURCES.txt'
[3.315s] writing manifest file '../../build/drone_control/drone_control.egg-info/SOURCES.txt'
[3.315s] running build
[3.315s] running build_py
[3.316s] copying drone_control/sim_bridge_node.py -> /home/tiffany/fyp_ws/build/drone_control/build/lib/drone_control
[3.317s] running install
[3.321s] running install_lib
[3.321s] copying /home/tiffany/fyp_ws/build/drone_control/build/lib/drone_control/sim_bridge_node.py -> /home/tiffany/fyp_ws/install/drone_control/lib/python3.10/site-packages/drone_control
[3.322s] byte-compiling /home/tiffany/fyp_ws/install/drone_control/lib/python3.10/site-packages/drone_control/sim_bridge_node.py to sim_bridge_node.cpython-310.pyc
[3.326s] running install_data
[3.327s] running install_egg_info
[3.330s] removing '/home/tiffany/fyp_ws/install/drone_control/lib/python3.10/site-packages/drone_control-0.0.0-py3.10.egg-info' (and everything under it)
[3.331s] Copying ../../build/drone_control/drone_control.egg-info to /home/tiffany/fyp_ws/install/drone_control/lib/python3.10/site-packages/drone_control-0.0.0-py3.10.egg-info
[3.332s] running install_scripts
[3.369s] Installing drone_controller_node script to /home/tiffany/fyp_ws/install/drone_control/lib/drone_control
[3.369s] Installing fylo_bridge_node script to /home/tiffany/fyp_ws/install/drone_control/lib/drone_control
[3.370s] Installing pose_publisher_node script to /home/tiffany/fyp_ws/install/drone_control/lib/drone_control
[3.370s] Installing sim_bridge_node script to /home/tiffany/fyp_ws/install/drone_control/lib/drone_control
[3.370s] writing list of installed files to '/home/tiffany/fyp_ws/build/drone_control/install.log'
[3.439s] Invoked command in '/home/tiffany/fyp_ws/src/drone_control' returned '0': PYTHONPATH=/home/tiffany/fyp_ws/build/drone_control/prefix_override:/usr/lib/python3/dist-packages/colcon_core/task/python/colcon_distutils_commands:/home/tiffany/fyp_ws/install/drone_control/lib/python3.10/site-packages:${PYTHONPATH} /usr/bin/python3 -W ignore:setup.py install is deprecated -W ignore:easy_install command is deprecated setup.py egg_info --egg-base ../../build/drone_control build --build-base /home/tiffany/fyp_ws/build/drone_control/build install --record /home/tiffany/fyp_ws/build/drone_control/install.log --install-scripts $base/lib/drone_control --single-version-externally-managed install_data
