[1.325s] Invoking command in '/home/tiffany/fyp_ws/src/formation_planner': AMENT_PREFIX_PATH=/home/tiffany/fyp_ws/install/formation_msgs:${AMENT_PREFIX_PATH} CMAKE_PREFIX_PATH=/home/tiffany/fyp_ws/install/formation_msgs LD_LIBRARY_PATH=/home/tiffany/fyp_ws/install/formation_msgs/lib:${LD_LIBRARY_PATH} PYTHONPATH=/home/tiffany/fyp_ws/build/formation_planner/prefix_override:/usr/lib/python3/dist-packages/colcon_core/task/python/colcon_distutils_commands:/home/tiffany/fyp_ws/install/formation_planner/lib/python3.10/site-packages:/home/tiffany/fyp_ws/install/formation_msgs/local/lib/python3.10/dist-packages:${PYTHONPATH} /usr/bin/python3 -W ignore:setup.py install is deprecated -W ignore:easy_install command is deprecated setup.py egg_info --egg-base ../../build/formation_planner build --build-base /home/tiffany/fyp_ws/build/formation_planner/build install --record /home/tiffany/fyp_ws/build/formation_planner/install.log --install-scripts $base/lib/formation_planner --single-version-externally-managed install_data
[1.540s] running egg_info
[1.541s] writing ../../build/formation_planner/formation_planner.egg-info/PKG-INFO
[1.541s] writing dependency_links to ../../build/formation_planner/formation_planner.egg-info/dependency_links.txt
[1.542s] writing entry points to ../../build/formation_planner/formation_planner.egg-info/entry_points.txt
[1.542s] writing requirements to ../../build/formation_planner/formation_planner.egg-info/requires.txt
[1.542s] writing top-level names to ../../build/formation_planner/formation_planner.egg-info/top_level.txt
[1.543s] reading manifest file '../../build/formation_planner/formation_planner.egg-info/SOURCES.txt'
[1.544s] writing manifest file '../../build/formation_planner/formation_planner.egg-info/SOURCES.txt'
[1.544s] running build
[1.544s] running build_py
[1.544s] copying formation_planner/mapf_node.py -> /home/tiffany/fyp_ws/build/formation_planner/build/lib/formation_planner
[1.545s] running install
[1.545s] running install_lib
[1.546s] copying /home/tiffany/fyp_ws/build/formation_planner/build/lib/formation_planner/mapf_node.py -> /home/tiffany/fyp_ws/install/formation_planner/lib/python3.10/site-packages/formation_planner
[1.547s] byte-compiling /home/tiffany/fyp_ws/install/formation_planner/lib/python3.10/site-packages/formation_planner/mapf_node.py to mapf_node.cpython-310.pyc
[1.548s] running install_data
[1.548s] running install_egg_info
[1.549s] removing '/home/tiffany/fyp_ws/install/formation_planner/lib/python3.10/site-packages/formation_planner-0.0.0-py3.10.egg-info' (and everything under it)
[1.550s] Copying ../../build/formation_planner/formation_planner.egg-info to /home/tiffany/fyp_ws/install/formation_planner/lib/python3.10/site-packages/formation_planner-0.0.0-py3.10.egg-info
[1.550s] running install_scripts
[1.568s] Installing assignment_node script to /home/tiffany/fyp_ws/install/formation_planner/lib/formation_planner
[1.568s] Installing coords_mapping_node script to /home/tiffany/fyp_ws/install/formation_planner/lib/formation_planner
[1.568s] Installing drone_validator_node script to /home/tiffany/fyp_ws/install/formation_planner/lib/formation_planner
[1.568s] Installing mapf_node script to /home/tiffany/fyp_ws/install/formation_planner/lib/formation_planner
[1.568s] Installing shape_sampling_node script to /home/tiffany/fyp_ws/install/formation_planner/lib/formation_planner
[1.568s] writing list of installed files to '/home/tiffany/fyp_ws/build/formation_planner/install.log'
[1.603s] Invoked command in '/home/tiffany/fyp_ws/src/formation_planner' returned '0': AMENT_PREFIX_PATH=/home/tiffany/fyp_ws/install/formation_msgs:${AMENT_PREFIX_PATH} CMAKE_PREFIX_PATH=/home/tiffany/fyp_ws/install/formation_msgs LD_LIBRARY_PATH=/home/tiffany/fyp_ws/install/formation_msgs/lib:${LD_LIBRARY_PATH} PYTHONPATH=/home/tiffany/fyp_ws/build/formation_planner/prefix_override:/usr/lib/python3/dist-packages/colcon_core/task/python/colcon_distutils_commands:/home/tiffany/fyp_ws/install/formation_planner/lib/python3.10/site-packages:/home/tiffany/fyp_ws/install/formation_msgs/local/lib/python3.10/dist-packages:${PYTHONPATH} /usr/bin/python3 -W ignore:setup.py install is deprecated -W ignore:easy_install command is deprecated setup.py egg_info --egg-base ../../build/formation_planner build --build-base /home/tiffany/fyp_ws/build/formation_planner/build install --record /home/tiffany/fyp_ws/build/formation_planner/install.log --install-scripts $base/lib/formation_planner --single-version-externally-managed install_data
