[1.920s] Invoking command in '/home/tiffany/fyp_ws/src/task_manager': PYTHONPATH=/home/tiffany/fyp_ws/build/task_manager/prefix_override:/usr/lib/python3/dist-packages/colcon_core/task/python/colcon_distutils_commands:/home/tiffany/fyp_ws/install/task_manager/lib/python3.10/site-packages:${PYTHONPATH} /usr/bin/python3 -W ignore:setup.py install is deprecated -W ignore:easy_install command is deprecated setup.py egg_info --egg-base ../../build/task_manager build --build-base /home/tiffany/fyp_ws/build/task_manager/build install --record /home/tiffany/fyp_ws/build/task_manager/install.log --install-scripts $base/lib/task_manager --single-version-externally-managed install_data
[2.210s] running egg_info
[2.211s] writing ../../build/task_manager/task_manager.egg-info/PKG-INFO
[2.211s] writing dependency_links to ../../build/task_manager/task_manager.egg-info/dependency_links.txt
[2.211s] writing entry points to ../../build/task_manager/task_manager.egg-info/entry_points.txt
[2.211s] writing requirements to ../../build/task_manager/task_manager.egg-info/requires.txt
[2.211s] writing top-level names to ../../build/task_manager/task_manager.egg-info/top_level.txt
[2.214s] reading manifest file '../../build/task_manager/task_manager.egg-info/SOURCES.txt'
[2.215s] writing manifest file '../../build/task_manager/task_manager.egg-info/SOURCES.txt'
[2.215s] running build
[2.215s] running build_py
[2.215s] running install
[2.216s] running install_lib
[2.218s] running install_data
[2.218s] running install_egg_info
[2.220s] removing '/home/tiffany/fyp_ws/install/task_manager/lib/python3.10/site-packages/task_manager-0.0.0-py3.10.egg-info' (and everything under it)
[2.221s] Copying ../../build/task_manager/task_manager.egg-info to /home/tiffany/fyp_ws/install/task_manager/lib/python3.10/site-packages/task_manager-0.0.0-py3.10.egg-info
[2.222s] running install_scripts
[2.248s] Installing task_manager_node script to /home/tiffany/fyp_ws/install/task_manager/lib/task_manager
[2.249s] writing list of installed files to '/home/tiffany/fyp_ws/build/task_manager/install.log'
[2.300s] Invoked command in '/home/tiffany/fyp_ws/src/task_manager' returned '0': PYTHONPATH=/home/tiffany/fyp_ws/build/task_manager/prefix_override:/usr/lib/python3/dist-packages/colcon_core/task/python/colcon_distutils_commands:/home/tiffany/fyp_ws/install/task_manager/lib/python3.10/site-packages:${PYTHONPATH} /usr/bin/python3 -W ignore:setup.py install is deprecated -W ignore:easy_install command is deprecated setup.py egg_info --egg-base ../../build/task_manager build --build-base /home/tiffany/fyp_ws/build/task_manager/build install --record /home/tiffany/fyp_ws/build/task_manager/install.log --install-scripts $base/lib/task_manager --single-version-externally-managed install_data
