running egg_info
writing ../../build/llm_refinement/llm_refinement.egg-info/PKG-INFO
writing dependency_links to ../../build/llm_refinement/llm_refinement.egg-info/dependency_links.txt
writing entry points to ../../build/llm_refinement/llm_refinement.egg-info/entry_points.txt
writing requirements to ../../build/llm_refinement/llm_refinement.egg-info/requires.txt
writing top-level names to ../../build/llm_refinement/llm_refinement.egg-info/top_level.txt
reading manifest file '../../build/llm_refinement/llm_refinement.egg-info/SOURCES.txt'
writing manifest file '../../build/llm_refinement/llm_refinement.egg-info/SOURCES.txt'
running build
running build_py
running install
running install_lib
running install_data
running install_egg_info
removing '/home/tiffany/fyp_ws/install/llm_refinement/lib/python3.10/site-packages/llm_refinement-0.0.0-py3.10.egg-info' (and everything under it)
Copying ../../build/llm_refinement/llm_refinement.egg-info to /home/tiffany/fyp_ws/install/llm_refinement/lib/python3.10/site-packages/llm_refinement-0.0.0-py3.10.egg-info
running install_scripts
Installing coords_adjust_node script to /home/tiffany/fyp_ws/install/llm_refinement/lib/llm_refinement
Installing llm_interface_node script to /home/tiffany/fyp_ws/install/llm_refinement/lib/llm_refinement
writing list of installed files to '/home/tiffany/fyp_ws/build/llm_refinement/install.log'
