[1.925s] Invoking command in '/home/tiffany/fyp_ws/src/llm_refinement': PYTHONPATH=/home/tiffany/fyp_ws/build/llm_refinement/prefix_override:/usr/lib/python3/dist-packages/colcon_core/task/python/colcon_distutils_commands:/home/tiffany/fyp_ws/install/llm_refinement/lib/python3.10/site-packages:${PYTHONPATH} /usr/bin/python3 -W ignore:setup.py install is deprecated -W ignore:easy_install command is deprecated setup.py egg_info --egg-base ../../build/llm_refinement build --build-base /home/tiffany/fyp_ws/build/llm_refinement/build install --record /home/tiffany/fyp_ws/build/llm_refinement/install.log --install-scripts $base/lib/llm_refinement --single-version-externally-managed install_data
[2.199s] running egg_info
[2.201s] writing ../../build/llm_refinement/llm_refinement.egg-info/PKG-INFO
[2.201s] writing dependency_links to ../../build/llm_refinement/llm_refinement.egg-info/dependency_links.txt
[2.201s] writing entry points to ../../build/llm_refinement/llm_refinement.egg-info/entry_points.txt
[2.201s] writing requirements to ../../build/llm_refinement/llm_refinement.egg-info/requires.txt
[2.201s] writing top-level names to ../../build/llm_refinement/llm_refinement.egg-info/top_level.txt
[2.203s] reading manifest file '../../build/llm_refinement/llm_refinement.egg-info/SOURCES.txt'
[2.204s] writing manifest file '../../build/llm_refinement/llm_refinement.egg-info/SOURCES.txt'
[2.205s] running build
[2.205s] running build_py
[2.205s] running install
[2.205s] running install_lib
[2.206s] running install_data
[2.207s] running install_egg_info
[2.209s] removing '/home/tiffany/fyp_ws/install/llm_refinement/lib/python3.10/site-packages/llm_refinement-0.0.0-py3.10.egg-info' (and everything under it)
[2.209s] Copying ../../build/llm_refinement/llm_refinement.egg-info to /home/tiffany/fyp_ws/install/llm_refinement/lib/python3.10/site-packages/llm_refinement-0.0.0-py3.10.egg-info
[2.210s] running install_scripts
[2.234s] Installing coords_adjust_node script to /home/tiffany/fyp_ws/install/llm_refinement/lib/llm_refinement
[2.235s] Installing llm_interface_node script to /home/tiffany/fyp_ws/install/llm_refinement/lib/llm_refinement
[2.235s] writing list of installed files to '/home/tiffany/fyp_ws/build/llm_refinement/install.log'
[2.298s] Invoked command in '/home/tiffany/fyp_ws/src/llm_refinement' returned '0': PYTHONPATH=/home/tiffany/fyp_ws/build/llm_refinement/prefix_override:/usr/lib/python3/dist-packages/colcon_core/task/python/colcon_distutils_commands:/home/tiffany/fyp_ws/install/llm_refinement/lib/python3.10/site-packages:${PYTHONPATH} /usr/bin/python3 -W ignore:setup.py install is deprecated -W ignore:easy_install command is deprecated setup.py egg_info --egg-base ../../build/llm_refinement build --build-base /home/tiffany/fyp_ws/build/llm_refinement/build install --record /home/tiffany/fyp_ws/build/llm_refinement/install.log --install-scripts $base/lib/llm_refinement --single-version-externally-managed install_data
