running egg_info
creating ../../build/llm_refinement/llm_refinement.egg-info
writing ../../build/llm_refinement/llm_refinement.egg-info/PKG-INFO
writing dependency_links to ../../build/llm_refinement/llm_refinement.egg-info/dependency_links.txt
writing entry points to ../../build/llm_refinement/llm_refinement.egg-info/entry_points.txt
writing requirements to ../../build/llm_refinement/llm_refinement.egg-info/requires.txt
writing top-level names to ../../build/llm_refinement/llm_refinement.egg-info/top_level.txt
writing manifest file '../../build/llm_refinement/llm_refinement.egg-info/SOURCES.txt'
reading manifest file '../../build/llm_refinement/llm_refinement.egg-info/SOURCES.txt'
writing manifest file '../../build/llm_refinement/llm_refinement.egg-info/SOURCES.txt'
running build
running build_py
creating /home/tiffany/fyp_ws/build/llm_refinement/build
creating /home/tiffany/fyp_ws/build/llm_refinement/build/lib
creating /home/tiffany/fyp_ws/build/llm_refinement/build/lib/llm_refinement
copying llm_refinement/__init__.py -> /home/tiffany/fyp_ws/build/llm_refinement/build/lib/llm_refinement
copying llm_refinement/llm_interface_node.py -> /home/tiffany/fyp_ws/build/llm_refinement/build/lib/llm_refinement
copying llm_refinement/coords_adjust_node.py -> /home/tiffany/fyp_ws/build/llm_refinement/build/lib/llm_refinement
running install
running install_lib
creating /home/tiffany/fyp_ws/install/llm_refinement/lib/python3.10/site-packages/llm_refinement
copying /home/tiffany/fyp_ws/build/llm_refinement/build/lib/llm_refinement/__init__.py -> /home/tiffany/fyp_ws/install/llm_refinement/lib/python3.10/site-packages/llm_refinement
copying /home/tiffany/fyp_ws/build/llm_refinement/build/lib/llm_refinement/llm_interface_node.py -> /home/tiffany/fyp_ws/install/llm_refinement/lib/python3.10/site-packages/llm_refinement
copying /home/tiffany/fyp_ws/build/llm_refinement/build/lib/llm_refinement/coords_adjust_node.py -> /home/tiffany/fyp_ws/install/llm_refinement/lib/python3.10/site-packages/llm_refinement
byte-compiling /home/tiffany/fyp_ws/install/llm_refinement/lib/python3.10/site-packages/llm_refinement/__init__.py to __init__.cpython-310.pyc
byte-compiling /home/tiffany/fyp_ws/install/llm_refinement/lib/python3.10/site-packages/llm_refinement/llm_interface_node.py to llm_interface_node.cpython-310.pyc
byte-compiling /home/tiffany/fyp_ws/install/llm_refinement/lib/python3.10/site-packages/llm_refinement/coords_adjust_node.py to coords_adjust_node.cpython-310.pyc
running install_data
creating /home/tiffany/fyp_ws/install/llm_refinement/share/ament_index
creating /home/tiffany/fyp_ws/install/llm_refinement/share/ament_index/resource_index
creating /home/tiffany/fyp_ws/install/llm_refinement/share/ament_index/resource_index/packages
copying resource/llm_refinement -> /home/tiffany/fyp_ws/install/llm_refinement/share/ament_index/resource_index/packages
copying package.xml -> /home/tiffany/fyp_ws/install/llm_refinement/share/llm_refinement
running install_egg_info
Copying ../../build/llm_refinement/llm_refinement.egg-info to /home/tiffany/fyp_ws/install/llm_refinement/lib/python3.10/site-packages/llm_refinement-0.0.0-py3.10.egg-info
running install_scripts
Installing coords_adjust_node script to /home/tiffany/fyp_ws/install/llm_refinement/lib/llm_refinement
Installing llm_interface_node script to /home/tiffany/fyp_ws/install/llm_refinement/lib/llm_refinement
writing list of installed files to '/home/tiffany/fyp_ws/build/llm_refinement/install.log'
