[1.844s] Invoking command in '/home/tiffany/fyp_ws/src/llm_refinement': AMENT_PREFIX_PATH=/home/tiffany/fyp_ws/install/formation_msgs:${AMENT_PREFIX_PATH} CMAKE_PREFIX_PATH=/home/tiffany/fyp_ws/install/formation_msgs LD_LIBRARY_PATH=/home/tiffany/fyp_ws/install/formation_msgs/lib:${LD_LIBRARY_PATH} PYTHONPATH=/home/tiffany/fyp_ws/build/llm_refinement/prefix_override:/usr/lib/python3/dist-packages/colcon_core/task/python/colcon_distutils_commands:/home/tiffany/fyp_ws/install/llm_refinement/lib/python3.10/site-packages:/home/tiffany/fyp_ws/install/formation_msgs/local/lib/python3.10/dist-packages:${PYTHONPATH} /usr/bin/python3 -W ignore:setup.py install is deprecated -W ignore:easy_install command is deprecated setup.py egg_info --egg-base ../../build/llm_refinement build --build-base /home/tiffany/fyp_ws/build/llm_refinement/build install --record /home/tiffany/fyp_ws/build/llm_refinement/install.log --install-scripts $base/lib/llm_refinement --single-version-externally-managed install_data
[2.093s] running egg_info
[2.093s] creating ../../build/llm_refinement/llm_refinement.egg-info
[2.094s] writing ../../build/llm_refinement/llm_refinement.egg-info/PKG-INFO
[2.094s] writing dependency_links to ../../build/llm_refinement/llm_refinement.egg-info/dependency_links.txt
[2.095s] writing entry points to ../../build/llm_refinement/llm_refinement.egg-info/entry_points.txt
[2.095s] writing requirements to ../../build/llm_refinement/llm_refinement.egg-info/requires.txt
[2.095s] writing top-level names to ../../build/llm_refinement/llm_refinement.egg-info/top_level.txt
[2.096s] writing manifest file '../../build/llm_refinement/llm_refinement.egg-info/SOURCES.txt'
[2.097s] reading manifest file '../../build/llm_refinement/llm_refinement.egg-info/SOURCES.txt'
[2.098s] writing manifest file '../../build/llm_refinement/llm_refinement.egg-info/SOURCES.txt'
[2.098s] running build
[2.098s] running build_py
[2.099s] creating /home/tiffany/fyp_ws/build/llm_refinement/build
[2.099s] creating /home/tiffany/fyp_ws/build/llm_refinement/build/lib
[2.099s] creating /home/tiffany/fyp_ws/build/llm_refinement/build/lib/llm_refinement
[2.099s] copying llm_refinement/__init__.py -> /home/tiffany/fyp_ws/build/llm_refinement/build/lib/llm_refinement
[2.099s] copying llm_refinement/llm_interface_node.py -> /home/tiffany/fyp_ws/build/llm_refinement/build/lib/llm_refinement
[2.100s] copying llm_refinement/coords_adjust_node.py -> /home/tiffany/fyp_ws/build/llm_refinement/build/lib/llm_refinement
[2.100s] running install
[2.101s] running install_lib
[2.101s] creating /home/tiffany/fyp_ws/install/llm_refinement/lib/python3.10/site-packages/llm_refinement
[2.101s] copying /home/tiffany/fyp_ws/build/llm_refinement/build/lib/llm_refinement/__init__.py -> /home/tiffany/fyp_ws/install/llm_refinement/lib/python3.10/site-packages/llm_refinement
[2.101s] copying /home/tiffany/fyp_ws/build/llm_refinement/build/lib/llm_refinement/llm_interface_node.py -> /home/tiffany/fyp_ws/install/llm_refinement/lib/python3.10/site-packages/llm_refinement
[2.102s] copying /home/tiffany/fyp_ws/build/llm_refinement/build/lib/llm_refinement/coords_adjust_node.py -> /home/tiffany/fyp_ws/install/llm_refinement/lib/python3.10/site-packages/llm_refinement
[2.102s] byte-compiling /home/tiffany/fyp_ws/install/llm_refinement/lib/python3.10/site-packages/llm_refinement/__init__.py to __init__.cpython-310.pyc
[2.102s] byte-compiling /home/tiffany/fyp_ws/install/llm_refinement/lib/python3.10/site-packages/llm_refinement/llm_interface_node.py to llm_interface_node.cpython-310.pyc
[2.102s] byte-compiling /home/tiffany/fyp_ws/install/llm_refinement/lib/python3.10/site-packages/llm_refinement/coords_adjust_node.py to coords_adjust_node.cpython-310.pyc
[2.102s] running install_data
[2.102s] creating /home/tiffany/fyp_ws/install/llm_refinement/share/ament_index
[2.103s] creating /home/tiffany/fyp_ws/install/llm_refinement/share/ament_index/resource_index
[2.103s] creating /home/tiffany/fyp_ws/install/llm_refinement/share/ament_index/resource_index/packages
[2.103s] copying resource/llm_refinement -> /home/tiffany/fyp_ws/install/llm_refinement/share/ament_index/resource_index/packages
[2.103s] copying package.xml -> /home/tiffany/fyp_ws/install/llm_refinement/share/llm_refinement
[2.103s] running install_egg_info
[2.104s] Copying ../../build/llm_refinement/llm_refinement.egg-info to /home/tiffany/fyp_ws/install/llm_refinement/lib/python3.10/site-packages/llm_refinement-0.0.0-py3.10.egg-info
[2.105s] running install_scripts
[2.126s] Installing coords_adjust_node script to /home/tiffany/fyp_ws/install/llm_refinement/lib/llm_refinement
[2.126s] Installing llm_interface_node script to /home/tiffany/fyp_ws/install/llm_refinement/lib/llm_refinement
[2.126s] writing list of installed files to '/home/tiffany/fyp_ws/build/llm_refinement/install.log'
[2.165s] Invoked command in '/home/tiffany/fyp_ws/src/llm_refinement' returned '0': AMENT_PREFIX_PATH=/home/tiffany/fyp_ws/install/formation_msgs:${AMENT_PREFIX_PATH} CMAKE_PREFIX_PATH=/home/tiffany/fyp_ws/install/formation_msgs LD_LIBRARY_PATH=/home/tiffany/fyp_ws/install/formation_msgs/lib:${LD_LIBRARY_PATH} PYTHONPATH=/home/tiffany/fyp_ws/build/llm_refinement/prefix_override:/usr/lib/python3/dist-packages/colcon_core/task/python/colcon_distutils_commands:/home/tiffany/fyp_ws/install/llm_refinement/lib/python3.10/site-packages:/home/tiffany/fyp_ws/install/formation_msgs/local/lib/python3.10/dist-packages:${PYTHONPATH} /usr/bin/python3 -W ignore:setup.py install is deprecated -W ignore:easy_install command is deprecated setup.py egg_info --egg-base ../../build/llm_refinement build --build-base /home/tiffany/fyp_ws/build/llm_refinement/build install --record /home/tiffany/fyp_ws/build/llm_refinement/install.log --install-scripts $base/lib/llm_refinement --single-version-externally-managed install_data
