[1.406s] Invoking command in '/home/tiffany/fyp_ws/src/formation_planner': PYTHONPATH=/home/tiffany/fyp_ws/build/formation_planner/prefix_override:/usr/lib/python3/dist-packages/colcon_core/task/python/colcon_distutils_commands:/home/tiffany/fyp_ws/install/formation_planner/lib/python3.10/site-packages:${PYTHONPATH} /usr/bin/python3 -W ignore:setup.py install is deprecated -W ignore:easy_install command is deprecated setup.py egg_info --egg-base ../../build/formation_planner build --build-base /home/tiffany/fyp_ws/build/formation_planner/build install --record /home/tiffany/fyp_ws/build/formation_planner/install.log --install-scripts $base/lib/formation_planner --single-version-externally-managed install_data
[1.669s] running egg_info
[1.670s] writing ../../build/formation_planner/formation_planner.egg-info/PKG-INFO
[1.671s] writing dependency_links to ../../build/formation_planner/formation_planner.egg-info/dependency_links.txt
[1.671s] writing entry points to ../../build/formation_planner/formation_planner.egg-info/entry_points.txt
[1.671s] writing requirements to ../../build/formation_planner/formation_planner.egg-info/requires.txt
[1.671s] writing top-level names to ../../build/formation_planner/formation_planner.egg-info/top_level.txt
[1.673s] reading manifest file '../../build/formation_planner/formation_planner.egg-info/SOURCES.txt'
[1.674s] writing manifest file '../../build/formation_planner/formation_planner.egg-info/SOURCES.txt'
[1.674s] running build
[1.674s] running build_py
[1.675s] running install
[1.675s] running install_lib
[1.677s] running install_data
[1.677s] running install_egg_info
[1.679s] removing '/home/tiffany/fyp_ws/install/formation_planner/lib/python3.10/site-packages/formation_planner-0.0.0-py3.10.egg-info' (and everything under it)
[1.679s] Copying ../../build/formation_planner/formation_planner.egg-info to /home/tiffany/fyp_ws/install/formation_planner/lib/python3.10/site-packages/formation_planner-0.0.0-py3.10.egg-info
[1.681s] running install_scripts
[1.703s] Installing assignment_node script to /home/tiffany/fyp_ws/install/formation_planner/lib/formation_planner
[1.703s] Installing coords_mapping_node script to /home/tiffany/fyp_ws/install/formation_planner/lib/formation_planner
[1.703s] Installing drone_validator_node script to /home/tiffany/fyp_ws/install/formation_planner/lib/formation_planner
[1.703s] Installing mapf_node script to /home/tiffany/fyp_ws/install/formation_planner/lib/formation_planner
[1.704s] Installing shape_sampling_node script to /home/tiffany/fyp_ws/install/formation_planner/lib/formation_planner
[1.704s] writing list of installed files to '/home/tiffany/fyp_ws/build/formation_planner/install.log'
[1.763s] Invoked command in '/home/tiffany/fyp_ws/src/formation_planner' returned '0': PYTHONPATH=/home/tiffany/fyp_ws/build/formation_planner/prefix_override:/usr/lib/python3/dist-packages/colcon_core/task/python/colcon_distutils_commands:/home/tiffany/fyp_ws/install/formation_planner/lib/python3.10/site-packages:${PYTHONPATH} /usr/bin/python3 -W ignore:setup.py install is deprecated -W ignore:easy_install command is deprecated setup.py egg_info --egg-base ../../build/formation_planner build --build-base /home/tiffany/fyp_ws/build/formation_planner/build install --record /home/tiffany/fyp_ws/build/formation_planner/install.log --install-scripts $base/lib/formation_planner --single-version-externally-managed install_data
