[2.057s] Invoking command in '/home/tiffany/fyp_ws/src/task_manager': PYTHONPATH=/home/tiffany/fyp_ws/build/task_manager/prefix_override:/usr/lib/python3/dist-packages/colcon_core/task/python/colcon_distutils_commands:/home/tiffany/fyp_ws/install/task_manager/lib/python3.10/site-packages:${PYTHONPATH} /usr/bin/python3 -W ignore:setup.py install is deprecated -W ignore:easy_install command is deprecated setup.py egg_info --egg-base ../../build/task_manager build --build-base /home/tiffany/fyp_ws/build/task_manager/build install --record /home/tiffany/fyp_ws/build/task_manager/install.log --install-scripts $base/lib/task_manager --single-version-externally-managed install_data
[2.344s] running egg_info
[2.344s] writing ../../build/task_manager/task_manager.egg-info/PKG-INFO
[2.344s] writing dependency_links to ../../build/task_manager/task_manager.egg-info/dependency_links.txt
[2.345s] writing entry points to ../../build/task_manager/task_manager.egg-info/entry_points.txt
[2.345s] writing requirements to ../../build/task_manager/task_manager.egg-info/requires.txt
[2.345s] writing top-level names to ../../build/task_manager/task_manager.egg-info/top_level.txt
[2.348s] reading manifest file '../../build/task_manager/task_manager.egg-info/SOURCES.txt'
[2.349s] writing manifest file '../../build/task_manager/task_manager.egg-info/SOURCES.txt'
[2.349s] running build
[2.349s] running build_py
[2.349s] running install
[2.352s] running install_lib
[2.353s] running install_data
[2.353s] running install_egg_info
[2.355s] removing '/home/tiffany/fyp_ws/install/task_manager/lib/python3.10/site-packages/task_manager-0.0.0-py3.10.egg-info' (and everything under it)
[2.356s] Copying ../../build/task_manager/task_manager.egg-info to /home/tiffany/fyp_ws/install/task_manager/lib/python3.10/site-packages/task_manager-0.0.0-py3.10.egg-info
[2.357s] running install_scripts
[2.381s] Installing task_manager_node script to /home/tiffany/fyp_ws/install/task_manager/lib/task_manager
[2.382s] writing list of installed files to '/home/tiffany/fyp_ws/build/task_manager/install.log'
[2.427s] Invoked command in '/home/tiffany/fyp_ws/src/task_manager' returned '0': PYTHONPATH=/home/tiffany/fyp_ws/build/task_manager/prefix_override:/usr/lib/python3/dist-packages/colcon_core/task/python/colcon_distutils_commands:/home/tiffany/fyp_ws/install/task_manager/lib/python3.10/site-packages:${PYTHONPATH} /usr/bin/python3 -W ignore:setup.py install is deprecated -W ignore:easy_install command is deprecated setup.py egg_info --egg-base ../../build/task_manager build --build-base /home/tiffany/fyp_ws/build/task_manager/build install --record /home/tiffany/fyp_ws/build/task_manager/install.log --install-scripts $base/lib/task_manager --single-version-externally-managed install_data
