running egg_info
creating ../../build/formation_ui/formation_ui.egg-info
writing ../../build/formation_ui/formation_ui.egg-info/PKG-INFO
writing dependency_links to ../../build/formation_ui/formation_ui.egg-info/dependency_links.txt
writing entry points to ../../build/formation_ui/formation_ui.egg-info/entry_points.txt
writing requirements to ../../build/formation_ui/formation_ui.egg-info/requires.txt
writing top-level names to ../../build/formation_ui/formation_ui.egg-info/top_level.txt
writing manifest file '../../build/formation_ui/formation_ui.egg-info/SOURCES.txt'
reading manifest file '../../build/formation_ui/formation_ui.egg-info/SOURCES.txt'
writing manifest file '../../build/formation_ui/formation_ui.egg-info/SOURCES.txt'
running build
running build_py
creating /home/tiffany/fyp_ws/build/formation_ui/build
creating /home/tiffany/fyp_ws/build/formation_ui/build/lib
creating /home/tiffany/fyp_ws/build/formation_ui/build/lib/formation_ui
copying formation_ui/__init__.py -> /home/tiffany/fyp_ws/build/formation_ui/build/lib/formation_ui
copying formation_ui/canvas_server_node.py -> /home/tiffany/fyp_ws/build/formation_ui/build/lib/formation_ui
running install
running install_lib
creating /home/tiffany/fyp_ws/install/formation_ui/lib/python3.10/site-packages/formation_ui
copying /home/tiffany/fyp_ws/build/formation_ui/build/lib/formation_ui/__init__.py -> /home/tiffany/fyp_ws/install/formation_ui/lib/python3.10/site-packages/formation_ui
copying /home/tiffany/fyp_ws/build/formation_ui/build/lib/formation_ui/canvas_server_node.py -> /home/tiffany/fyp_ws/install/formation_ui/lib/python3.10/site-packages/formation_ui
byte-compiling /home/tiffany/fyp_ws/install/formation_ui/lib/python3.10/site-packages/formation_ui/__init__.py to __init__.cpython-310.pyc
byte-compiling /home/tiffany/fyp_ws/install/formation_ui/lib/python3.10/site-packages/formation_ui/canvas_server_node.py to canvas_server_node.cpython-310.pyc
running install_data
creating /home/tiffany/fyp_ws/install/formation_ui/share/ament_index
creating /home/tiffany/fyp_ws/install/formation_ui/share/ament_index/resource_index
creating /home/tiffany/fyp_ws/install/formation_ui/share/ament_index/resource_index/packages
copying resource/formation_ui -> /home/tiffany/fyp_ws/install/formation_ui/share/ament_index/resource_index/packages
copying package.xml -> /home/tiffany/fyp_ws/install/formation_ui/share/formation_ui
running install_egg_info
Copying ../../build/formation_ui/formation_ui.egg-info to /home/tiffany/fyp_ws/install/formation_ui/lib/python3.10/site-packages/formation_ui-0.0.0-py3.10.egg-info
running install_scripts
Installing canvas_server_node script to /home/tiffany/fyp_ws/install/formation_ui/lib/formation_ui
writing list of installed files to '/home/tiffany/fyp_ws/build/formation_ui/install.log'
