[1.843s] Invoking command in '/home/tiffany/fyp_ws/src/formation_ui': AMENT_PREFIX_PATH=/home/tiffany/fyp_ws/install/formation_msgs:${AMENT_PREFIX_PATH} CMAKE_PREFIX_PATH=/home/tiffany/fyp_ws/install/formation_msgs LD_LIBRARY_PATH=/home/tiffany/fyp_ws/install/formation_msgs/lib:${LD_LIBRARY_PATH} PYTHONPATH=/home/tiffany/fyp_ws/build/formation_ui/prefix_override:/usr/lib/python3/dist-packages/colcon_core/task/python/colcon_distutils_commands:/home/tiffany/fyp_ws/install/formation_ui/lib/python3.10/site-packages:/home/tiffany/fyp_ws/install/formation_msgs/local/lib/python3.10/dist-packages:${PYTHONPATH} /usr/bin/python3 -W ignore:setup.py install is deprecated -W ignore:easy_install command is deprecated setup.py egg_info --egg-base ../../build/formation_ui build --build-base /home/tiffany/fyp_ws/build/formation_ui/build install --record /home/tiffany/fyp_ws/build/formation_ui/install.log --install-scripts $base/lib/formation_ui --single-version-externally-managed install_data
[2.095s] running egg_info
[2.096s] creating ../../build/formation_ui/formation_ui.egg-info
[2.096s] writing ../../build/formation_ui/formation_ui.egg-info/PKG-INFO
[2.096s] writing dependency_links to ../../build/formation_ui/formation_ui.egg-info/dependency_links.txt
[2.096s] writing entry points to ../../build/formation_ui/formation_ui.egg-info/entry_points.txt
[2.096s] writing requirements to ../../build/formation_ui/formation_ui.egg-info/requires.txt
[2.097s] writing top-level names to ../../build/formation_ui/formation_ui.egg-info/top_level.txt
[2.097s] writing manifest file '../../build/formation_ui/formation_ui.egg-info/SOURCES.txt'
[2.098s] reading manifest file '../../build/formation_ui/formation_ui.egg-info/SOURCES.txt'
[2.099s] writing manifest file '../../build/formation_ui/formation_ui.egg-info/SOURCES.txt'
[2.099s] running build
[2.099s] running build_py
[2.100s] creating /home/tiffany/fyp_ws/build/formation_ui/build
[2.100s] creating /home/tiffany/fyp_ws/build/formation_ui/build/lib
[2.100s] creating /home/tiffany/fyp_ws/build/formation_ui/build/lib/formation_ui
[2.100s] copying formation_ui/__init__.py -> /home/tiffany/fyp_ws/build/formation_ui/build/lib/formation_ui
[2.100s] copying formation_ui/canvas_server_node.py -> /home/tiffany/fyp_ws/build/formation_ui/build/lib/formation_ui
[2.101s] running install
[2.101s] running install_lib
[2.101s] creating /home/tiffany/fyp_ws/install/formation_ui/lib/python3.10/site-packages/formation_ui
[2.101s] copying /home/tiffany/fyp_ws/build/formation_ui/build/lib/formation_ui/__init__.py -> /home/tiffany/fyp_ws/install/formation_ui/lib/python3.10/site-packages/formation_ui
[2.101s] copying /home/tiffany/fyp_ws/build/formation_ui/build/lib/formation_ui/canvas_server_node.py -> /home/tiffany/fyp_ws/install/formation_ui/lib/python3.10/site-packages/formation_ui
[2.102s] byte-compiling /home/tiffany/fyp_ws/install/formation_ui/lib/python3.10/site-packages/formation_ui/__init__.py to __init__.cpython-310.pyc
[2.102s] byte-compiling /home/tiffany/fyp_ws/install/formation_ui/lib/python3.10/site-packages/formation_ui/canvas_server_node.py to canvas_server_node.cpython-310.pyc
[2.102s] running install_data
[2.102s] creating /home/tiffany/fyp_ws/install/formation_ui/share/ament_index
[2.103s] creating /home/tiffany/fyp_ws/install/formation_ui/share/ament_index/resource_index
[2.103s] creating /home/tiffany/fyp_ws/install/formation_ui/share/ament_index/resource_index/packages
[2.103s] copying resource/formation_ui -> /home/tiffany/fyp_ws/install/formation_ui/share/ament_index/resource_index/packages
[2.104s] copying package.xml -> /home/tiffany/fyp_ws/install/formation_ui/share/formation_ui
[2.104s] running install_egg_info
[2.108s] Copying ../../build/formation_ui/formation_ui.egg-info to /home/tiffany/fyp_ws/install/formation_ui/lib/python3.10/site-packages/formation_ui-0.0.0-py3.10.egg-info
[2.109s] running install_scripts
[2.129s] Installing canvas_server_node script to /home/tiffany/fyp_ws/install/formation_ui/lib/formation_ui
[2.129s] writing list of installed files to '/home/tiffany/fyp_ws/build/formation_ui/install.log'
[2.180s] Invoked command in '/home/tiffany/fyp_ws/src/formation_ui' returned '0': AMENT_PREFIX_PATH=/home/tiffany/fyp_ws/install/formation_msgs:${AMENT_PREFIX_PATH} CMAKE_PREFIX_PATH=/home/tiffany/fyp_ws/install/formation_msgs LD_LIBRARY_PATH=/home/tiffany/fyp_ws/install/formation_msgs/lib:${LD_LIBRARY_PATH} PYTHONPATH=/home/tiffany/fyp_ws/build/formation_ui/prefix_override:/usr/lib/python3/dist-packages/colcon_core/task/python/colcon_distutils_commands:/home/tiffany/fyp_ws/install/formation_ui/lib/python3.10/site-packages:/home/tiffany/fyp_ws/install/formation_msgs/local/lib/python3.10/dist-packages:${PYTHONPATH} /usr/bin/python3 -W ignore:setup.py install is deprecated -W ignore:easy_install command is deprecated setup.py egg_info --egg-base ../../build/formation_ui build --build-base /home/tiffany/fyp_ws/build/formation_ui/build install --record /home/tiffany/fyp_ws/build/formation_ui/install.log --install-scripts $base/lib/formation_ui --single-version-externally-managed install_data
