running egg_info
writing ../../build/formation_planner/formation_planner.egg-info/PKG-INFO
writing dependency_links to ../../build/formation_planner/formation_planner.egg-info/dependency_links.txt
writing entry points to ../../build/formation_planner/formation_planner.egg-info/entry_points.txt
writing requirements to ../../build/formation_planner/formation_planner.egg-info/requires.txt
writing top-level names to ../../build/formation_planner/formation_planner.egg-info/top_level.txt
reading manifest file '../../build/formation_planner/formation_planner.egg-info/SOURCES.txt'
writing manifest file '../../build/formation_planner/formation_planner.egg-info/SOURCES.txt'
running build
running build_py
running install
running install_lib
running install_data
running install_egg_info
removing '/home/tiffany/fyp_ws/install/formation_planner/lib/python3.10/site-packages/formation_planner-0.0.0-py3.10.egg-info' (and everything under it)
Copying ../../build/formation_planner/formation_planner.egg-info to /home/tiffany/fyp_ws/install/formation_planner/lib/python3.10/site-packages/formation_planner-0.0.0-py3.10.egg-info
running install_scripts
Installing assignment_node script to /home/tiffany/fyp_ws/install/formation_planner/lib/formation_planner
Installing coords_mapping_node script to /home/tiffany/fyp_ws/install/formation_planner/lib/formation_planner
Installing drone_validator_node script to /home/tiffany/fyp_ws/install/formation_planner/lib/formation_planner
Installing mapf_node script to /home/tiffany/fyp_ws/install/formation_planner/lib/formation_planner
Installing shape_sampling_node script to /home/tiffany/fyp_ws/install/formation_planner/lib/formation_planner
writing list of installed files to '/home/tiffany/fyp_ws/build/formation_planner/install.log'
