running egg_info
creating ../../build/drone_control/drone_control.egg-info
writing ../../build/drone_control/drone_control.egg-info/PKG-INFO
writing dependency_links to ../../build/drone_control/drone_control.egg-info/dependency_links.txt
writing entry points to ../../build/drone_control/drone_control.egg-info/entry_points.txt
writing requirements to ../../build/drone_control/drone_control.egg-info/requires.txt
writing top-level names to ../../build/drone_control/drone_control.egg-info/top_level.txt
writing manifest file '../../build/drone_control/drone_control.egg-info/SOURCES.txt'
reading manifest file '../../build/drone_control/drone_control.egg-info/SOURCES.txt'
writing manifest file '../../build/drone_control/drone_control.egg-info/SOURCES.txt'
running build
running build_py
creating /home/tiffany/fyp_ws/build/drone_control/build
creating /home/tiffany/fyp_ws/build/drone_control/build/lib
creating /home/tiffany/fyp_ws/build/drone_control/build/lib/drone_control
copying drone_control/__init__.py -> /home/tiffany/fyp_ws/build/drone_control/build/lib/drone_control
copying drone_control/pose_publisher_node.py -> /home/tiffany/fyp_ws/build/drone_control/build/lib/drone_control
copying drone_control/drone_controller_node.py -> /home/tiffany/fyp_ws/build/drone_control/build/lib/drone_control
copying drone_control/sim_bridge_node.py -> /home/tiffany/fyp_ws/build/drone_control/build/lib/drone_control
running install
running install_lib
creating /home/tiffany/fyp_ws/install/drone_control/lib/python3.10/site-packages/drone_control
copying /home/tiffany/fyp_ws/build/drone_control/build/lib/drone_control/__init__.py -> /home/tiffany/fyp_ws/install/drone_control/lib/python3.10/site-packages/drone_control
copying /home/tiffany/fyp_ws/build/drone_control/build/lib/drone_control/pose_publisher_node.py -> /home/tiffany/fyp_ws/install/drone_control/lib/python3.10/site-packages/drone_control
copying /home/tiffany/fyp_ws/build/drone_control/build/lib/drone_control/drone_controller_node.py -> /home/tiffany/fyp_ws/install/drone_control/lib/python3.10/site-packages/drone_control
copying /home/tiffany/fyp_ws/build/drone_control/build/lib/drone_control/sim_bridge_node.py -> /home/tiffany/fyp_ws/install/drone_control/lib/python3.10/site-packages/drone_control
byte-compiling /home/tiffany/fyp_ws/install/drone_control/lib/python3.10/site-packages/drone_control/__init__.py to __init__.cpython-310.pyc
byte-compiling /home/tiffany/fyp_ws/install/drone_control/lib/python3.10/site-packages/drone_control/pose_publisher_node.py to pose_publisher_node.cpython-310.pyc
byte-compiling /home/tiffany/fyp_ws/install/drone_control/lib/python3.10/site-packages/drone_control/drone_controller_node.py to drone_controller_node.cpython-310.pyc
byte-compiling /home/tiffany/fyp_ws/install/drone_control/lib/python3.10/site-packages/drone_control/sim_bridge_node.py to sim_bridge_node.cpython-310.pyc
running install_data
creating /home/tiffany/fyp_ws/install/drone_control/share/ament_index
creating /home/tiffany/fyp_ws/install/drone_control/share/ament_index/resource_index
creating /home/tiffany/fyp_ws/install/drone_control/share/ament_index/resource_index/packages
copying resource/drone_control -> /home/tiffany/fyp_ws/install/drone_control/share/ament_index/resource_index/packages
copying package.xml -> /home/tiffany/fyp_ws/install/drone_control/share/drone_control
running install_egg_info
Copying ../../build/drone_control/drone_control.egg-info to /home/tiffany/fyp_ws/install/drone_control/lib/python3.10/site-packages/drone_control-0.0.0-py3.10.egg-info
running install_scripts
Installing drone_controller_node script to /home/tiffany/fyp_ws/install/drone_control/lib/drone_control
Installing pose_publisher_node script to /home/tiffany/fyp_ws/install/drone_control/lib/drone_control
Installing sim_bridge_node script to /home/tiffany/fyp_ws/install/drone_control/lib/drone_control
writing list of installed files to '/home/tiffany/fyp_ws/build/drone_control/install.log'
