[1.859s] Invoking command in '/home/tiffany/fyp_ws/src/drone_control': AMENT_PREFIX_PATH=/home/tiffany/fyp_ws/install/formation_msgs:${AMENT_PREFIX_PATH} CMAKE_PREFIX_PATH=/home/tiffany/fyp_ws/install/formation_msgs LD_LIBRARY_PATH=/home/tiffany/fyp_ws/install/formation_msgs/lib:${LD_LIBRARY_PATH} PYTHONPATH=/home/tiffany/fyp_ws/build/drone_control/prefix_override:/usr/lib/python3/dist-packages/colcon_core/task/python/colcon_distutils_commands:/home/tiffany/fyp_ws/install/drone_control/lib/python3.10/site-packages:/home/tiffany/fyp_ws/install/formation_msgs/local/lib/python3.10/dist-packages:${PYTHONPATH} /usr/bin/python3 -W ignore:setup.py install is deprecated -W ignore:easy_install command is deprecated setup.py egg_info --egg-base ../../build/drone_control build --build-base /home/tiffany/fyp_ws/build/drone_control/build install --record /home/tiffany/fyp_ws/build/drone_control/install.log --install-scripts $base/lib/drone_control --single-version-externally-managed install_data
[2.107s] running egg_info
[2.107s] creating ../../build/drone_control/drone_control.egg-info
[2.108s] writing ../../build/drone_control/drone_control.egg-info/PKG-INFO
[2.108s] writing dependency_links to ../../build/drone_control/drone_control.egg-info/dependency_links.txt
[2.108s] writing entry points to ../../build/drone_control/drone_control.egg-info/entry_points.txt
[2.109s] writing requirements to ../../build/drone_control/drone_control.egg-info/requires.txt
[2.109s] writing top-level names to ../../build/drone_control/drone_control.egg-info/top_level.txt
[2.109s] writing manifest file '../../build/drone_control/drone_control.egg-info/SOURCES.txt'
[2.111s] reading manifest file '../../build/drone_control/drone_control.egg-info/SOURCES.txt'
[2.112s] writing manifest file '../../build/drone_control/drone_control.egg-info/SOURCES.txt'
[2.113s] running build
[2.113s] running build_py
[2.113s] creating /home/tiffany/fyp_ws/build/drone_control/build
[2.113s] creating /home/tiffany/fyp_ws/build/drone_control/build/lib
[2.113s] creating /home/tiffany/fyp_ws/build/drone_control/build/lib/drone_control
[2.114s] copying drone_control/__init__.py -> /home/tiffany/fyp_ws/build/drone_control/build/lib/drone_control
[2.114s] copying drone_control/pose_publisher_node.py -> /home/tiffany/fyp_ws/build/drone_control/build/lib/drone_control
[2.114s] copying drone_control/drone_controller_node.py -> /home/tiffany/fyp_ws/build/drone_control/build/lib/drone_control
[2.114s] copying drone_control/sim_bridge_node.py -> /home/tiffany/fyp_ws/build/drone_control/build/lib/drone_control
[2.114s] running install
[2.114s] running install_lib
[2.116s] creating /home/tiffany/fyp_ws/install/drone_control/lib/python3.10/site-packages/drone_control
[2.116s] copying /home/tiffany/fyp_ws/build/drone_control/build/lib/drone_control/__init__.py -> /home/tiffany/fyp_ws/install/drone_control/lib/python3.10/site-packages/drone_control
[2.116s] copying /home/tiffany/fyp_ws/build/drone_control/build/lib/drone_control/pose_publisher_node.py -> /home/tiffany/fyp_ws/install/drone_control/lib/python3.10/site-packages/drone_control
[2.116s] copying /home/tiffany/fyp_ws/build/drone_control/build/lib/drone_control/drone_controller_node.py -> /home/tiffany/fyp_ws/install/drone_control/lib/python3.10/site-packages/drone_control
[2.116s] copying /home/tiffany/fyp_ws/build/drone_control/build/lib/drone_control/sim_bridge_node.py -> /home/tiffany/fyp_ws/install/drone_control/lib/python3.10/site-packages/drone_control
[2.116s] byte-compiling /home/tiffany/fyp_ws/install/drone_control/lib/python3.10/site-packages/drone_control/__init__.py to __init__.cpython-310.pyc
[2.118s] byte-compiling /home/tiffany/fyp_ws/install/drone_control/lib/python3.10/site-packages/drone_control/pose_publisher_node.py to pose_publisher_node.cpython-310.pyc
[2.118s] byte-compiling /home/tiffany/fyp_ws/install/drone_control/lib/python3.10/site-packages/drone_control/drone_controller_node.py to drone_controller_node.cpython-310.pyc
[2.118s] byte-compiling /home/tiffany/fyp_ws/install/drone_control/lib/python3.10/site-packages/drone_control/sim_bridge_node.py to sim_bridge_node.cpython-310.pyc
[2.118s] running install_data
[2.118s] creating /home/tiffany/fyp_ws/install/drone_control/share/ament_index
[2.118s] creating /home/tiffany/fyp_ws/install/drone_control/share/ament_index/resource_index
[2.118s] creating /home/tiffany/fyp_ws/install/drone_control/share/ament_index/resource_index/packages
[2.118s] copying resource/drone_control -> /home/tiffany/fyp_ws/install/drone_control/share/ament_index/resource_index/packages
[2.118s] copying package.xml -> /home/tiffany/fyp_ws/install/drone_control/share/drone_control
[2.118s] running install_egg_info
[2.119s] Copying ../../build/drone_control/drone_control.egg-info to /home/tiffany/fyp_ws/install/drone_control/lib/python3.10/site-packages/drone_control-0.0.0-py3.10.egg-info
[2.120s] running install_scripts
[2.142s] Installing drone_controller_node script to /home/tiffany/fyp_ws/install/drone_control/lib/drone_control
[2.142s] Installing pose_publisher_node script to /home/tiffany/fyp_ws/install/drone_control/lib/drone_control
[2.143s] Installing sim_bridge_node script to /home/tiffany/fyp_ws/install/drone_control/lib/drone_control
[2.143s] writing list of installed files to '/home/tiffany/fyp_ws/build/drone_control/install.log'
[2.204s] Invoked command in '/home/tiffany/fyp_ws/src/drone_control' returned '0': AMENT_PREFIX_PATH=/home/tiffany/fyp_ws/install/formation_msgs:${AMENT_PREFIX_PATH} CMAKE_PREFIX_PATH=/home/tiffany/fyp_ws/install/formation_msgs LD_LIBRARY_PATH=/home/tiffany/fyp_ws/install/formation_msgs/lib:${LD_LIBRARY_PATH} PYTHONPATH=/home/tiffany/fyp_ws/build/drone_control/prefix_override:/usr/lib/python3/dist-packages/colcon_core/task/python/colcon_distutils_commands:/home/tiffany/fyp_ws/install/drone_control/lib/python3.10/site-packages:/home/tiffany/fyp_ws/install/formation_msgs/local/lib/python3.10/dist-packages:${PYTHONPATH} /usr/bin/python3 -W ignore:setup.py install is deprecated -W ignore:easy_install command is deprecated setup.py egg_info --egg-base ../../build/drone_control build --build-base /home/tiffany/fyp_ws/build/drone_control/build install --record /home/tiffany/fyp_ws/build/drone_control/install.log --install-scripts $base/lib/drone_control --single-version-externally-managed install_data
