/home/tiffany/fyp_ws/install/drone_control/lib/python3.10/site-packages/drone_control/__init__.py
/home/tiffany/fyp_ws/install/drone_control/lib/python3.10/site-packages/drone_control/pose_publisher_node.py
/home/tiffany/fyp_ws/install/drone_control/lib/python3.10/site-packages/drone_control/drone_controller_node.py
/home/tiffany/fyp_ws/install/drone_control/lib/python3.10/site-packages/drone_control/fylo_bridge_node.py
/home/tiffany/fyp_ws/install/drone_control/lib/python3.10/site-packages/drone_control/sim_bridge_node.py
/home/tiffany/fyp_ws/install/drone_control/lib/python3.10/site-packages/drone_control/__pycache__/__init__.cpython-310.pyc
/home/tiffany/fyp_ws/install/drone_control/lib/python3.10/site-packages/drone_control/__pycache__/pose_publisher_node.cpython-310.pyc
/home/tiffany/fyp_ws/install/drone_control/lib/python3.10/site-packages/drone_control/__pycache__/drone_controller_node.cpython-310.pyc
/home/tiffany/fyp_ws/install/drone_control/lib/python3.10/site-packages/drone_control/__pycache__/fylo_bridge_node.cpython-310.pyc
/home/tiffany/fyp_ws/install/drone_control/lib/python3.10/site-packages/drone_control/__pycache__/sim_bridge_node.cpython-310.pyc
/home/tiffany/fyp_ws/install/drone_control/share/ament_index/resource_index/packages/drone_control
/home/tiffany/fyp_ws/install/drone_control/share/drone_control/package.xml
/home/tiffany/fyp_ws/install/drone_control/lib/python3.10/site-packages/drone_control-0.0.0-py3.10.egg-info/zip-safe
/home/tiffany/fyp_ws/install/drone_control/lib/python3.10/site-packages/drone_control-0.0.0-py3.10.egg-info/entry_points.txt
/home/tiffany/fyp_ws/install/drone_control/lib/python3.10/site-packages/drone_control-0.0.0-py3.10.egg-info/SOURCES.txt
/home/tiffany/fyp_ws/install/drone_control/lib/python3.10/site-packages/drone_control-0.0.0-py3.10.egg-info/requires.txt
/home/tiffany/fyp_ws/install/drone_control/lib/python3.10/site-packages/drone_control-0.0.0-py3.10.egg-info/top_level.txt
/home/tiffany/fyp_ws/install/drone_control/lib/python3.10/site-packages/drone_control-0.0.0-py3.10.egg-info/dependency_links.txt
/home/tiffany/fyp_ws/install/drone_control/lib/python3.10/site-packages/drone_control-0.0.0-py3.10.egg-info/PKG-INFO
/home/tiffany/fyp_ws/install/drone_control/lib/drone_control/drone_controller_node
/home/tiffany/fyp_ws/install/drone_control/lib/drone_control/fylo_bridge_node
/home/tiffany/fyp_ws/install/drone_control/lib/drone_control/pose_publisher_node
/home/tiffany/fyp_ws/install/drone_control/lib/drone_control/sim_bridge_node
