[0.185s] DEBUG:colcon:Command line arguments: ['/usr/bin/colcon', 'build']
[0.185s] DEBUG:colcon:Parsed command line arguments: Namespace(log_base=None, log_level=None, verb_name='build', build_base='build', install_base='install', merge_install=False, symlink_install=False, test_result_base=None, continue_on_error=False, executor='parallel', parallel_workers=16, event_handlers=None, ignore_user_meta=False, metas=['./colcon.meta'], base_paths=['.'], packages_ignore=None, packages_ignore_regex=None, paths=None, packages_up_to=None, packages_up_to_regex=None, packages_above=None, packages_above_and_dependencies=None, packages_above_depth=None, packages_select_by_dep=None, packages_skip_by_dep=None, packages_skip_up_to=None, packages_select_build_failed=False, packages_skip_build_finished=False, packages_select_test_failures=False, packages_skip_test_passed=False, packages_select=None, packages_skip=None, packages_select_regex=None, packages_skip_regex=None, packages_start=None, packages_end=None, allow_overriding=[], cmake_args=None, cmake_target=None, cmake_target_skip_unavailable=False, cmake_clean_cache=False, cmake_clean_first=False, cmake_force_configure=False, ament_cmake_args=None, catkin_cmake_args=None, catkin_skip_building_tests=False, mixin_files=None, mixin=None, verb_parser=<colcon_mixin.mixin.mixin_argument.MixinArgumentDecorator object at 0x7a7a6fdf2d70>, verb_extension=<colcon_core.verb.build.BuildVerb object at 0x7a7a6fdf2800>, main=<bound method BuildVerb.main of <colcon_core.verb.build.BuildVerb object at 0x7a7a6fdf2800>>, mixin_verb=('build',))
[0.455s] Level 1:colcon.colcon_core.package_discovery:discover_packages(colcon_meta) check parameters
[0.455s] Level 1:colcon.colcon_core.package_discovery:discover_packages(recursive) check parameters
[0.455s] Level 1:colcon.colcon_core.package_discovery:discover_packages(ignore) check parameters
[0.456s] Level 1:colcon.colcon_core.package_discovery:discover_packages(path) check parameters
[0.456s] Level 1:colcon.colcon_core.package_discovery:discover_packages(colcon_meta) discover
[0.456s] Level 1:colcon.colcon_core.package_discovery:discover_packages(recursive) discover
[0.456s] INFO:colcon.colcon_core.package_discovery:Crawling recursively for packages in '/home/tiffany/fyp_ws'
[0.456s] Level 1:colcon.colcon_core.package_identification:_identify(.) by extensions ['ignore', 'ignore_ament_install']
[0.456s] Level 1:colcon.colcon_core.package_identification:_identify(.) by extension 'ignore'
[0.456s] Level 1:colcon.colcon_core.package_identification:_identify(.) by extension 'ignore_ament_install'
[0.456s] Level 1:colcon.colcon_core.package_identification:_identify(.) by extensions ['colcon_pkg']
[0.456s] Level 1:colcon.colcon_core.package_identification:_identify(.) by extension 'colcon_pkg'
[0.456s] Level 1:colcon.colcon_core.package_identification:_identify(.) by extensions ['colcon_meta']
[0.456s] Level 1:colcon.colcon_core.package_identification:_identify(.) by extension 'colcon_meta'
[0.456s] Level 1:colcon.colcon_core.package_identification:_identify(.) by extensions ['ros']
[0.456s] Level 1:colcon.colcon_core.package_identification:_identify(.) by extension 'ros'
[0.475s] Level 1:colcon.colcon_core.package_identification:_identify(.) by extensions ['cmake', 'python']
[0.475s] Level 1:colcon.colcon_core.package_identification:_identify(.) by extension 'cmake'
[0.475s] Level 1:colcon.colcon_core.package_identification:_identify(.) by extension 'python'
[0.475s] Level 1:colcon.colcon_core.package_identification:_identify(.) by extensions ['python_setup_py']
[0.475s] Level 1:colcon.colcon_core.package_identification:_identify(.) by extension 'python_setup_py'
[0.475s] Level 1:colcon.colcon_core.package_identification:_identify(build) by extensions ['ignore', 'ignore_ament_install']
[0.476s] Level 1:colcon.colcon_core.package_identification:_identify(build) by extension 'ignore'
[0.476s] Level 1:colcon.colcon_core.package_identification:_identify(build) ignored
[0.476s] Level 1:colcon.colcon_core.package_identification:_identify(install) by extensions ['ignore', 'ignore_ament_install']
[0.476s] Level 1:colcon.colcon_core.package_identification:_identify(install) by extension 'ignore'
[0.476s] Level 1:colcon.colcon_core.package_identification:_identify(install) ignored
[0.476s] Level 1:colcon.colcon_core.package_identification:_identify(log) by extensions ['ignore', 'ignore_ament_install']
[0.476s] Level 1:colcon.colcon_core.package_identification:_identify(log) by extension 'ignore'
[0.477s] Level 1:colcon.colcon_core.package_identification:_identify(log) ignored
[0.477s] Level 1:colcon.colcon_core.package_identification:_identify(src) by extensions ['ignore', 'ignore_ament_install']
[0.477s] Level 1:colcon.colcon_core.package_identification:_identify(src) by extension 'ignore'
[0.477s] Level 1:colcon.colcon_core.package_identification:_identify(src) by extension 'ignore_ament_install'
[0.477s] Level 1:colcon.colcon_core.package_identification:_identify(src) by extensions ['colcon_pkg']
[0.477s] Level 1:colcon.colcon_core.package_identification:_identify(src) by extension 'colcon_pkg'
[0.477s] Level 1:colcon.colcon_core.package_identification:_identify(src) by extensions ['colcon_meta']
[0.477s] Level 1:colcon.colcon_core.package_identification:_identify(src) by extension 'colcon_meta'
[0.477s] Level 1:colcon.colcon_core.package_identification:_identify(src) by extensions ['ros']
[0.477s] Level 1:colcon.colcon_core.package_identification:_identify(src) by extension 'ros'
[0.477s] Level 1:colcon.colcon_core.package_identification:_identify(src) by extensions ['cmake', 'python']
[0.477s] Level 1:colcon.colcon_core.package_identification:_identify(src) by extension 'cmake'
[0.478s] Level 1:colcon.colcon_core.package_identification:_identify(src) by extension 'python'
[0.478s] Level 1:colcon.colcon_core.package_identification:_identify(src) by extensions ['python_setup_py']
[0.478s] Level 1:colcon.colcon_core.package_identification:_identify(src) by extension 'python_setup_py'
[0.478s] Level 1:colcon.colcon_core.package_identification:_identify(src/drone_control) by extensions ['ignore', 'ignore_ament_install']
[0.478s] Level 1:colcon.colcon_core.package_identification:_identify(src/drone_control) by extension 'ignore'
[0.478s] Level 1:colcon.colcon_core.package_identification:_identify(src/drone_control) by extension 'ignore_ament_install'
[0.478s] Level 1:colcon.colcon_core.package_identification:_identify(src/drone_control) by extensions ['colcon_pkg']
[0.478s] Level 1:colcon.colcon_core.package_identification:_identify(src/drone_control) by extension 'colcon_pkg'
[0.478s] Level 1:colcon.colcon_core.package_identification:_identify(src/drone_control) by extensions ['colcon_meta']
[0.478s] Level 1:colcon.colcon_core.package_identification:_identify(src/drone_control) by extension 'colcon_meta'
[0.478s] Level 1:colcon.colcon_core.package_identification:_identify(src/drone_control) by extensions ['ros']
[0.478s] Level 1:colcon.colcon_core.package_identification:_identify(src/drone_control) by extension 'ros'
[0.483s] DEBUG:colcon.colcon_core.package_identification:Package 'src/drone_control' with type 'ros.ament_python' and name 'drone_control'
[0.483s] Level 1:colcon.colcon_core.package_identification:_identify(src/formation_gazebo) by extensions ['ignore', 'ignore_ament_install']
[0.483s] Level 1:colcon.colcon_core.package_identification:_identify(src/formation_gazebo) by extension 'ignore'
[0.483s] Level 1:colcon.colcon_core.package_identification:_identify(src/formation_gazebo) by extension 'ignore_ament_install'
[0.483s] Level 1:colcon.colcon_core.package_identification:_identify(src/formation_gazebo) by extensions ['colcon_pkg']
[0.483s] Level 1:colcon.colcon_core.package_identification:_identify(src/formation_gazebo) by extension 'colcon_pkg'
[0.483s] Level 1:colcon.colcon_core.package_identification:_identify(src/formation_gazebo) by extensions ['colcon_meta']
[0.484s] Level 1:colcon.colcon_core.package_identification:_identify(src/formation_gazebo) by extension 'colcon_meta'
[0.484s] Level 1:colcon.colcon_core.package_identification:_identify(src/formation_gazebo) by extensions ['ros']
[0.484s] Level 1:colcon.colcon_core.package_identification:_identify(src/formation_gazebo) by extension 'ros'
[0.485s] DEBUG:colcon.colcon_core.package_identification:Package 'src/formation_gazebo' with type 'ros.ament_cmake' and name 'formation_gazebo'
[0.485s] Level 1:colcon.colcon_core.package_identification:_identify(src/formation_msgs) by extensions ['ignore', 'ignore_ament_install']
[0.485s] Level 1:colcon.colcon_core.package_identification:_identify(src/formation_msgs) by extension 'ignore'
[0.485s] Level 1:colcon.colcon_core.package_identification:_identify(src/formation_msgs) by extension 'ignore_ament_install'
[0.485s] Level 1:colcon.colcon_core.package_identification:_identify(src/formation_msgs) by extensions ['colcon_pkg']
[0.485s] Level 1:colcon.colcon_core.package_identification:_identify(src/formation_msgs) by extension 'colcon_pkg'
[0.485s] Level 1:colcon.colcon_core.package_identification:_identify(src/formation_msgs) by extensions ['colcon_meta']
[0.485s] Level 1:colcon.colcon_core.package_identification:_identify(src/formation_msgs) by extension 'colcon_meta'
[0.485s] Level 1:colcon.colcon_core.package_identification:_identify(src/formation_msgs) by extensions ['ros']
[0.485s] Level 1:colcon.colcon_core.package_identification:_identify(src/formation_msgs) by extension 'ros'
[0.487s] DEBUG:colcon.colcon_core.package_identification:Package 'src/formation_msgs' with type 'ros.ament_cmake' and name 'formation_msgs'
[0.487s] Level 1:colcon.colcon_core.package_identification:_identify(src/formation_planner) by extensions ['ignore', 'ignore_ament_install']
[0.487s] Level 1:colcon.colcon_core.package_identification:_identify(src/formation_planner) by extension 'ignore'
[0.487s] Level 1:colcon.colcon_core.package_identification:_identify(src/formation_planner) by extension 'ignore_ament_install'
[0.487s] Level 1:colcon.colcon_core.package_identification:_identify(src/formation_planner) by extensions ['colcon_pkg']
[0.487s] Level 1:colcon.colcon_core.package_identification:_identify(src/formation_planner) by extension 'colcon_pkg'
[0.487s] Level 1:colcon.colcon_core.package_identification:_identify(src/formation_planner) by extensions ['colcon_meta']
[0.487s] Level 1:colcon.colcon_core.package_identification:_identify(src/formation_planner) by extension 'colcon_meta'
[0.487s] Level 1:colcon.colcon_core.package_identification:_identify(src/formation_planner) by extensions ['ros']
[0.488s] Level 1:colcon.colcon_core.package_identification:_identify(src/formation_planner) by extension 'ros'
[0.489s] DEBUG:colcon.colcon_core.package_identification:Package 'src/formation_planner' with type 'ros.ament_python' and name 'formation_planner'
[0.489s] Level 1:colcon.colcon_core.package_identification:_identify(src/formation_ui) by extensions ['ignore', 'ignore_ament_install']
[0.489s] Level 1:colcon.colcon_core.package_identification:_identify(src/formation_ui) by extension 'ignore'
[0.489s] Level 1:colcon.colcon_core.package_identification:_identify(src/formation_ui) by extension 'ignore_ament_install'
[0.489s] Level 1:colcon.colcon_core.package_identification:_identify(src/formation_ui) by extensions ['colcon_pkg']
[0.489s] Level 1:colcon.colcon_core.package_identification:_identify(src/formation_ui) by extension 'colcon_pkg'
[0.490s] Level 1:colcon.colcon_core.package_identification:_identify(src/formation_ui) by extensions ['colcon_meta']
[0.490s] Level 1:colcon.colcon_core.package_identification:_identify(src/formation_ui) by extension 'colcon_meta'
[0.490s] Level 1:colcon.colcon_core.package_identification:_identify(src/formation_ui) by extensions ['ros']
[0.490s] Level 1:colcon.colcon_core.package_identification:_identify(src/formation_ui) by extension 'ros'
[0.491s] DEBUG:colcon.colcon_core.package_identification:Package 'src/formation_ui' with type 'ros.ament_python' and name 'formation_ui'
[0.491s] Level 1:colcon.colcon_core.package_identification:_identify(src/llm_refinement) by extensions ['ignore', 'ignore_ament_install']
[0.491s] Level 1:colcon.colcon_core.package_identification:_identify(src/llm_refinement) by extension 'ignore'
[0.491s] Level 1:colcon.colcon_core.package_identification:_identify(src/llm_refinement) by extension 'ignore_ament_install'
[0.491s] Level 1:colcon.colcon_core.package_identification:_identify(src/llm_refinement) by extensions ['colcon_pkg']
[0.492s] Level 1:colcon.colcon_core.package_identification:_identify(src/llm_refinement) by extension 'colcon_pkg'
[0.492s] Level 1:colcon.colcon_core.package_identification:_identify(src/llm_refinement) by extensions ['colcon_meta']
[0.492s] Level 1:colcon.colcon_core.package_identification:_identify(src/llm_refinement) by extension 'colcon_meta'
[0.492s] Level 1:colcon.colcon_core.package_identification:_identify(src/llm_refinement) by extensions ['ros']
[0.492s] Level 1:colcon.colcon_core.package_identification:_identify(src/llm_refinement) by extension 'ros'
[0.493s] DEBUG:colcon.colcon_core.package_identification:Package 'src/llm_refinement' with type 'ros.ament_python' and name 'llm_refinement'
[0.493s] Level 1:colcon.colcon_core.package_identification:_identify(src/task_manager) by extensions ['ignore', 'ignore_ament_install']
[0.493s] Level 1:colcon.colcon_core.package_identification:_identify(src/task_manager) by extension 'ignore'
[0.493s] Level 1:colcon.colcon_core.package_identification:_identify(src/task_manager) by extension 'ignore_ament_install'
[0.493s] Level 1:colcon.colcon_core.package_identification:_identify(src/task_manager) by extensions ['colcon_pkg']
[0.493s] Level 1:colcon.colcon_core.package_identification:_identify(src/task_manager) by extension 'colcon_pkg'
[0.493s] Level 1:colcon.colcon_core.package_identification:_identify(src/task_manager) by extensions ['colcon_meta']
[0.493s] Level 1:colcon.colcon_core.package_identification:_identify(src/task_manager) by extension 'colcon_meta'
[0.494s] Level 1:colcon.colcon_core.package_identification:_identify(src/task_manager) by extensions ['ros']
[0.494s] Level 1:colcon.colcon_core.package_identification:_identify(src/task_manager) by extension 'ros'
[0.495s] DEBUG:colcon.colcon_core.package_identification:Package 'src/task_manager' with type 'ros.ament_python' and name 'task_manager'
[0.495s] Level 1:colcon.colcon_core.package_discovery:discover_packages(recursive) using defaults
[0.495s] Level 1:colcon.colcon_core.package_discovery:discover_packages(ignore) discover
[0.495s] Level 1:colcon.colcon_core.package_discovery:discover_packages(ignore) using defaults
[0.495s] Level 1:colcon.colcon_core.package_discovery:discover_packages(path) discover
[0.495s] Level 1:colcon.colcon_core.package_discovery:discover_packages(path) using defaults
[0.549s] Level 1:colcon.colcon_core.package_discovery:discover_packages(prefix_path) check parameters
[0.550s] Level 1:colcon.colcon_core.package_discovery:discover_packages(prefix_path) discover
[0.552s] DEBUG:colcon.colcon_installed_package_information.package_discovery:Found 7 installed packages in /home/tiffany/fyp_ws/install
[0.555s] DEBUG:colcon.colcon_installed_package_information.package_discovery:Found 231 installed packages in /opt/ros/humble
[0.557s] Level 1:colcon.colcon_core.package_discovery:discover_packages(prefix_path) using defaults
[0.606s] Level 5:colcon.colcon_core.verb:set package 'formation_gazebo' build argument 'cmake_args' from command line to 'None'
[0.606s] Level 5:colcon.colcon_core.verb:set package 'formation_gazebo' build argument 'cmake_target' from command line to 'None'
[0.606s] Level 5:colcon.colcon_core.verb:set package 'formation_gazebo' build argument 'cmake_target_skip_unavailable' from command line to 'False'
[0.606s] Level 5:colcon.colcon_core.verb:set package 'formation_gazebo' build argument 'cmake_clean_cache' from command line to 'False'
[0.606s] Level 5:colcon.colcon_core.verb:set package 'formation_gazebo' build argument 'cmake_clean_first' from command line to 'False'
[0.607s] Level 5:colcon.colcon_core.verb:set package 'formation_gazebo' build argument 'cmake_force_configure' from command line to 'False'
[0.607s] Level 5:colcon.colcon_core.verb:set package 'formation_gazebo' build argument 'ament_cmake_args' from command line to 'None'
[0.607s] Level 5:colcon.colcon_core.verb:set package 'formation_gazebo' build argument 'catkin_cmake_args' from command line to 'None'
[0.607s] Level 5:colcon.colcon_core.verb:set package 'formation_gazebo' build argument 'catkin_skip_building_tests' from command line to 'False'
[0.607s] DEBUG:colcon.colcon_core.verb:Building package 'formation_gazebo' with the following arguments: {'ament_cmake_args': None, 'build_base': '/home/tiffany/fyp_ws/build/formation_gazebo', 'catkin_cmake_args': None, 'catkin_skip_building_tests': False, 'cmake_args': None, 'cmake_clean_cache': False, 'cmake_clean_first': False, 'cmake_force_configure': False, 'cmake_target': None, 'cmake_target_skip_unavailable': False, 'install_base': '/home/tiffany/fyp_ws/install/formation_gazebo', 'merge_install': False, 'path': '/home/tiffany/fyp_ws/src/formation_gazebo', 'symlink_install': False, 'test_result_base': None}
[0.607s] Level 5:colcon.colcon_core.verb:set package 'formation_msgs' build argument 'cmake_args' from command line to 'None'
[0.607s] Level 5:colcon.colcon_core.verb:set package 'formation_msgs' build argument 'cmake_target' from command line to 'None'
[0.607s] Level 5:colcon.colcon_core.verb:set package 'formation_msgs' build argument 'cmake_target_skip_unavailable' from command line to 'False'
[0.607s] Level 5:colcon.colcon_core.verb:set package 'formation_msgs' build argument 'cmake_clean_cache' from command line to 'False'
[0.607s] Level 5:colcon.colcon_core.verb:set package 'formation_msgs' build argument 'cmake_clean_first' from command line to 'False'
[0.607s] Level 5:colcon.colcon_core.verb:set package 'formation_msgs' build argument 'cmake_force_configure' from command line to 'False'
[0.607s] Level 5:colcon.colcon_core.verb:set package 'formation_msgs' build argument 'ament_cmake_args' from command line to 'None'
[0.607s] Level 5:colcon.colcon_core.verb:set package 'formation_msgs' build argument 'catkin_cmake_args' from command line to 'None'
[0.607s] Level 5:colcon.colcon_core.verb:set package 'formation_msgs' build argument 'catkin_skip_building_tests' from command line to 'False'
[0.607s] DEBUG:colcon.colcon_core.verb:Building package 'formation_msgs' with the following arguments: {'ament_cmake_args': None, 'build_base': '/home/tiffany/fyp_ws/build/formation_msgs', 'catkin_cmake_args': None, 'catkin_skip_building_tests': False, 'cmake_args': None, 'cmake_clean_cache': False, 'cmake_clean_first': False, 'cmake_force_configure': False, 'cmake_target': None, 'cmake_target_skip_unavailable': False, 'install_base': '/home/tiffany/fyp_ws/install/formation_msgs', 'merge_install': False, 'path': '/home/tiffany/fyp_ws/src/formation_msgs', 'symlink_install': False, 'test_result_base': None}
[0.608s] Level 5:colcon.colcon_core.verb:set package 'drone_control' build argument 'cmake_args' from command line to 'None'
[0.608s] Level 5:colcon.colcon_core.verb:set package 'drone_control' build argument 'cmake_target' from command line to 'None'
[0.608s] Level 5:colcon.colcon_core.verb:set package 'drone_control' build argument 'cmake_target_skip_unavailable' from command line to 'False'
[0.608s] Level 5:colcon.colcon_core.verb:set package 'drone_control' build argument 'cmake_clean_cache' from command line to 'False'
[0.608s] Level 5:colcon.colcon_core.verb:set package 'drone_control' build argument 'cmake_clean_first' from command line to 'False'
[0.608s] Level 5:colcon.colcon_core.verb:set package 'drone_control' build argument 'cmake_force_configure' from command line to 'False'
[0.608s] Level 5:colcon.colcon_core.verb:set package 'drone_control' build argument 'ament_cmake_args' from command line to 'None'
[0.608s] Level 5:colcon.colcon_core.verb:set package 'drone_control' build argument 'catkin_cmake_args' from command line to 'None'
[0.608s] Level 5:colcon.colcon_core.verb:set package 'drone_control' build argument 'catkin_skip_building_tests' from command line to 'False'
[0.608s] DEBUG:colcon.colcon_core.verb:Building package 'drone_control' with the following arguments: {'ament_cmake_args': None, 'build_base': '/home/tiffany/fyp_ws/build/drone_control', 'catkin_cmake_args': None, 'catkin_skip_building_tests': False, 'cmake_args': None, 'cmake_clean_cache': False, 'cmake_clean_first': False, 'cmake_force_configure': False, 'cmake_target': None, 'cmake_target_skip_unavailable': False, 'install_base': '/home/tiffany/fyp_ws/install/drone_control', 'merge_install': False, 'path': '/home/tiffany/fyp_ws/src/drone_control', 'symlink_install': False, 'test_result_base': None}
[0.609s] Level 5:colcon.colcon_core.verb:set package 'formation_planner' build argument 'cmake_args' from command line to 'None'
[0.609s] Level 5:colcon.colcon_core.verb:set package 'formation_planner' build argument 'cmake_target' from command line to 'None'
[0.609s] Level 5:colcon.colcon_core.verb:set package 'formation_planner' build argument 'cmake_target_skip_unavailable' from command line to 'False'
[0.609s] Level 5:colcon.colcon_core.verb:set package 'formation_planner' build argument 'cmake_clean_cache' from command line to 'False'
[0.609s] Level 5:colcon.colcon_core.verb:set package 'formation_planner' build argument 'cmake_clean_first' from command line to 'False'
[0.609s] Level 5:colcon.colcon_core.verb:set package 'formation_planner' build argument 'cmake_force_configure' from command line to 'False'
[0.609s] Level 5:colcon.colcon_core.verb:set package 'formation_planner' build argument 'ament_cmake_args' from command line to 'None'
[0.609s] Level 5:colcon.colcon_core.verb:set package 'formation_planner' build argument 'catkin_cmake_args' from command line to 'None'
[0.609s] Level 5:colcon.colcon_core.verb:set package 'formation_planner' build argument 'catkin_skip_building_tests' from command line to 'False'
[0.609s] DEBUG:colcon.colcon_core.verb:Building package 'formation_planner' with the following arguments: {'ament_cmake_args': None, 'build_base': '/home/tiffany/fyp_ws/build/formation_planner', 'catkin_cmake_args': None, 'catkin_skip_building_tests': False, 'cmake_args': None, 'cmake_clean_cache': False, 'cmake_clean_first': False, 'cmake_force_configure': False, 'cmake_target': None, 'cmake_target_skip_unavailable': False, 'install_base': '/home/tiffany/fyp_ws/install/formation_planner', 'merge_install': False, 'path': '/home/tiffany/fyp_ws/src/formation_planner', 'symlink_install': False, 'test_result_base': None}
[0.609s] Level 5:colcon.colcon_core.verb:set package 'formation_ui' build argument 'cmake_args' from command line to 'None'
[0.609s] Level 5:colcon.colcon_core.verb:set package 'formation_ui' build argument 'cmake_target' from command line to 'None'
[0.609s] Level 5:colcon.colcon_core.verb:set package 'formation_ui' build argument 'cmake_target_skip_unavailable' from command line to 'False'
[0.609s] Level 5:colcon.colcon_core.verb:set package 'formation_ui' build argument 'cmake_clean_cache' from command line to 'False'
[0.609s] Level 5:colcon.colcon_core.verb:set package 'formation_ui' build argument 'cmake_clean_first' from command line to 'False'
[0.609s] Level 5:colcon.colcon_core.verb:set package 'formation_ui' build argument 'cmake_force_configure' from command line to 'False'
[0.609s] Level 5:colcon.colcon_core.verb:set package 'formation_ui' build argument 'ament_cmake_args' from command line to 'None'
[0.609s] Level 5:colcon.colcon_core.verb:set package 'formation_ui' build argument 'catkin_cmake_args' from command line to 'None'
[0.609s] Level 5:colcon.colcon_core.verb:set package 'formation_ui' build argument 'catkin_skip_building_tests' from command line to 'False'
[0.609s] DEBUG:colcon.colcon_core.verb:Building package 'formation_ui' with the following arguments: {'ament_cmake_args': None, 'build_base': '/home/tiffany/fyp_ws/build/formation_ui', 'catkin_cmake_args': None, 'catkin_skip_building_tests': False, 'cmake_args': None, 'cmake_clean_cache': False, 'cmake_clean_first': False, 'cmake_force_configure': False, 'cmake_target': None, 'cmake_target_skip_unavailable': False, 'install_base': '/home/tiffany/fyp_ws/install/formation_ui', 'merge_install': False, 'path': '/home/tiffany/fyp_ws/src/formation_ui', 'symlink_install': False, 'test_result_base': None}
[0.610s] Level 5:colcon.colcon_core.verb:set package 'llm_refinement' build argument 'cmake_args' from command line to 'None'
[0.610s] Level 5:colcon.colcon_core.verb:set package 'llm_refinement' build argument 'cmake_target' from command line to 'None'
[0.610s] Level 5:colcon.colcon_core.verb:set package 'llm_refinement' build argument 'cmake_target_skip_unavailable' from command line to 'False'
[0.610s] Level 5:colcon.colcon_core.verb:set package 'llm_refinement' build argument 'cmake_clean_cache' from command line to 'False'
[0.610s] Level 5:colcon.colcon_core.verb:set package 'llm_refinement' build argument 'cmake_clean_first' from command line to 'False'
[0.610s] Level 5:colcon.colcon_core.verb:set package 'llm_refinement' build argument 'cmake_force_configure' from command line to 'False'
[0.610s] Level 5:colcon.colcon_core.verb:set package 'llm_refinement' build argument 'ament_cmake_args' from command line to 'None'
[0.610s] Level 5:colcon.colcon_core.verb:set package 'llm_refinement' build argument 'catkin_cmake_args' from command line to 'None'
[0.610s] Level 5:colcon.colcon_core.verb:set package 'llm_refinement' build argument 'catkin_skip_building_tests' from command line to 'False'
[0.610s] DEBUG:colcon.colcon_core.verb:Building package 'llm_refinement' with the following arguments: {'ament_cmake_args': None, 'build_base': '/home/tiffany/fyp_ws/build/llm_refinement', 'catkin_cmake_args': None, 'catkin_skip_building_tests': False, 'cmake_args': None, 'cmake_clean_cache': False, 'cmake_clean_first': False, 'cmake_force_configure': False, 'cmake_target': None, 'cmake_target_skip_unavailable': False, 'install_base': '/home/tiffany/fyp_ws/install/llm_refinement', 'merge_install': False, 'path': '/home/tiffany/fyp_ws/src/llm_refinement', 'symlink_install': False, 'test_result_base': None}
[0.611s] Level 5:colcon.colcon_core.verb:set package 'task_manager' build argument 'cmake_args' from command line to 'None'
[0.611s] Level 5:colcon.colcon_core.verb:set package 'task_manager' build argument 'cmake_target' from command line to 'None'
[0.611s] Level 5:colcon.colcon_core.verb:set package 'task_manager' build argument 'cmake_target_skip_unavailable' from command line to 'False'
[0.611s] Level 5:colcon.colcon_core.verb:set package 'task_manager' build argument 'cmake_clean_cache' from command line to 'False'
[0.611s] Level 5:colcon.colcon_core.verb:set package 'task_manager' build argument 'cmake_clean_first' from command line to 'False'
[0.611s] Level 5:colcon.colcon_core.verb:set package 'task_manager' build argument 'cmake_force_configure' from command line to 'False'
[0.611s] Level 5:colcon.colcon_core.verb:set package 'task_manager' build argument 'ament_cmake_args' from command line to 'None'
[0.611s] Level 5:colcon.colcon_core.verb:set package 'task_manager' build argument 'catkin_cmake_args' from command line to 'None'
[0.611s] Level 5:colcon.colcon_core.verb:set package 'task_manager' build argument 'catkin_skip_building_tests' from command line to 'False'
[0.611s] DEBUG:colcon.colcon_core.verb:Building package 'task_manager' with the following arguments: {'ament_cmake_args': None, 'build_base': '/home/tiffany/fyp_ws/build/task_manager', 'catkin_cmake_args': None, 'catkin_skip_building_tests': False, 'cmake_args': None, 'cmake_clean_cache': False, 'cmake_clean_first': False, 'cmake_force_configure': False, 'cmake_target': None, 'cmake_target_skip_unavailable': False, 'install_base': '/home/tiffany/fyp_ws/install/task_manager', 'merge_install': False, 'path': '/home/tiffany/fyp_ws/src/task_manager', 'symlink_install': False, 'test_result_base': None}
[0.611s] INFO:colcon.colcon_core.executor:Executing jobs using 'parallel' executor
[0.614s] DEBUG:colcon.colcon_parallel_executor.executor.parallel:run_until_complete
[0.615s] INFO:colcon.colcon_ros.task.ament_cmake.build:Building ROS package in '/home/tiffany/fyp_ws/src/formation_msgs' with build type 'ament_cmake'
[0.615s] INFO:colcon.colcon_cmake.task.cmake.build:Building CMake package in '/home/tiffany/fyp_ws/src/formation_msgs'
[0.618s] INFO:colcon.colcon_core.plugin_system:Skipping extension 'colcon_core.shell.bat': Not used on non-Windows systems
[0.618s] INFO:colcon.colcon_core.shell:Skip shell extension 'powershell' for command environment: Not usable outside of PowerShell
[0.619s] DEBUG:colcon.colcon_core.shell:Skip shell extension 'dsv' for command environment
[0.630s] INFO:colcon.colcon_ros.task.ament_cmake.build:Building ROS package in '/home/tiffany/fyp_ws/src/formation_gazebo' with build type 'ament_cmake'
[0.630s] INFO:colcon.colcon_cmake.task.cmake.build:Building CMake package in '/home/tiffany/fyp_ws/src/formation_gazebo'
[0.630s] INFO:colcon.colcon_core.shell:Skip shell extension 'powershell' for command environment: Not usable outside of PowerShell
[0.630s] DEBUG:colcon.colcon_core.shell:Skip shell extension 'dsv' for command environment
[0.643s] DEBUG:colcon.colcon_core.event_handler.log_command:Invoking command in '/home/tiffany/fyp_ws/build/formation_msgs': CMAKE_PREFIX_PATH=${CMAKE_PREFIX_PATH}:/home/tiffany/fyp_ws/install/task_manager:/home/tiffany/fyp_ws/install/llm_refinement:/home/tiffany/fyp_ws/install/formation_ui:/home/tiffany/fyp_ws/install/formation_planner:/home/tiffany/fyp_ws/install/drone_control:/opt/ros/humble /usr/bin/cmake --build /home/tiffany/fyp_ws/build/formation_msgs -- -j16 -l16
[0.650s] DEBUG:colcon.colcon_core.event_handler.log_command:Invoking command in '/home/tiffany/fyp_ws/build/formation_gazebo': CMAKE_PREFIX_PATH=${CMAKE_PREFIX_PATH}:/home/tiffany/fyp_ws/install/task_manager:/home/tiffany/fyp_ws/install/llm_refinement:/home/tiffany/fyp_ws/install/formation_ui:/home/tiffany/fyp_ws/install/formation_planner:/home/tiffany/fyp_ws/install/drone_control:/opt/ros/humble /usr/bin/cmake --build /home/tiffany/fyp_ws/build/formation_gazebo -- -j16 -l16
[0.719s] DEBUG:colcon.colcon_core.event_handler.log_command:Invoked command in '/home/tiffany/fyp_ws/build/formation_gazebo' returned '0': CMAKE_PREFIX_PATH=${CMAKE_PREFIX_PATH}:/home/tiffany/fyp_ws/install/task_manager:/home/tiffany/fyp_ws/install/llm_refinement:/home/tiffany/fyp_ws/install/formation_ui:/home/tiffany/fyp_ws/install/formation_planner:/home/tiffany/fyp_ws/install/drone_control:/opt/ros/humble /usr/bin/cmake --build /home/tiffany/fyp_ws/build/formation_gazebo -- -j16 -l16
[0.742s] DEBUG:colcon.colcon_core.event_handler.log_command:Invoking command in '/home/tiffany/fyp_ws/build/formation_gazebo': CMAKE_PREFIX_PATH=${CMAKE_PREFIX_PATH}:/home/tiffany/fyp_ws/install/task_manager:/home/tiffany/fyp_ws/install/llm_refinement:/home/tiffany/fyp_ws/install/formation_ui:/home/tiffany/fyp_ws/install/formation_planner:/home/tiffany/fyp_ws/install/drone_control:/opt/ros/humble /usr/bin/cmake --install /home/tiffany/fyp_ws/build/formation_gazebo
[0.761s] Level 1:colcon.colcon_core.environment:create_environment_scripts_only(formation_gazebo)
[0.762s] DEBUG:colcon.colcon_core.event_handler.log_command:Invoked command in '/home/tiffany/fyp_ws/build/formation_gazebo' returned '0': CMAKE_PREFIX_PATH=${CMAKE_PREFIX_PATH}:/home/tiffany/fyp_ws/install/task_manager:/home/tiffany/fyp_ws/install/llm_refinement:/home/tiffany/fyp_ws/install/formation_ui:/home/tiffany/fyp_ws/install/formation_planner:/home/tiffany/fyp_ws/install/drone_control:/opt/ros/humble /usr/bin/cmake --install /home/tiffany/fyp_ws/build/formation_gazebo
[0.766s] Level 1:colcon.colcon_core.environment:checking '/home/tiffany/fyp_ws/install/formation_gazebo' for CMake module files
[0.767s] Level 1:colcon.colcon_core.environment:checking '/home/tiffany/fyp_ws/install/formation_gazebo' for CMake config files
[0.768s] Level 1:colcon.colcon_core.shell:create_environment_hook('formation_gazebo', 'cmake_prefix_path')
[0.769s] INFO:colcon.colcon_core.shell:Creating environment hook '/home/tiffany/fyp_ws/install/formation_gazebo/share/formation_gazebo/hook/cmake_prefix_path.ps1'
[0.770s] INFO:colcon.colcon_core.shell:Creating environment descriptor '/home/tiffany/fyp_ws/install/formation_gazebo/share/formation_gazebo/hook/cmake_prefix_path.dsv'
[0.771s] INFO:colcon.colcon_core.shell:Creating environment hook '/home/tiffany/fyp_ws/install/formation_gazebo/share/formation_gazebo/hook/cmake_prefix_path.sh'
[0.773s] Level 1:colcon.colcon_core.environment:checking '/home/tiffany/fyp_ws/install/formation_gazebo/lib'
[0.773s] Level 1:colcon.colcon_core.environment:checking '/home/tiffany/fyp_ws/install/formation_gazebo/bin'
[0.773s] Level 1:colcon.colcon_core.environment:checking '/home/tiffany/fyp_ws/install/formation_gazebo/lib/pkgconfig/formation_gazebo.pc'
[0.774s] Level 1:colcon.colcon_core.environment:checking '/home/tiffany/fyp_ws/install/formation_gazebo/lib/python3.10/site-packages'
[0.774s] Level 1:colcon.colcon_core.environment:checking '/home/tiffany/fyp_ws/install/formation_gazebo/bin'
[0.775s] INFO:colcon.colcon_core.shell:Creating package script '/home/tiffany/fyp_ws/install/formation_gazebo/share/formation_gazebo/package.ps1'
[0.777s] INFO:colcon.colcon_core.shell:Creating package descriptor '/home/tiffany/fyp_ws/install/formation_gazebo/share/formation_gazebo/package.dsv'
[0.777s] INFO:colcon.colcon_core.shell:Creating package script '/home/tiffany/fyp_ws/install/formation_gazebo/share/formation_gazebo/package.sh'
[0.778s] INFO:colcon.colcon_core.shell:Creating package script '/home/tiffany/fyp_ws/install/formation_gazebo/share/formation_gazebo/package.bash'
[0.779s] INFO:colcon.colcon_core.shell:Creating package script '/home/tiffany/fyp_ws/install/formation_gazebo/share/formation_gazebo/package.zsh'
[0.780s] Level 1:colcon.colcon_core.environment:create_file_with_runtime_dependencies(/home/tiffany/fyp_ws/install/formation_gazebo/share/colcon-core/packages/formation_gazebo)
[0.781s] Level 1:colcon.colcon_core.environment:create_environment_scripts_only(formation_gazebo)
[0.781s] Level 1:colcon.colcon_core.environment:checking '/home/tiffany/fyp_ws/install/formation_gazebo' for CMake module files
[0.782s] Level 1:colcon.colcon_core.environment:checking '/home/tiffany/fyp_ws/install/formation_gazebo' for CMake config files
[0.783s] Level 1:colcon.colcon_core.shell:create_environment_hook('formation_gazebo', 'cmake_prefix_path')
[0.783s] INFO:colcon.colcon_core.shell:Creating environment hook '/home/tiffany/fyp_ws/install/formation_gazebo/share/formation_gazebo/hook/cmake_prefix_path.ps1'
[0.784s] INFO:colcon.colcon_core.shell:Creating environment descriptor '/home/tiffany/fyp_ws/install/formation_gazebo/share/formation_gazebo/hook/cmake_prefix_path.dsv'
[0.784s] INFO:colcon.colcon_core.shell:Creating environment hook '/home/tiffany/fyp_ws/install/formation_gazebo/share/formation_gazebo/hook/cmake_prefix_path.sh'
[0.785s] Level 1:colcon.colcon_core.environment:checking '/home/tiffany/fyp_ws/install/formation_gazebo/lib'
[0.785s] Level 1:colcon.colcon_core.environment:checking '/home/tiffany/fyp_ws/install/formation_gazebo/bin'
[0.785s] Level 1:colcon.colcon_core.environment:checking '/home/tiffany/fyp_ws/install/formation_gazebo/lib/pkgconfig/formation_gazebo.pc'
[0.785s] Level 1:colcon.colcon_core.environment:checking '/home/tiffany/fyp_ws/install/formation_gazebo/lib/python3.10/site-packages'
[0.786s] Level 1:colcon.colcon_core.environment:checking '/home/tiffany/fyp_ws/install/formation_gazebo/bin'
[0.786s] INFO:colcon.colcon_core.shell:Creating package script '/home/tiffany/fyp_ws/install/formation_gazebo/share/formation_gazebo/package.ps1'
[0.787s] INFO:colcon.colcon_core.shell:Creating package descriptor '/home/tiffany/fyp_ws/install/formation_gazebo/share/formation_gazebo/package.dsv'
[0.788s] INFO:colcon.colcon_core.shell:Creating package script '/home/tiffany/fyp_ws/install/formation_gazebo/share/formation_gazebo/package.sh'
[0.788s] INFO:colcon.colcon_core.shell:Creating package script '/home/tiffany/fyp_ws/install/formation_gazebo/share/formation_gazebo/package.bash'
[0.789s] INFO:colcon.colcon_core.shell:Creating package script '/home/tiffany/fyp_ws/install/formation_gazebo/share/formation_gazebo/package.zsh'
[0.789s] Level 1:colcon.colcon_core.environment:create_file_with_runtime_dependencies(/home/tiffany/fyp_ws/install/formation_gazebo/share/colcon-core/packages/formation_gazebo)
[1.273s] DEBUG:colcon.colcon_core.event_handler.log_command:Invoked command in '/home/tiffany/fyp_ws/build/formation_msgs' returned '0': CMAKE_PREFIX_PATH=${CMAKE_PREFIX_PATH}:/home/tiffany/fyp_ws/install/task_manager:/home/tiffany/fyp_ws/install/llm_refinement:/home/tiffany/fyp_ws/install/formation_ui:/home/tiffany/fyp_ws/install/formation_planner:/home/tiffany/fyp_ws/install/drone_control:/opt/ros/humble /usr/bin/cmake --build /home/tiffany/fyp_ws/build/formation_msgs -- -j16 -l16
[1.275s] DEBUG:colcon.colcon_core.event_handler.log_command:Invoking command in '/home/tiffany/fyp_ws/build/formation_msgs': CMAKE_PREFIX_PATH=${CMAKE_PREFIX_PATH}:/home/tiffany/fyp_ws/install/task_manager:/home/tiffany/fyp_ws/install/llm_refinement:/home/tiffany/fyp_ws/install/formation_ui:/home/tiffany/fyp_ws/install/formation_planner:/home/tiffany/fyp_ws/install/drone_control:/opt/ros/humble /usr/bin/cmake --install /home/tiffany/fyp_ws/build/formation_msgs
[1.391s] Level 1:colcon.colcon_core.environment:create_environment_scripts_only(formation_msgs)
[1.391s] Level 1:colcon.colcon_core.environment:checking '/home/tiffany/fyp_ws/install/formation_msgs' for CMake module files
[1.392s] DEBUG:colcon.colcon_core.event_handler.log_command:Invoked command in '/home/tiffany/fyp_ws/build/formation_msgs' returned '0': CMAKE_PREFIX_PATH=${CMAKE_PREFIX_PATH}:/home/tiffany/fyp_ws/install/task_manager:/home/tiffany/fyp_ws/install/llm_refinement:/home/tiffany/fyp_ws/install/formation_ui:/home/tiffany/fyp_ws/install/formation_planner:/home/tiffany/fyp_ws/install/drone_control:/opt/ros/humble /usr/bin/cmake --install /home/tiffany/fyp_ws/build/formation_msgs
[1.392s] Level 1:colcon.colcon_core.environment:checking '/home/tiffany/fyp_ws/install/formation_msgs' for CMake config files
[1.393s] Level 1:colcon.colcon_core.shell:create_environment_hook('formation_msgs', 'cmake_prefix_path')
[1.393s] INFO:colcon.colcon_core.shell:Creating environment hook '/home/tiffany/fyp_ws/install/formation_msgs/share/formation_msgs/hook/cmake_prefix_path.ps1'
[1.394s] INFO:colcon.colcon_core.shell:Creating environment descriptor '/home/tiffany/fyp_ws/install/formation_msgs/share/formation_msgs/hook/cmake_prefix_path.dsv'
[1.395s] INFO:colcon.colcon_core.shell:Creating environment hook '/home/tiffany/fyp_ws/install/formation_msgs/share/formation_msgs/hook/cmake_prefix_path.sh'
[1.395s] Level 1:colcon.colcon_core.environment:checking '/home/tiffany/fyp_ws/install/formation_msgs/lib'
[1.396s] Level 1:colcon.colcon_core.shell:create_environment_hook('formation_msgs', 'ld_library_path_lib')
[1.396s] INFO:colcon.colcon_core.shell:Creating environment hook '/home/tiffany/fyp_ws/install/formation_msgs/share/formation_msgs/hook/ld_library_path_lib.ps1'
[1.396s] INFO:colcon.colcon_core.shell:Creating environment descriptor '/home/tiffany/fyp_ws/install/formation_msgs/share/formation_msgs/hook/ld_library_path_lib.dsv'
[1.397s] INFO:colcon.colcon_core.shell:Creating environment hook '/home/tiffany/fyp_ws/install/formation_msgs/share/formation_msgs/hook/ld_library_path_lib.sh'
[1.398s] Level 1:colcon.colcon_core.environment:checking '/home/tiffany/fyp_ws/install/formation_msgs/bin'
[1.398s] Level 1:colcon.colcon_core.environment:checking '/home/tiffany/fyp_ws/install/formation_msgs/lib/pkgconfig/formation_msgs.pc'
[1.398s] Level 1:colcon.colcon_core.environment:checking '/home/tiffany/fyp_ws/install/formation_msgs/lib/python3.10/site-packages'
[1.398s] Level 1:colcon.colcon_core.environment:checking '/home/tiffany/fyp_ws/install/formation_msgs/bin'
[1.399s] INFO:colcon.colcon_core.shell:Creating package script '/home/tiffany/fyp_ws/install/formation_msgs/share/formation_msgs/package.ps1'
[1.400s] INFO:colcon.colcon_core.shell:Creating package descriptor '/home/tiffany/fyp_ws/install/formation_msgs/share/formation_msgs/package.dsv'
[1.401s] INFO:colcon.colcon_core.shell:Creating package script '/home/tiffany/fyp_ws/install/formation_msgs/share/formation_msgs/package.sh'
[1.401s] INFO:colcon.colcon_core.shell:Creating package script '/home/tiffany/fyp_ws/install/formation_msgs/share/formation_msgs/package.bash'
[1.402s] INFO:colcon.colcon_core.shell:Creating package script '/home/tiffany/fyp_ws/install/formation_msgs/share/formation_msgs/package.zsh'
[1.402s] Level 1:colcon.colcon_core.environment:create_file_with_runtime_dependencies(/home/tiffany/fyp_ws/install/formation_msgs/share/colcon-core/packages/formation_msgs)
[1.403s] Level 1:colcon.colcon_core.environment:create_environment_scripts_only(formation_msgs)
[1.404s] Level 1:colcon.colcon_core.environment:checking '/home/tiffany/fyp_ws/install/formation_msgs' for CMake module files
[1.405s] Level 1:colcon.colcon_core.environment:checking '/home/tiffany/fyp_ws/install/formation_msgs' for CMake config files
[1.406s] Level 1:colcon.colcon_core.shell:create_environment_hook('formation_msgs', 'cmake_prefix_path')
[1.406s] INFO:colcon.colcon_core.shell:Creating environment hook '/home/tiffany/fyp_ws/install/formation_msgs/share/formation_msgs/hook/cmake_prefix_path.ps1'
[1.407s] INFO:colcon.colcon_core.shell:Creating environment descriptor '/home/tiffany/fyp_ws/install/formation_msgs/share/formation_msgs/hook/cmake_prefix_path.dsv'
[1.407s] INFO:colcon.colcon_core.shell:Creating environment hook '/home/tiffany/fyp_ws/install/formation_msgs/share/formation_msgs/hook/cmake_prefix_path.sh'
[1.408s] Level 1:colcon.colcon_core.environment:checking '/home/tiffany/fyp_ws/install/formation_msgs/lib'
[1.408s] Level 1:colcon.colcon_core.shell:create_environment_hook('formation_msgs', 'ld_library_path_lib')
[1.409s] INFO:colcon.colcon_core.shell:Creating environment hook '/home/tiffany/fyp_ws/install/formation_msgs/share/formation_msgs/hook/ld_library_path_lib.ps1'
[1.409s] INFO:colcon.colcon_core.shell:Creating environment descriptor '/home/tiffany/fyp_ws/install/formation_msgs/share/formation_msgs/hook/ld_library_path_lib.dsv'
[1.410s] INFO:colcon.colcon_core.shell:Creating environment hook '/home/tiffany/fyp_ws/install/formation_msgs/share/formation_msgs/hook/ld_library_path_lib.sh'
[1.410s] Level 1:colcon.colcon_core.environment:checking '/home/tiffany/fyp_ws/install/formation_msgs/bin'
[1.410s] Level 1:colcon.colcon_core.environment:checking '/home/tiffany/fyp_ws/install/formation_msgs/lib/pkgconfig/formation_msgs.pc'
[1.411s] Level 1:colcon.colcon_core.environment:checking '/home/tiffany/fyp_ws/install/formation_msgs/lib/python3.10/site-packages'
[1.411s] Level 1:colcon.colcon_core.environment:checking '/home/tiffany/fyp_ws/install/formation_msgs/bin'
[1.412s] INFO:colcon.colcon_core.shell:Creating package script '/home/tiffany/fyp_ws/install/formation_msgs/share/formation_msgs/package.ps1'
[1.413s] INFO:colcon.colcon_core.shell:Creating package descriptor '/home/tiffany/fyp_ws/install/formation_msgs/share/formation_msgs/package.dsv'
[1.414s] INFO:colcon.colcon_core.shell:Creating package script '/home/tiffany/fyp_ws/install/formation_msgs/share/formation_msgs/package.sh'
[1.415s] INFO:colcon.colcon_core.shell:Creating package script '/home/tiffany/fyp_ws/install/formation_msgs/share/formation_msgs/package.bash'
[1.415s] INFO:colcon.colcon_core.shell:Creating package script '/home/tiffany/fyp_ws/install/formation_msgs/share/formation_msgs/package.zsh'
[1.416s] Level 1:colcon.colcon_core.environment:create_file_with_runtime_dependencies(/home/tiffany/fyp_ws/install/formation_msgs/share/colcon-core/packages/formation_msgs)
[1.417s] INFO:colcon.colcon_ros.task.ament_python.build:Building ROS package in '/home/tiffany/fyp_ws/src/drone_control' with build type 'ament_python'
[1.417s] Level 1:colcon.colcon_core.shell:create_environment_hook('drone_control', 'ament_prefix_path')
[1.417s] INFO:colcon.colcon_core.shell:Creating environment hook '/home/tiffany/fyp_ws/install/drone_control/share/drone_control/hook/ament_prefix_path.ps1'
[1.418s] INFO:colcon.colcon_core.shell:Creating environment descriptor '/home/tiffany/fyp_ws/install/drone_control/share/drone_control/hook/ament_prefix_path.dsv'
[1.419s] INFO:colcon.colcon_core.shell:Creating environment hook '/home/tiffany/fyp_ws/install/drone_control/share/drone_control/hook/ament_prefix_path.sh'
[1.420s] INFO:colcon.colcon_core.shell:Skip shell extension 'powershell' for command environment: Not usable outside of PowerShell
[1.420s] DEBUG:colcon.colcon_core.shell:Skip shell extension 'dsv' for command environment
[1.426s] INFO:colcon.colcon_ros.task.ament_python.build:Building ROS package in '/home/tiffany/fyp_ws/src/formation_planner' with build type 'ament_python'
[1.427s] Level 1:colcon.colcon_core.shell:create_environment_hook('formation_planner', 'ament_prefix_path')
[1.427s] INFO:colcon.colcon_core.shell:Creating environment hook '/home/tiffany/fyp_ws/install/formation_planner/share/formation_planner/hook/ament_prefix_path.ps1'
[1.428s] INFO:colcon.colcon_core.shell:Creating environment descriptor '/home/tiffany/fyp_ws/install/formation_planner/share/formation_planner/hook/ament_prefix_path.dsv'
[1.428s] INFO:colcon.colcon_core.shell:Creating environment hook '/home/tiffany/fyp_ws/install/formation_planner/share/formation_planner/hook/ament_prefix_path.sh'
[1.429s] INFO:colcon.colcon_core.shell:Skip shell extension 'powershell' for command environment: Not usable outside of PowerShell
[1.429s] DEBUG:colcon.colcon_core.shell:Skip shell extension 'dsv' for command environment
[1.434s] INFO:colcon.colcon_ros.task.ament_python.build:Building ROS package in '/home/tiffany/fyp_ws/src/formation_ui' with build type 'ament_python'
[1.435s] Level 1:colcon.colcon_core.shell:create_environment_hook('formation_ui', 'ament_prefix_path')
[1.435s] INFO:colcon.colcon_core.shell:Creating environment hook '/home/tiffany/fyp_ws/install/formation_ui/share/formation_ui/hook/ament_prefix_path.ps1'
[1.436s] INFO:colcon.colcon_core.shell:Creating environment descriptor '/home/tiffany/fyp_ws/install/formation_ui/share/formation_ui/hook/ament_prefix_path.dsv'
[1.436s] INFO:colcon.colcon_core.shell:Creating environment hook '/home/tiffany/fyp_ws/install/formation_ui/share/formation_ui/hook/ament_prefix_path.sh'
[1.437s] INFO:colcon.colcon_core.shell:Skip shell extension 'powershell' for command environment: Not usable outside of PowerShell
[1.437s] DEBUG:colcon.colcon_core.shell:Skip shell extension 'dsv' for command environment
[1.443s] INFO:colcon.colcon_ros.task.ament_python.build:Building ROS package in '/home/tiffany/fyp_ws/src/llm_refinement' with build type 'ament_python'
[1.443s] Level 1:colcon.colcon_core.shell:create_environment_hook('llm_refinement', 'ament_prefix_path')
[1.444s] INFO:colcon.colcon_core.shell:Creating environment hook '/home/tiffany/fyp_ws/install/llm_refinement/share/llm_refinement/hook/ament_prefix_path.ps1'
[1.445s] INFO:colcon.colcon_core.shell:Creating environment descriptor '/home/tiffany/fyp_ws/install/llm_refinement/share/llm_refinement/hook/ament_prefix_path.dsv'
[1.445s] INFO:colcon.colcon_core.shell:Creating environment hook '/home/tiffany/fyp_ws/install/llm_refinement/share/llm_refinement/hook/ament_prefix_path.sh'
[1.446s] INFO:colcon.colcon_core.shell:Skip shell extension 'powershell' for command environment: Not usable outside of PowerShell
[1.446s] DEBUG:colcon.colcon_core.shell:Skip shell extension 'dsv' for command environment
[1.452s] INFO:colcon.colcon_ros.task.ament_python.build:Building ROS package in '/home/tiffany/fyp_ws/src/task_manager' with build type 'ament_python'
[1.452s] Level 1:colcon.colcon_core.shell:create_environment_hook('task_manager', 'ament_prefix_path')
[1.452s] INFO:colcon.colcon_core.shell:Creating environment hook '/home/tiffany/fyp_ws/install/task_manager/share/task_manager/hook/ament_prefix_path.ps1'
[1.453s] INFO:colcon.colcon_core.shell:Creating environment descriptor '/home/tiffany/fyp_ws/install/task_manager/share/task_manager/hook/ament_prefix_path.dsv'
[1.454s] INFO:colcon.colcon_core.shell:Creating environment hook '/home/tiffany/fyp_ws/install/task_manager/share/task_manager/hook/ament_prefix_path.sh'
[1.455s] INFO:colcon.colcon_core.shell:Skip shell extension 'powershell' for command environment: Not usable outside of PowerShell
[1.455s] DEBUG:colcon.colcon_core.shell:Skip shell extension 'dsv' for command environment
[1.887s] INFO:colcon.colcon_core.task.python.build:Building Python package in '/home/tiffany/fyp_ws/src/drone_control'
[1.887s] INFO:colcon.colcon_core.shell:Skip shell extension 'powershell' for command environment: Not usable outside of PowerShell
[1.887s] DEBUG:colcon.colcon_core.shell:Skip shell extension 'dsv' for command environment
[2.310s] INFO:colcon.colcon_core.task.python.build:Building Python package in '/home/tiffany/fyp_ws/src/formation_planner'
[2.310s] INFO:colcon.colcon_core.shell:Skip shell extension 'powershell' for command environment: Not usable outside of PowerShell
[2.310s] DEBUG:colcon.colcon_core.shell:Skip shell extension 'dsv' for command environment
[2.737s] INFO:colcon.colcon_core.task.python.build:Building Python package in '/home/tiffany/fyp_ws/src/formation_ui'
[2.738s] INFO:colcon.colcon_core.shell:Skip shell extension 'powershell' for command environment: Not usable outside of PowerShell
[2.738s] DEBUG:colcon.colcon_core.shell:Skip shell extension 'dsv' for command environment
[3.166s] INFO:colcon.colcon_core.task.python.build:Building Python package in '/home/tiffany/fyp_ws/src/llm_refinement'
[3.167s] INFO:colcon.colcon_core.shell:Skip shell extension 'powershell' for command environment: Not usable outside of PowerShell
[3.167s] DEBUG:colcon.colcon_core.shell:Skip shell extension 'dsv' for command environment
[3.600s] INFO:colcon.colcon_core.task.python.build:Building Python package in '/home/tiffany/fyp_ws/src/task_manager'
[3.601s] INFO:colcon.colcon_core.shell:Skip shell extension 'powershell' for command environment: Not usable outside of PowerShell
[3.601s] DEBUG:colcon.colcon_core.shell:Skip shell extension 'dsv' for command environment
[4.273s] DEBUG:colcon.colcon_core.task.python.build:Available setuptools commands: install_data, build_py, build_clib, sdist, nosetests, install, install_lib, upload_docs, bdist_wheel, install_scripts, build_scripts, install_egg_info, saveopts, clean, bdist, install_headers, build_ext, upload, test, alias, check, dist_info, setopt, develop, build, egg_info, bdist_egg, bdist_dumb, register, bdist_rpm, symlink_data, rotate, easy_install
[4.277s] DEBUG:colcon.colcon_core.event_handler.log_command:Invoking command in '/home/tiffany/fyp_ws/src/task_manager': PYTHONPATH=/home/tiffany/fyp_ws/build/task_manager/prefix_override:/usr/lib/python3/dist-packages/colcon_core/task/python/colcon_distutils_commands:/home/tiffany/fyp_ws/install/task_manager/lib/python3.10/site-packages:${PYTHONPATH} /usr/bin/python3 -W ignore:setup.py install is deprecated -W ignore:easy_install command is deprecated setup.py egg_info --egg-base ../../build/task_manager build --build-base /home/tiffany/fyp_ws/build/task_manager/build install --record /home/tiffany/fyp_ws/build/task_manager/install.log --install-scripts $base/lib/task_manager --single-version-externally-managed install_data
[4.285s] DEBUG:colcon.colcon_core.task.python.build:Available setuptools commands: install_data, build_py, build_clib, sdist, nosetests, install, install_lib, upload_docs, bdist_wheel, install_scripts, build_scripts, install_egg_info, saveopts, clean, bdist, install_headers, build_ext, upload, test, alias, check, dist_info, setopt, develop, build, egg_info, bdist_egg, bdist_dumb, register, bdist_rpm, symlink_data, rotate, easy_install
[4.289s] DEBUG:colcon.colcon_core.task.python.build:Available setuptools commands: install_data, build_py, build_clib, sdist, nosetests, install, install_lib, upload_docs, bdist_wheel, install_scripts, build_scripts, install_egg_info, saveopts, clean, bdist, install_headers, build_ext, upload, test, alias, check, dist_info, setopt, develop, build, egg_info, bdist_egg, bdist_dumb, register, bdist_rpm, symlink_data, rotate, easy_install
[4.292s] DEBUG:colcon.colcon_core.event_handler.log_command:Invoking command in '/home/tiffany/fyp_ws/src/formation_planner': PYTHONPATH=/home/tiffany/fyp_ws/build/formation_planner/prefix_override:/usr/lib/python3/dist-packages/colcon_core/task/python/colcon_distutils_commands:/home/tiffany/fyp_ws/install/formation_planner/lib/python3.10/site-packages:${PYTHONPATH} /usr/bin/python3 -W ignore:setup.py install is deprecated -W ignore:easy_install command is deprecated setup.py egg_info --egg-base ../../build/formation_planner build --build-base /home/tiffany/fyp_ws/build/formation_planner/build install --record /home/tiffany/fyp_ws/build/formation_planner/install.log --install-scripts $base/lib/formation_planner --single-version-externally-managed install_data
[4.294s] DEBUG:colcon.colcon_core.task.python.build:Available setuptools commands: install_data, build_py, build_clib, sdist, nosetests, install, install_lib, upload_docs, bdist_wheel, install_scripts, build_scripts, install_egg_info, saveopts, clean, bdist, install_headers, build_ext, upload, test, alias, check, dist_info, setopt, develop, build, egg_info, bdist_egg, bdist_dumb, register, bdist_rpm, symlink_data, rotate, easy_install
[4.296s] DEBUG:colcon.colcon_core.event_handler.log_command:Invoking command in '/home/tiffany/fyp_ws/src/drone_control': PYTHONPATH=/home/tiffany/fyp_ws/build/drone_control/prefix_override:/usr/lib/python3/dist-packages/colcon_core/task/python/colcon_distutils_commands:/home/tiffany/fyp_ws/install/drone_control/lib/python3.10/site-packages:${PYTHONPATH} /usr/bin/python3 -W ignore:setup.py install is deprecated -W ignore:easy_install command is deprecated setup.py egg_info --egg-base ../../build/drone_control build --build-base /home/tiffany/fyp_ws/build/drone_control/build install --record /home/tiffany/fyp_ws/build/drone_control/install.log --install-scripts $base/lib/drone_control --single-version-externally-managed install_data
[4.297s] DEBUG:colcon.colcon_core.event_handler.log_command:Invoking command in '/home/tiffany/fyp_ws/src/llm_refinement': PYTHONPATH=/home/tiffany/fyp_ws/build/llm_refinement/prefix_override:/usr/lib/python3/dist-packages/colcon_core/task/python/colcon_distutils_commands:/home/tiffany/fyp_ws/install/llm_refinement/lib/python3.10/site-packages:${PYTHONPATH} /usr/bin/python3 -W ignore:setup.py install is deprecated -W ignore:easy_install command is deprecated setup.py egg_info --egg-base ../../build/llm_refinement build --build-base /home/tiffany/fyp_ws/build/llm_refinement/build install --record /home/tiffany/fyp_ws/build/llm_refinement/install.log --install-scripts $base/lib/llm_refinement --single-version-externally-managed install_data
[4.306s] DEBUG:colcon.colcon_core.task.python.build:Available setuptools commands: install_data, build_py, build_clib, sdist, nosetests, install, install_lib, upload_docs, bdist_wheel, install_scripts, build_scripts, install_egg_info, saveopts, clean, bdist, install_headers, build_ext, upload, test, alias, check, dist_info, setopt, develop, build, egg_info, bdist_egg, bdist_dumb, register, bdist_rpm, symlink_data, rotate, easy_install
[4.316s] DEBUG:colcon.colcon_core.event_handler.log_command:Invoking command in '/home/tiffany/fyp_ws/src/formation_ui': PYTHONPATH=/home/tiffany/fyp_ws/build/formation_ui/prefix_override:/usr/lib/python3/dist-packages/colcon_core/task/python/colcon_distutils_commands:/home/tiffany/fyp_ws/install/formation_ui/lib/python3.10/site-packages:${PYTHONPATH} /usr/bin/python3 -W ignore:setup.py install is deprecated -W ignore:easy_install command is deprecated setup.py egg_info --egg-base ../../build/formation_ui build --build-base /home/tiffany/fyp_ws/build/formation_ui/build install --record /home/tiffany/fyp_ws/build/formation_ui/install.log --install-scripts $base/lib/formation_ui --single-version-externally-managed install_data
[4.833s] Level 1:colcon.colcon_core.environment:checking '/home/tiffany/fyp_ws/install/task_manager' for CMake module files
[4.834s] DEBUG:colcon.colcon_core.event_handler.log_command:Invoked command in '/home/tiffany/fyp_ws/src/task_manager' returned '0': PYTHONPATH=/home/tiffany/fyp_ws/build/task_manager/prefix_override:/usr/lib/python3/dist-packages/colcon_core/task/python/colcon_distutils_commands:/home/tiffany/fyp_ws/install/task_manager/lib/python3.10/site-packages:${PYTHONPATH} /usr/bin/python3 -W ignore:setup.py install is deprecated -W ignore:easy_install command is deprecated setup.py egg_info --egg-base ../../build/task_manager build --build-base /home/tiffany/fyp_ws/build/task_manager/build install --record /home/tiffany/fyp_ws/build/task_manager/install.log --install-scripts $base/lib/task_manager --single-version-externally-managed install_data
[4.834s] Level 1:colcon.colcon_core.environment:checking '/home/tiffany/fyp_ws/install/task_manager' for CMake config files
[4.835s] Level 1:colcon.colcon_core.environment:checking '/home/tiffany/fyp_ws/install/task_manager/lib'
[4.835s] Level 1:colcon.colcon_core.environment:checking '/home/tiffany/fyp_ws/install/task_manager/bin'
[4.835s] Level 1:colcon.colcon_core.environment:checking '/home/tiffany/fyp_ws/install/task_manager/lib/pkgconfig/task_manager.pc'
[4.836s] Level 1:colcon.colcon_core.environment:checking '/home/tiffany/fyp_ws/install/task_manager/lib/python3.10/site-packages'
[4.836s] Level 1:colcon.colcon_core.shell:create_environment_hook('task_manager', 'pythonpath')
[4.836s] INFO:colcon.colcon_core.shell:Creating environment hook '/home/tiffany/fyp_ws/install/task_manager/share/task_manager/hook/pythonpath.ps1'
[4.837s] INFO:colcon.colcon_core.shell:Creating environment descriptor '/home/tiffany/fyp_ws/install/task_manager/share/task_manager/hook/pythonpath.dsv'
[4.837s] INFO:colcon.colcon_core.shell:Creating environment hook '/home/tiffany/fyp_ws/install/task_manager/share/task_manager/hook/pythonpath.sh'
[4.838s] Level 1:colcon.colcon_core.environment:checking '/home/tiffany/fyp_ws/install/task_manager/bin'
[4.838s] Level 1:colcon.colcon_core.environment:create_environment_scripts_only(task_manager)
[4.839s] INFO:colcon.colcon_core.shell:Creating package script '/home/tiffany/fyp_ws/install/task_manager/share/task_manager/package.ps1'
[4.840s] INFO:colcon.colcon_core.shell:Creating package descriptor '/home/tiffany/fyp_ws/install/task_manager/share/task_manager/package.dsv'
[4.840s] INFO:colcon.colcon_core.shell:Creating package script '/home/tiffany/fyp_ws/install/task_manager/share/task_manager/package.sh'
[4.841s] INFO:colcon.colcon_core.shell:Creating package script '/home/tiffany/fyp_ws/install/task_manager/share/task_manager/package.bash'
[4.841s] INFO:colcon.colcon_core.shell:Creating package script '/home/tiffany/fyp_ws/install/task_manager/share/task_manager/package.zsh'
[4.842s] Level 1:colcon.colcon_core.environment:create_file_with_runtime_dependencies(/home/tiffany/fyp_ws/install/task_manager/share/colcon-core/packages/task_manager)
[4.843s] Level 1:colcon.colcon_core.environment:checking '/home/tiffany/fyp_ws/install/formation_planner' for CMake module files
[4.845s] DEBUG:colcon.colcon_core.event_handler.log_command:Invoked command in '/home/tiffany/fyp_ws/src/formation_planner' returned '0': PYTHONPATH=/home/tiffany/fyp_ws/build/formation_planner/prefix_override:/usr/lib/python3/dist-packages/colcon_core/task/python/colcon_distutils_commands:/home/tiffany/fyp_ws/install/formation_planner/lib/python3.10/site-packages:${PYTHONPATH} /usr/bin/python3 -W ignore:setup.py install is deprecated -W ignore:easy_install command is deprecated setup.py egg_info --egg-base ../../build/formation_planner build --build-base /home/tiffany/fyp_ws/build/formation_planner/build install --record /home/tiffany/fyp_ws/build/formation_planner/install.log --install-scripts $base/lib/formation_planner --single-version-externally-managed install_data
[4.845s] Level 1:colcon.colcon_core.environment:checking '/home/tiffany/fyp_ws/install/formation_planner' for CMake config files
[4.846s] Level 1:colcon.colcon_core.environment:checking '/home/tiffany/fyp_ws/install/formation_planner/lib'
[4.846s] Level 1:colcon.colcon_core.environment:checking '/home/tiffany/fyp_ws/install/formation_planner/bin'
[4.846s] Level 1:colcon.colcon_core.environment:checking '/home/tiffany/fyp_ws/install/formation_planner/lib/pkgconfig/formation_planner.pc'
[4.846s] Level 1:colcon.colcon_core.environment:checking '/home/tiffany/fyp_ws/install/formation_planner/lib/python3.10/site-packages'
[4.846s] Level 1:colcon.colcon_core.shell:create_environment_hook('formation_planner', 'pythonpath')
[4.847s] INFO:colcon.colcon_core.shell:Creating environment hook '/home/tiffany/fyp_ws/install/formation_planner/share/formation_planner/hook/pythonpath.ps1'
[4.847s] INFO:colcon.colcon_core.shell:Creating environment descriptor '/home/tiffany/fyp_ws/install/formation_planner/share/formation_planner/hook/pythonpath.dsv'
[4.848s] INFO:colcon.colcon_core.shell:Creating environment hook '/home/tiffany/fyp_ws/install/formation_planner/share/formation_planner/hook/pythonpath.sh'
[4.850s] Level 1:colcon.colcon_core.environment:checking '/home/tiffany/fyp_ws/install/formation_planner/bin'
[4.850s] Level 1:colcon.colcon_core.environment:create_environment_scripts_only(formation_planner)
[4.851s] INFO:colcon.colcon_core.shell:Creating package script '/home/tiffany/fyp_ws/install/formation_planner/share/formation_planner/package.ps1'
[4.852s] INFO:colcon.colcon_core.shell:Creating package descriptor '/home/tiffany/fyp_ws/install/formation_planner/share/formation_planner/package.dsv'
[4.852s] INFO:colcon.colcon_core.shell:Creating package script '/home/tiffany/fyp_ws/install/formation_planner/share/formation_planner/package.sh'
[4.853s] INFO:colcon.colcon_core.shell:Creating package script '/home/tiffany/fyp_ws/install/formation_planner/share/formation_planner/package.bash'
[4.854s] INFO:colcon.colcon_core.shell:Creating package script '/home/tiffany/fyp_ws/install/formation_planner/share/formation_planner/package.zsh'
[4.854s] Level 1:colcon.colcon_core.environment:create_file_with_runtime_dependencies(/home/tiffany/fyp_ws/install/formation_planner/share/colcon-core/packages/formation_planner)
[4.856s] Level 1:colcon.colcon_core.environment:checking '/home/tiffany/fyp_ws/install/drone_control' for CMake module files
[4.857s] DEBUG:colcon.colcon_core.event_handler.log_command:Invoked command in '/home/tiffany/fyp_ws/src/drone_control' returned '0': PYTHONPATH=/home/tiffany/fyp_ws/build/drone_control/prefix_override:/usr/lib/python3/dist-packages/colcon_core/task/python/colcon_distutils_commands:/home/tiffany/fyp_ws/install/drone_control/lib/python3.10/site-packages:${PYTHONPATH} /usr/bin/python3 -W ignore:setup.py install is deprecated -W ignore:easy_install command is deprecated setup.py egg_info --egg-base ../../build/drone_control build --build-base /home/tiffany/fyp_ws/build/drone_control/build install --record /home/tiffany/fyp_ws/build/drone_control/install.log --install-scripts $base/lib/drone_control --single-version-externally-managed install_data
[4.857s] Level 1:colcon.colcon_core.environment:checking '/home/tiffany/fyp_ws/install/drone_control' for CMake config files
[4.858s] Level 1:colcon.colcon_core.environment:checking '/home/tiffany/fyp_ws/install/drone_control/lib'
[4.858s] Level 1:colcon.colcon_core.environment:checking '/home/tiffany/fyp_ws/install/drone_control/bin'
[4.859s] Level 1:colcon.colcon_core.environment:checking '/home/tiffany/fyp_ws/install/drone_control/lib/pkgconfig/drone_control.pc'
[4.859s] Level 1:colcon.colcon_core.environment:checking '/home/tiffany/fyp_ws/install/drone_control/lib/python3.10/site-packages'
[4.859s] Level 1:colcon.colcon_core.shell:create_environment_hook('drone_control', 'pythonpath')
[4.859s] INFO:colcon.colcon_core.shell:Creating environment hook '/home/tiffany/fyp_ws/install/drone_control/share/drone_control/hook/pythonpath.ps1'
[4.860s] INFO:colcon.colcon_core.shell:Creating environment descriptor '/home/tiffany/fyp_ws/install/drone_control/share/drone_control/hook/pythonpath.dsv'
[4.861s] INFO:colcon.colcon_core.shell:Creating environment hook '/home/tiffany/fyp_ws/install/drone_control/share/drone_control/hook/pythonpath.sh'
[4.862s] Level 1:colcon.colcon_core.environment:checking '/home/tiffany/fyp_ws/install/drone_control/bin'
[4.862s] Level 1:colcon.colcon_core.environment:create_environment_scripts_only(drone_control)
[4.862s] INFO:colcon.colcon_core.shell:Creating package script '/home/tiffany/fyp_ws/install/drone_control/share/drone_control/package.ps1'
[4.863s] INFO:colcon.colcon_core.shell:Creating package descriptor '/home/tiffany/fyp_ws/install/drone_control/share/drone_control/package.dsv'
[4.864s] INFO:colcon.colcon_core.shell:Creating package script '/home/tiffany/fyp_ws/install/drone_control/share/drone_control/package.sh'
[4.865s] INFO:colcon.colcon_core.shell:Creating package script '/home/tiffany/fyp_ws/install/drone_control/share/drone_control/package.bash'
[4.865s] INFO:colcon.colcon_core.shell:Creating package script '/home/tiffany/fyp_ws/install/drone_control/share/drone_control/package.zsh'
[4.866s] Level 1:colcon.colcon_core.environment:create_file_with_runtime_dependencies(/home/tiffany/fyp_ws/install/drone_control/share/colcon-core/packages/drone_control)
[4.872s] Level 1:colcon.colcon_core.environment:checking '/home/tiffany/fyp_ws/install/formation_ui' for CMake module files
[4.873s] Level 1:colcon.colcon_core.environment:checking '/home/tiffany/fyp_ws/install/formation_ui' for CMake config files
[4.874s] DEBUG:colcon.colcon_core.event_handler.log_command:Invoked command in '/home/tiffany/fyp_ws/src/formation_ui' returned '0': PYTHONPATH=/home/tiffany/fyp_ws/build/formation_ui/prefix_override:/usr/lib/python3/dist-packages/colcon_core/task/python/colcon_distutils_commands:/home/tiffany/fyp_ws/install/formation_ui/lib/python3.10/site-packages:${PYTHONPATH} /usr/bin/python3 -W ignore:setup.py install is deprecated -W ignore:easy_install command is deprecated setup.py egg_info --egg-base ../../build/formation_ui build --build-base /home/tiffany/fyp_ws/build/formation_ui/build install --record /home/tiffany/fyp_ws/build/formation_ui/install.log --install-scripts $base/lib/formation_ui --single-version-externally-managed install_data
[4.875s] Level 1:colcon.colcon_core.environment:checking '/home/tiffany/fyp_ws/install/formation_ui/lib'
[4.875s] Level 1:colcon.colcon_core.environment:checking '/home/tiffany/fyp_ws/install/formation_ui/bin'
[4.875s] Level 1:colcon.colcon_core.environment:checking '/home/tiffany/fyp_ws/install/formation_ui/lib/pkgconfig/formation_ui.pc'
[4.875s] Level 1:colcon.colcon_core.environment:checking '/home/tiffany/fyp_ws/install/formation_ui/lib/python3.10/site-packages'
[4.875s] Level 1:colcon.colcon_core.shell:create_environment_hook('formation_ui', 'pythonpath')
[4.876s] INFO:colcon.colcon_core.shell:Creating environment hook '/home/tiffany/fyp_ws/install/formation_ui/share/formation_ui/hook/pythonpath.ps1'
[4.877s] INFO:colcon.colcon_core.shell:Creating environment descriptor '/home/tiffany/fyp_ws/install/formation_ui/share/formation_ui/hook/pythonpath.dsv'
[4.877s] INFO:colcon.colcon_core.shell:Creating environment hook '/home/tiffany/fyp_ws/install/formation_ui/share/formation_ui/hook/pythonpath.sh'
[4.879s] Level 1:colcon.colcon_core.environment:checking '/home/tiffany/fyp_ws/install/formation_ui/bin'
[4.879s] Level 1:colcon.colcon_core.environment:create_environment_scripts_only(formation_ui)
[4.879s] INFO:colcon.colcon_core.shell:Creating package script '/home/tiffany/fyp_ws/install/formation_ui/share/formation_ui/package.ps1'
[4.880s] INFO:colcon.colcon_core.shell:Creating package descriptor '/home/tiffany/fyp_ws/install/formation_ui/share/formation_ui/package.dsv'
[4.881s] INFO:colcon.colcon_core.shell:Creating package script '/home/tiffany/fyp_ws/install/formation_ui/share/formation_ui/package.sh'
[4.882s] INFO:colcon.colcon_core.shell:Creating package script '/home/tiffany/fyp_ws/install/formation_ui/share/formation_ui/package.bash'
[4.883s] INFO:colcon.colcon_core.shell:Creating package script '/home/tiffany/fyp_ws/install/formation_ui/share/formation_ui/package.zsh'
[4.883s] Level 1:colcon.colcon_core.environment:create_file_with_runtime_dependencies(/home/tiffany/fyp_ws/install/formation_ui/share/colcon-core/packages/formation_ui)
[4.886s] Level 1:colcon.colcon_core.environment:checking '/home/tiffany/fyp_ws/install/llm_refinement' for CMake module files
[4.887s] DEBUG:colcon.colcon_core.event_handler.log_command:Invoked command in '/home/tiffany/fyp_ws/src/llm_refinement' returned '0': PYTHONPATH=/home/tiffany/fyp_ws/build/llm_refinement/prefix_override:/usr/lib/python3/dist-packages/colcon_core/task/python/colcon_distutils_commands:/home/tiffany/fyp_ws/install/llm_refinement/lib/python3.10/site-packages:${PYTHONPATH} /usr/bin/python3 -W ignore:setup.py install is deprecated -W ignore:easy_install command is deprecated setup.py egg_info --egg-base ../../build/llm_refinement build --build-base /home/tiffany/fyp_ws/build/llm_refinement/build install --record /home/tiffany/fyp_ws/build/llm_refinement/install.log --install-scripts $base/lib/llm_refinement --single-version-externally-managed install_data
[4.888s] Level 1:colcon.colcon_core.environment:checking '/home/tiffany/fyp_ws/install/llm_refinement' for CMake config files
[4.889s] Level 1:colcon.colcon_core.environment:checking '/home/tiffany/fyp_ws/install/llm_refinement/lib'
[4.889s] Level 1:colcon.colcon_core.environment:checking '/home/tiffany/fyp_ws/install/llm_refinement/bin'
[4.889s] Level 1:colcon.colcon_core.environment:checking '/home/tiffany/fyp_ws/install/llm_refinement/lib/pkgconfig/llm_refinement.pc'
[4.889s] Level 1:colcon.colcon_core.environment:checking '/home/tiffany/fyp_ws/install/llm_refinement/lib/python3.10/site-packages'
[4.889s] Level 1:colcon.colcon_core.shell:create_environment_hook('llm_refinement', 'pythonpath')
[4.890s] INFO:colcon.colcon_core.shell:Creating environment hook '/home/tiffany/fyp_ws/install/llm_refinement/share/llm_refinement/hook/pythonpath.ps1'
[4.891s] INFO:colcon.colcon_core.shell:Creating environment descriptor '/home/tiffany/fyp_ws/install/llm_refinement/share/llm_refinement/hook/pythonpath.dsv'
[4.891s] INFO:colcon.colcon_core.shell:Creating environment hook '/home/tiffany/fyp_ws/install/llm_refinement/share/llm_refinement/hook/pythonpath.sh'
[4.894s] Level 1:colcon.colcon_core.environment:checking '/home/tiffany/fyp_ws/install/llm_refinement/bin'
[4.894s] Level 1:colcon.colcon_core.environment:create_environment_scripts_only(llm_refinement)
[4.895s] INFO:colcon.colcon_core.shell:Creating package script '/home/tiffany/fyp_ws/install/llm_refinement/share/llm_refinement/package.ps1'
[4.895s] INFO:colcon.colcon_core.shell:Creating package descriptor '/home/tiffany/fyp_ws/install/llm_refinement/share/llm_refinement/package.dsv'
[4.896s] INFO:colcon.colcon_core.shell:Creating package script '/home/tiffany/fyp_ws/install/llm_refinement/share/llm_refinement/package.sh'
[4.896s] INFO:colcon.colcon_core.shell:Creating package script '/home/tiffany/fyp_ws/install/llm_refinement/share/llm_refinement/package.bash'
[4.897s] INFO:colcon.colcon_core.shell:Creating package script '/home/tiffany/fyp_ws/install/llm_refinement/share/llm_refinement/package.zsh'
[4.897s] Level 1:colcon.colcon_core.environment:create_file_with_runtime_dependencies(/home/tiffany/fyp_ws/install/llm_refinement/share/colcon-core/packages/llm_refinement)
[4.898s] DEBUG:colcon.colcon_parallel_executor.executor.parallel:closing loop
[4.898s] DEBUG:colcon.colcon_parallel_executor.executor.parallel:loop closed
[4.898s] DEBUG:colcon.colcon_parallel_executor.executor.parallel:run_until_complete finished with '0'
[4.898s] DEBUG:colcon.colcon_core.event_reactor:joining thread
[4.909s] INFO:colcon.colcon_core.plugin_system:Skipping extension 'colcon_notification.desktop_notification.terminal_notifier': Not used on non-Darwin systems
[4.909s] INFO:colcon.colcon_core.plugin_system:Skipping extension 'colcon_notification.desktop_notification.win32': Not used on non-Windows systems
[4.909s] INFO:colcon.colcon_notification.desktop_notification:Sending desktop notification using 'notify2'
[4.942s] DEBUG:colcon.colcon_core.event_reactor:joined thread
[4.943s] INFO:colcon.colcon_core.shell:Creating prefix script '/home/tiffany/fyp_ws/install/local_setup.ps1'
[4.945s] INFO:colcon.colcon_core.shell:Creating prefix util module '/home/tiffany/fyp_ws/install/_local_setup_util_ps1.py'
[4.947s] INFO:colcon.colcon_core.shell:Creating prefix chain script '/home/tiffany/fyp_ws/install/setup.ps1'
[4.949s] INFO:colcon.colcon_core.shell:Creating prefix script '/home/tiffany/fyp_ws/install/local_setup.sh'
[4.950s] INFO:colcon.colcon_core.shell:Creating prefix util module '/home/tiffany/fyp_ws/install/_local_setup_util_sh.py'
[4.950s] INFO:colcon.colcon_core.shell:Creating prefix chain script '/home/tiffany/fyp_ws/install/setup.sh'
[4.952s] INFO:colcon.colcon_core.shell:Creating prefix script '/home/tiffany/fyp_ws/install/local_setup.bash'
[4.952s] INFO:colcon.colcon_core.shell:Creating prefix chain script '/home/tiffany/fyp_ws/install/setup.bash'
[4.954s] INFO:colcon.colcon_core.shell:Creating prefix script '/home/tiffany/fyp_ws/install/local_setup.zsh'
[4.954s] INFO:colcon.colcon_core.shell:Creating prefix chain script '/home/tiffany/fyp_ws/install/setup.zsh'
